#
# There is insufficient memory for the Java Runtime Environment to continue.
# Native memory allocation (malloc) failed to allocate 1378800 bytes. Error detail: Chunk::new
# Possible reasons:
#   The system is out of physical RAM or swap space
#   This process is running with CompressedOops enabled, and the Java Heap may be blocking the growth of the native heap
# Possible solutions:
#   Reduce memory load on the system
#   Increase physical memory or swap space
#   Check if swap backing store is full
#   Decrease Java heap size (-Xmx/-Xms)
#   Decrease number of Java threads
#   Decrease Java thread stack sizes (-Xss)
#   Set larger code cache with -XX:ReservedCodeCacheSize=
#   JVM is running with Unscaled Compressed Oops mode in which the Java heap is
#     placed in the first 4GB address space. The Java Heap base address is the
#     maximum limit for the native heap growth. Please use -XX:HeapBaseMinAddress
#     to set the Java Heap base and to place the Java Heap above 4GB virtual address.
# This output file may be truncated or incomplete.
#
#  Out of Memory Error (arena.cpp:168), pid=3516, tid=33236
#
# JRE version: OpenJDK Runtime Environment Temurin-21.0.11+10 (21.0.11+10) (build 21.0.11+10-LTS)
# Java VM: OpenJDK 64-Bit Server VM Temurin-21.0.11+10 (21.0.11+10-LTS, mixed mode, sharing, tiered, compressed oops, compressed class ptrs, parallel gc, windows-amd64)
# No core dump will be written. Minidumps are not enabled by default on client versions of Windows
#

---------------  S U M M A R Y ------------

Command Line: --add-modules=ALL-SYSTEM --add-opens=java.base/java.util=ALL-UNNAMED --add-opens=java.base/java.lang=ALL-UNNAMED --add-opens=java.base/sun.nio.fs=ALL-UNNAMED -Declipse.application=org.eclipse.jdt.ls.core.id1 -Dosgi.bundles.defaultStartLevel=4 -Declipse.product=org.eclipse.jdt.ls.core.product -Djava.import.generatesMetadataFilesAtProjectRoot=false -DDetectVMInstallationsJob.disabled=true -Dfile.encoding=utf8 -XX:+UseParallelGC -XX:GCTimeRatio=4 -XX:AdaptiveSizePolicyWeight=90 -Dsun.zip.disableMemoryMapping=true -Xmx2G -Xms100m -Xlog:disable -javaagent:c:\Users\PRIYA AC\.antigravity\extensions\redhat.java-1.55.0-win32-x64\lombok\lombok-1.18.39-4050.jar -XX:+HeapDumpOnOutOfMemoryError -XX:HeapDumpPath=c:\Users\PRIYA AC\AppData\Roaming\Antigravity\User\workspaceStorage\eef34135346d09ca6085730155ac352d\redhat.java -Daether.dependencyCollector.impl=bf c:\Users\PRIYA AC\.antigravity\extensions\redhat.java-1.55.0-win32-x64\server\plugins\org.eclipse.equinox.launcher_1.7.200.v20260619-2039.jar -configuration c:\Users\PRIYA AC\AppData\Roaming\Antigravity\User\globalStorage\redhat.java\1.55.0\config_win -data c:\Users\PRIYA AC\AppData\Roaming\Antigravity\User\workspaceStorage\eef34135346d09ca6085730155ac352d\redhat.java\jdt_ws --pipe=\\.\pipe\lsp-7f338348093d540791445b1aaf226b9a-sock

Host: AMD Ryzen 5 5600H with Radeon Graphics         , 12 cores, 7G,  Windows 11 , 64 bit Build 22621 (10.0.22621.5415)
Time: Tue Aug 11 12:35:45 2026 India Standard Time elapsed time: 83506.981439 seconds (0d 23h 11m 46s)

---------------  T H R E A D  ---------------

Current thread (0x0000018dcc44bac0):  JavaThread "C2 CompilerThread0" daemon [_thread_in_native, id=33236, stack(0x00000016ef600000,0x00000016ef700000) (1024K)]


Current CompileTask:
C2:83506981 23415   !   4       org.codehaus.plexus.util.DirectoryScanner::scandir (638 bytes)

Stack: [0x00000016ef600000,0x00000016ef700000]
Native frames: (J=compiled Java code, j=interpreted, Vv=VM code, C=native code)
V  [jvm.dll+0x6d7e19]
V  [jvm.dll+0x8b5096]
V  [jvm.dll+0x8b764e]
V  [jvm.dll+0x8b7d33]
V  [jvm.dll+0x284596]
V  [jvm.dll+0xc685d]
V  [jvm.dll+0xc6da1]
V  [jvm.dll+0x3bed6b]
V  [jvm.dll+0x38b2b2]
V  [jvm.dll+0x38a6fa]
V  [jvm.dll+0x24c700]
V  [jvm.dll+0x24bce0]
V  [jvm.dll+0x1cb4ae]
V  [jvm.dll+0x25baad]
V  [jvm.dll+0x25a03a]
V  [jvm.dll+0x3f868e]
V  [jvm.dll+0x85fb0d]
V  [jvm.dll+0x6d664d]
C  [ucrtbase.dll+0x29333]
C  [KERNEL32.DLL+0x1259d]
C  [ntdll.dll+0x5af78]


---------------  P R O C E S S  ---------------

Threads class SMR info:
_java_thread_list=0x0000018df60e7150, length=43, elements={
0x0000018dcc39e250, 0x0000018de2e4e6e0, 0x0000018dcc440500, 0x0000018dcc442810,
0x0000018dcc4461e0, 0x0000018dcc447100, 0x0000018dcc44ac80, 0x0000018dcc44bac0,
0x0000018dcc457d10, 0x0000018de442d030, 0x0000018de44c37f0, 0x0000018dea297370,
0x0000018dea02ad20, 0x0000018de54863c0, 0x0000018de5928a60, 0x0000018de5670e00,
0x0000018dea02a540, 0x0000018de44f1610, 0x0000018dea45f840, 0x0000018dea461910,
0x0000018dea460bf0, 0x0000018debd01750, 0x0000018debd010c0, 0x0000018debd003a0,
0x0000018debd01de0, 0x0000018debcfae50, 0x0000018debd02470, 0x0000018debcfd5b0,
0x0000018debcfc890, 0x0000018debcfb4e0, 0x0000018debcfe960, 0x0000018debcfe2d0,
0x0000018debcfbb70, 0x0000018debcfdc40, 0x0000018debcfc200, 0x0000018debcfcf20,
0x0000018debcfeff0, 0x0000018debcffd10, 0x0000018ded4728f0, 0x0000018ded471bd0,
0x0000018ded46d3a0, 0x0000018df7ada660, 0x0000018df7ae08d0
}

Java Threads: ( => current thread )
  0x0000018dcc39e250 JavaThread "main"                              [_thread_blocked, id=33988, stack(0x00000016eec00000,0x00000016eed00000) (1024K)]
  0x0000018de2e4e6e0 JavaThread "Reference Handler"          daemon [_thread_blocked, id=31460, stack(0x00000016ef000000,0x00000016ef100000) (1024K)]
  0x0000018dcc440500 JavaThread "Finalizer"                  daemon [_thread_blocked, id=31700, stack(0x00000016ef100000,0x00000016ef200000) (1024K)]
  0x0000018dcc442810 JavaThread "Signal Dispatcher"          daemon [_thread_blocked, id=11344, stack(0x00000016ef200000,0x00000016ef300000) (1024K)]
  0x0000018dcc4461e0 JavaThread "Attach Listener"            daemon [_thread_blocked, id=13020, stack(0x00000016ef300000,0x00000016ef400000) (1024K)]
  0x0000018dcc447100 JavaThread "Service Thread"             daemon [_thread_blocked, id=46704, stack(0x00000016ef400000,0x00000016ef500000) (1024K)]
  0x0000018dcc44ac80 JavaThread "Monitor Deflation Thread"   daemon [_thread_blocked, id=9732, stack(0x00000016ef500000,0x00000016ef600000) (1024K)]
=>0x0000018dcc44bac0 JavaThread "C2 CompilerThread0"         daemon [_thread_in_native, id=33236, stack(0x00000016ef600000,0x00000016ef700000) (1024K)]
  0x0000018dcc457d10 JavaThread "C1 CompilerThread0"         daemon [_thread_blocked, id=16772, stack(0x00000016ef700000,0x00000016ef800000) (1024K)]
  0x0000018de442d030 JavaThread "Common-Cleaner"             daemon [_thread_blocked, id=45416, stack(0x00000016ef800000,0x00000016ef900000) (1024K)]
  0x0000018de44c37f0 JavaThread "Notification Thread"        daemon [_thread_blocked, id=39264, stack(0x00000016efa00000,0x00000016efb00000) (1024K)]
  0x0000018dea297370 JavaThread "Active Thread: Equinox Container: 4fbfe5b5-f533-4ede-b0fc-eb6872737350"        [_thread_blocked, id=23476, stack(0x00000016efb00000,0x00000016efc00000) (1024K)]
  0x0000018dea02ad20 JavaThread "Refresh Thread: Equinox Container: 4fbfe5b5-f533-4ede-b0fc-eb6872737350" daemon [_thread_blocked, id=51120, stack(0x00000016f0300000,0x00000016f0400000) (1024K)]
  0x0000018de54863c0 JavaThread "Framework Event Dispatcher: Equinox Container: 4fbfe5b5-f533-4ede-b0fc-eb6872737350" daemon [_thread_blocked, id=29548, stack(0x00000016f0400000,0x00000016f0500000) (1024K)]
  0x0000018de5928a60 JavaThread "Start Level: Equinox Container: 4fbfe5b5-f533-4ede-b0fc-eb6872737350" daemon [_thread_blocked, id=35128, stack(0x00000016f0200000,0x00000016f0300000) (1024K)]
  0x0000018de5670e00 JavaThread "Bundle File Closer"         daemon [_thread_blocked, id=14656, stack(0x00000016f0700000,0x00000016f0800000) (1024K)]
  0x0000018dea02a540 JavaThread "SCR Component Actor"        daemon [_thread_blocked, id=21976, stack(0x00000016ee900000,0x00000016eea00000) (1024K)]
  0x0000018de44f1610 JavaThread "Worker-JM"                         [_thread_blocked, id=13888, stack(0x00000016f0900000,0x00000016f0a00000) (1024K)]
  0x0000018dea45f840 JavaThread "JNA Cleaner"                daemon [_thread_blocked, id=5764, stack(0x00000016f0800000,0x00000016f0900000) (1024K)]
  0x0000018dea461910 JavaThread "Java indexing"              daemon [_thread_blocked, id=34192, stack(0x00000016f0d00000,0x00000016f0e00000) (1024K)]
  0x0000018dea460bf0 JavaThread "Thread-1"                   daemon [_thread_in_native, id=456, stack(0x00000016f1100000,0x00000016f1200000) (1024K)]
  0x0000018debd01750 JavaThread "Thread-2"                   daemon [_thread_in_native, id=7580, stack(0x00000016f1200000,0x00000016f1300000) (1024K)]
  0x0000018debd010c0 JavaThread "Thread-3"                   daemon [_thread_in_native, id=32476, stack(0x00000016f1300000,0x00000016f1400000) (1024K)]
  0x0000018debd003a0 JavaThread "Thread-4"                   daemon [_thread_in_native, id=43432, stack(0x00000016f1400000,0x00000016f1500000) (1024K)]
  0x0000018debd01de0 JavaThread "Thread-5"                   daemon [_thread_in_native, id=18992, stack(0x00000016f1500000,0x00000016f1600000) (1024K)]
  0x0000018debcfae50 JavaThread "Thread-6"                   daemon [_thread_in_native, id=44112, stack(0x00000016f1600000,0x00000016f1700000) (1024K)]
  0x0000018debd02470 JavaThread "Thread-7"                   daemon [_thread_in_native, id=19484, stack(0x00000016f1700000,0x00000016f1800000) (1024K)]
  0x0000018debcfd5b0 JavaThread "Thread-8"                   daemon [_thread_in_native, id=6672, stack(0x00000016f1800000,0x00000016f1900000) (1024K)]
  0x0000018debcfc890 JavaThread "Thread-9"                   daemon [_thread_in_native, id=20528, stack(0x00000016f1900000,0x00000016f1a00000) (1024K)]
  0x0000018debcfb4e0 JavaThread "Thread-10"                  daemon [_thread_in_native, id=17980, stack(0x00000016f1a00000,0x00000016f1b00000) (1024K)]
  0x0000018debcfe960 JavaThread "Thread-11"                  daemon [_thread_in_native, id=31676, stack(0x00000016f1b00000,0x00000016f1c00000) (1024K)]
  0x0000018debcfe2d0 JavaThread "Thread-12"                  daemon [_thread_in_native, id=30032, stack(0x00000016f1c00000,0x00000016f1d00000) (1024K)]
  0x0000018debcfbb70 JavaThread "Thread-13"                  daemon [_thread_in_native, id=356, stack(0x00000016f1d00000,0x00000016f1e00000) (1024K)]
  0x0000018debcfdc40 JavaThread "pool-2-thread-1"                   [_thread_blocked, id=48768, stack(0x00000016f1e00000,0x00000016f1f00000) (1024K)]
  0x0000018debcfc200 JavaThread "Timer-0"                           [_thread_blocked, id=17828, stack(0x00000016f1f00000,0x00000016f2000000) (1024K)]
  0x0000018debcfcf20 JavaThread "Timer-1"                           [_thread_blocked, id=23888, stack(0x00000016f2000000,0x00000016f2100000) (1024K)]
  0x0000018debcfeff0 JavaThread "WorkspaceEventsHandler"            [_thread_blocked, id=8436, stack(0x00000016f2100000,0x00000016f2200000) (1024K)]
  0x0000018debcffd10 JavaThread "pool-1-thread-1"                   [_thread_blocked, id=43892, stack(0x00000016f2200000,0x00000016f2300000) (1024K)]
  0x0000018ded4728f0 JavaThread "Timer-2"                           [_thread_blocked, id=14564, stack(0x00000016f2300000,0x00000016f2400000) (1024K)]
  0x0000018ded471bd0 JavaThread "Timer-3"                           [_thread_blocked, id=13780, stack(0x00000016f3700000,0x00000016f3800000) (1024K)]
  0x0000018ded46d3a0 JavaThread "Timer-4"                           [_thread_blocked, id=39876, stack(0x00000016f3900000,0x00000016f3a00000) (1024K)]
  0x0000018df7ada660 JavaThread "Worker-26"                         [_thread_blocked, id=41224, stack(0x00000016f0a00000,0x00000016f0b00000) (1024K)]
  0x0000018df7ae08d0 JavaThread "Worker-27: Building"               [_thread_in_native, id=12380, stack(0x00000016f0b00000,0x00000016f0c00000) (1024K)]
Total: 43

Other Threads:
  0x0000018dcc43eb40 VMThread "VM Thread"                           [id=21516, stack(0x00000016eef00000,0x00000016ef000000) (1024K)]
  0x0000018dcc40c1f0 WatcherThread "VM Periodic Task Thread"        [id=25208, stack(0x00000016eee00000,0x00000016eef00000) (1024K)]
  0x0000018dcc3bc980 WorkerThread "GC Thread#0"                     [id=47196, stack(0x00000016eed00000,0x00000016eee00000) (1024K)]
  0x0000018de58254c0 WorkerThread "GC Thread#1"                     [id=18064, stack(0x00000016efc00000,0x00000016efd00000) (1024K)]
  0x0000018de5825870 WorkerThread "GC Thread#2"                     [id=50920, stack(0x00000016efd00000,0x00000016efe00000) (1024K)]
  0x0000018de5324210 WorkerThread "GC Thread#3"                     [id=4408, stack(0x00000016efe00000,0x00000016eff00000) (1024K)]
  0x0000018de53245c0 WorkerThread "GC Thread#4"                     [id=21628, stack(0x00000016eff00000,0x00000016f0000000) (1024K)]
  0x0000018de52aa9a0 WorkerThread "GC Thread#5"                     [id=12904, stack(0x00000016f0000000,0x00000016f0100000) (1024K)]
  0x0000018de52aad50 WorkerThread "GC Thread#6"                     [id=4000, stack(0x00000016f0100000,0x00000016f0200000) (1024K)]
  0x0000018dea01c9a0 WorkerThread "GC Thread#7"                     [id=43688, stack(0x00000016ef900000,0x00000016efa00000) (1024K)]
  0x0000018de5937af0 WorkerThread "GC Thread#8"                     [id=22008, stack(0x00000016f0500000,0x00000016f0600000) (1024K)]
  0x0000018de4291470 WorkerThread "GC Thread#9"                     [id=13112, stack(0x00000016f0600000,0x00000016f0700000) (1024K)]
Total: 12

Threads with active compile tasks:
C2 CompilerThread0  83507045 23415   !   4       org.codehaus.plexus.util.DirectoryScanner::scandir (638 bytes)
Total: 1

VM state: not at safepoint (normal execution)

VM Mutex/Monitor currently owned by a thread: None

Heap address: 0x0000000080000000, size: 2048 MB, Compressed Oops mode: 32-bit

CDS archive(s) mapped at: [0x0000018d80000000-0x0000018d80ba0000-0x0000018d80ba0000), size 12189696, SharedBaseAddress: 0x0000018d80000000, ArchiveRelocationMode: 1.
Compressed class space mapped at: 0x0000018d81000000-0x0000018dc1000000, reserved size: 1073741824
Narrow klass base: 0x0000018d80000000, Narrow klass shift: 0, Narrow klass range: 0x100000000

GC Precious Log:
 CardTable entry size: 512
 CPUs: 12 total, 12 available
 Memory: 7521M
 Large Page Support: Disabled
 NUMA Support: Disabled
 Compressed Oops: Enabled (32-bit)
 Alignments: Space 512K, Generation 512K, Heap 2M
 Heap Min Capacity: 100M
 Heap Initial Capacity: 100M
 Heap Max Capacity: 2G
 Pre-touch: Disabled
 Parallel Workers: 10

Heap:
 PSYoungGen      total 7680K, used 1035K [0x00000000d5580000, 0x00000000d5f00000, 0x0000000100000000)
  eden space 7168K, 9% used [0x00000000d5580000,0x00000000d562ae38,0x00000000d5c80000)
  from space 512K, 68% used [0x00000000d5e80000,0x00000000d5ed8000,0x00000000d5f00000)
  to   space 512K, 0% used [0x00000000d5e00000,0x00000000d5e00000,0x00000000d5e80000)
 ParOldGen       total 465408K, used 180324K [0x0000000080000000, 0x000000009c680000, 0x00000000d5580000)
  object space 465408K, 38% used [0x0000000080000000,0x000000008b0192f0,0x000000009c680000)
 Metaspace       used 91339K, committed 92928K, reserved 1179648K
  class space    used 10231K, committed 11008K, reserved 1048576K

Card table byte_map: [0x0000018dcbd40000,0x0000018dcc150000] _byte_map_base: 0x0000018dcb940000

Marking Bits: (ParMarkBitMap*) 0x00007ffc2f8a4460
 Begin Bits: [0x0000018dde850000, 0x0000018de0850000)
 End Bits:   [0x0000018de0850000, 0x0000018de2850000)

Polling page: 0x0000018dca270000

Metaspace:

Usage:
  Non-class:     79.21 MB used.
      Class:      9.99 MB used.
       Both:     89.20 MB used.

Virtual space:
  Non-class space:      128.00 MB reserved,      80.00 MB ( 62%) committed,  2 nodes.
      Class space:        1.00 GB reserved,      10.75 MB (  1%) committed,  1 nodes.
             Both:        1.12 GB reserved,      90.75 MB (  8%) committed. 

Chunk freelists:
   Non-Class:  15.44 MB
       Class:  5.37 MB
        Both:  20.81 MB

MaxMetaspaceSize: unlimited
CompressedClassSpaceSize: 1.00 GB
Initial GC threshold: 21.00 MB
Current GC threshold: 150.56 MB
CDS: on
 - commit_granule_bytes: 65536.
 - commit_granule_words: 8192.
 - virtual_space_node_default_size: 8388608.
 - enlarge_chunks_in_place: 1.
 - use_allocation_guard: 0.


Internal statistics:

num_allocs_failed_limit: 9.
num_arena_births: 1906.
num_arena_deaths: 692.
num_vsnodes_births: 3.
num_vsnodes_deaths: 0.
num_space_committed: 1452.
num_space_uncommitted: 0.
num_chunks_returned_to_freelist: 830.
num_chunks_taken_from_freelist: 6793.
num_chunk_merges: 243.
num_chunk_splits: 3835.
num_chunks_enlarged: 2051.
num_inconsistent_stats: 0.

CodeHeap 'non-profiled nmethods': size=120000Kb used=17769Kb max_used=19348Kb free=102230Kb
 bounds [0x0000018dd7070000, 0x0000018dd8360000, 0x0000018dde5a0000]
CodeHeap 'profiled nmethods': size=120000Kb used=43445Kb max_used=51385Kb free=76554Kb
 bounds [0x0000018dcf5a0000, 0x0000018dd27d0000, 0x0000018dd6ad0000]
CodeHeap 'non-nmethods': size=5760Kb used=1463Kb max_used=1547Kb free=4296Kb
 bounds [0x0000018dd6ad0000, 0x0000018dd6d40000, 0x0000018dd7070000]
CodeCache: size=245760Kb, used=62677Kb, max_used=72280Kb, free=183080Kb
 total_blobs=19437, nmethods=18661, adapters=677, full_count=0
Compilation: enabled, stopped_count=0, restarted_count=0

Compilation events (20 events):
Event: 83422.104 Thread 0x0000018dcc457d10 nmethod 23403 0x0000018dd00ec790 code [0x0000018dd00ecaa0, 0x0000018dd00ee030]
Event: 83422.216 Thread 0x0000018dcc457d10 23404       3       org.eclipse.jdt.ls.core.internal.CancellableProgressMonitor::done (10 bytes)
Event: 83422.216 Thread 0x0000018dcc457d10 nmethod 23404 0x0000018dcfe83810 code [0x0000018dcfe839c0, 0x0000018dcfe83b28]
Event: 83506.252 Thread 0x0000018dcc457d10 23405   !   3       org.eclipse.jdt.apt.core.internal.generatedfile.GeneratedSourceFolderManager::createOnDisk (68 bytes)
Event: 83506.288 Thread 0x0000018dcc44bac0 23407       4       org.eclipse.core.internal.localstore.UnifiedTree::isValidLevel (72 bytes)
Event: 83506.381 Thread 0x0000018dcc457d10 nmethod 23405 0x0000018dd0d53f90 code [0x0000018dd0d54240, 0x0000018dd0d550d8]
Event: 83506.381 Thread 0x0000018dcc457d10 23406       3       org.eclipse.jdt.apt.core.internal.generatedfile.ClasspathUtil::updateProjectClasspath (429 bytes)
Event: 83506.384 Thread 0x0000018dcc44bac0 nmethod 23407 0x0000018dd71f9b10 code [0x0000018dd71f9ca0, 0x0000018dd71f9d70]
Event: 83506.420 Thread 0x0000018dcc457d10 nmethod 23406 0x0000018dcf792510 code [0x0000018dcf7929c0, 0x0000018dcf795698]
Event: 83506.443 Thread 0x0000018dcc44bac0 23408       4       com.sun.org.apache.xerces.internal.impl.XMLDocumentScannerImpl::getPropertyDefault (40 bytes)
Event: 83506.526 Thread 0x0000018dcc44bac0 nmethod 23408 0x0000018dd7871b90 code [0x0000018dd7871d40, 0x0000018dd7872440]
Event: 83506.652 Thread 0x0000018dcc457d10 23409       3       org.eclipse.m2e.core.internal.embedder.MavenExecutionContext::populateSystemProperties (53 bytes)
Event: 83506.676 Thread 0x0000018dcc457d10 nmethod 23409 0x0000018dcfcf5390 code [0x0000018dcfcf5680, 0x0000018dcfcf6a00]
Event: 83506.676 Thread 0x0000018dcc457d10 23410   !   3       org.eclipse.m2e.core.internal.embedder.MavenExecutionContext::executeBare (258 bytes)
Event: 83506.709 Thread 0x0000018dcc457d10 nmethod 23410 0x0000018dcfd3f390 code [0x0000018dcfd3f800, 0x0000018dcfd41cd8]
Event: 83506.709 Thread 0x0000018dcc457d10 23414       3       java.util.Collections$SynchronizedSet::<init> (6 bytes)
Event: 83506.713 Thread 0x0000018dcc457d10 nmethod 23414 0x0000018dcfe36a90 code [0x0000018dcfe36c60, 0x0000018dcfe370b8]
Event: 83506.713 Thread 0x0000018dcc457d10 23413       3       java.util.Collections::synchronizedSet (9 bytes)
Event: 83506.713 Thread 0x0000018dcc457d10 nmethod 23413 0x0000018dcffe0990 code [0x0000018dcffe0b80, 0x0000018dcffe1080]
Event: 83506.780 Thread 0x0000018dcc44bac0 23415   !   4       org.codehaus.plexus.util.DirectoryScanner::scandir (638 bytes)

GC Heap History (20 events):
Event: 83002.309 GC heap before
{Heap before GC invocations=1573 (full 5):
 PSYoungGen      total 8192K, used 7584K [0x00000000d5580000, 0x00000000d5f80000, 0x0000000100000000)
  eden space 7168K, 100% used [0x00000000d5580000,0x00000000d5c80000,0x00000000d5c80000)
  from space 1024K, 40% used [0x00000000d5d80000,0x00000000d5de8000,0x00000000d5e80000)
  to   space 512K, 0% used [0x00000000d5f00000,0x00000000d5f00000,0x00000000d5f80000)
 ParOldGen       total 465408K, used 179025K [0x0000000080000000, 0x000000009c680000, 0x00000000d5580000)
  object space 465408K, 38% used [0x0000000080000000,0x000000008aed4590,0x000000009c680000)
 Metaspace       used 91294K, committed 92864K, reserved 1179648K
  class space    used 10231K, committed 11008K, reserved 1048576K
}
Event: 83002.407 GC heap after
{Heap after GC invocations=1573 (full 5):
 PSYoungGen      total 7680K, used 384K [0x00000000d5580000, 0x00000000d5f80000, 0x0000000100000000)
  eden space 7168K, 0% used [0x00000000d5580000,0x00000000d5580000,0x00000000d5c80000)
  from space 512K, 75% used [0x00000000d5f00000,0x00000000d5f60000,0x00000000d5f80000)
  to   space 512K, 0% used [0x00000000d5e80000,0x00000000d5e80000,0x00000000d5f00000)
 ParOldGen       total 465408K, used 179065K [0x0000000080000000, 0x000000009c680000, 0x00000000d5580000)
  object space 465408K, 38% used [0x0000000080000000,0x000000008aede590,0x000000009c680000)
 Metaspace       used 91294K, committed 92864K, reserved 1179648K
  class space    used 10231K, committed 11008K, reserved 1048576K
}
Event: 83003.349 GC heap before
{Heap before GC invocations=1574 (full 5):
 PSYoungGen      total 7680K, used 7552K [0x00000000d5580000, 0x00000000d5f80000, 0x0000000100000000)
  eden space 7168K, 100% used [0x00000000d5580000,0x00000000d5c80000,0x00000000d5c80000)
  from space 512K, 75% used [0x00000000d5f00000,0x00000000d5f60000,0x00000000d5f80000)
  to   space 512K, 0% used [0x00000000d5e80000,0x00000000d5e80000,0x00000000d5f00000)
 ParOldGen       total 465408K, used 179065K [0x0000000080000000, 0x000000009c680000, 0x00000000d5580000)
  object space 465408K, 38% used [0x0000000080000000,0x000000008aede590,0x000000009c680000)
 Metaspace       used 91307K, committed 92864K, reserved 1179648K
  class space    used 10231K, committed 11008K, reserved 1048576K
}
Event: 83003.356 GC heap after
{Heap after GC invocations=1574 (full 5):
 PSYoungGen      total 7680K, used 384K [0x00000000d5580000, 0x00000000d5f80000, 0x0000000100000000)
  eden space 7168K, 0% used [0x00000000d5580000,0x00000000d5580000,0x00000000d5c80000)
  from space 512K, 75% used [0x00000000d5e80000,0x00000000d5ee0000,0x00000000d5f00000)
  to   space 512K, 0% used [0x00000000d5f00000,0x00000000d5f00000,0x00000000d5f80000)
 ParOldGen       total 465408K, used 179201K [0x0000000080000000, 0x000000009c680000, 0x00000000d5580000)
  object space 465408K, 38% used [0x0000000080000000,0x000000008af00590,0x000000009c680000)
 Metaspace       used 91307K, committed 92864K, reserved 1179648K
  class space    used 10231K, committed 11008K, reserved 1048576K
}
Event: 83107.958 GC heap before
{Heap before GC invocations=1575 (full 5):
 PSYoungGen      total 7680K, used 7552K [0x00000000d5580000, 0x00000000d5f80000, 0x0000000100000000)
  eden space 7168K, 100% used [0x00000000d5580000,0x00000000d5c80000,0x00000000d5c80000)
  from space 512K, 75% used [0x00000000d5e80000,0x00000000d5ee0000,0x00000000d5f00000)
  to   space 512K, 0% used [0x00000000d5f00000,0x00000000d5f00000,0x00000000d5f80000)
 ParOldGen       total 465408K, used 179201K [0x0000000080000000, 0x000000009c680000, 0x00000000d5580000)
  object space 465408K, 38% used [0x0000000080000000,0x000000008af00590,0x000000009c680000)
 Metaspace       used 91314K, committed 92864K, reserved 1179648K
  class space    used 10231K, committed 11008K, reserved 1048576K
}
Event: 83107.982 GC heap after
{Heap after GC invocations=1575 (full 5):
 PSYoungGen      total 7680K, used 256K [0x00000000d5580000, 0x00000000d5f80000, 0x0000000100000000)
  eden space 7168K, 0% used [0x00000000d5580000,0x00000000d5580000,0x00000000d5c80000)
  from space 512K, 50% used [0x00000000d5f00000,0x00000000d5f40000,0x00000000d5f80000)
  to   space 512K, 0% used [0x00000000d5e80000,0x00000000d5e80000,0x00000000d5f00000)
 ParOldGen       total 465408K, used 179297K [0x0000000080000000, 0x000000009c680000, 0x00000000d5580000)
  object space 465408K, 38% used [0x0000000080000000,0x000000008af18590,0x000000009c680000)
 Metaspace       used 91314K, committed 92864K, reserved 1179648K
  class space    used 10231K, committed 11008K, reserved 1048576K
}
Event: 83122.478 GC heap before
{Heap before GC invocations=1576 (full 5):
 PSYoungGen      total 7680K, used 7424K [0x00000000d5580000, 0x00000000d5f80000, 0x0000000100000000)
  eden space 7168K, 100% used [0x00000000d5580000,0x00000000d5c80000,0x00000000d5c80000)
  from space 512K, 50% used [0x00000000d5f00000,0x00000000d5f40000,0x00000000d5f80000)
  to   space 512K, 0% used [0x00000000d5e80000,0x00000000d5e80000,0x00000000d5f00000)
 ParOldGen       total 465408K, used 179297K [0x0000000080000000, 0x000000009c680000, 0x00000000d5580000)
  object space 465408K, 38% used [0x0000000080000000,0x000000008af18590,0x000000009c680000)
 Metaspace       used 91315K, committed 92864K, reserved 1179648K
  class space    used 10231K, committed 11008K, reserved 1048576K
}
Event: 83122.483 GC heap after
{Heap after GC invocations=1576 (full 5):
 PSYoungGen      total 7680K, used 416K [0x00000000d5580000, 0x00000000d5f80000, 0x0000000100000000)
  eden space 7168K, 0% used [0x00000000d5580000,0x00000000d5580000,0x00000000d5c80000)
  from space 512K, 81% used [0x00000000d5e80000,0x00000000d5ee8000,0x00000000d5f00000)
  to   space 512K, 0% used [0x00000000d5f00000,0x00000000d5f00000,0x00000000d5f80000)
 ParOldGen       total 465408K, used 179345K [0x0000000080000000, 0x000000009c680000, 0x00000000d5580000)
  object space 465408K, 38% used [0x0000000080000000,0x000000008af24590,0x000000009c680000)
 Metaspace       used 91315K, committed 92864K, reserved 1179648K
  class space    used 10231K, committed 11008K, reserved 1048576K
}
Event: 83122.668 GC heap before
{Heap before GC invocations=1577 (full 5):
 PSYoungGen      total 7680K, used 7584K [0x00000000d5580000, 0x00000000d5f80000, 0x0000000100000000)
  eden space 7168K, 100% used [0x00000000d5580000,0x00000000d5c80000,0x00000000d5c80000)
  from space 512K, 81% used [0x00000000d5e80000,0x00000000d5ee8000,0x00000000d5f00000)
  to   space 512K, 0% used [0x00000000d5f00000,0x00000000d5f00000,0x00000000d5f80000)
 ParOldGen       total 465408K, used 179345K [0x0000000080000000, 0x000000009c680000, 0x00000000d5580000)
  object space 465408K, 38% used [0x0000000080000000,0x000000008af24590,0x000000009c680000)
 Metaspace       used 91315K, committed 92864K, reserved 1179648K
  class space    used 10231K, committed 11008K, reserved 1048576K
}
Event: 83122.673 GC heap after
{Heap after GC invocations=1577 (full 5):
 PSYoungGen      total 7680K, used 512K [0x00000000d5580000, 0x00000000d5f80000, 0x0000000100000000)
  eden space 7168K, 0% used [0x00000000d5580000,0x00000000d5580000,0x00000000d5c80000)
  from space 512K, 100% used [0x00000000d5f00000,0x00000000d5f80000,0x00000000d5f80000)
  to   space 1024K, 0% used [0x00000000d5d80000,0x00000000d5d80000,0x00000000d5e80000)
 ParOldGen       total 465408K, used 179581K [0x0000000080000000, 0x000000009c680000, 0x00000000d5580000)
  object space 465408K, 38% used [0x0000000080000000,0x000000008af5f5a0,0x000000009c680000)
 Metaspace       used 91315K, committed 92864K, reserved 1179648K
  class space    used 10231K, committed 11008K, reserved 1048576K
}
Event: 83237.322 GC heap before
{Heap before GC invocations=1578 (full 5):
 PSYoungGen      total 7680K, used 7680K [0x00000000d5580000, 0x00000000d5f80000, 0x0000000100000000)
  eden space 7168K, 100% used [0x00000000d5580000,0x00000000d5c80000,0x00000000d5c80000)
  from space 512K, 100% used [0x00000000d5f00000,0x00000000d5f80000,0x00000000d5f80000)
  to   space 1024K, 0% used [0x00000000d5d80000,0x00000000d5d80000,0x00000000d5e80000)
 ParOldGen       total 465408K, used 179581K [0x0000000080000000, 0x000000009c680000, 0x00000000d5580000)
  object space 465408K, 38% used [0x0000000080000000,0x000000008af5f5a0,0x000000009c680000)
 Metaspace       used 91316K, committed 92864K, reserved 1179648K
  class space    used 10231K, committed 11008K, reserved 1048576K
}
Event: 83237.360 GC heap after
{Heap after GC invocations=1578 (full 5):
 PSYoungGen      total 8192K, used 480K [0x00000000d5580000, 0x00000000d5f80000, 0x0000000100000000)
  eden space 7168K, 0% used [0x00000000d5580000,0x00000000d5580000,0x00000000d5c80000)
  from space 1024K, 46% used [0x00000000d5d80000,0x00000000d5df8000,0x00000000d5e80000)
  to   space 1024K, 0% used [0x00000000d5e80000,0x00000000d5e80000,0x00000000d5f80000)
 ParOldGen       total 465408K, used 179661K [0x0000000080000000, 0x000000009c680000, 0x00000000d5580000)
  object space 465408K, 38% used [0x0000000080000000,0x000000008af735a0,0x000000009c680000)
 Metaspace       used 91316K, committed 92864K, reserved 1179648K
  class space    used 10231K, committed 11008K, reserved 1048576K
}
Event: 83237.637 GC heap before
{Heap before GC invocations=1579 (full 5):
 PSYoungGen      total 8192K, used 7648K [0x00000000d5580000, 0x00000000d5f80000, 0x0000000100000000)
  eden space 7168K, 100% used [0x00000000d5580000,0x00000000d5c80000,0x00000000d5c80000)
  from space 1024K, 46% used [0x00000000d5d80000,0x00000000d5df8000,0x00000000d5e80000)
  to   space 1024K, 0% used [0x00000000d5e80000,0x00000000d5e80000,0x00000000d5f80000)
 ParOldGen       total 465408K, used 179661K [0x0000000080000000, 0x000000009c680000, 0x00000000d5580000)
  object space 465408K, 38% used [0x0000000080000000,0x000000008af735a0,0x000000009c680000)
 Metaspace       used 91317K, committed 92864K, reserved 1179648K
  class space    used 10231K, committed 11008K, reserved 1048576K
}
Event: 83237.639 GC heap after
{Heap after GC invocations=1579 (full 5):
 PSYoungGen      total 8192K, used 544K [0x00000000d5580000, 0x00000000d5f80000, 0x0000000100000000)
  eden space 7168K, 0% used [0x00000000d5580000,0x00000000d5580000,0x00000000d5c80000)
  from space 1024K, 53% used [0x00000000d5e80000,0x00000000d5f08000,0x00000000d5f80000)
  to   space 1024K, 0% used [0x00000000d5d80000,0x00000000d5d80000,0x00000000d5e80000)
 ParOldGen       total 465408K, used 179880K [0x0000000080000000, 0x000000009c680000, 0x00000000d5580000)
  object space 465408K, 38% used [0x0000000080000000,0x000000008afaa2b0,0x000000009c680000)
 Metaspace       used 91317K, committed 92864K, reserved 1179648K
  class space    used 10231K, committed 11008K, reserved 1048576K
}
Event: 83358.590 GC heap before
{Heap before GC invocations=1580 (full 5):
 PSYoungGen      total 8192K, used 7711K [0x00000000d5580000, 0x00000000d5f80000, 0x0000000100000000)
  eden space 7168K, 99% used [0x00000000d5580000,0x00000000d5c7fff0,0x00000000d5c80000)
  from space 1024K, 53% used [0x00000000d5e80000,0x00000000d5f08000,0x00000000d5f80000)
  to   space 1024K, 0% used [0x00000000d5d80000,0x00000000d5d80000,0x00000000d5e80000)
 ParOldGen       total 465408K, used 179880K [0x0000000080000000, 0x000000009c680000, 0x00000000d5580000)
  object space 465408K, 38% used [0x0000000080000000,0x000000008afaa2b0,0x000000009c680000)
 Metaspace       used 91317K, committed 92864K, reserved 1179648K
  class space    used 10231K, committed 11008K, reserved 1048576K
}
Event: 83358.636 GC heap after
{Heap after GC invocations=1580 (full 5):
 PSYoungGen      total 8192K, used 512K [0x00000000d5580000, 0x00000000d5f00000, 0x0000000100000000)
  eden space 7168K, 0% used [0x00000000d5580000,0x00000000d5580000,0x00000000d5c80000)
  from space 1024K, 50% used [0x00000000d5d80000,0x00000000d5e00040,0x00000000d5e80000)
  to   space 512K, 0% used [0x00000000d5e80000,0x00000000d5e80000,0x00000000d5f00000)
 ParOldGen       total 465408K, used 179936K [0x0000000080000000, 0x000000009c680000, 0x00000000d5580000)
  object space 465408K, 38% used [0x0000000080000000,0x000000008afb82b0,0x000000009c680000)
 Metaspace       used 91317K, committed 92864K, reserved 1179648K
  class space    used 10231K, committed 11008K, reserved 1048576K
}
Event: 83359.237 GC heap before
{Heap before GC invocations=1581 (full 5):
 PSYoungGen      total 8192K, used 7680K [0x00000000d5580000, 0x00000000d5f00000, 0x0000000100000000)
  eden space 7168K, 100% used [0x00000000d5580000,0x00000000d5c80000,0x00000000d5c80000)
  from space 1024K, 50% used [0x00000000d5d80000,0x00000000d5e00040,0x00000000d5e80000)
  to   space 512K, 0% used [0x00000000d5e80000,0x00000000d5e80000,0x00000000d5f00000)
 ParOldGen       total 465408K, used 179936K [0x0000000080000000, 0x000000009c680000, 0x00000000d5580000)
  object space 465408K, 38% used [0x0000000080000000,0x000000008afb82b0,0x000000009c680000)
 Metaspace       used 91317K, committed 92864K, reserved 1179648K
  class space    used 10231K, committed 11008K, reserved 1048576K
}
Event: 83359.253 GC heap after
{Heap after GC invocations=1581 (full 5):
 PSYoungGen      total 7680K, used 384K [0x00000000d5580000, 0x00000000d5f00000, 0x0000000100000000)
  eden space 7168K, 0% used [0x00000000d5580000,0x00000000d5580000,0x00000000d5c80000)
  from space 512K, 75% used [0x00000000d5e80000,0x00000000d5ee0000,0x00000000d5f00000)
  to   space 512K, 0% used [0x00000000d5e00000,0x00000000d5e00000,0x00000000d5e80000)
 ParOldGen       total 465408K, used 180152K [0x0000000080000000, 0x000000009c680000, 0x00000000d5580000)
  object space 465408K, 38% used [0x0000000080000000,0x000000008afee2e0,0x000000009c680000)
 Metaspace       used 91317K, committed 92864K, reserved 1179648K
  class space    used 10231K, committed 11008K, reserved 1048576K
}
Event: 83505.905 GC heap before
{Heap before GC invocations=1582 (full 5):
 PSYoungGen      total 7680K, used 7552K [0x00000000d5580000, 0x00000000d5f00000, 0x0000000100000000)
  eden space 7168K, 100% used [0x00000000d5580000,0x00000000d5c80000,0x00000000d5c80000)
  from space 512K, 75% used [0x00000000d5e80000,0x00000000d5ee0000,0x00000000d5f00000)
  to   space 512K, 0% used [0x00000000d5e00000,0x00000000d5e00000,0x00000000d5e80000)
 ParOldGen       total 465408K, used 180152K [0x0000000080000000, 0x000000009c680000, 0x00000000d5580000)
  object space 465408K, 38% used [0x0000000080000000,0x000000008afee2e0,0x000000009c680000)
 Metaspace       used 91333K, committed 92928K, reserved 1179648K
  class space    used 10231K, committed 11008K, reserved 1048576K
}
Event: 83505.965 GC heap after
{Heap after GC invocations=1582 (full 5):
 PSYoungGen      total 7680K, used 256K [0x00000000d5580000, 0x00000000d5f00000, 0x0000000100000000)
  eden space 7168K, 0% used [0x00000000d5580000,0x00000000d5580000,0x00000000d5c80000)
  from space 512K, 50% used [0x00000000d5e00000,0x00000000d5e40000,0x00000000d5e80000)
  to   space 512K, 0% used [0x00000000d5e80000,0x00000000d5e80000,0x00000000d5f00000)
 ParOldGen       total 465408K, used 180252K [0x0000000080000000, 0x000000009c680000, 0x00000000d5580000)
  object space 465408K, 38% used [0x0000000080000000,0x000000008b0072f0,0x000000009c680000)
 Metaspace       used 91333K, committed 92928K, reserved 1179648K
  class space    used 10231K, committed 11008K, reserved 1048576K
}

Dll operation events (15 events):
Event: 0.031 Loaded shared library c:\Users\PRIYA AC\.antigravity\extensions\redhat.java-1.55.0-win32-x64\jre\21.0.11-win32-x86_64\bin\java.dll
Event: 0.277 Loaded shared library c:\Users\PRIYA AC\.antigravity\extensions\redhat.java-1.55.0-win32-x64\jre\21.0.11-win32-x86_64\bin\zip.dll
Event: 0.314 Loaded shared library C:\Users\PRIYA AC\.antigravity\extensions\redhat.java-1.55.0-win32-x64\jre\21.0.11-win32-x86_64\bin\instrument.dll
Event: 0.324 Loaded shared library C:\Users\PRIYA AC\.antigravity\extensions\redhat.java-1.55.0-win32-x64\jre\21.0.11-win32-x86_64\bin\net.dll
Event: 0.328 Loaded shared library C:\Users\PRIYA AC\.antigravity\extensions\redhat.java-1.55.0-win32-x64\jre\21.0.11-win32-x86_64\bin\nio.dll
Event: 0.335 Loaded shared library C:\Users\PRIYA AC\.antigravity\extensions\redhat.java-1.55.0-win32-x64\jre\21.0.11-win32-x86_64\bin\zip.dll
Event: 0.364 Loaded shared library C:\Users\PRIYA AC\.antigravity\extensions\redhat.java-1.55.0-win32-x64\jre\21.0.11-win32-x86_64\bin\jimage.dll
Event: 0.525 Loaded shared library c:\Users\PRIYA AC\.antigravity\extensions\redhat.java-1.55.0-win32-x64\jre\21.0.11-win32-x86_64\bin\verify.dll
Event: 11.902 Loaded shared library C:\Users\PRIYA AC\AppData\Roaming\Antigravity\User\globalStorage\redhat.java\1.55.0\config_win\org.eclipse.equinox.launcher\org.eclipse.equinox.launcher.win32.win32.x86_64_1.3.100.v20260613-0559\eclipse_11924.dll
Event: 31.819 Loaded shared library C:\Users\PRIYA AC\AppData\Local\Temp\jna--374145517\jna8490028867457022113.dll
Event: 35.352 Loaded shared library C:\Users\PRIYA AC\.gradle\native\1def1411415f61bf3af743bc5b6707747c0891f09f0c88961ee8f79bc544acac\windows-amd64\native-platform.dll
Event: 51.387 Loaded shared library C:\Users\PRIYA AC\.antigravity\extensions\redhat.java-1.55.0-win32-x64\jre\21.0.11-win32-x86_64\bin\management.dll
Event: 51.462 Loaded shared library C:\Users\PRIYA AC\.antigravity\extensions\redhat.java-1.55.0-win32-x64\jre\21.0.11-win32-x86_64\bin\management_ext.dll
Event: 57.881 Loaded shared library C:\Users\PRIYA AC\.antigravity\extensions\redhat.java-1.55.0-win32-x64\jre\21.0.11-win32-x86_64\bin\extnet.dll
Event: 64.615 Loaded shared library C:\Users\PRIYA AC\.antigravity\extensions\redhat.java-1.55.0-win32-x64\jre\21.0.11-win32-x86_64\bin\sunmscapi.dll

Deoptimization events (20 events):
Event: 82261.291 Thread 0x0000018df7ae0f60 DEOPT PACKING pc=0x0000018dd7fb00f0 sp=0x00000016f0efde80
Event: 82261.291 Thread 0x0000018df7ae0f60 DEOPT UNPACKING pc=0x0000018dd6b23aa2 sp=0x00000016f0efde50 mode 2
Event: 82278.401 Thread 0x0000018debcfeff0 Uncommon trap: trap_request=0xffffffd6 fr.pc=0x0000018dd75d49fc relative=0x0000000000001f7c
Event: 82278.401 Thread 0x0000018debcfeff0 Uncommon trap: reason=array_check action=maybe_recompile pc=0x0000018dd75d49fc method=org.eclipse.core.internal.events.NodeIDMap.put(JLorg/eclipse/core/runtime/IPath;Lorg/eclipse/core/runtime/IPath;)V @ 113 c2
Event: 82278.401 Thread 0x0000018debcfeff0 DEOPT PACKING pc=0x0000018dd75d49fc sp=0x00000016f21feb40
Event: 82278.401 Thread 0x0000018debcfeff0 DEOPT UNPACKING pc=0x0000018dd6b23aa2 sp=0x00000016f21fe8f0 mode 2
Event: 82278.575 Thread 0x0000018df7ae08d0 Uncommon trap: trap_request=0xffffffd6 fr.pc=0x0000018dd75d49fc relative=0x0000000000001f7c
Event: 82278.575 Thread 0x0000018df7ae08d0 Uncommon trap: reason=array_check action=maybe_recompile pc=0x0000018dd75d49fc method=org.eclipse.core.internal.events.NodeIDMap.put(JLorg/eclipse/core/runtime/IPath;Lorg/eclipse/core/runtime/IPath;)V @ 113 c2
Event: 82278.575 Thread 0x0000018df7ae08d0 DEOPT PACKING pc=0x0000018dd75d49fc sp=0x00000016f0bff110
Event: 82278.579 Thread 0x0000018df7ae08d0 DEOPT UNPACKING pc=0x0000018dd6b23aa2 sp=0x00000016f0bfeec0 mode 2
Event: 82278.625 Thread 0x0000018df7ae08d0 Uncommon trap: trap_request=0xffffffd6 fr.pc=0x0000018dd71498a0 relative=0x0000000000000460
Event: 82278.625 Thread 0x0000018df7ae08d0 Uncommon trap: reason=array_check action=maybe_recompile pc=0x0000018dd71498a0 method=org.eclipse.core.internal.events.NodeIDMap.put(JLorg/eclipse/core/runtime/IPath;Lorg/eclipse/core/runtime/IPath;)V @ 113 c2
Event: 82278.625 Thread 0x0000018df7ae08d0 DEOPT PACKING pc=0x0000018dd71498a0 sp=0x00000016f0bfe340
Event: 82278.626 Thread 0x0000018df7ae08d0 DEOPT UNPACKING pc=0x0000018dd6b23aa2 sp=0x00000016f0bfe2b8 mode 2
Event: 82809.878 Thread 0x0000018df7ae08d0 DEOPT PACKING pc=0x0000018dd0d10a3f sp=0x00000016f0bfdf60
Event: 82809.880 Thread 0x0000018df7ae08d0 DEOPT UNPACKING pc=0x0000018dd6b24242 sp=0x00000016f0bfd480 mode 0
Event: 83237.439 Thread 0x0000018df7ae08d0 DEOPT PACKING pc=0x0000018dd23090f3 sp=0x00000016f0bfd1d0
Event: 83237.441 Thread 0x0000018df7ae08d0 DEOPT UNPACKING pc=0x0000018dd6b24242 sp=0x00000016f0bfc668 mode 0
Event: 83237.704 Thread 0x0000018df7ae08d0 DEOPT PACKING pc=0x0000018dd0d10a3f sp=0x00000016f0bfdf60
Event: 83237.705 Thread 0x0000018df7ae08d0 DEOPT UNPACKING pc=0x0000018dd6b24242 sp=0x00000016f0bfd480 mode 0

Classes loaded (20 events):
Event: 8895.495 Loading class java/nio/file/FileTreeIterator
Event: 8895.497 Loading class java/nio/file/FileTreeIterator done
Event: 8896.048 Loading class java/nio/file/Files$2
Event: 8896.052 Loading class java/nio/file/Files$2 done
Event: 8899.861 Loading class jdk/internal/module/IllegalAccessLogger
Event: 8899.861 Loading class jdk/internal/module/IllegalAccessLogger done
Event: 8900.034 Loading class java/util/concurrent/ConcurrentHashMap$KeySpliterator
Event: 8900.036 Loading class java/util/concurrent/ConcurrentHashMap$KeySpliterator done
Event: 8900.072 Loading class sun/nio/ch/ChannelOutputStream
Event: 8900.074 Loading class sun/nio/ch/ChannelOutputStream done
Event: 8908.587 Loading class jdk/internal/module/IllegalAccessLogger
Event: 8908.587 Loading class jdk/internal/module/IllegalAccessLogger done
Event: 8910.120 Loading class sun/nio/fs/WindowsFileCopy
Event: 8910.126 Loading class sun/nio/fs/WindowsFileCopy done
Event: 77701.421 Loading class jdk/internal/module/IllegalAccessLogger
Event: 77701.424 Loading class jdk/internal/module/IllegalAccessLogger done
Event: 82257.055 Loading class jdk/internal/module/IllegalAccessLogger
Event: 82257.057 Loading class jdk/internal/module/IllegalAccessLogger done
Event: 82260.922 Loading class jdk/internal/module/IllegalAccessLogger
Event: 82260.922 Loading class jdk/internal/module/IllegalAccessLogger done

Classes unloaded (20 events):
Event: 82252.835 Thread 0x0000018dcc43eb40 Unloading class 0x0000018d815fc800 'java/lang/invoke/LambdaForm$MH+0x0000018d815fc800'
Event: 82252.836 Thread 0x0000018dcc43eb40 Unloading class 0x0000018d812ad000 'java/lang/invoke/LambdaForm$MH+0x0000018d812ad000'
Event: 82252.836 Thread 0x0000018dcc43eb40 Unloading class 0x0000018d81225800 'java/lang/invoke/LambdaForm$MH+0x0000018d81225800'
Event: 82252.837 Thread 0x0000018dcc43eb40 Unloading class 0x0000018d81225400 'java/lang/invoke/LambdaForm$MH+0x0000018d81225400'
Event: 82252.837 Thread 0x0000018dcc43eb40 Unloading class 0x0000018d81225000 'java/lang/invoke/LambdaForm$MH+0x0000018d81225000'
Event: 82252.839 Thread 0x0000018dcc43eb40 Unloading class 0x0000018d81218400 'java/lang/invoke/LambdaForm$BMH+0x0000018d81218400'
Event: 82252.839 Thread 0x0000018dcc43eb40 Unloading class 0x0000018d81179800 'java/lang/invoke/LambdaForm$MH+0x0000018d81179800'
Event: 82252.840 Thread 0x0000018dcc43eb40 Unloading class 0x0000018d81171800 'java/lang/invoke/LambdaForm$MH+0x0000018d81171800'
Event: 82252.840 Thread 0x0000018dcc43eb40 Unloading class 0x0000018d81081c00 'java/lang/invoke/LambdaForm$MH+0x0000018d81081c00'
Event: 82252.840 Thread 0x0000018dcc43eb40 Unloading class 0x0000018d81081800 'java/lang/invoke/LambdaForm$MH+0x0000018d81081800'
Event: 82252.840 Thread 0x0000018dcc43eb40 Unloading class 0x0000018d81081000 'java/lang/invoke/LambdaForm$MH+0x0000018d81081000'
Event: 82252.840 Thread 0x0000018dcc43eb40 Unloading class 0x0000018d81080800 'java/lang/invoke/LambdaForm$MH+0x0000018d81080800'
Event: 82252.840 Thread 0x0000018dcc43eb40 Unloading class 0x0000018d81080400 'java/lang/invoke/LambdaForm$MH+0x0000018d81080400'
Event: 82252.840 Thread 0x0000018dcc43eb40 Unloading class 0x0000018d81080000 'java/lang/invoke/LambdaForm$MH+0x0000018d81080000'
Event: 82252.840 Thread 0x0000018dcc43eb40 Unloading class 0x0000018d8101f800 'java/lang/invoke/LambdaForm$MH+0x0000018d8101f800'
Event: 82252.840 Thread 0x0000018dcc43eb40 Unloading class 0x0000018d8101e800 'java/lang/invoke/LambdaForm$MH+0x0000018d8101e800'
Event: 82252.840 Thread 0x0000018dcc43eb40 Unloading class 0x0000018d8101e400 'java/lang/invoke/LambdaForm$MH+0x0000018d8101e400'
Event: 82252.840 Thread 0x0000018dcc43eb40 Unloading class 0x0000018d8101dc00 'java/lang/invoke/LambdaForm$MH+0x0000018d8101dc00'
Event: 82252.840 Thread 0x0000018dcc43eb40 Unloading class 0x0000018d8101d400 'java/lang/invoke/LambdaForm$MH+0x0000018d8101d400'
Event: 82252.840 Thread 0x0000018dcc43eb40 Unloading class 0x0000018d81000400 'java/lang/invoke/LambdaForm$MH+0x0000018d81000400'

Classes redefined (0 events):
No events

Internal exceptions (20 events):
Event: 82264.794 Thread 0x0000018df7ae0f60 Exception <a 'sun/nio/fs/WindowsException'{0x00000000d55fa348}> (0x00000000d55fa348) 
thrown [s\src\hotspot\share\prims\jni.cpp, line 520]
Event: 82264.799 Thread 0x0000018df7ae0f60 Exception <a 'sun/nio/fs/WindowsException'{0x00000000d55fbfa8}> (0x00000000d55fbfa8) 
thrown [s\src\hotspot\share\prims\jni.cpp, line 520]
Event: 82264.806 Thread 0x0000018df7ae0f60 Exception <a 'sun/nio/fs/WindowsException'{0x00000000d55fdba8}> (0x00000000d55fdba8) 
thrown [s\src\hotspot\share\prims\jni.cpp, line 520]
Event: 82264.810 Thread 0x0000018df7ae0f60 Exception <a 'sun/nio/fs/WindowsException'{0x00000000d55ff770}> (0x00000000d55ff770) 
thrown [s\src\hotspot\share\prims\jni.cpp, line 520]
Event: 82264.814 Thread 0x0000018df7ae0f60 Exception <a 'sun/nio/fs/WindowsException'{0x00000000d5601358}> (0x00000000d5601358) 
thrown [s\src\hotspot\share\prims\jni.cpp, line 520]
Event: 82264.819 Thread 0x0000018df7ae0f60 Exception <a 'sun/nio/fs/WindowsException'{0x00000000d5603230}> (0x00000000d5603230) 
thrown [s\src\hotspot\share\prims\jni.cpp, line 520]
Event: 82264.823 Thread 0x0000018df7ae0f60 Exception <a 'sun/nio/fs/WindowsException'{0x00000000d5604de8}> (0x00000000d5604de8) 
thrown [s\src\hotspot\share\prims\jni.cpp, line 520]
Event: 82264.828 Thread 0x0000018df7ae0f60 Exception <a 'sun/nio/fs/WindowsException'{0x00000000d5606a10}> (0x00000000d5606a10) 
thrown [s\src\hotspot\share\prims\jni.cpp, line 520]
Event: 82264.833 Thread 0x0000018df7ae0f60 Exception <a 'sun/nio/fs/WindowsException'{0x00000000d5608610}> (0x00000000d5608610) 
thrown [s\src\hotspot\share\prims\jni.cpp, line 520]
Event: 82264.837 Thread 0x0000018df7ae0f60 Exception <a 'sun/nio/fs/WindowsException'{0x00000000d5609fc8}> (0x00000000d5609fc8) 
thrown [s\src\hotspot\share\prims\jni.cpp, line 520]
Event: 82264.841 Thread 0x0000018df7ae0f60 Exception <a 'sun/nio/fs/WindowsException'{0x00000000d560b940}> (0x00000000d560b940) 
thrown [s\src\hotspot\share\prims\jni.cpp, line 520]
Event: 82264.846 Thread 0x0000018df7ae0f60 Exception <a 'sun/nio/fs/WindowsException'{0x00000000d560d2b0}> (0x00000000d560d2b0) 
thrown [s\src\hotspot\share\prims\jni.cpp, line 520]
Event: 82264.850 Thread 0x0000018df7ae0f60 Exception <a 'sun/nio/fs/WindowsException'{0x00000000d560eb08}> (0x00000000d560eb08) 
thrown [s\src\hotspot\share\prims\jni.cpp, line 520]
Event: 82264.865 Thread 0x0000018df7ae0f60 Exception <a 'sun/nio/fs/WindowsException'{0x00000000d56d1338}> (0x00000000d56d1338) 
thrown [s\src\hotspot\share\prims\jni.cpp, line 520]
Event: 82479.622 Thread 0x0000018df7ada660 Exception <a 'sun/nio/fs/WindowsException'{0x00000000d5814f50}> (0x00000000d5814f50) 
thrown [s\src\hotspot\share\prims\jni.cpp, line 520]
Event: 82479.627 Thread 0x0000018df7ada660 Exception <a 'sun/nio/fs/WindowsException'{0x00000000d5815d08}> (0x00000000d5815d08) 
thrown [s\src\hotspot\share\prims\jni.cpp, line 520]
Event: 83107.993 Thread 0x0000018df7ae08d0 Exception <a 'sun/nio/fs/WindowsException'{0x00000000d558c830}> (0x00000000d558c830) 
thrown [s\src\hotspot\share\prims\jni.cpp, line 520]
Event: 83107.995 Thread 0x0000018df7ae08d0 Exception <a 'sun/nio/fs/WindowsException'{0x00000000d558d118}> (0x00000000d558d118) 
thrown [s\src\hotspot\share\prims\jni.cpp, line 520]
Event: 83422.034 Thread 0x0000018df7ada660 Exception <a 'sun/nio/fs/WindowsException'{0x00000000d5bf7568}> (0x00000000d5bf7568) 
thrown [s\src\hotspot\share\prims\jni.cpp, line 520]
Event: 83422.035 Thread 0x0000018df7ada660 Exception <a 'sun/nio/fs/WindowsException'{0x00000000d5bf7e50}> (0x00000000d5bf7e50) 
thrown [s\src\hotspot\share\prims\jni.cpp, line 520]

ZGC Phase Switch (0 events):
No events

VM Operations (20 events):
Event: 83237.637 Executing safepoint VM operation: ParallelGCFailedAllocation (Allocation Failure)
Event: 83237.640 Executing safepoint VM operation: ParallelGCFailedAllocation (Allocation Failure) done
Event: 83279.138 Executing non-safepoint VM operation: HandshakeAllThreads (HandshakeForDeflation)
Event: 83279.139 Executing non-safepoint VM operation: HandshakeAllThreads (HandshakeForDeflation) done
Event: 83279.139 Executing non-safepoint VM operation: RendezvousGCThreads
Event: 83279.139 Executing non-safepoint VM operation: RendezvousGCThreads done
Event: 83358.588 Executing safepoint VM operation: ParallelGCFailedAllocation (Allocation Failure)
Event: 83358.636 Executing safepoint VM operation: ParallelGCFailedAllocation (Allocation Failure) done
Event: 83359.237 Executing safepoint VM operation: ParallelGCFailedAllocation (Allocation Failure)
Event: 83359.253 Executing safepoint VM operation: ParallelGCFailedAllocation (Allocation Failure) done
Event: 83399.226 Executing non-safepoint VM operation: HandshakeAllThreads (HandshakeForDeflation)
Event: 83399.227 Executing non-safepoint VM operation: HandshakeAllThreads (HandshakeForDeflation) done
Event: 83399.227 Executing non-safepoint VM operation: RendezvousGCThreads
Event: 83399.227 Executing non-safepoint VM operation: RendezvousGCThreads done
Event: 83459.448 Executing non-safepoint VM operation: HandshakeAllThreads (HandshakeForDeflation)
Event: 83459.448 Executing non-safepoint VM operation: HandshakeAllThreads (HandshakeForDeflation) done
Event: 83459.449 Executing non-safepoint VM operation: RendezvousGCThreads
Event: 83459.449 Executing non-safepoint VM operation: RendezvousGCThreads done
Event: 83505.900 Executing safepoint VM operation: ParallelGCFailedAllocation (Allocation Failure)
Event: 83505.965 Executing safepoint VM operation: ParallelGCFailedAllocation (Allocation Failure) done

Memory protections (0 events):
No events

Nmethod flushes (20 events):
Event: 82255.676 Thread 0x0000018dcc43eb40 flushing  nmethod 0x0000018dd17bb510
Event: 82255.676 Thread 0x0000018dcc43eb40 flushing  nmethod 0x0000018dd17bc010
Event: 82255.676 Thread 0x0000018dcc43eb40 flushing  nmethod 0x0000018dd17bc410
Event: 82255.676 Thread 0x0000018dcc43eb40 flushing  nmethod 0x0000018dd17bcc10
Event: 82255.676 Thread 0x0000018dcc43eb40 flushing  nmethod 0x0000018dd17bd290
Event: 82255.676 Thread 0x0000018dcc43eb40 flushing  nmethod 0x0000018dd17be110
Event: 82255.676 Thread 0x0000018dcc43eb40 flushing  nmethod 0x0000018dd17cb390
Event: 82255.676 Thread 0x0000018dcc43eb40 flushing  nmethod 0x0000018dd17d5f10
Event: 82255.676 Thread 0x0000018dcc43eb40 flushing  nmethod 0x0000018dd17da590
Event: 82255.676 Thread 0x0000018dcc43eb40 flushing  nmethod 0x0000018dd17e1310
Event: 82255.676 Thread 0x0000018dcc43eb40 flushing  nmethod 0x0000018dd17e3290
Event: 82255.676 Thread 0x0000018dcc43eb40 flushing  nmethod 0x0000018dd184f110
Event: 82255.676 Thread 0x0000018dcc43eb40 flushing  nmethod 0x0000018dd1855710
Event: 82255.676 Thread 0x0000018dcc43eb40 flushing  nmethod 0x0000018dd1855a90
Event: 82255.676 Thread 0x0000018dcc43eb40 flushing  nmethod 0x0000018dd1855e10
Event: 82255.676 Thread 0x0000018dcc43eb40 flushing  nmethod 0x0000018dd186c890
Event: 82255.676 Thread 0x0000018dcc43eb40 flushing  nmethod 0x0000018dd1876e90
Event: 82255.676 Thread 0x0000018dcc43eb40 flushing  nmethod 0x0000018dd1880910
Event: 82255.676 Thread 0x0000018dcc43eb40 flushing  nmethod 0x0000018dd188f290
Event: 82255.676 Thread 0x0000018dcc43eb40 flushing  nmethod 0x0000018dd18a1310

Events (20 events):
Event: 82561.222 Thread 0x0000018df64d4cc0 Thread exited: 0x0000018df64d4cc0
Event: 82620.663 Thread 0x0000018deae043b0 Thread exited: 0x0000018deae043b0
Event: 82680.658 Thread 0x0000018deae07830 Thread exited: 0x0000018deae07830
Event: 82740.661 Thread 0x0000018deae08be0 Thread exited: 0x0000018deae08be0
Event: 82800.662 Thread 0x0000018deae01c50 Thread exited: 0x0000018deae01c50
Event: 82809.614 Thread 0x0000018df7ada660 Thread added: 0x0000018dea45fed0
Event: 82860.705 Thread 0x0000018deae07ec0 Thread exited: 0x0000018deae07ec0
Event: 82869.634 Thread 0x0000018dea45fed0 Thread exited: 0x0000018dea45fed0
Event: 82920.680 Thread 0x0000018deae06480 Thread exited: 0x0000018deae06480
Event: 82980.682 Thread 0x0000018deae04a40 Thread exited: 0x0000018deae04a40
Event: 83020.856 Thread 0x0000018df7ae08d0 Thread added: 0x0000018dea45fed0
Event: 83080.871 Thread 0x0000018dea45fed0 Thread exited: 0x0000018dea45fed0
Event: 83107.941 Thread 0x0000018df7ae08d0 Thread added: 0x0000018dea460560
Event: 83107.946 Thread 0x0000018dea460560 Thread exited: 0x0000018dea460560
Event: 83108.001 Thread 0x0000018df7ae08d0 Thread added: 0x0000018dea461280
Event: 83108.003 Thread 0x0000018dea461280 Thread exited: 0x0000018dea461280
Event: 83422.008 Thread 0x0000018df7ada660 Thread added: 0x0000018dea45fed0
Event: 83422.023 Thread 0x0000018dea45fed0 Thread exited: 0x0000018dea45fed0
Event: 83422.040 Thread 0x0000018df7ada660 Thread added: 0x0000018dea461fa0
Event: 83422.043 Thread 0x0000018dea461fa0 Thread exited: 0x0000018dea461fa0


Dynamic libraries:
0x00007ff6ec400000 - 0x00007ff6ec40e000 	c:\Users\PRIYA AC\.antigravity\extensions\redhat.java-1.55.0-win32-x64\jre\21.0.11-win32-x86_64\bin\java.exe
0x00007ffce52d0000 - 0x00007ffce54e8000 	C:\WINDOWS\SYSTEM32\ntdll.dll
0x00007ffce3020000 - 0x00007ffce30e4000 	C:\WINDOWS\System32\KERNEL32.DLL
0x00007ffce28a0000 - 0x00007ffce2c73000 	C:\WINDOWS\System32\KERNELBASE.dll
0x00007ffce2410000 - 0x00007ffce2521000 	C:\WINDOWS\System32\ucrtbase.dll
0x00007ffcc2620000 - 0x00007ffcc2638000 	c:\Users\PRIYA AC\.antigravity\extensions\redhat.java-1.55.0-win32-x64\jre\21.0.11-win32-x86_64\bin\jli.dll
0x00007ffcbfa30000 - 0x00007ffcbfa4e000 	c:\Users\PRIYA AC\.antigravity\extensions\redhat.java-1.55.0-win32-x64\jre\21.0.11-win32-x86_64\bin\VCRUNTIME140.dll
0x00007ffce3160000 - 0x00007ffce3312000 	C:\WINDOWS\System32\USER32.dll
0x00007ffce23e0000 - 0x00007ffce2406000 	C:\WINDOWS\System32\win32u.dll
0x00007ffce3650000 - 0x00007ffce3679000 	C:\WINDOWS\System32\GDI32.dll
0x00007ffcc9da0000 - 0x00007ffcca03c000 	C:\WINDOWS\WinSxS\amd64_microsoft.windows.common-controls_6595b64144ccf1df_6.0.22621.6060_none_2712eda17382d24b\COMCTL32.dll
0x00007ffce2e50000 - 0x00007ffce2f6b000 	C:\WINDOWS\System32\gdi32full.dll
0x00007ffce2cb0000 - 0x00007ffce2d4a000 	C:\WINDOWS\System32\msvcp_win.dll
0x00007ffce51e0000 - 0x00007ffce5287000 	C:\WINDOWS\System32\msvcrt.dll
0x00007ffce3120000 - 0x00007ffce3151000 	C:\WINDOWS\System32\IMM32.DLL
0x00007ffcdc200000 - 0x00007ffcdc20c000 	c:\Users\PRIYA AC\.antigravity\extensions\redhat.java-1.55.0-win32-x64\jre\21.0.11-win32-x86_64\bin\vcruntime140_1.dll
0x00007ffca4c60000 - 0x00007ffca4ced000 	c:\Users\PRIYA AC\.antigravity\extensions\redhat.java-1.55.0-win32-x64\jre\21.0.11-win32-x86_64\bin\msvcp140.dll
0x00007ffc2ebe0000 - 0x00007ffc2f982000 	c:\Users\PRIYA AC\.antigravity\extensions\redhat.java-1.55.0-win32-x64\jre\21.0.11-win32-x86_64\bin\server\jvm.dll
0x00007ffce3c00000 - 0x00007ffce3cb1000 	C:\WINDOWS\System32\ADVAPI32.dll
0x00007ffce4780000 - 0x00007ffce4828000 	C:\WINDOWS\System32\sechost.dll
0x00007ffce2c80000 - 0x00007ffce2ca8000 	C:\WINDOWS\System32\bcrypt.dll
0x00007ffce3680000 - 0x00007ffce3798000 	C:\WINDOWS\System32\RPCRT4.dll
0x00007ffce5160000 - 0x00007ffce51d1000 	C:\WINDOWS\System32\WS2_32.dll
0x00007ffce1230000 - 0x00007ffce127d000 	C:\WINDOWS\SYSTEM32\POWRPROF.dll
0x00007ffcdd430000 - 0x00007ffcdd464000 	C:\WINDOWS\SYSTEM32\WINMM.dll
0x00007ffcdc740000 - 0x00007ffcdc74a000 	C:\WINDOWS\SYSTEM32\VERSION.dll
0x00007ffce1210000 - 0x00007ffce1223000 	C:\WINDOWS\SYSTEM32\UMPDC.dll
0x00007ffce14b0000 - 0x00007ffce14c8000 	C:\WINDOWS\SYSTEM32\kernel.appcore.dll
0x00007ffcdaa20000 - 0x00007ffcdaa2a000 	c:\Users\PRIYA AC\.antigravity\extensions\redhat.java-1.55.0-win32-x64\jre\21.0.11-win32-x86_64\bin\jimage.dll
0x00007ffcd99d0000 - 0x00007ffcd9c03000 	C:\WINDOWS\SYSTEM32\DBGHELP.DLL
0x00007ffce3810000 - 0x00007ffce3ba1000 	C:\WINDOWS\System32\combase.dll
0x00007ffce34f0000 - 0x00007ffce35c8000 	C:\WINDOWS\System32\OLEAUT32.dll
0x00007ffcc3f90000 - 0x00007ffcc3fc2000 	C:\WINDOWS\SYSTEM32\dbgcore.DLL
0x00007ffce2d50000 - 0x00007ffce2dcb000 	C:\WINDOWS\System32\bcryptPrimitives.dll
0x00007ffcd7420000 - 0x00007ffcd742f000 	c:\Users\PRIYA AC\.antigravity\extensions\redhat.java-1.55.0-win32-x64\jre\21.0.11-win32-x86_64\bin\instrument.dll
0x00007ffcbf600000 - 0x00007ffcbf620000 	c:\Users\PRIYA AC\.antigravity\extensions\redhat.java-1.55.0-win32-x64\jre\21.0.11-win32-x86_64\bin\java.dll
0x00007ffce3ee0000 - 0x00007ffce477c000 	C:\WINDOWS\System32\SHELL32.dll
0x00007ffce26a0000 - 0x00007ffce27df000 	C:\WINDOWS\System32\wintypes.dll
0x00007ffce02f0000 - 0x00007ffce0c0a000 	C:\WINDOWS\SYSTEM32\windows.storage.dll
0x00007ffce4830000 - 0x00007ffce4934000 	C:\WINDOWS\System32\SHCORE.dll
0x00007ffce3d60000 - 0x00007ffce3dc9000 	C:\WINDOWS\System32\shlwapi.dll
0x00007ffce2310000 - 0x00007ffce2335000 	C:\WINDOWS\SYSTEM32\profapi.dll
0x00007ffcc3160000 - 0x00007ffcc3178000 	c:\Users\PRIYA AC\.antigravity\extensions\redhat.java-1.55.0-win32-x64\jre\21.0.11-win32-x86_64\bin\zip.dll
0x00007ffcd7510000 - 0x00007ffcd7520000 	C:\Users\PRIYA AC\.antigravity\extensions\redhat.java-1.55.0-win32-x64\jre\21.0.11-win32-x86_64\bin\net.dll
0x00007ffcdcdb0000 - 0x00007ffcdcedc000 	C:\WINDOWS\SYSTEM32\WINHTTP.dll
0x00007ffce1990000 - 0x00007ffce19f9000 	C:\WINDOWS\system32\mswsock.dll
0x00007ffcbf4c0000 - 0x00007ffcbf4d6000 	C:\Users\PRIYA AC\.antigravity\extensions\redhat.java-1.55.0-win32-x64\jre\21.0.11-win32-x86_64\bin\nio.dll
0x00007ffcd4910000 - 0x00007ffcd4920000 	c:\Users\PRIYA AC\.antigravity\extensions\redhat.java-1.55.0-win32-x64\jre\21.0.11-win32-x86_64\bin\verify.dll
0x00007ffcb9650000 - 0x00007ffcb9695000 	C:\Users\PRIYA AC\AppData\Roaming\Antigravity\User\globalStorage\redhat.java\1.55.0\config_win\org.eclipse.equinox.launcher\org.eclipse.equinox.launcher.win32.win32.x86_64_1.3.100.v20260613-0559\eclipse_11924.dll
0x00007ffce4aa0000 - 0x00007ffce4c41000 	C:\WINDOWS\System32\ole32.dll
0x00007ffce1bf0000 - 0x00007ffce1c0b000 	C:\WINDOWS\SYSTEM32\CRYPTSP.dll
0x00007ffce1410000 - 0x00007ffce1447000 	C:\WINDOWS\system32\rsaenh.dll
0x00007ffce1a80000 - 0x00007ffce1aa8000 	C:\WINDOWS\SYSTEM32\USERENV.dll
0x00007ffce1be0000 - 0x00007ffce1bec000 	C:\WINDOWS\SYSTEM32\CRYPTBASE.dll
0x00007ffce0f20000 - 0x00007ffce0f4d000 	C:\WINDOWS\SYSTEM32\IPHLPAPI.DLL
0x00007ffce3800000 - 0x00007ffce3809000 	C:\WINDOWS\System32\NSI.dll
0x00007ffcbf4e0000 - 0x00007ffcbf529000 	C:\Users\PRIYA AC\AppData\Local\Temp\jna--374145517\jna8490028867457022113.dll
0x00007ffce3110000 - 0x00007ffce3118000 	C:\WINDOWS\System32\PSAPI.DLL
0x00007ffcddc20000 - 0x00007ffcddc39000 	C:\WINDOWS\SYSTEM32\dhcpcsvc6.DLL
0x00007ffcdcb60000 - 0x00007ffcdcb7f000 	C:\WINDOWS\SYSTEM32\dhcpcsvc.DLL
0x00007ffcc53a0000 - 0x00007ffcc53c7000 	C:\Users\PRIYA AC\.gradle\native\1def1411415f61bf3af743bc5b6707747c0891f09f0c88961ee8f79bc544acac\windows-amd64\native-platform.dll
0x00007ffcdd650000 - 0x00007ffcdd65a000 	C:\Users\PRIYA AC\.antigravity\extensions\redhat.java-1.55.0-win32-x64\jre\21.0.11-win32-x86_64\bin\management.dll
0x00007ffcdd5f0000 - 0x00007ffcdd5fc000 	C:\Users\PRIYA AC\.antigravity\extensions\redhat.java-1.55.0-win32-x64\jre\21.0.11-win32-x86_64\bin\management_ext.dll
0x00007ffcdaa40000 - 0x00007ffcdaa49000 	C:\Users\PRIYA AC\.antigravity\extensions\redhat.java-1.55.0-win32-x64\jre\21.0.11-win32-x86_64\bin\extnet.dll
0x00007ffcdaa30000 - 0x00007ffcdaa3e000 	C:\Users\PRIYA AC\.antigravity\extensions\redhat.java-1.55.0-win32-x64\jre\21.0.11-win32-x86_64\bin\sunmscapi.dll
0x00007ffce2530000 - 0x00007ffce2698000 	C:\WINDOWS\System32\CRYPT32.dll
0x00007ffce1da0000 - 0x00007ffce1dce000 	C:\WINDOWS\SYSTEM32\ncrypt.dll
0x00007ffce1d60000 - 0x00007ffce1d97000 	C:\WINDOWS\SYSTEM32\NTASN1.dll
0x00007ffcbe450000 - 0x00007ffcbe458000 	C:\WINDOWS\system32\wshunix.dll
0x00007ffce15c0000 - 0x00007ffce15f4000 	C:\WINDOWS\SYSTEM32\ntmarta.dll

JVMTI agents:
c:\Users\PRIYA AC\.antigravity\extensions\redhat.java-1.55.0-win32-x64\lombok\lombok-1.18.39-4050.jar path:c:\Users\PRIYA AC\.antigravity\extensions\redhat.java-1.55.0-win32-x64\jre\21.0.11-win32-x86_64\bin\instrument.dll, loaded, initialized, instrumentlib options:none

dbghelp: loaded successfully - version: 4.0.5 - missing functions: none
symbol engine: initialized successfully - sym options: 0x614 - pdb path: .;c:\Users\PRIYA AC\.antigravity\extensions\redhat.java-1.55.0-win32-x64\jre\21.0.11-win32-x86_64\bin;C:\WINDOWS\SYSTEM32;C:\WINDOWS\WinSxS\amd64_microsoft.windows.common-controls_6595b64144ccf1df_6.0.22621.6060_none_2712eda17382d24b;c:\Users\PRIYA AC\.antigravity\extensions\redhat.java-1.55.0-win32-x64\jre\21.0.11-win32-x86_64\bin\server;C:\Users\PRIYA AC\AppData\Roaming\Antigravity\User\globalStorage\redhat.java\1.55.0\config_win\org.eclipse.equinox.launcher\org.eclipse.equinox.launcher.win32.win32.x86_64_1.3.100.v20260613-0559;C:\Users\PRIYA AC\AppData\Local\Temp\jna--374145517;C:\Users\PRIYA AC\.gradle\native\1def1411415f61bf3af743bc5b6707747c0891f09f0c88961ee8f79bc544acac\windows-amd64

VM Arguments:
jvm_args: --add-modules=ALL-SYSTEM --add-opens=java.base/java.util=ALL-UNNAMED --add-opens=java.base/java.lang=ALL-UNNAMED --add-opens=java.base/sun.nio.fs=ALL-UNNAMED -Declipse.application=org.eclipse.jdt.ls.core.id1 -Dosgi.bundles.defaultStartLevel=4 -Declipse.product=org.eclipse.jdt.ls.core.product -Djava.import.generatesMetadataFilesAtProjectRoot=false -DDetectVMInstallationsJob.disabled=true -Dfile.encoding=utf8 -XX:+UseParallelGC -XX:GCTimeRatio=4 -XX:AdaptiveSizePolicyWeight=90 -Dsun.zip.disableMemoryMapping=true -Xmx2G -Xms100m -Xlog:disable -javaagent:c:\Users\PRIYA AC\.antigravity\extensions\redhat.java-1.55.0-win32-x64\lombok\lombok-1.18.39-4050.jar -XX:+HeapDumpOnOutOfMemoryError -XX:HeapDumpPath=c:\Users\PRIYA AC\AppData\Roaming\Antigravity\User\workspaceStorage\eef34135346d09ca6085730155ac352d\redhat.java -Daether.dependencyCollector.impl=bf 
java_command: c:\Users\PRIYA AC\.antigravity\extensions\redhat.java-1.55.0-win32-x64\server\plugins\org.eclipse.equinox.launcher_1.7.200.v20260619-2039.jar -configuration c:\Users\PRIYA AC\AppData\Roaming\Antigravity\User\globalStorage\redhat.java\1.55.0\config_win -data c:\Users\PRIYA AC\AppData\Roaming\Antigravity\User\workspaceStorage\eef34135346d09ca6085730155ac352d\redhat.java\jdt_ws --pipe=\\.\pipe\lsp-7f338348093d540791445b1aaf226b9a-sock
java_class_path (initial): c:\Users\PRIYA AC\.antigravity\extensions\redhat.java-1.55.0-win32-x64\server\plugins\org.eclipse.equinox.launcher_1.7.200.v20260619-2039.jar
Launcher Type: SUN_STANDARD

[Global flags]
    uintx AdaptiveSizePolicyWeight                 = 90                                        {product} {command line}
     intx CICompilerCount                          = 4                                         {product} {ergonomic}
    uintx GCTimeRatio                              = 4                                         {product} {command line}
     bool HeapDumpOnOutOfMemoryError               = true                                   {manageable} {command line}
    ccstr HeapDumpPath                             = c:\Users\PRIYA AC\AppData\Roaming\Antigravity\User\workspaceStorage\eef34135346d09ca6085730155ac352d\redhat.java         {manageable} {command line}
   size_t InitialHeapSize                          = 104857600                                 {product} {command line}
   size_t MaxHeapSize                              = 2147483648                                {product} {command line}
   size_t MaxNewSize                               = 715653120                                 {product} {ergonomic}
   size_t MinHeapDeltaBytes                        = 524288                                    {product} {ergonomic}
   size_t MinHeapSize                              = 104857600                                 {product} {command line}
   size_t NewSize                                  = 34603008                                  {product} {ergonomic}
    uintx NonNMethodCodeHeapSize                   = 5839372                                {pd product} {ergonomic}
    uintx NonProfiledCodeHeapSize                  = 122909434                              {pd product} {ergonomic}
   size_t OldSize                                  = 70254592                                  {product} {ergonomic}
    uintx ProfiledCodeHeapSize                     = 122909434                              {pd product} {ergonomic}
    uintx ReservedCodeCacheSize                    = 251658240                              {pd product} {ergonomic}
     bool SegmentedCodeCache                       = true                                      {product} {ergonomic}
   size_t SoftMaxHeapSize                          = 2147483648                             {manageable} {ergonomic}
     bool UseCompressedOops                        = true                           {product lp64_product} {ergonomic}
     bool UseLargePagesIndividualAllocation        = false                                  {pd product} {ergonomic}
     bool UseParallelGC                            = true                                      {product} {command line}

Logging:
Log output configuration:
 #0: stdout all=off uptime,level,tags foldmultilines=false
 #1: stderr all=off uptime,level,tags foldmultilines=false

Release file:
JAVA_VERSION="21.0.11" 
MODULES="java.base java.compiler java.datatransfer java.xml java.prefs java.desktop java.instrument java.logging java.management java.security.sasl java.naming java.rmi java.management.rmi java.net.http java.scripting java.security.jgss java.transaction.xa java.sql java.sql.rowset java.xml.crypto java.se java.smartcardio jdk.accessibility jdk.internal.jvmstat jdk.attach jdk.charsets jdk.internal.opt jdk.zipfs jdk.compiler jdk.crypto.ec jdk.crypto.cryptoki jdk.crypto.mscapi jdk.dynalink jdk.internal.ed jdk.editpad jdk.hotspot.agent jdk.httpserver jdk.internal.le jdk.internal.vm.ci jdk.internal.vm.compiler jdk.internal.vm.compiler.management jdk.jartool jdk.javadoc jdk.jcmd jdk.management jdk.management.agent jdk.jconsole jdk.jdeps jdk.jdwp.agent jdk.jdi jdk.jfr jdk.jshell jdk.jsobject jdk.jstatd jdk.localedata jdk.management.jfr jdk.naming.dns jdk.naming.rmi jdk.net jdk.nio.mapmode jdk.random jdk.sctp jdk.security.auth jdk.security.jgss jdk.unsupported jdk.unsupported.desktop jdk.xml.dom" 

Environment Variables:
JAVA_HOME=C:\Program Files\Java\jdk-17.0.4.1
PATH=C:\Program Files\Common Files\Oracle\Java\javapath;C:\windows\system32;C:\windows;C:\windows\System32\Wbem;C:\windows\System32\WindowsPowerShell\v1.0\;C:\windows\System32\OpenSSH\;C:\Program Files (x86)\NVIDIA Corporation\PhysX\Common;C:\Program Files\NVIDIA Corporation\NVIDIA NvDLISR;C:\Program files \java\jdk-17.0.4.1\bin;C:\Program Files\apache-maven-3.8.1\bin;C:\WINDOWS\system32;C:\WINDOWS;C:\WINDOWS\System32\Wbem;C:\WINDOWS\System32\WindowsPowerShell\v1.0\;C:\WINDOWS\System32\OpenSSH\;C:\Program Files\MySQL\MySQL Server 8.0\bin;C:\Program Files\Git\cmd;C:\ProgramData\chocolatey\bin;C:\Program Files\nodejs\;C:\Users\PRIYA AC\Documents\Python Scripts;C:\Users\PRIYA AC\Documents\Python Scripts\Library\mingw-w64\bin;C:\Users\PRIYA AC\Documents\Python Scripts\Library\usr\bin;C:\Users\PRIYA AC\Documents\Python Scripts\Library\bin;C:\Users\PRIYA AC\Documents\Python Scripts\Scripts;C:\Users\PRIYA AC\anaconda3\New folder;C:\Users\PRIYA AC\anaconda3\New folder\Library\mingw-w64\bin;C:\Users\PRIYA AC\anaconda3\New folder\Library\usr\bin;C:\Users\PRIYA AC\anaconda3\New folder\Library\bin;C:\Users\PRIYA AC\anaconda3\New folder\Scripts;C:\Users\PRIYA AC\Downloads\astar.py;C:\Users\PRIYA AC\Downloads\astar.py\Library\mingw-w64\bin;C:\Users\PRIYA AC\Downloads\astar.py\Library\usr\bin;C:\Users\PRIYA AC\Downloads\astar.py\Library\bin;C:\Users\PRIYA AC\Downloads\astar.py\Scripts;C:\Users\PRIYA AC\AppData\Local\Microsoft\WindowsApps;C:\Users\PRIYA AC\AppData\Local\Programs\Microsoft VS Code\bin;C:\Users\PRIYA AC\AppData\Roaming\npm;C:\Users\PRIYA AC\Documents\Antigravity\bin;C:\Users\PRIYA AC\AppData\Local\Programs\cursor\resources\app\bin
USERNAME=PRIYA AC
OS=Windows_NT
PROCESSOR_IDENTIFIER=AMD64 Family 25 Model 80 Stepping 0, AuthenticAMD
TMP=C:\Users\PRIYAA~1\AppData\Local\Temp
TEMP=C:\Users\PRIYAA~1\AppData\Local\Temp




Periodic native trim disabled

---------------  S Y S T E M  ---------------

OS:
 Windows 11 , 64 bit Build 22621 (10.0.22621.5415)
OS uptime: 8 days 14:16 hours

CPU: total 12 (initial active 12) (12 cores per cpu, 2 threads per core) family 25 model 80 stepping 0 microcode 0x0, cx8, cmov, fxsr, ht, mmx, 3dnowpref, sse, sse2, sse3, ssse3, sse4a, sse4.1, sse4.2, popcnt, lzcnt, tsc, tscinvbit, avx, avx2, aes, erms, clmul, bmi1, bmi2, adx, sha, fma, vzeroupper, clflush, clflushopt, rdtscp, rdpid, fsrm, f16c, pku, cet_ss
Processor Information for processor 0
  Max Mhz: 3301, Current Mhz: 3301, Mhz Limit: 3301
Processor Information for processor 1
  Max Mhz: 3301, Current Mhz: 3301, Mhz Limit: 3301
Processor Information for processor 2
  Max Mhz: 3301, Current Mhz: 3301, Mhz Limit: 3301
Processor Information for processor 3
  Max Mhz: 3301, Current Mhz: 2011, Mhz Limit: 3301
Processor Information for processor 4
  Max Mhz: 3301, Current Mhz: 2011, Mhz Limit: 3301
Processor Information for processor 5
  Max Mhz: 3301, Current Mhz: 2011, Mhz Limit: 3301
Processor Information for processor 6
  Max Mhz: 3301, Current Mhz: 2011, Mhz Limit: 3301
Processor Information for processor 7
  Max Mhz: 3301, Current Mhz: 2011, Mhz Limit: 3301
Processor Information for processor 8
  Max Mhz: 3301, Current Mhz: 3301, Mhz Limit: 3301
Processor Information for processor 9
  Max Mhz: 3301, Current Mhz: 3301, Mhz Limit: 3301
Processor Information for processor 10
  Max Mhz: 3301, Current Mhz: 3301, Mhz Limit: 3301
Processor Information for processor 11
  Max Mhz: 3301, Current Mhz: 3301, Mhz Limit: 3301

Memory: 4k page, system-wide physical 7521M (796M free)
TotalPageFile size 31073M (AvailPageFile size 9M)
current process WorkingSet (physical memory assigned to process): 107M, peak: 477M
current process commit charge ("private bytes"): 849M, peak: 889M

vm_info: OpenJDK 64-Bit Server VM (21.0.11+10-LTS) for windows-amd64 JRE (21.0.11+10-LTS), built on 2026-04-21T00:00:00Z by "admin" with MS VC++ 17.12 (VS2022)

END.
