#
# There is insufficient memory for the Java Runtime Environment to continue.
# Native memory allocation (malloc) failed to allocate 1048576 bytes. Error detail: AllocateHeap
# Possible reasons:
#   The system is out of physical RAM or swap space
#   This process is running with CompressedOops enabled, and the Java Heap may be blocking the growth of the native heap
# Possible solutions:
#   Reduce memory load on the system
#   Increase physical memory or swap space
#   Check if swap backing store is full
#   Decrease Java heap size (-Xmx/-Xms)
#   Decrease number of Java threads
#   Decrease Java thread stack sizes (-Xss)
#   Set larger code cache with -XX:ReservedCodeCacheSize=
#   JVM is running with Unscaled Compressed Oops mode in which the Java heap is
#     placed in the first 4GB address space. The Java Heap base address is the
#     maximum limit for the native heap growth. Please use -XX:HeapBaseMinAddress
#     to set the Java Heap base and to place the Java Heap above 4GB virtual address.
# This output file may be truncated or incomplete.
#
#  Out of Memory Error (allocation.cpp:44), pid=19704, tid=29556
#
# JRE version: OpenJDK Runtime Environment Temurin-21.0.11+10 (21.0.11+10) (build 21.0.11+10-LTS)
# Java VM: OpenJDK 64-Bit Server VM Temurin-21.0.11+10 (21.0.11+10-LTS, mixed mode, sharing, tiered, compressed oops, compressed class ptrs, parallel gc, windows-amd64)
# No core dump will be written. Minidumps are not enabled by default on client versions of Windows
#

---------------  S U M M A R Y ------------

Command Line: --add-modules=ALL-SYSTEM --add-opens=java.base/java.util=ALL-UNNAMED --add-opens=java.base/java.lang=ALL-UNNAMED --add-opens=java.base/sun.nio.fs=ALL-UNNAMED -Declipse.application=org.eclipse.jdt.ls.core.id1 -Dosgi.bundles.defaultStartLevel=4 -Declipse.product=org.eclipse.jdt.ls.core.product -Djava.import.generatesMetadataFilesAtProjectRoot=false -DDetectVMInstallationsJob.disabled=true -Dfile.encoding=utf8 -XX:+UseParallelGC -XX:GCTimeRatio=4 -XX:AdaptiveSizePolicyWeight=90 -Dsun.zip.disableMemoryMapping=true -Xmx2G -Xms100m -Xlog:disable -javaagent:c:\Users\PRIYA AC\.antigravity\extensions\redhat.java-1.55.0-win32-x64\lombok\lombok-1.18.39-4050.jar -XX:+HeapDumpOnOutOfMemoryError -XX:HeapDumpPath=c:\Users\PRIYA AC\AppData\Roaming\Antigravity\User\workspaceStorage\eef34135346d09ca6085730155ac352d\redhat.java -Daether.dependencyCollector.impl=bf c:\Users\PRIYA AC\.antigravity\extensions\redhat.java-1.55.0-win32-x64\server\plugins\org.eclipse.equinox.launcher_1.7.200.v20260619-2039.jar -configuration c:\Users\PRIYA AC\AppData\Roaming\Antigravity\User\globalStorage\redhat.java\1.55.0\config_win -data c:\Users\PRIYA AC\AppData\Roaming\Antigravity\User\workspaceStorage\eef34135346d09ca6085730155ac352d\redhat.java\jdt_ws --pipe=\\.\pipe\lsp-eec5505727274827d64c6506b172ec27-sock

Host: AMD Ryzen 5 5600H with Radeon Graphics         , 12 cores, 7G,  Windows 11 , 64 bit Build 22621 (10.0.22621.5415)
Time: Fri Aug 14 16:18:54 2026 India Standard Time elapsed time: 4820.213642 seconds (0d 1h 20m 20s)

---------------  T H R E A D  ---------------

Current thread (0x000001ac6f909910):  JavaThread "Attach Listener" daemon [_thread_in_vm, id=29556, stack(0x00000002b2500000,0x00000002b2600000) (1024K)]

Stack: [0x00000002b2500000,0x00000002b2600000]
Native frames: (J=compiled Java code, j=interpreted, Vv=VM code, C=native code)
V  [jvm.dll+0x6d7e19]
V  [jvm.dll+0x8b5096]
V  [jvm.dll+0x8b764e]
V  [jvm.dll+0x8b7d33]
V  [jvm.dll+0x284596]
V  [jvm.dll+0xc13c7]
V  [jvm.dll+0x6d86c9]
V  [jvm.dll+0x133616]
V  [jvm.dll+0x3f868e]
V  [jvm.dll+0x85fb0d]
V  [jvm.dll+0x6d664d]
C  [ucrtbase.dll+0x29333]
C  [KERNEL32.DLL+0x1259d]
C  [ntdll.dll+0x5af78]


---------------  P R O C E S S  ---------------

Threads class SMR info:
_java_thread_list=0x000001ac7e09b1f0, length=44, elements={
0x000001ac6f85c7b0, 0x000001ac7730d970, 0x000001ac6f900b20, 0x000001ac6f9079e0,
0x000001ac6f909910, 0x000001ac6f90a370, 0x000001ac6f90add0, 0x000001ac6f90bb60,
0x000001ac786bf7c0, 0x000001ac7886de20, 0x000001ac789a1270, 0x000001ac79b33510,
0x000001ac79b0a6b0, 0x000001ac79cff260, 0x000001ac799b6780, 0x000001ac7e059ba0,
0x000001ac7e22b850, 0x000001ac789182a0, 0x000001ac798d85d0, 0x000001ac798d78b0,
0x000001ac798d8c60, 0x000001ac507ce450, 0x000001ac507cd0a0, 0x000001ac507cc380,
0x000001ac507cfe90, 0x000001ac507cddc0, 0x000001ac507ceae0, 0x000001ac507d2c80,
0x000001ac507d0520, 0x000001ac507d0bb0, 0x000001ac507d18d0, 0x000001ac507cf170,
0x000001ac507d1240, 0x000001ac507cf800, 0x000001ac507d1f60, 0x000001ac507cd730,
0x000001ac507cbcf0, 0x000001ac507d25f0, 0x000001ac50e18e90, 0x000001ac50e1d030,
0x000001ac50e1a240, 0x000001ac7e297c60, 0x000001ac7e29ded0, 0x000001ac7e29cb20
}

Java Threads: ( => current thread )
  0x000001ac6f85c7b0 JavaThread "main"                              [_thread_blocked, id=37004, stack(0x00000002b1e00000,0x00000002b1f00000) (1024K)]
  0x000001ac7730d970 JavaThread "Reference Handler"          daemon [_thread_blocked, id=32452, stack(0x00000002b2200000,0x00000002b2300000) (1024K)]
  0x000001ac6f900b20 JavaThread "Finalizer"                  daemon [_thread_blocked, id=37856, stack(0x00000002b2300000,0x00000002b2400000) (1024K)]
  0x000001ac6f9079e0 JavaThread "Signal Dispatcher"          daemon [_thread_blocked, id=28216, stack(0x00000002b2400000,0x00000002b2500000) (1024K)]
=>0x000001ac6f909910 JavaThread "Attach Listener"            daemon [_thread_in_vm, id=29556, stack(0x00000002b2500000,0x00000002b2600000) (1024K)]
  0x000001ac6f90a370 JavaThread "Service Thread"             daemon [_thread_blocked, id=26552, stack(0x00000002b2600000,0x00000002b2700000) (1024K)]
  0x000001ac6f90add0 JavaThread "Monitor Deflation Thread"   daemon [_thread_blocked, id=16992, stack(0x00000002b2700000,0x00000002b2800000) (1024K)]
  0x000001ac6f90bb60 JavaThread "C2 CompilerThread0"         daemon [_thread_blocked, id=24776, stack(0x00000002b2800000,0x00000002b2900000) (1024K)]
  0x000001ac786bf7c0 JavaThread "C1 CompilerThread0"         daemon [_thread_blocked, id=34148, stack(0x00000002b2900000,0x00000002b2a00000) (1024K)]
  0x000001ac7886de20 JavaThread "Common-Cleaner"             daemon [_thread_blocked, id=32968, stack(0x00000002b2a00000,0x00000002b2b00000) (1024K)]
  0x000001ac789a1270 JavaThread "Notification Thread"        daemon [_thread_blocked, id=4984, stack(0x00000002b2b00000,0x00000002b2c00000) (1024K)]
  0x000001ac79b33510 JavaThread "Active Thread: Equinox Container: 1e63ae23-6c73-4597-a59f-d17bcd69fab7"        [_thread_blocked, id=39480, stack(0x00000002b3200000,0x00000002b3300000) (1024K)]
  0x000001ac79b0a6b0 JavaThread "Refresh Thread: Equinox Container: 1e63ae23-6c73-4597-a59f-d17bcd69fab7" daemon [_thread_blocked, id=12756, stack(0x00000002b3400000,0x00000002b3500000) (1024K)]
  0x000001ac79cff260 JavaThread "Framework Event Dispatcher: Equinox Container: 1e63ae23-6c73-4597-a59f-d17bcd69fab7" daemon [_thread_blocked, id=32096, stack(0x00000002b3500000,0x00000002b3600000) (1024K)]
  0x000001ac799b6780 JavaThread "Start Level: Equinox Container: 1e63ae23-6c73-4597-a59f-d17bcd69fab7" daemon [_thread_blocked, id=14232, stack(0x00000002b3600000,0x00000002b3700000) (1024K)]
  0x000001ac7e059ba0 JavaThread "Bundle File Closer"         daemon [_thread_blocked, id=33412, stack(0x00000002b3900000,0x00000002b3a00000) (1024K)]
  0x000001ac7e22b850 JavaThread "SCR Component Actor"        daemon [_thread_blocked, id=4912, stack(0x00000002b3a00000,0x00000002b3b00000) (1024K)]
  0x000001ac789182a0 JavaThread "Worker-JM"                         [_thread_blocked, id=37808, stack(0x00000002b3b00000,0x00000002b3c00000) (1024K)]
  0x000001ac798d85d0 JavaThread "JNA Cleaner"                daemon [_thread_blocked, id=36972, stack(0x00000002b3c00000,0x00000002b3d00000) (1024K)]
  0x000001ac798d78b0 JavaThread "Java indexing"              daemon [_thread_blocked, id=14140, stack(0x00000002b4000000,0x00000002b4100000) (1024K)]
  0x000001ac798d8c60 JavaThread "Thread-1"                   daemon [_thread_in_native, id=25264, stack(0x00000002b4400000,0x00000002b4500000) (1024K)]
  0x000001ac507ce450 JavaThread "Thread-2"                   daemon [_thread_in_native, id=29500, stack(0x00000002b4500000,0x00000002b4600000) (1024K)]
  0x000001ac507cd0a0 JavaThread "Thread-3"                   daemon [_thread_in_native, id=11624, stack(0x00000002b4600000,0x00000002b4700000) (1024K)]
  0x000001ac507cc380 JavaThread "Thread-4"                   daemon [_thread_in_native, id=4580, stack(0x00000002b4700000,0x00000002b4800000) (1024K)]
  0x000001ac507cfe90 JavaThread "Thread-5"                   daemon [_thread_in_native, id=35024, stack(0x00000002b4800000,0x00000002b4900000) (1024K)]
  0x000001ac507cddc0 JavaThread "Thread-6"                   daemon [_thread_in_native, id=13284, stack(0x00000002b4900000,0x00000002b4a00000) (1024K)]
  0x000001ac507ceae0 JavaThread "Thread-7"                   daemon [_thread_in_native, id=6984, stack(0x00000002b4a00000,0x00000002b4b00000) (1024K)]
  0x000001ac507d2c80 JavaThread "Thread-8"                   daemon [_thread_in_native, id=17344, stack(0x00000002b4b00000,0x00000002b4c00000) (1024K)]
  0x000001ac507d0520 JavaThread "Thread-9"                   daemon [_thread_in_native, id=28000, stack(0x00000002b4c00000,0x00000002b4d00000) (1024K)]
  0x000001ac507d0bb0 JavaThread "Thread-10"                  daemon [_thread_in_native, id=29264, stack(0x00000002b4d00000,0x00000002b4e00000) (1024K)]
  0x000001ac507d18d0 JavaThread "Thread-11"                  daemon [_thread_in_native, id=30312, stack(0x00000002b4e00000,0x00000002b4f00000) (1024K)]
  0x000001ac507cf170 JavaThread "Thread-12"                  daemon [_thread_in_native, id=16600, stack(0x00000002b4f00000,0x00000002b5000000) (1024K)]
  0x000001ac507d1240 JavaThread "Thread-13"                  daemon [_thread_in_native, id=24124, stack(0x00000002b5000000,0x00000002b5100000) (1024K)]
  0x000001ac507cf800 JavaThread "pool-2-thread-1"                   [_thread_blocked, id=17596, stack(0x00000002b5100000,0x00000002b5200000) (1024K)]
  0x000001ac507d1f60 JavaThread "Timer-0"                           [_thread_blocked, id=3980, stack(0x00000002b5200000,0x00000002b5300000) (1024K)]
  0x000001ac507cd730 JavaThread "Timer-1"                           [_thread_blocked, id=1856, stack(0x00000002b5300000,0x00000002b5400000) (1024K)]
  0x000001ac507cbcf0 JavaThread "WorkspaceEventsHandler"            [_thread_blocked, id=32120, stack(0x00000002b5400000,0x00000002b5500000) (1024K)]
  0x000001ac507d25f0 JavaThread "pool-1-thread-1"                   [_thread_blocked, id=15816, stack(0x00000002b5500000,0x00000002b5600000) (1024K)]
  0x000001ac50e18e90 JavaThread "Timer-2"                           [_thread_blocked, id=39460, stack(0x00000002b5600000,0x00000002b5700000) (1024K)]
  0x000001ac50e1d030 JavaThread "Timer-3"                           [_thread_blocked, id=23136, stack(0x00000002b5800000,0x00000002b5900000) (1024K)]
  0x000001ac50e1a240 JavaThread "Timer-4"                           [_thread_blocked, id=11620, stack(0x00000002b5900000,0x00000002b5a00000) (1024K)]
  0x000001ac7e297c60 JavaThread "Worker-8"                          [_thread_blocked, id=9440, stack(0x00000002b3f00000,0x00000002b4000000) (1024K)]
  0x000001ac7e29ded0 JavaThread "Worker-9: Building"                [_thread_in_native, id=38312, stack(0x00000002b1c00000,0x00000002b1d00000) (1024K)]
  0x000001ac7e29cb20 JavaThread "Cleaner-0"                  daemon [_thread_blocked, id=40620, stack(0x00000002b5c00000,0x00000002b5d00000) (1024K)]
Total: 44

Other Threads:
  0x000001ac772f5d00 VMThread "VM Thread"                           [id=37844, stack(0x00000002b2100000,0x00000002b2200000) (1024K)]
  0x000001ac771eca00 WatcherThread "VM Periodic Task Thread"        [id=31832, stack(0x00000002b2000000,0x00000002b2100000) (1024K)]
  0x000001ac6f87cc20 WorkerThread "GC Thread#0"                     [id=34392, stack(0x00000002b1f00000,0x00000002b2000000) (1024K)]
  0x000001ac797cfc00 WorkerThread "GC Thread#1"                     [id=37968, stack(0x00000002b2c00000,0x00000002b2d00000) (1024K)]
  0x000001ac796c99e0 WorkerThread "GC Thread#2"                     [id=16036, stack(0x00000002b2d00000,0x00000002b2e00000) (1024K)]
  0x000001ac796020d0 WorkerThread "GC Thread#3"                     [id=21480, stack(0x00000002b2e00000,0x00000002b2f00000) (1024K)]
  0x000001ac79602480 WorkerThread "GC Thread#4"                     [id=23968, stack(0x00000002b2f00000,0x00000002b3000000) (1024K)]
  0x000001ac79602830 WorkerThread "GC Thread#5"                     [id=9616, stack(0x00000002b3000000,0x00000002b3100000) (1024K)]
  0x000001ac7960f1c0 WorkerThread "GC Thread#6"                     [id=18732, stack(0x00000002b3100000,0x00000002b3200000) (1024K)]
  0x000001ac797adf50 WorkerThread "GC Thread#7"                     [id=13256, stack(0x00000002b3300000,0x00000002b3400000) (1024K)]
  0x000001ac79dedd40 WorkerThread "GC Thread#8"                     [id=28292, stack(0x00000002b3700000,0x00000002b3800000) (1024K)]
  0x000001ac79dee0f0 WorkerThread "GC Thread#9"                     [id=37556, stack(0x00000002b3800000,0x00000002b3900000) (1024K)]
Total: 12

Threads with active compile tasks:
Total: 0

VM state: not at safepoint (normal execution)

VM Mutex/Monitor currently owned by a thread: None

Heap address: 0x0000000080000000, size: 2048 MB, Compressed Oops mode: 32-bit

CDS archive(s) mapped at: [0x000001ac0f000000-0x000001ac0fba0000-0x000001ac0fba0000), size 12189696, SharedBaseAddress: 0x000001ac0f000000, ArchiveRelocationMode: 1.
Compressed class space mapped at: 0x000001ac10000000-0x000001ac50000000, reserved size: 1073741824
Narrow klass base: 0x000001ac0f000000, Narrow klass shift: 0, Narrow klass range: 0x100000000

GC Precious Log:
 CardTable entry size: 512
 CPUs: 12 total, 12 available
 Memory: 7521M
 Large Page Support: Disabled
 NUMA Support: Disabled
 Compressed Oops: Enabled (32-bit)
 Alignments: Space 512K, Generation 512K, Heap 2M
 Heap Min Capacity: 100M
 Heap Initial Capacity: 100M
 Heap Max Capacity: 2G
 Pre-touch: Disabled
 Parallel Workers: 10

Heap:
 PSYoungGen      total 17408K, used 5494K [0x00000000d5580000, 0x00000000d7100000, 0x0000000100000000)
  eden space 16896K, 30% used [0x00000000d5580000,0x00000000d5a8d928,0x00000000d6600000)
  from space 512K, 62% used [0x00000000d7080000,0x00000000d70d0000,0x00000000d7100000)
  to   space 512K, 0% used [0x00000000d7000000,0x00000000d7000000,0x00000000d7080000)
 ParOldGen       total 709632K, used 603998K [0x0000000080000000, 0x00000000ab500000, 0x00000000d5580000)
  object space 709632K, 85% used [0x0000000080000000,0x00000000a4dd7b00,0x00000000ab500000)
 Metaspace       used 97345K, committed 99264K, reserved 1179648K
  class space    used 10857K, committed 11776K, reserved 1048576K

Card table byte_map: [0x000001ac6f210000,0x000001ac6f620000] _byte_map_base: 0x000001ac6ee10000

Marking Bits: (ParMarkBitMap*) 0x00007ffdf52b4460
 Begin Bits: [0x000001ac72d10000, 0x000001ac74d10000)
 End Bits:   [0x000001ac74d10000, 0x000001ac76d10000)

Polling page: 0x000001ac6d500000

Metaspace:

Usage:
  Non-class:     84.46 MB used.
      Class:     10.60 MB used.
       Both:     95.06 MB used.

Virtual space:
  Non-class space:      128.00 MB reserved,      85.44 MB ( 67%) committed,  2 nodes.
      Class space:        1.00 GB reserved,      11.50 MB (  1%) committed,  1 nodes.
             Both:        1.12 GB reserved,      96.94 MB (  8%) committed. 

Chunk freelists:
   Non-Class:  10.20 MB
       Class:  4.47 MB
        Both:  14.68 MB

MaxMetaspaceSize: unlimited
CompressedClassSpaceSize: 1.00 GB
Initial GC threshold: 21.00 MB
Current GC threshold: 150.56 MB
CDS: on
 - commit_granule_bytes: 65536.
 - commit_granule_words: 8192.
 - virtual_space_node_default_size: 8388608.
 - enlarge_chunks_in_place: 1.
 - use_allocation_guard: 0.


Internal statistics:

num_allocs_failed_limit: 9.
num_arena_births: 2002.
num_arena_deaths: 14.
num_vsnodes_births: 3.
num_vsnodes_deaths: 0.
num_space_committed: 1551.
num_space_uncommitted: 0.
num_chunks_returned_to_freelist: 23.
num_chunks_taken_from_freelist: 7001.
num_chunk_merges: 15.
num_chunk_splits: 4182.
num_chunks_enlarged: 2185.
num_inconsistent_stats: 0.

CodeHeap 'non-profiled nmethods': size=120000Kb used=21861Kb max_used=21861Kb free=98138Kb
 bounds [0x000001ac07ad0000, 0x000001ac09030000, 0x000001ac0f000000]
CodeHeap 'profiled nmethods': size=120000Kb used=50757Kb max_used=52479Kb free=69242Kb
 bounds [0x000001ac00000000, 0x000001ac03340000, 0x000001ac07530000]
CodeHeap 'non-nmethods': size=5760Kb used=1493Kb max_used=1570Kb free=4266Kb
 bounds [0x000001ac07530000, 0x000001ac077a0000, 0x000001ac07ad0000]
CodeCache: size=245760Kb, used=74111Kb, max_used=75910Kb, free=171646Kb
 total_blobs=21860, nmethods=21045, adapters=717, full_count=0
Compilation: enabled, stopped_count=0, restarted_count=0

Compilation events (20 events):
Event: 4820.133 Thread 0x000001ac786bf7c0 nmethod 25693 0x000001ac006e7390 code [0x000001ac006e7540, 0x000001ac006e7720]
Event: 4820.133 Thread 0x000001ac786bf7c0 25697       1       org.eclipse.lsp4j.jsonrpc.messages.ResponseMessage::setResult (6 bytes)
Event: 4820.133 Thread 0x000001ac786bf7c0 nmethod 25697 0x000001ac09024110 code [0x000001ac090242a0, 0x000001ac09024380]
Event: 4820.133 Thread 0x000001ac786bf7c0 25698       1       org.eclipse.lsp4j.jsonrpc.messages.ResponseMessage::getResult (5 bytes)
Event: 4820.133 Thread 0x000001ac786bf7c0 nmethod 25698 0x000001ac09024410 code [0x000001ac090245a0, 0x000001ac09024668]
Event: 4820.149 Thread 0x000001ac6f90bb60 nmethod 25696 0x000001ac09024710 code [0x000001ac09024a00, 0x000001ac09025a30]
Event: 4820.155 Thread 0x000001ac6f90bb60 25700       4       org.eclipse.jdt.apt.core.internal.AptCompilationParticipant$$Lambda/0x000001ac10a20c40::accept (12 bytes)
Event: 4820.164 Thread 0x000001ac786bf7c0 25702       3       org.eclipse.m2e.core.internal.MavenPluginActivator$$Lambda/0x000001ac10331db0::<init> (10 bytes)
Event: 4820.165 Thread 0x000001ac786bf7c0 nmethod 25702 0x000001ac0113c310 code [0x000001ac0113c4c0, 0x000001ac0113c648]
Event: 4820.179 Thread 0x000001ac6f90bb60 nmethod 25700 0x000001ac09026610 code [0x000001ac09026860, 0x000001ac090270d0]
Event: 4820.179 Thread 0x000001ac6f90bb60 25701       4       org.eclipse.jdt.internal.core.ClasspathEntry::combineWith (240 bytes)
Event: 4820.184 Thread 0x000001ac786bf7c0 25704       1       org.eclipse.m2e.core.internal.project.registry.MavenProjectFacade::getConfiguration (5 bytes)
Event: 4820.185 Thread 0x000001ac786bf7c0 nmethod 25704 0x000001ac09027910 code [0x000001ac09027aa0, 0x000001ac09027b68]
Event: 4820.186 Thread 0x000001ac786bf7c0 25705       1       org.apache.maven.project.MavenProject::getDependencyArtifacts (5 bytes)
Event: 4820.186 Thread 0x000001ac786bf7c0 nmethod 25705 0x000001ac09027c10 code [0x000001ac09027da0, 0x000001ac09027e68]
Event: 4820.188 Thread 0x000001ac786bf7c0 25706   !   3       org.codehaus.plexus.component.configurator.converters.AbstractConfigurationConverter::getClassForImplementationHint (159 bytes)
Event: 4820.195 Thread 0x000001ac786bf7c0 nmethod 25706 0x000001ac01e73290 code [0x000001ac01e73660, 0x000001ac01e74db0]
Event: 4820.201 Thread 0x000001ac6f90bb60 nmethod 25701 0x000001ac09027f10 code [0x000001ac09028140, 0x000001ac09028b78]
Event: 4820.201 Thread 0x000001ac6f90bb60 25703   !   4       java.lang.invoke.MethodHandleImpl::profileBoolean (34 bytes)
Event: 4820.202 Thread 0x000001ac6f90bb60 nmethod 25703 0x000001ac09029190 code [0x000001ac09029320, 0x000001ac09029420]

GC Heap History (20 events):
Event: 4389.868 GC heap before
{Heap before GC invocations=1732 (full 5):
 PSYoungGen      total 21504K, used 21120K [0x00000000d5580000, 0x00000000d6e80000, 0x0000000100000000)
  eden space 18432K, 100% used [0x00000000d5580000,0x00000000d6780000,0x00000000d6780000)
  from space 3072K, 87% used [0x00000000d6b80000,0x00000000d6e20060,0x00000000d6e80000)
  to   space 3072K, 0% used [0x00000000d6880000,0x00000000d6880000,0x00000000d6b80000)
 ParOldGen       total 709632K, used 589558K [0x0000000080000000, 0x00000000ab500000, 0x00000000d5580000)
  object space 709632K, 83% used [0x0000000080000000,0x00000000a3fbda30,0x00000000ab500000)
 Metaspace       used 97282K, committed 99264K, reserved 1179648K
  class space    used 10857K, committed 11776K, reserved 1048576K
}
Event: 4389.877 GC heap after
{Heap after GC invocations=1732 (full 5):
 PSYoungGen      total 21504K, used 2976K [0x00000000d5580000, 0x00000000d6d80000, 0x0000000100000000)
  eden space 18432K, 0% used [0x00000000d5580000,0x00000000d5580000,0x00000000d6780000)
  from space 3072K, 96% used [0x00000000d6880000,0x00000000d6b68060,0x00000000d6b80000)
  to   space 2048K, 0% used [0x00000000d6b80000,0x00000000d6b80000,0x00000000d6d80000)
 ParOldGen       total 709632K, used 592026K [0x0000000080000000, 0x00000000ab500000, 0x00000000d5580000)
  object space 709632K, 83% used [0x0000000080000000,0x00000000a4226b40,0x00000000ab500000)
 Metaspace       used 97282K, committed 99264K, reserved 1179648K
  class space    used 10857K, committed 11776K, reserved 1048576K
}
Event: 4389.969 GC heap before
{Heap before GC invocations=1733 (full 5):
 PSYoungGen      total 21504K, used 21408K [0x00000000d5580000, 0x00000000d6d80000, 0x0000000100000000)
  eden space 18432K, 100% used [0x00000000d5580000,0x00000000d6780000,0x00000000d6780000)
  from space 3072K, 96% used [0x00000000d6880000,0x00000000d6b68060,0x00000000d6b80000)
  to   space 2048K, 0% used [0x00000000d6b80000,0x00000000d6b80000,0x00000000d6d80000)
 ParOldGen       total 709632K, used 592026K [0x0000000080000000, 0x00000000ab500000, 0x00000000d5580000)
  object space 709632K, 83% used [0x0000000080000000,0x00000000a4226b40,0x00000000ab500000)
 Metaspace       used 97286K, committed 99264K, reserved 1179648K
  class space    used 10857K, committed 11776K, reserved 1048576K
}
Event: 4389.981 GC heap after
{Heap after GC invocations=1733 (full 5):
 PSYoungGen      total 18944K, used 2016K [0x00000000d5580000, 0x00000000d7280000, 0x0000000100000000)
  eden space 16896K, 0% used [0x00000000d5580000,0x00000000d5580000,0x00000000d6600000)
  from space 2048K, 98% used [0x00000000d6b80000,0x00000000d6d78020,0x00000000d6d80000)
  to   space 5632K, 0% used [0x00000000d6600000,0x00000000d6600000,0x00000000d6b80000)
 ParOldGen       total 709632K, used 594903K [0x0000000080000000, 0x00000000ab500000, 0x00000000d5580000)
  object space 709632K, 83% used [0x0000000080000000,0x00000000a44f5cb0,0x00000000ab500000)
 Metaspace       used 97286K, committed 99264K, reserved 1179648K
  class space    used 10857K, committed 11776K, reserved 1048576K
}
Event: 4390.172 GC heap before
{Heap before GC invocations=1734 (full 5):
 PSYoungGen      total 18944K, used 18904K [0x00000000d5580000, 0x00000000d7280000, 0x0000000100000000)
  eden space 16896K, 99% used [0x00000000d5580000,0x00000000d65fe260,0x00000000d6600000)
  from space 2048K, 98% used [0x00000000d6b80000,0x00000000d6d78020,0x00000000d6d80000)
  to   space 5632K, 0% used [0x00000000d6600000,0x00000000d6600000,0x00000000d6b80000)
 ParOldGen       total 709632K, used 594903K [0x0000000080000000, 0x00000000ab500000, 0x00000000d5580000)
  object space 709632K, 83% used [0x0000000080000000,0x00000000a44f5cb0,0x00000000ab500000)
 Metaspace       used 97287K, committed 99264K, reserved 1179648K
  class space    used 10857K, committed 11776K, reserved 1048576K
}
Event: 4390.191 GC heap after
{Heap after GC invocations=1734 (full 5):
 PSYoungGen      total 22528K, used 5622K [0x00000000d5580000, 0x00000000d7f00000, 0x0000000100000000)
  eden space 16896K, 0% used [0x00000000d5580000,0x00000000d5580000,0x00000000d6600000)
  from space 5632K, 99% used [0x00000000d6600000,0x00000000d6b7d8a8,0x00000000d6b80000)
  to   space 12800K, 0% used [0x00000000d7280000,0x00000000d7280000,0x00000000d7f00000)
 ParOldGen       total 709632K, used 600575K [0x0000000080000000, 0x00000000ab500000, 0x00000000d5580000)
  object space 709632K, 84% used [0x0000000080000000,0x00000000a4a7fc88,0x00000000ab500000)
 Metaspace       used 97287K, committed 99264K, reserved 1179648K
  class space    used 10857K, committed 11776K, reserved 1048576K
}
Event: 4391.679 GC heap before
{Heap before GC invocations=1735 (full 5):
 PSYoungGen      total 22528K, used 22518K [0x00000000d5580000, 0x00000000d7f00000, 0x0000000100000000)
  eden space 16896K, 100% used [0x00000000d5580000,0x00000000d6600000,0x00000000d6600000)
  from space 5632K, 99% used [0x00000000d6600000,0x00000000d6b7d8a8,0x00000000d6b80000)
  to   space 12800K, 0% used [0x00000000d7280000,0x00000000d7280000,0x00000000d7f00000)
 ParOldGen       total 709632K, used 600575K [0x0000000080000000, 0x00000000ab500000, 0x00000000d5580000)
  object space 709632K, 84% used [0x0000000080000000,0x00000000a4a7fc88,0x00000000ab500000)
 Metaspace       used 97296K, committed 99264K, reserved 1179648K
  class space    used 10857K, committed 11776K, reserved 1048576K
}
Event: 4391.741 GC heap after
{Heap after GC invocations=1735 (full 5):
 PSYoungGen      total 18944K, used 1960K [0x00000000d5580000, 0x00000000d7480000, 0x0000000100000000)
  eden space 16896K, 0% used [0x00000000d5580000,0x00000000d5580000,0x00000000d6600000)
  from space 2048K, 95% used [0x00000000d7280000,0x00000000d746a058,0x00000000d7480000)
  to   space 5632K, 0% used [0x00000000d6980000,0x00000000d6980000,0x00000000d6f00000)
 ParOldGen       total 709632K, used 600970K [0x0000000080000000, 0x00000000ab500000, 0x00000000d5580000)
  object space 709632K, 84% used [0x0000000080000000,0x00000000a4ae2a60,0x00000000ab500000)
 Metaspace       used 97296K, committed 99264K, reserved 1179648K
  class space    used 10857K, committed 11776K, reserved 1048576K
}
Event: 4394.127 GC heap before
{Heap before GC invocations=1736 (full 5):
 PSYoungGen      total 18944K, used 18856K [0x00000000d5580000, 0x00000000d7480000, 0x0000000100000000)
  eden space 16896K, 100% used [0x00000000d5580000,0x00000000d6600000,0x00000000d6600000)
  from space 2048K, 95% used [0x00000000d7280000,0x00000000d746a058,0x00000000d7480000)
  to   space 5632K, 0% used [0x00000000d6980000,0x00000000d6980000,0x00000000d6f00000)
 ParOldGen       total 709632K, used 600970K [0x0000000080000000, 0x00000000ab500000, 0x00000000d5580000)
  object space 709632K, 84% used [0x0000000080000000,0x00000000a4ae2a60,0x00000000ab500000)
 Metaspace       used 97304K, committed 99264K, reserved 1179648K
  class space    used 10857K, committed 11776K, reserved 1048576K
}
Event: 4394.210 GC heap after
{Heap after GC invocations=1736 (full 5):
 PSYoungGen      total 22528K, used 896K [0x00000000d5580000, 0x00000000d7300000, 0x0000000100000000)
  eden space 16896K, 0% used [0x00000000d5580000,0x00000000d5580000,0x00000000d6600000)
  from space 5632K, 15% used [0x00000000d6980000,0x00000000d6a60000,0x00000000d6f00000)
  to   space 2048K, 0% used [0x00000000d7100000,0x00000000d7100000,0x00000000d7300000)
 ParOldGen       total 709632K, used 602670K [0x0000000080000000, 0x00000000ab500000, 0x00000000d5580000)
  object space 709632K, 84% used [0x0000000080000000,0x00000000a4c8b868,0x00000000ab500000)
 Metaspace       used 97304K, committed 99264K, reserved 1179648K
  class space    used 10857K, committed 11776K, reserved 1048576K
}
Event: 4586.312 GC heap before
{Heap before GC invocations=1737 (full 5):
 PSYoungGen      total 22528K, used 17792K [0x00000000d5580000, 0x00000000d7300000, 0x0000000100000000)
  eden space 16896K, 100% used [0x00000000d5580000,0x00000000d6600000,0x00000000d6600000)
  from space 5632K, 15% used [0x00000000d6980000,0x00000000d6a60000,0x00000000d6f00000)
  to   space 2048K, 0% used [0x00000000d7100000,0x00000000d7100000,0x00000000d7300000)
 ParOldGen       total 709632K, used 602670K [0x0000000080000000, 0x00000000ab500000, 0x00000000d5580000)
  object space 709632K, 84% used [0x0000000080000000,0x00000000a4c8b868,0x00000000ab500000)
 Metaspace       used 97314K, committed 99264K, reserved 1179648K
  class space    used 10857K, committed 11776K, reserved 1048576K
}
Event: 4586.584 GC heap after
{Heap after GC invocations=1737 (full 5):
 PSYoungGen      total 17920K, used 734K [0x00000000d5580000, 0x00000000d7200000, 0x0000000100000000)
  eden space 16896K, 0% used [0x00000000d5580000,0x00000000d5580000,0x00000000d6600000)
  from space 1024K, 71% used [0x00000000d7100000,0x00000000d71b7a28,0x00000000d7200000)
  to   space 1024K, 0% used [0x00000000d7000000,0x00000000d7000000,0x00000000d7100000)
 ParOldGen       total 709632K, used 603002K [0x0000000080000000, 0x00000000ab500000, 0x00000000d5580000)
  object space 709632K, 84% used [0x0000000080000000,0x00000000a4cde878,0x00000000ab500000)
 Metaspace       used 97314K, committed 99264K, reserved 1179648K
  class space    used 10857K, committed 11776K, reserved 1048576K
}
Event: 4791.886 GC heap before
{Heap before GC invocations=1738 (full 5):
 PSYoungGen      total 17920K, used 17630K [0x00000000d5580000, 0x00000000d7200000, 0x0000000100000000)
  eden space 16896K, 100% used [0x00000000d5580000,0x00000000d6600000,0x00000000d6600000)
  from space 1024K, 71% used [0x00000000d7100000,0x00000000d71b7a28,0x00000000d7200000)
  to   space 1024K, 0% used [0x00000000d7000000,0x00000000d7000000,0x00000000d7100000)
 ParOldGen       total 709632K, used 603002K [0x0000000080000000, 0x00000000ab500000, 0x00000000d5580000)
  object space 709632K, 84% used [0x0000000080000000,0x00000000a4cde878,0x00000000ab500000)
 Metaspace       used 97320K, committed 99264K, reserved 1179648K
  class space    used 10857K, committed 11776K, reserved 1048576K
}
Event: 4792.011 GC heap after
{Heap after GC invocations=1738 (full 5):
 PSYoungGen      total 17408K, used 480K [0x00000000d5580000, 0x00000000d7180000, 0x0000000100000000)
  eden space 16896K, 0% used [0x00000000d5580000,0x00000000d5580000,0x00000000d6600000)
  from space 512K, 93% used [0x00000000d7000000,0x00000000d7078000,0x00000000d7080000)
  to   space 1024K, 0% used [0x00000000d7080000,0x00000000d7080000,0x00000000d7180000)
 ParOldGen       total 709632K, used 603195K [0x0000000080000000, 0x00000000ab500000, 0x00000000d5580000)
  object space 709632K, 85% used [0x0000000080000000,0x00000000a4d0ef70,0x00000000ab500000)
 Metaspace       used 97320K, committed 99264K, reserved 1179648K
  class space    used 10857K, committed 11776K, reserved 1048576K
}
Event: 4792.307 GC heap before
{Heap before GC invocations=1739 (full 5):
 PSYoungGen      total 17408K, used 17376K [0x00000000d5580000, 0x00000000d7180000, 0x0000000100000000)
  eden space 16896K, 100% used [0x00000000d5580000,0x00000000d6600000,0x00000000d6600000)
  from space 512K, 93% used [0x00000000d7000000,0x00000000d7078000,0x00000000d7080000)
  to   space 1024K, 0% used [0x00000000d7080000,0x00000000d7080000,0x00000000d7180000)
 ParOldGen       total 709632K, used 603195K [0x0000000080000000, 0x00000000ab500000, 0x00000000d5580000)
  object space 709632K, 85% used [0x0000000080000000,0x00000000a4d0ef70,0x00000000ab500000)
 Metaspace       used 97324K, committed 99264K, reserved 1179648K
  class space    used 10857K, committed 11776K, reserved 1048576K
}
Event: 4792.310 GC heap after
{Heap after GC invocations=1739 (full 5):
 PSYoungGen      total 17920K, used 672K [0x00000000d5580000, 0x00000000d7180000, 0x0000000100000000)
  eden space 16896K, 0% used [0x00000000d5580000,0x00000000d5580000,0x00000000d6600000)
  from space 1024K, 65% used [0x00000000d7080000,0x00000000d7128000,0x00000000d7180000)
  to   space 1024K, 0% used [0x00000000d6f80000,0x00000000d6f80000,0x00000000d7080000)
 ParOldGen       total 709632K, used 603479K [0x0000000080000000, 0x00000000ab500000, 0x00000000d5580000)
  object space 709632K, 85% used [0x0000000080000000,0x00000000a4d55f80,0x00000000ab500000)
 Metaspace       used 97324K, committed 99264K, reserved 1179648K
  class space    used 10857K, committed 11776K, reserved 1048576K
}
Event: 4808.671 GC heap before
{Heap before GC invocations=1740 (full 5):
 PSYoungGen      total 17920K, used 17568K [0x00000000d5580000, 0x00000000d7180000, 0x0000000100000000)
  eden space 16896K, 100% used [0x00000000d5580000,0x00000000d6600000,0x00000000d6600000)
  from space 1024K, 65% used [0x00000000d7080000,0x00000000d7128000,0x00000000d7180000)
  to   space 1024K, 0% used [0x00000000d6f80000,0x00000000d6f80000,0x00000000d7080000)
 ParOldGen       total 709632K, used 603479K [0x0000000080000000, 0x00000000ab500000, 0x00000000d5580000)
  object space 709632K, 85% used [0x0000000080000000,0x00000000a4d55f80,0x00000000ab500000)
 Metaspace       used 97341K, committed 99264K, reserved 1179648K
  class space    used 10857K, committed 11776K, reserved 1048576K
}
Event: 4808.674 GC heap after
{Heap after GC invocations=1740 (full 5):
 PSYoungGen      total 17920K, used 576K [0x00000000d5580000, 0x00000000d7100000, 0x0000000100000000)
  eden space 16896K, 0% used [0x00000000d5580000,0x00000000d5580000,0x00000000d6600000)
  from space 1024K, 56% used [0x00000000d6f80000,0x00000000d7010000,0x00000000d7080000)
  to   space 512K, 0% used [0x00000000d7080000,0x00000000d7080000,0x00000000d7100000)
 ParOldGen       total 709632K, used 603639K [0x0000000080000000, 0x00000000ab500000, 0x00000000d5580000)
  object space 709632K, 85% used [0x0000000080000000,0x00000000a4d7df80,0x00000000ab500000)
 Metaspace       used 97341K, committed 99264K, reserved 1179648K
  class space    used 10857K, committed 11776K, reserved 1048576K
}
Event: 4820.074 GC heap before
{Heap before GC invocations=1741 (full 5):
 PSYoungGen      total 17920K, used 17472K [0x00000000d5580000, 0x00000000d7100000, 0x0000000100000000)
  eden space 16896K, 100% used [0x00000000d5580000,0x00000000d6600000,0x00000000d6600000)
  from space 1024K, 56% used [0x00000000d6f80000,0x00000000d7010000,0x00000000d7080000)
  to   space 512K, 0% used [0x00000000d7080000,0x00000000d7080000,0x00000000d7100000)
 ParOldGen       total 709632K, used 603639K [0x0000000080000000, 0x00000000ab500000, 0x00000000d5580000)
  object space 709632K, 85% used [0x0000000080000000,0x00000000a4d7df80,0x00000000ab500000)
 Metaspace       used 97341K, committed 99264K, reserved 1179648K
  class space    used 10857K, committed 11776K, reserved 1048576K
}
Event: 4820.087 GC heap after
{Heap after GC invocations=1741 (full 5):
 PSYoungGen      total 17408K, used 320K [0x00000000d5580000, 0x00000000d7100000, 0x0000000100000000)
  eden space 16896K, 0% used [0x00000000d5580000,0x00000000d5580000,0x00000000d6600000)
  from space 512K, 62% used [0x00000000d7080000,0x00000000d70d0000,0x00000000d7100000)
  to   space 512K, 0% used [0x00000000d7000000,0x00000000d7000000,0x00000000d7080000)
 ParOldGen       total 709632K, used 603998K [0x0000000080000000, 0x00000000ab500000, 0x00000000d5580000)
  object space 709632K, 85% used [0x0000000080000000,0x00000000a4dd7b00,0x00000000ab500000)
 Metaspace       used 97341K, committed 99264K, reserved 1179648K
  class space    used 10857K, committed 11776K, reserved 1048576K
}

Dll operation events (15 events):
Event: 0.030 Loaded shared library c:\Users\PRIYA AC\.antigravity\extensions\redhat.java-1.55.0-win32-x64\jre\21.0.11-win32-x86_64\bin\java.dll
Event: 0.284 Loaded shared library c:\Users\PRIYA AC\.antigravity\extensions\redhat.java-1.55.0-win32-x64\jre\21.0.11-win32-x86_64\bin\zip.dll
Event: 0.359 Loaded shared library C:\Users\PRIYA AC\.antigravity\extensions\redhat.java-1.55.0-win32-x64\jre\21.0.11-win32-x86_64\bin\instrument.dll
Event: 0.373 Loaded shared library C:\Users\PRIYA AC\.antigravity\extensions\redhat.java-1.55.0-win32-x64\jre\21.0.11-win32-x86_64\bin\net.dll
Event: 0.379 Loaded shared library C:\Users\PRIYA AC\.antigravity\extensions\redhat.java-1.55.0-win32-x64\jre\21.0.11-win32-x86_64\bin\nio.dll
Event: 0.386 Loaded shared library C:\Users\PRIYA AC\.antigravity\extensions\redhat.java-1.55.0-win32-x64\jre\21.0.11-win32-x86_64\bin\zip.dll
Event: 0.416 Loaded shared library C:\Users\PRIYA AC\.antigravity\extensions\redhat.java-1.55.0-win32-x64\jre\21.0.11-win32-x86_64\bin\jimage.dll
Event: 0.595 Loaded shared library c:\Users\PRIYA AC\.antigravity\extensions\redhat.java-1.55.0-win32-x64\jre\21.0.11-win32-x86_64\bin\verify.dll
Event: 3.473 Loaded shared library C:\Users\PRIYA AC\AppData\Roaming\Antigravity\User\globalStorage\redhat.java\1.55.0\config_win\org.eclipse.equinox.launcher\org.eclipse.equinox.launcher.win32.win32.x86_64_1.3.100.v20260613-0559\eclipse_11924.dll
Event: 9.431 Loaded shared library C:\Users\PRIYA AC\AppData\Local\Temp\jna--374145517\jna6098469961386445189.dll
Event: 14.857 Loaded shared library C:\Users\PRIYA AC\.gradle\native\1def1411415f61bf3af743bc5b6707747c0891f09f0c88961ee8f79bc544acac\windows-amd64\native-platform.dll
Event: 21.063 Loaded shared library C:\Users\PRIYA AC\.antigravity\extensions\redhat.java-1.55.0-win32-x64\jre\21.0.11-win32-x86_64\bin\management.dll
Event: 21.070 Loaded shared library C:\Users\PRIYA AC\.antigravity\extensions\redhat.java-1.55.0-win32-x64\jre\21.0.11-win32-x86_64\bin\management_ext.dll
Event: 34.548 Loaded shared library C:\Users\PRIYA AC\.antigravity\extensions\redhat.java-1.55.0-win32-x64\jre\21.0.11-win32-x86_64\bin\extnet.dll
Event: 35.164 Loaded shared library C:\Users\PRIYA AC\.antigravity\extensions\redhat.java-1.55.0-win32-x64\jre\21.0.11-win32-x86_64\bin\sunmscapi.dll

Deoptimization events (20 events):
Event: 4395.030 Thread 0x000001ac7e29ded0 Uncommon trap: trap_request=0xffffffbe fr.pc=0x000001ac08e7906c relative=0x0000000000000f4c
Event: 4395.030 Thread 0x000001ac7e29ded0 Uncommon trap: reason=profile_predicate action=maybe_recompile pc=0x000001ac08e7906c method=org.eclipse.core.internal.jobs.DeadlockDetector.reduceGraph(ILorg/eclipse/core/runtime/jobs/ISchedulingRule;)V @ 67 c2
Event: 4395.030 Thread 0x000001ac7e29ded0 DEOPT PACKING pc=0x000001ac08e7906c sp=0x00000002b1cff490
Event: 4395.030 Thread 0x000001ac7e29ded0 DEOPT UNPACKING pc=0x000001ac07583aa2 sp=0x00000002b1cff438 mode 2
Event: 4584.874 Thread 0x000001ac7e297c60 Uncommon trap: trap_request=0xffffff6e fr.pc=0x000001ac07fa47cc relative=0x00000000000000ac
Event: 4584.876 Thread 0x000001ac7e297c60 Uncommon trap: reason=loop_limit_check action=maybe_recompile pc=0x000001ac07fa47cc method=org.eclipse.jdt.internal.compiler.util.HashtableOfObjectToInt.rehash()V @ 23 c2
Event: 4584.876 Thread 0x000001ac7e297c60 DEOPT PACKING pc=0x000001ac07fa47cc sp=0x00000002b3ffe9f0
Event: 4584.877 Thread 0x000001ac7e297c60 DEOPT UNPACKING pc=0x000001ac07583aa2 sp=0x00000002b3ffe9b8 mode 2
Event: 4585.733 Thread 0x000001ac7e297c60 Uncommon trap: trap_request=0xffffffbe fr.pc=0x000001ac08e7906c relative=0x0000000000000f4c
Event: 4585.733 Thread 0x000001ac7e297c60 Uncommon trap: reason=profile_predicate action=maybe_recompile pc=0x000001ac08e7906c method=org.eclipse.core.internal.jobs.DeadlockDetector.reduceGraph(ILorg/eclipse/core/runtime/jobs/ISchedulingRule;)V @ 67 c2
Event: 4585.733 Thread 0x000001ac7e297c60 DEOPT PACKING pc=0x000001ac08e7906c sp=0x00000002b3fff3d0
Event: 4585.734 Thread 0x000001ac7e297c60 DEOPT UNPACKING pc=0x000001ac07583aa2 sp=0x00000002b3fff378 mode 2
Event: 4586.970 Thread 0x000001ac7e297c60 Uncommon trap: trap_request=0xffffffbe fr.pc=0x000001ac08e7906c relative=0x0000000000000f4c
Event: 4586.970 Thread 0x000001ac7e297c60 Uncommon trap: reason=profile_predicate action=maybe_recompile pc=0x000001ac08e7906c method=org.eclipse.core.internal.jobs.DeadlockDetector.reduceGraph(ILorg/eclipse/core/runtime/jobs/ISchedulingRule;)V @ 67 c2
Event: 4586.970 Thread 0x000001ac7e297c60 DEOPT PACKING pc=0x000001ac08e7906c sp=0x00000002b3fff3d0
Event: 4586.970 Thread 0x000001ac7e297c60 DEOPT UNPACKING pc=0x000001ac07583aa2 sp=0x00000002b3fff378 mode 2
Event: 4593.205 Thread 0x000001ac507cbcf0 Uncommon trap: trap_request=0xffffffbe fr.pc=0x000001ac08e7906c relative=0x0000000000000f4c
Event: 4593.205 Thread 0x000001ac507cbcf0 Uncommon trap: reason=profile_predicate action=maybe_recompile pc=0x000001ac08e7906c method=org.eclipse.core.internal.jobs.DeadlockDetector.reduceGraph(ILorg/eclipse/core/runtime/jobs/ISchedulingRule;)V @ 67 c2
Event: 4593.205 Thread 0x000001ac507cbcf0 DEOPT PACKING pc=0x000001ac08e7906c sp=0x00000002b54feba0
Event: 4593.205 Thread 0x000001ac507cbcf0 DEOPT UNPACKING pc=0x000001ac07583aa2 sp=0x00000002b54feb30 mode 2

Classes loaded (20 events):
Event: 340.363 Loading class java/util/stream/Nodes$AbstractConcNode done
Event: 340.363 Loading class java/util/stream/Nodes$ConcNode done
Event: 343.847 Loading class jdk/internal/module/IllegalAccessLogger
Event: 343.848 Loading class jdk/internal/module/IllegalAccessLogger done
Event: 356.256 Loading class jdk/internal/module/IllegalAccessLogger
Event: 356.256 Loading class jdk/internal/module/IllegalAccessLogger done
Event: 395.102 Loading class java/util/HashMap$EntrySpliterator
Event: 395.131 Loading class java/util/HashMap$EntrySpliterator done
Event: 4083.851 Loading class jdk/internal/ref/CleanerImpl$InnocuousThreadFactory
Event: 4083.852 Loading class jdk/internal/ref/CleanerImpl$InnocuousThreadFactory done
Event: 4084.110 Loading class java/util/regex/Pattern$Behind
Event: 4084.110 Loading class java/util/regex/Pattern$Behind done
Event: 4084.111 Loading class java/util/regex/Pattern$Neg
Event: 4084.111 Loading class java/util/regex/Pattern$Neg done
Event: 4375.733 Loading class javax/xml/transform/TransformerConfigurationException
Event: 4375.775 Loading class javax/xml/transform/TransformerConfigurationException done
Event: 4386.961 Loading class jdk/internal/module/IllegalAccessLogger
Event: 4386.964 Loading class jdk/internal/module/IllegalAccessLogger done
Event: 4390.532 Loading class jdk/internal/module/IllegalAccessLogger
Event: 4390.532 Loading class jdk/internal/module/IllegalAccessLogger done

Classes unloaded (7 events):
Event: 10.599 Thread 0x000001ac772f5d00 Unloading class 0x000001ac101a8c00 'java/lang/invoke/LambdaForm$MH+0x000001ac101a8c00'
Event: 10.599 Thread 0x000001ac772f5d00 Unloading class 0x000001ac101a8800 'java/lang/invoke/LambdaForm$MH+0x000001ac101a8800'
Event: 10.599 Thread 0x000001ac772f5d00 Unloading class 0x000001ac101a8400 'java/lang/invoke/LambdaForm$MH+0x000001ac101a8400'
Event: 10.599 Thread 0x000001ac772f5d00 Unloading class 0x000001ac101a8000 'java/lang/invoke/LambdaForm$MH+0x000001ac101a8000'
Event: 10.599 Thread 0x000001ac772f5d00 Unloading class 0x000001ac101a7c00 'java/lang/invoke/LambdaForm$BMH+0x000001ac101a7c00'
Event: 10.599 Thread 0x000001ac772f5d00 Unloading class 0x000001ac101a7800 'java/lang/invoke/LambdaForm$DMH+0x000001ac101a7800'
Event: 10.599 Thread 0x000001ac772f5d00 Unloading class 0x000001ac101a6400 'java/lang/invoke/LambdaForm$DMH+0x000001ac101a6400'

Classes redefined (0 events):
No events

Internal exceptions (20 events):
Event: 4393.450 Thread 0x000001ac7e29ded0 Exception <a 'sun/nio/fs/WindowsException'{0x00000000d584cc60}> (0x00000000d584cc60) 
thrown [s\src\hotspot\share\prims\jni.cpp, line 520]
Event: 4393.452 Thread 0x000001ac7e29ded0 Exception <a 'sun/nio/fs/WindowsException'{0x00000000d584e668}> (0x00000000d584e668) 
thrown [s\src\hotspot\share\prims\jni.cpp, line 520]
Event: 4393.453 Thread 0x000001ac7e29ded0 Exception <a 'sun/nio/fs/WindowsException'{0x00000000d5850080}> (0x00000000d5850080) 
thrown [s\src\hotspot\share\prims\jni.cpp, line 520]
Event: 4393.456 Thread 0x000001ac7e29ded0 Exception <a 'sun/nio/fs/WindowsException'{0x00000000d5851b00}> (0x00000000d5851b00) 
thrown [s\src\hotspot\share\prims\jni.cpp, line 520]
Event: 4393.459 Thread 0x000001ac7e29ded0 Exception <a 'sun/nio/fs/WindowsException'{0x00000000d5853520}> (0x00000000d5853520) 
thrown [s\src\hotspot\share\prims\jni.cpp, line 520]
Event: 4393.462 Thread 0x000001ac7e29ded0 Exception <a 'sun/nio/fs/WindowsException'{0x00000000d5854f08}> (0x00000000d5854f08) 
thrown [s\src\hotspot\share\prims\jni.cpp, line 520]
Event: 4393.464 Thread 0x000001ac7e29ded0 Exception <a 'sun/nio/fs/WindowsException'{0x00000000d5856910}> (0x00000000d5856910) 
thrown [s\src\hotspot\share\prims\jni.cpp, line 520]
Event: 4393.467 Thread 0x000001ac7e29ded0 Exception <a 'sun/nio/fs/WindowsException'{0x00000000d58583c8}> (0x00000000d58583c8) 
thrown [s\src\hotspot\share\prims\jni.cpp, line 520]
Event: 4393.470 Thread 0x000001ac7e29ded0 Exception <a 'sun/nio/fs/WindowsException'{0x00000000d5859da0}> (0x00000000d5859da0) 
thrown [s\src\hotspot\share\prims\jni.cpp, line 520]
Event: 4393.472 Thread 0x000001ac7e29ded0 Exception <a 'sun/nio/fs/WindowsException'{0x00000000d585b7e8}> (0x00000000d585b7e8) 
thrown [s\src\hotspot\share\prims\jni.cpp, line 520]
Event: 4393.475 Thread 0x000001ac7e29ded0 Exception <a 'sun/nio/fs/WindowsException'{0x00000000d585d208}> (0x00000000d585d208) 
thrown [s\src\hotspot\share\prims\jni.cpp, line 520]
Event: 4393.477 Thread 0x000001ac7e29ded0 Exception <a 'sun/nio/fs/WindowsException'{0x00000000d585ecc0}> (0x00000000d585ecc0) 
thrown [s\src\hotspot\share\prims\jni.cpp, line 520]
Event: 4393.480 Thread 0x000001ac7e29ded0 Exception <a 'sun/nio/fs/WindowsException'{0x00000000d5860458}> (0x00000000d5860458) 
thrown [s\src\hotspot\share\prims\jni.cpp, line 520]
Event: 4393.482 Thread 0x000001ac7e29ded0 Exception <a 'sun/nio/fs/WindowsException'{0x00000000d5861be8}> (0x00000000d5861be8) 
thrown [s\src\hotspot\share\prims\jni.cpp, line 520]
Event: 4393.484 Thread 0x000001ac7e29ded0 Exception <a 'sun/nio/fs/WindowsException'{0x00000000d5863260}> (0x00000000d5863260) 
thrown [s\src\hotspot\share\prims\jni.cpp, line 520]
Event: 4393.597 Thread 0x000001ac7e29ded0 Exception <a 'sun/nio/fs/WindowsException'{0x00000000d591ca30}> (0x00000000d591ca30) 
thrown [s\src\hotspot\share\prims\jni.cpp, line 520]
Event: 4393.747 Thread 0x000001ac7e29ded0 Implicit null exception at 0x000001ac083d74d1 to 0x000001ac083dd33c
Event: 4393.753 Thread 0x000001ac7e29ded0 Implicit null exception at 0x000001ac08161718 to 0x000001ac08162e80
Event: 4584.971 Thread 0x000001ac7e297c60 Exception <a 'sun/nio/fs/WindowsException'{0x00000000d639a1c0}> (0x00000000d639a1c0) 
thrown [s\src\hotspot\share\prims\jni.cpp, line 520]
Event: 4584.981 Thread 0x000001ac7e297c60 Exception <a 'sun/nio/fs/WindowsException'{0x00000000d639aaa8}> (0x00000000d639aaa8) 
thrown [s\src\hotspot\share\prims\jni.cpp, line 520]

ZGC Phase Switch (0 events):
No events

VM Operations (20 events):
Event: 4630.323 Executing non-safepoint VM operation: RendezvousGCThreads
Event: 4630.323 Executing non-safepoint VM operation: RendezvousGCThreads done
Event: 4690.853 Executing safepoint VM operation: Cleanup
Event: 4690.854 Executing safepoint VM operation: Cleanup done
Event: 4791.885 Executing safepoint VM operation: ParallelGCFailedAllocation (Allocation Failure)
Event: 4792.011 Executing safepoint VM operation: ParallelGCFailedAllocation (Allocation Failure) done
Event: 4792.307 Executing safepoint VM operation: ParallelGCFailedAllocation (Allocation Failure)
Event: 4792.310 Executing safepoint VM operation: ParallelGCFailedAllocation (Allocation Failure) done
Event: 4793.310 Executing safepoint VM operation: Cleanup
Event: 4793.310 Executing safepoint VM operation: Cleanup done
Event: 4808.317 Executing safepoint VM operation: Cleanup
Event: 4808.317 Executing safepoint VM operation: Cleanup done
Event: 4808.671 Executing safepoint VM operation: ParallelGCFailedAllocation (Allocation Failure)
Event: 4808.674 Executing safepoint VM operation: ParallelGCFailedAllocation (Allocation Failure) done
Event: 4810.826 Executing non-safepoint VM operation: HandshakeAllThreads (HandshakeForDeflation)
Event: 4810.827 Executing non-safepoint VM operation: HandshakeAllThreads (HandshakeForDeflation) done
Event: 4810.827 Executing non-safepoint VM operation: RendezvousGCThreads
Event: 4810.827 Executing non-safepoint VM operation: RendezvousGCThreads done
Event: 4820.065 Executing safepoint VM operation: ParallelGCFailedAllocation (Allocation Failure)
Event: 4820.087 Executing safepoint VM operation: ParallelGCFailedAllocation (Allocation Failure) done

Memory protections (0 events):
No events

Nmethod flushes (20 events):
Event: 347.857 Thread 0x000001ac772f5d00 flushing  nmethod 0x000001ac0235a790
Event: 347.858 Thread 0x000001ac772f5d00 flushing osr nmethod 0x000001ac02369e10
Event: 347.858 Thread 0x000001ac772f5d00 flushing  nmethod 0x000001ac0239a790
Event: 347.858 Thread 0x000001ac772f5d00 flushing  nmethod 0x000001ac023ac690
Event: 347.858 Thread 0x000001ac772f5d00 flushing  nmethod 0x000001ac0241f410
Event: 347.858 Thread 0x000001ac772f5d00 flushing  nmethod 0x000001ac02469290
Event: 347.858 Thread 0x000001ac772f5d00 flushing  nmethod 0x000001ac0247d910
Event: 347.858 Thread 0x000001ac772f5d00 flushing  nmethod 0x000001ac024a3a90
Event: 347.858 Thread 0x000001ac772f5d00 flushing osr nmethod 0x000001ac024b6790
Event: 347.858 Thread 0x000001ac772f5d00 flushing  nmethod 0x000001ac024b7390
Event: 347.858 Thread 0x000001ac772f5d00 flushing  nmethod 0x000001ac024d6790
Event: 347.858 Thread 0x000001ac772f5d00 flushing  nmethod 0x000001ac0254c510
Event: 347.859 Thread 0x000001ac772f5d00 flushing  nmethod 0x000001ac0254cb10
Event: 347.859 Thread 0x000001ac772f5d00 flushing  nmethod 0x000001ac0254dc90
Event: 347.859 Thread 0x000001ac772f5d00 flushing  nmethod 0x000001ac0254ff10
Event: 347.859 Thread 0x000001ac772f5d00 flushing  nmethod 0x000001ac02550710
Event: 347.859 Thread 0x000001ac772f5d00 flushing  nmethod 0x000001ac02550e10
Event: 347.859 Thread 0x000001ac772f5d00 flushing  nmethod 0x000001ac02552890
Event: 347.859 Thread 0x000001ac772f5d00 flushing  nmethod 0x000001ac02553b90
Event: 347.859 Thread 0x000001ac772f5d00 flushing  nmethod 0x000001ac02558010

Events (20 events):
Event: 4685.818 Thread 0x000001ac7e29ebf0 Thread exited: 0x000001ac7e29ebf0
Event: 4685.819 Thread 0x000001ac7ecaf230 Thread exited: 0x000001ac7ecaf230
Event: 4685.819 Thread 0x000001ac7e29c490 Thread exited: 0x000001ac7e29c490
Event: 4689.980 Thread 0x000001ac7eca8930 Thread exited: 0x000001ac7eca8930
Event: 4689.980 Thread 0x000001ac7ecacad0 Thread exited: 0x000001ac7ecacad0
Event: 4690.084 Thread 0x000001ac7ecaeba0 Thread exited: 0x000001ac7ecaeba0
Event: 4690.095 Thread 0x000001ac7ecaf8c0 Thread exited: 0x000001ac7ecaf8c0
Event: 4690.095 Thread 0x000001ac7ecad7f0 Thread exited: 0x000001ac7ecad7f0
Event: 4690.095 Thread 0x000001ac7e29be00 Thread exited: 0x000001ac7e29be00
Event: 4690.095 Thread 0x000001ac7ecab720 Thread exited: 0x000001ac7ecab720
Event: 4690.096 Thread 0x000001ac7eca82a0 Thread exited: 0x000001ac7eca82a0
Event: 4690.101 Thread 0x000001ac7e29d1b0 Thread exited: 0x000001ac7e29d1b0
Event: 4690.540 Thread 0x000001ac7ecac440 Thread exited: 0x000001ac7ecac440
Event: 4690.722 Thread 0x000001ac50e16dc0 Thread exited: 0x000001ac50e16dc0
Event: 4690.737 Thread 0x000001ac7ecae510 Thread exited: 0x000001ac7ecae510
Event: 4690.776 Thread 0x000001ac50e1c9a0 Thread exited: 0x000001ac50e1c9a0
Event: 4690.776 Thread 0x000001ac7eca9ce0 Thread exited: 0x000001ac7eca9ce0
Event: 4690.794 Thread 0x000001ac7ecade80 Thread exited: 0x000001ac7ecade80
Event: 4690.794 Thread 0x000001ac50e1e3e0 Thread exited: 0x000001ac50e1e3e0
Event: 4691.045 Thread 0x000001ac50e19520 Thread exited: 0x000001ac50e19520


Dynamic libraries:
0x00007ff7243d0000 - 0x00007ff7243de000 	c:\Users\PRIYA AC\.antigravity\extensions\redhat.java-1.55.0-win32-x64\jre\21.0.11-win32-x86_64\bin\java.exe
0x00007ffe759b0000 - 0x00007ffe75bc8000 	C:\WINDOWS\SYSTEM32\ntdll.dll
0x00007ffe74660000 - 0x00007ffe74724000 	C:\WINDOWS\System32\KERNEL32.DLL
0x00007ffe73010000 - 0x00007ffe733e3000 	C:\WINDOWS\System32\KERNELBASE.dll
0x00007ffe72ef0000 - 0x00007ffe73001000 	C:\WINDOWS\System32\ucrtbase.dll
0x00007ffe56620000 - 0x00007ffe56638000 	c:\Users\PRIYA AC\.antigravity\extensions\redhat.java-1.55.0-win32-x64\jre\21.0.11-win32-x86_64\bin\jli.dll
0x00007ffe74e20000 - 0x00007ffe74fd2000 	C:\WINDOWS\System32\USER32.dll
0x00007ffe72af0000 - 0x00007ffe72b16000 	C:\WINDOWS\System32\win32u.dll
0x00007ffe758b0000 - 0x00007ffe758d9000 	C:\WINDOWS\System32\GDI32.dll
0x00007ffe72d50000 - 0x00007ffe72e6b000 	C:\WINDOWS\System32\gdi32full.dll
0x00007ffe733f0000 - 0x00007ffe7348a000 	C:\WINDOWS\System32\msvcp_win.dll
0x00007ffe4a970000 - 0x00007ffe4a98e000 	c:\Users\PRIYA AC\.antigravity\extensions\redhat.java-1.55.0-win32-x64\jre\21.0.11-win32-x86_64\bin\VCRUNTIME140.dll
0x00007ffe5a4c0000 - 0x00007ffe5a75c000 	C:\WINDOWS\WinSxS\amd64_microsoft.windows.common-controls_6595b64144ccf1df_6.0.22621.6060_none_2712eda17382d24b\COMCTL32.dll
0x00007ffe74730000 - 0x00007ffe747d7000 	C:\WINDOWS\System32\msvcrt.dll
0x00007ffe75380000 - 0x00007ffe753b1000 	C:\WINDOWS\System32\IMM32.DLL
0x00007ffe6acc0000 - 0x00007ffe6accc000 	c:\Users\PRIYA AC\.antigravity\extensions\redhat.java-1.55.0-win32-x64\jre\21.0.11-win32-x86_64\bin\vcruntime140_1.dll
0x00007ffe3bdc0000 - 0x00007ffe3be4d000 	c:\Users\PRIYA AC\.antigravity\extensions\redhat.java-1.55.0-win32-x64\jre\21.0.11-win32-x86_64\bin\msvcp140.dll
0x00007ffdf45f0000 - 0x00007ffdf5392000 	c:\Users\PRIYA AC\.antigravity\extensions\redhat.java-1.55.0-win32-x64\jre\21.0.11-win32-x86_64\bin\server\jvm.dll
0x00007ffe743c0000 - 0x00007ffe74471000 	C:\WINDOWS\System32\ADVAPI32.dll
0x00007ffe75650000 - 0x00007ffe756f8000 	C:\WINDOWS\System32\sechost.dll
0x00007ffe72ac0000 - 0x00007ffe72ae8000 	C:\WINDOWS\System32\bcrypt.dll
0x00007ffe747f0000 - 0x00007ffe74908000 	C:\WINDOWS\System32\RPCRT4.dll
0x00007ffe74da0000 - 0x00007ffe74e11000 	C:\WINDOWS\System32\WS2_32.dll
0x00007ffe71910000 - 0x00007ffe7195d000 	C:\WINDOWS\SYSTEM32\POWRPROF.dll
0x00007ffe6db10000 - 0x00007ffe6db44000 	C:\WINDOWS\SYSTEM32\WINMM.dll
0x00007ffe6cc40000 - 0x00007ffe6cc4a000 	C:\WINDOWS\SYSTEM32\VERSION.dll
0x00007ffe718f0000 - 0x00007ffe71903000 	C:\WINDOWS\SYSTEM32\UMPDC.dll
0x00007ffe71b90000 - 0x00007ffe71ba8000 	C:\WINDOWS\SYSTEM32\kernel.appcore.dll
0x00007ffe6a9d0000 - 0x00007ffe6a9da000 	c:\Users\PRIYA AC\.antigravity\extensions\redhat.java-1.55.0-win32-x64\jre\21.0.11-win32-x86_64\bin\jimage.dll
0x00007ffe69d00000 - 0x00007ffe69f33000 	C:\WINDOWS\SYSTEM32\DBGHELP.DLL
0x00007ffe74fe0000 - 0x00007ffe75371000 	C:\WINDOWS\System32\combase.dll
0x00007ffe73650000 - 0x00007ffe73728000 	C:\WINDOWS\System32\OLEAUT32.dll
0x00007ffe57300000 - 0x00007ffe57332000 	C:\WINDOWS\SYSTEM32\dbgcore.DLL
0x00007ffe735d0000 - 0x00007ffe7364b000 	C:\WINDOWS\System32\bcryptPrimitives.dll
0x00007ffe6a930000 - 0x00007ffe6a93f000 	c:\Users\PRIYA AC\.antigravity\extensions\redhat.java-1.55.0-win32-x64\jre\21.0.11-win32-x86_64\bin\instrument.dll
0x00007ffe49d40000 - 0x00007ffe49d60000 	c:\Users\PRIYA AC\.antigravity\extensions\redhat.java-1.55.0-win32-x64\jre\21.0.11-win32-x86_64\bin\java.dll
0x00007ffe73730000 - 0x00007ffe73fcc000 	C:\WINDOWS\System32\SHELL32.dll
0x00007ffe73490000 - 0x00007ffe735cf000 	C:\WINDOWS\System32\wintypes.dll
0x00007ffe709d0000 - 0x00007ffe712ea000 	C:\WINDOWS\SYSTEM32\windows.storage.dll
0x00007ffe74480000 - 0x00007ffe74584000 	C:\WINDOWS\System32\SHCORE.dll
0x00007ffe753c0000 - 0x00007ffe75429000 	C:\WINDOWS\System32\shlwapi.dll
0x00007ffe729f0000 - 0x00007ffe72a15000 	C:\WINDOWS\SYSTEM32\profapi.dll
0x00007ffe48790000 - 0x00007ffe487a8000 	c:\Users\PRIYA AC\.antigravity\extensions\redhat.java-1.55.0-win32-x64\jre\21.0.11-win32-x86_64\bin\zip.dll
0x00007ffe681b0000 - 0x00007ffe681c0000 	C:\Users\PRIYA AC\.antigravity\extensions\redhat.java-1.55.0-win32-x64\jre\21.0.11-win32-x86_64\bin\net.dll
0x00007ffe6d460000 - 0x00007ffe6d58c000 	C:\WINDOWS\SYSTEM32\WINHTTP.dll
0x00007ffe72070000 - 0x00007ffe720d9000 	C:\WINDOWS\system32\mswsock.dll
0x00007ffe48770000 - 0x00007ffe48786000 	C:\Users\PRIYA AC\.antigravity\extensions\redhat.java-1.55.0-win32-x64\jre\21.0.11-win32-x86_64\bin\nio.dll
0x00007ffe5c370000 - 0x00007ffe5c380000 	c:\Users\PRIYA AC\.antigravity\extensions\redhat.java-1.55.0-win32-x64\jre\21.0.11-win32-x86_64\bin\verify.dll
0x00007ffe2b8e0000 - 0x00007ffe2b925000 	C:\Users\PRIYA AC\AppData\Roaming\Antigravity\User\globalStorage\redhat.java\1.55.0\config_win\org.eclipse.equinox.launcher\org.eclipse.equinox.launcher.win32.win32.x86_64_1.3.100.v20260613-0559\eclipse_11924.dll
0x00007ffe75700000 - 0x00007ffe758a1000 	C:\WINDOWS\System32\ole32.dll
0x00007ffe722c0000 - 0x00007ffe722db000 	C:\WINDOWS\SYSTEM32\CRYPTSP.dll
0x00007ffe71af0000 - 0x00007ffe71b27000 	C:\WINDOWS\system32\rsaenh.dll
0x00007ffe72160000 - 0x00007ffe72188000 	C:\WINDOWS\SYSTEM32\USERENV.dll
0x00007ffe722e0000 - 0x00007ffe722ec000 	C:\WINDOWS\SYSTEM32\CRYPTBASE.dll
0x00007ffe71600000 - 0x00007ffe7162d000 	C:\WINDOWS\SYSTEM32\IPHLPAPI.DLL
0x00007ffe74910000 - 0x00007ffe74919000 	C:\WINDOWS\System32\NSI.dll
0x00007ffe2b490000 - 0x00007ffe2b4d9000 	C:\Users\PRIYA AC\AppData\Local\Temp\jna--374145517\jna6098469961386445189.dll
0x00007ffe741f0000 - 0x00007ffe741f8000 	C:\WINDOWS\System32\PSAPI.DLL
0x00007ffe6e370000 - 0x00007ffe6e389000 	C:\WINDOWS\SYSTEM32\dhcpcsvc6.DLL
0x00007ffe6d850000 - 0x00007ffe6d86f000 	C:\WINDOWS\SYSTEM32\dhcpcsvc.DLL
0x00007ffe3bd90000 - 0x00007ffe3bdb7000 	C:\Users\PRIYA AC\.gradle\native\1def1411415f61bf3af743bc5b6707747c0891f09f0c88961ee8f79bc544acac\windows-amd64\native-platform.dll
0x00007ffe5a1a0000 - 0x00007ffe5a1aa000 	C:\Users\PRIYA AC\.antigravity\extensions\redhat.java-1.55.0-win32-x64\jre\21.0.11-win32-x86_64\bin\management.dll
0x00007ffe58140000 - 0x00007ffe5814c000 	C:\Users\PRIYA AC\.antigravity\extensions\redhat.java-1.55.0-win32-x64\jre\21.0.11-win32-x86_64\bin\management_ext.dll
0x00007ffe56770000 - 0x00007ffe56779000 	C:\Users\PRIYA AC\.antigravity\extensions\redhat.java-1.55.0-win32-x64\jre\21.0.11-win32-x86_64\bin\extnet.dll
0x00007ffe56690000 - 0x00007ffe5669e000 	C:\Users\PRIYA AC\.antigravity\extensions\redhat.java-1.55.0-win32-x64\jre\21.0.11-win32-x86_64\bin\sunmscapi.dll
0x00007ffe72be0000 - 0x00007ffe72d48000 	C:\WINDOWS\System32\CRYPT32.dll
0x00007ffe72480000 - 0x00007ffe724ae000 	C:\WINDOWS\SYSTEM32\ncrypt.dll
0x00007ffe72440000 - 0x00007ffe72477000 	C:\WINDOWS\SYSTEM32\NTASN1.dll
0x00007ffe5a1c0000 - 0x00007ffe5a1c8000 	C:\WINDOWS\system32\wshunix.dll
0x00007ffe71ca0000 - 0x00007ffe71cd4000 	C:\WINDOWS\SYSTEM32\ntmarta.dll

JVMTI agents:
c:\Users\PRIYA AC\.antigravity\extensions\redhat.java-1.55.0-win32-x64\lombok\lombok-1.18.39-4050.jar path:c:\Users\PRIYA AC\.antigravity\extensions\redhat.java-1.55.0-win32-x64\jre\21.0.11-win32-x86_64\bin\instrument.dll, loaded, initialized, instrumentlib options:none

dbghelp: loaded successfully - version: 4.0.5 - missing functions: none
symbol engine: initialized successfully - sym options: 0x614 - pdb path: .;c:\Users\PRIYA AC\.antigravity\extensions\redhat.java-1.55.0-win32-x64\jre\21.0.11-win32-x86_64\bin;C:\WINDOWS\SYSTEM32;C:\WINDOWS\WinSxS\amd64_microsoft.windows.common-controls_6595b64144ccf1df_6.0.22621.6060_none_2712eda17382d24b;c:\Users\PRIYA AC\.antigravity\extensions\redhat.java-1.55.0-win32-x64\jre\21.0.11-win32-x86_64\bin\server;C:\Users\PRIYA AC\AppData\Roaming\Antigravity\User\globalStorage\redhat.java\1.55.0\config_win\org.eclipse.equinox.launcher\org.eclipse.equinox.launcher.win32.win32.x86_64_1.3.100.v20260613-0559;C:\Users\PRIYA AC\AppData\Local\Temp\jna--374145517;C:\Users\PRIYA AC\.gradle\native\1def1411415f61bf3af743bc5b6707747c0891f09f0c88961ee8f79bc544acac\windows-amd64

VM Arguments:
jvm_args: --add-modules=ALL-SYSTEM --add-opens=java.base/java.util=ALL-UNNAMED --add-opens=java.base/java.lang=ALL-UNNAMED --add-opens=java.base/sun.nio.fs=ALL-UNNAMED -Declipse.application=org.eclipse.jdt.ls.core.id1 -Dosgi.bundles.defaultStartLevel=4 -Declipse.product=org.eclipse.jdt.ls.core.product -Djava.import.generatesMetadataFilesAtProjectRoot=false -DDetectVMInstallationsJob.disabled=true -Dfile.encoding=utf8 -XX:+UseParallelGC -XX:GCTimeRatio=4 -XX:AdaptiveSizePolicyWeight=90 -Dsun.zip.disableMemoryMapping=true -Xmx2G -Xms100m -Xlog:disable -javaagent:c:\Users\PRIYA AC\.antigravity\extensions\redhat.java-1.55.0-win32-x64\lombok\lombok-1.18.39-4050.jar -XX:+HeapDumpOnOutOfMemoryError -XX:HeapDumpPath=c:\Users\PRIYA AC\AppData\Roaming\Antigravity\User\workspaceStorage\eef34135346d09ca6085730155ac352d\redhat.java -Daether.dependencyCollector.impl=bf 
java_command: c:\Users\PRIYA AC\.antigravity\extensions\redhat.java-1.55.0-win32-x64\server\plugins\org.eclipse.equinox.launcher_1.7.200.v20260619-2039.jar -configuration c:\Users\PRIYA AC\AppData\Roaming\Antigravity\User\globalStorage\redhat.java\1.55.0\config_win -data c:\Users\PRIYA AC\AppData\Roaming\Antigravity\User\workspaceStorage\eef34135346d09ca6085730155ac352d\redhat.java\jdt_ws --pipe=\\.\pipe\lsp-eec5505727274827d64c6506b172ec27-sock
java_class_path (initial): c:\Users\PRIYA AC\.antigravity\extensions\redhat.java-1.55.0-win32-x64\server\plugins\org.eclipse.equinox.launcher_1.7.200.v20260619-2039.jar
Launcher Type: SUN_STANDARD

[Global flags]
    uintx AdaptiveSizePolicyWeight                 = 90                                        {product} {command line}
     intx CICompilerCount                          = 4                                         {product} {ergonomic}
    uintx GCTimeRatio                              = 4                                         {product} {command line}
     bool HeapDumpOnOutOfMemoryError               = true                                   {manageable} {command line}
    ccstr HeapDumpPath                             = c:\Users\PRIYA AC\AppData\Roaming\Antigravity\User\workspaceStorage\eef34135346d09ca6085730155ac352d\redhat.java         {manageable} {command line}
   size_t InitialHeapSize                          = 104857600                                 {product} {command line}
   size_t MaxHeapSize                              = 2147483648                                {product} {command line}
   size_t MaxNewSize                               = 715653120                                 {product} {ergonomic}
   size_t MinHeapDeltaBytes                        = 524288                                    {product} {ergonomic}
   size_t MinHeapSize                              = 104857600                                 {product} {command line}
   size_t NewSize                                  = 34603008                                  {product} {ergonomic}
    uintx NonNMethodCodeHeapSize                   = 5839372                                {pd product} {ergonomic}
    uintx NonProfiledCodeHeapSize                  = 122909434                              {pd product} {ergonomic}
   size_t OldSize                                  = 70254592                                  {product} {ergonomic}
    uintx ProfiledCodeHeapSize                     = 122909434                              {pd product} {ergonomic}
    uintx ReservedCodeCacheSize                    = 251658240                              {pd product} {ergonomic}
     bool SegmentedCodeCache                       = true                                      {product} {ergonomic}
   size_t SoftMaxHeapSize                          = 2147483648                             {manageable} {ergonomic}
     bool UseCompressedOops                        = true                           {product lp64_product} {ergonomic}
     bool UseLargePagesIndividualAllocation        = false                                  {pd product} {ergonomic}
     bool UseParallelGC                            = true                                      {product} {command line}

Logging:
Log output configuration:
 #0: stdout all=off uptime,level,tags foldmultilines=false
 #1: stderr all=off uptime,level,tags foldmultilines=false

Release file:
JAVA_VERSION="21.0.11" 
MODULES="java.base java.compiler java.datatransfer java.xml java.prefs java.desktop java.instrument java.logging java.management java.security.sasl java.naming java.rmi java.management.rmi java.net.http java.scripting java.security.jgss java.transaction.xa java.sql java.sql.rowset java.xml.crypto java.se java.smartcardio jdk.accessibility jdk.internal.jvmstat jdk.attach jdk.charsets jdk.internal.opt jdk.zipfs jdk.compiler jdk.crypto.ec jdk.crypto.cryptoki jdk.crypto.mscapi jdk.dynalink jdk.internal.ed jdk.editpad jdk.hotspot.agent jdk.httpserver jdk.internal.le jdk.internal.vm.ci jdk.internal.vm.compiler jdk.internal.vm.compiler.management jdk.jartool jdk.javadoc jdk.jcmd jdk.management jdk.management.agent jdk.jconsole jdk.jdeps jdk.jdwp.agent jdk.jdi jdk.jfr jdk.jshell jdk.jsobject jdk.jstatd jdk.localedata jdk.management.jfr jdk.naming.dns jdk.naming.rmi jdk.net jdk.nio.mapmode jdk.random jdk.sctp jdk.security.auth jdk.security.jgss jdk.unsupported jdk.unsupported.desktop jdk.xml.dom" 

Environment Variables:
JAVA_HOME=C:\Program Files\Java\jdk-17.0.4.1
PATH=C:\Program Files\Common Files\Oracle\Java\javapath;C:\windows\system32;C:\windows;C:\windows\System32\Wbem;C:\windows\System32\WindowsPowerShell\v1.0\;C:\windows\System32\OpenSSH\;C:\Program Files (x86)\NVIDIA Corporation\PhysX\Common;C:\Program Files\NVIDIA Corporation\NVIDIA NvDLISR;C:\Program files \java\jdk-17.0.4.1\bin;C:\Program Files\apache-maven-3.8.1\bin;C:\WINDOWS\system32;C:\WINDOWS;C:\WINDOWS\System32\Wbem;C:\WINDOWS\System32\WindowsPowerShell\v1.0\;C:\WINDOWS\System32\OpenSSH\;C:\Program Files\MySQL\MySQL Server 8.0\bin;C:\Program Files\Git\cmd;C:\ProgramData\chocolatey\bin;C:\Program Files\nodejs\;C:\Users\PRIYA AC\Documents\Python Scripts;C:\Users\PRIYA AC\Documents\Python Scripts\Library\mingw-w64\bin;C:\Users\PRIYA AC\Documents\Python Scripts\Library\usr\bin;C:\Users\PRIYA AC\Documents\Python Scripts\Library\bin;C:\Users\PRIYA AC\Documents\Python Scripts\Scripts;C:\Users\PRIYA AC\anaconda3\New folder;C:\Users\PRIYA AC\anaconda3\New folder\Library\mingw-w64\bin;C:\Users\PRIYA AC\anaconda3\New folder\Library\usr\bin;C:\Users\PRIYA AC\anaconda3\New folder\Library\bin;C:\Users\PRIYA AC\anaconda3\New folder\Scripts;C:\Users\PRIYA AC\Downloads\astar.py;C:\Users\PRIYA AC\Downloads\astar.py\Library\mingw-w64\bin;C:\Users\PRIYA AC\Downloads\astar.py\Library\usr\bin;C:\Users\PRIYA AC\Downloads\astar.py\Library\bin;C:\Users\PRIYA AC\Downloads\astar.py\Scripts;C:\Users\PRIYA AC\AppData\Local\Microsoft\WindowsApps;C:\Users\PRIYA AC\AppData\Local\Programs\Microsoft VS Code\bin;C:\Users\PRIYA AC\AppData\Roaming\npm;C:\Users\PRIYA AC\Documents\Antigravity\bin;C:\Users\PRIYA AC\AppData\Local\Programs\cursor\resources\app\bin
USERNAME=PRIYA AC
OS=Windows_NT
PROCESSOR_IDENTIFIER=AMD64 Family 25 Model 80 Stepping 0, AuthenticAMD
TMP=C:\Users\PRIYAA~1\AppData\Local\Temp
TEMP=C:\Users\PRIYAA~1\AppData\Local\Temp




Periodic native trim disabled

---------------  S Y S T E M  ---------------

OS:
 Windows 11 , 64 bit Build 22621 (10.0.22621.5415)
OS uptime: 2 days 5:55 hours

CPU: total 12 (initial active 12) (12 cores per cpu, 2 threads per core) family 25 model 80 stepping 0 microcode 0x0, cx8, cmov, fxsr, ht, mmx, 3dnowpref, sse, sse2, sse3, ssse3, sse4a, sse4.1, sse4.2, popcnt, lzcnt, tsc, tscinvbit, avx, avx2, aes, erms, clmul, bmi1, bmi2, adx, sha, fma, vzeroupper, clflush, clflushopt, rdtscp, rdpid, fsrm, f16c, pku, cet_ss
Processor Information for processor 0
  Max Mhz: 3301, Current Mhz: 2011, Mhz Limit: 3301
Processor Information for processor 1
  Max Mhz: 3301, Current Mhz: 3301, Mhz Limit: 3301
Processor Information for processor 2
  Max Mhz: 3301, Current Mhz: 2011, Mhz Limit: 3301
Processor Information for processor 3
  Max Mhz: 3301, Current Mhz: 3301, Mhz Limit: 3301
Processor Information for processor 4
  Max Mhz: 3301, Current Mhz: 2011, Mhz Limit: 3301
Processor Information for processor 5
  Max Mhz: 3301, Current Mhz: 3301, Mhz Limit: 3301
Processor Information for processor 6
  Max Mhz: 3301, Current Mhz: 3301, Mhz Limit: 3301
Processor Information for processor 7
  Max Mhz: 3301, Current Mhz: 3301, Mhz Limit: 3301
Processor Information for processor 8
  Max Mhz: 3301, Current Mhz: 3301, Mhz Limit: 3301
Processor Information for processor 9
  Max Mhz: 3301, Current Mhz: 3301, Mhz Limit: 3301
Processor Information for processor 10
  Max Mhz: 3301, Current Mhz: 3301, Mhz Limit: 3301
Processor Information for processor 11
  Max Mhz: 3301, Current Mhz: 3301, Mhz Limit: 3301

Memory: 4k page, system-wide physical 7521M (281M free)
TotalPageFile size 31073M (AvailPageFile size 101M)
current process WorkingSet (physical memory assigned to process): 168M, peak: 519M
current process commit charge ("private bytes"): 1119M, peak: 1170M

vm_info: OpenJDK 64-Bit Server VM (21.0.11+10-LTS) for windows-amd64 JRE (21.0.11+10-LTS), built on 2026-04-21T00:00:00Z by "admin" with MS VC++ 17.12 (VS2022)

END.
