#
# There is insufficient memory for the Java Runtime Environment to continue.
# Native memory allocation (mmap) failed to map 341835776 bytes for G1 virtual space
# Possible reasons:
#   The system is out of physical RAM or swap space
#   The process is running with CompressedOops enabled, and the Java Heap may be blocking the growth of the native heap
# Possible solutions:
#   Reduce memory load on the system
#   Increase physical memory or swap space
#   Check if swap backing store is full
#   Decrease Java heap size (-Xmx/-Xms)
#   Decrease number of Java threads
#   Decrease Java thread stack sizes (-Xss)
#   Set larger code cache with -XX:ReservedCodeCacheSize=
#   JVM is running with Unscaled Compressed Oops mode in which the Java heap is
#     placed in the first 4GB address space. The Java Heap base address is the
#     maximum limit for the native heap growth. Please use -XX:HeapBaseMinAddress
#     to set the Java Heap base and to place the Java Heap above 4GB virtual address.
# This output file may be truncated or incomplete.
#
#  Out of Memory Error (os_windows.cpp:3548), pid=21624, tid=23568
#
# JRE version: Java(TM) SE Runtime Environment (17.0.12+8) (build 17.0.12+8-LTS-286)
# Java VM: Java HotSpot(TM) 64-Bit Server VM (17.0.12+8-LTS-286, mixed mode, emulated-client, sharing, tiered, compressed oops, compressed class ptrs, g1 gc, windows-amd64)
# No core dump will be written. Minidumps are not enabled by default on client versions of Windows
#

---------------  S U M M A R Y ------------

Command Line: -Dcom.sun.management.jmxremote -Dcom.sun.management.jmxremote.port=62230 -Dcom.sun.management.jmxremote.authenticate=false -Dcom.sun.management.jmxremote.ssl=false -Djava.rmi.server.hostname=localhost -Dspring.jmx.enabled=true -Dmanagement.endpoints.jmx.exposure.include=* -Dspring.application.admin.enabled=true -Dspring.output.ansi.enabled=always -XX:TieredStopAtLevel=1 -Dspring.boot.project.name=Fight D Fear -Dfile.encoding=UTF-8 -Dstdout.encoding=UTF-8 -Dstderr.encoding=UTF-8 -XX:+ShowCodeDetailsInExceptionMessages in.sp.main.FightthefireApplication

Host: 12th Gen Intel(R) Core(TM) i5-12450H, 12 cores, 7G,  Windows 11 , 64 bit Build 26100 (10.0.26100.9168)
Time: Thu Aug 20 16:17:18 2026 India Standard Time elapsed time: 1146.532629 seconds (0d 0h 19m 6s)

---------------  T H R E A D  ---------------

Current thread (0x000002172edc0100):  VMThread "VM Thread" [stack: 0x0000007457400000,0x0000007457500000] [id=23568]

Stack: [0x0000007457400000,0x0000007457500000]
Native frames: (J=compiled Java code, j=interpreted, Vv=VM code, C=native code)
V  [jvm.dll+0x67a04a]
V  [jvm.dll+0x7da4ed]
V  [jvm.dll+0x7dbe33]
V  [jvm.dll+0x7dc4a3]
V  [jvm.dll+0x24508f]
V  [jvm.dll+0x677089]
V  [jvm.dll+0x66bd32]
V  [jvm.dll+0x301fa6]
V  [jvm.dll+0x309546]
V  [jvm.dll+0x359d2e]
V  [jvm.dll+0x359f5f]
V  [jvm.dll+0x2d9078]
V  [jvm.dll+0x2d74ad]
V  [jvm.dll+0x2d6afc]
V  [jvm.dll+0x31a65b]
V  [jvm.dll+0x7e0d9b]
V  [jvm.dll+0x7e1ad4]
V  [jvm.dll+0x7e1fed]
V  [jvm.dll+0x7e23c4]
V  [jvm.dll+0x7e2490]
V  [jvm.dll+0x78abea]
V  [jvm.dll+0x678f35]
C  [ucrtbase.dll+0x2cd30]
C  [KERNEL32.DLL+0x2ccb7]
C  [ntdll.dll+0xaad6c]

VM_Operation (0x0000007457ff8fe0): G1CollectForAllocation, mode: safepoint, requested by thread 0x000002177d4eea80


---------------  P R O C E S S  ---------------

Threads class SMR info:
_java_thread_list=0x000002177e2f25f0, length=29, elements={
0x000002172edc5670, 0x000002172edc5f40, 0x000002172edd9780, 0x000002172eddc060,
0x000002172edde940, 0x000002172eddf210, 0x000002172ede1ba0, 0x000002172edf3a20,
0x000002172edb2a60, 0x00000217741d2390, 0x0000021774a8b9e0, 0x0000021774ac0f80,
0x0000021774ad84b0, 0x000002177520a6c0, 0x000002177520c010, 0x000002177520b0e0,
0x0000021777dd32f0, 0x000002177d4f4ab0, 0x000002177d4f45a0, 0x000002177d4f4fc0,
0x000002177d4f54d0, 0x000002177d4f3b80, 0x000002177d4eea80, 0x000002177d4eef90,
0x000002177d4f03d0, 0x000002177d4f0df0, 0x000002177d4ef4a0, 0x000002177dab09e0,
0x000002177daadf60
}

Java Threads: ( => current thread )
  0x000002172edc5670 JavaThread "Reference Handler" daemon [_thread_blocked, id=22976, stack(0x0000007457500000,0x0000007457600000)]
  0x000002172edc5f40 JavaThread "Finalizer" daemon [_thread_blocked, id=31616, stack(0x0000007457600000,0x0000007457700000)]
  0x000002172edd9780 JavaThread "Signal Dispatcher" daemon [_thread_blocked, id=30920, stack(0x0000007457700000,0x0000007457800000)]
  0x000002172eddc060 JavaThread "Attach Listener" daemon [_thread_blocked, id=24904, stack(0x0000007457800000,0x0000007457900000)]
  0x000002172edde940 JavaThread "Service Thread" daemon [_thread_blocked, id=20208, stack(0x0000007457900000,0x0000007457a00000)]
  0x000002172eddf210 JavaThread "Monitor Deflation Thread" daemon [_thread_blocked, id=12180, stack(0x0000007457a00000,0x0000007457b00000)]
  0x000002172ede1ba0 JavaThread "C1 CompilerThread0" daemon [_thread_blocked, id=10880, stack(0x0000007457b00000,0x0000007457c00000)]
  0x000002172edf3a20 JavaThread "Sweeper thread" daemon [_thread_blocked, id=29928, stack(0x0000007457c00000,0x0000007457d00000)]
  0x000002172edb2a60 JavaThread "Common-Cleaner" daemon [_thread_blocked, id=2804, stack(0x0000007458000000,0x0000007458100000)]
  0x00000217741d2390 JavaThread "Notification Thread" daemon [_thread_blocked, id=15604, stack(0x0000007458100000,0x0000007458200000)]
  0x0000021774a8b9e0 JavaThread "RMI TCP Accept-0" daemon [_thread_in_native, id=7048, stack(0x0000007458200000,0x0000007458300000)]
  0x0000021774ac0f80 JavaThread "RMI TCP Accept-62230" daemon [_thread_in_native, id=27080, stack(0x0000007458300000,0x0000007458400000)]
  0x0000021774ad84b0 JavaThread "RMI TCP Accept-0" daemon [_thread_in_native, id=14352, stack(0x0000007458400000,0x0000007458500000)]
  0x000002177520a6c0 JavaThread "RMI Scheduler(0)" daemon [_thread_blocked, id=31448, stack(0x0000007459100000,0x0000007459200000)]
  0x000002177520c010 JavaThread "JMX server connection timeout 25" daemon [_thread_blocked, id=11152, stack(0x0000007459300000,0x0000007459400000)]
  0x000002177520b0e0 JavaThread "mysql-cj-abandoned-connection-cleanup" daemon [_thread_blocked, id=24196, stack(0x0000007459600000,0x0000007459700000)]
  0x0000021777dd32f0 JavaThread "Live Reload Server" daemon [_thread_in_native, id=2128, stack(0x000000745a800000,0x000000745a900000)]
  0x000002177d4f4ab0 JavaThread "DestroyJavaVM" [_thread_blocked, id=25436, stack(0x0000007456e00000,0x0000007456f00000)]
  0x000002177d4f45a0 JavaThread "RMI TCP Connection(23)-127.0.0.1" daemon [_thread_in_native, id=25448, stack(0x000000745bf00000,0x000000745c000000)]
  0x000002177d4f4fc0 JavaThread "RMI TCP Connection(4)-127.0.0.1" daemon [_thread_blocked, id=31028, stack(0x000000745c000000,0x000000745c100000)]
  0x000002177d4f54d0 JavaThread "JMX server connection timeout 66" daemon [_thread_blocked, id=26776, stack(0x000000745c100000,0x000000745c200000)]
  0x000002177d4f3b80 JavaThread "Thread-7" [_thread_blocked, id=28776, stack(0x0000007457d00000,0x0000007457e00000)]
  0x000002177d4eea80 JavaThread "restartedMain" [_thread_blocked, id=28796, stack(0x0000007457f00000,0x0000007458000000)]
  0x000002177d4eef90 JavaThread "HikariPool-3 housekeeper" daemon [_thread_blocked, id=23952, stack(0x0000007458e00000,0x0000007458f00000)]
  0x000002177d4f03d0 JavaThread "Catalina-utility-1" [_thread_blocked, id=30504, stack(0x0000007456b00000,0x0000007456c00000)]
  0x000002177d4f0df0 JavaThread "Catalina-utility-2" [_thread_blocked, id=6136, stack(0x0000007457e00000,0x0000007457f00000)]
  0x000002177d4ef4a0 JavaThread "container-0" [_thread_blocked, id=23280, stack(0x0000007458f00000,0x0000007459000000)]
  0x000002177dab09e0 JavaThread "C1 CompilerThread1" daemon [_thread_blocked, id=14472, stack(0x0000007459000000,0x0000007459100000)]
  0x000002177daadf60 JavaThread "C1 CompilerThread2" daemon [_thread_blocked, id=24244, stack(0x0000007459200000,0x0000007459300000)]

Other Threads:
=>0x000002172edc0100 VMThread "VM Thread" [stack: 0x0000007457400000,0x0000007457500000] [id=23568]
  0x000002171cc73800 WatcherThread [stack: 0x0000007458500000,0x0000007458600000] [id=14304]
  0x000002171cc50810 GCTaskThread "GC Thread#0" [stack: 0x0000007456f00000,0x0000007457000000] [id=9728]
  0x0000021774b75860 GCTaskThread "GC Thread#1" [stack: 0x0000007458600000,0x0000007458700000] [id=2704]
  0x00000217750a9880 GCTaskThread "GC Thread#2" [stack: 0x0000007458700000,0x0000007458800000] [id=26176]
  0x00000217750e0410 GCTaskThread "GC Thread#3" [stack: 0x0000007458800000,0x0000007458900000] [id=23352]
  0x00000217750e0ef0 GCTaskThread "GC Thread#4" [stack: 0x0000007458900000,0x0000007458a00000] [id=26872]
  0x00000217750e11b0 GCTaskThread "GC Thread#5" [stack: 0x0000007458a00000,0x0000007458b00000] [id=18488]
  0x00000217750f1480 GCTaskThread "GC Thread#6" [stack: 0x0000007458b00000,0x0000007458c00000] [id=27308]
  0x00000217750f1740 GCTaskThread "GC Thread#7" [stack: 0x0000007458c00000,0x0000007458d00000] [id=9816]
  0x00000217752980d0 GCTaskThread "GC Thread#8" [stack: 0x0000007459400000,0x0000007459500000] [id=26848]
  0x00000217752ce060 GCTaskThread "GC Thread#9" [stack: 0x0000007459500000,0x0000007459600000] [id=14504]
  0x000002171cc620a0 ConcurrentGCThread "G1 Main Marker" [stack: 0x0000007457000000,0x0000007457100000] [id=27704]
  0x000002171cc629c0 ConcurrentGCThread "G1 Conc#0" [stack: 0x0000007457100000,0x0000007457200000] [id=25720]
  0x0000021775764250 ConcurrentGCThread "G1 Conc#1" [stack: 0x0000007459700000,0x0000007459800000] [id=23004]
  0x0000021775723040 ConcurrentGCThread "G1 Conc#2" [stack: 0x0000007459800000,0x0000007459900000] [id=27728]
  0x000002171cc9ec80 ConcurrentGCThread "G1 Refine#0" [stack: 0x0000007457200000,0x0000007457300000] [id=26712]
  0x0000021774b75b20 ConcurrentGCThread "G1 Refine#1" [stack: 0x0000007458d00000,0x0000007458e00000] [id=23872]
  0x0000021777407300 ConcurrentGCThread "G1 Refine#2" [stack: 0x0000007459c00000,0x0000007459d00000] [id=15816]
  0x00000217774075f0 ConcurrentGCThread "G1 Refine#3" [stack: 0x0000007459d00000,0x0000007459e00000] [id=5104]
  0x0000021777406160 ConcurrentGCThread "G1 Refine#4" [stack: 0x0000007459e00000,0x0000007459f00000] [id=20380]
  0x0000021777ff32a0 ConcurrentGCThread "G1 Refine#5" [stack: 0x0000007459f00000,0x000000745a000000] [id=11100]
  0x0000021777ff3880 ConcurrentGCThread "G1 Refine#6" [stack: 0x000000745a000000,0x000000745a100000] [id=7300]
  0x0000021777ff2fb0 ConcurrentGCThread "G1 Refine#7" [stack: 0x000000745a100000,0x000000745a200000] [id=20496]
  0x0000021777ff26e0 ConcurrentGCThread "G1 Refine#8" [stack: 0x000000745a200000,0x000000745a300000] [id=28520]
  0x0000021777ff0690 ConcurrentGCThread "G1 Refine#9" [stack: 0x000000745a300000,0x000000745a400000] [id=10084]
  0x000002172ec6c300 ConcurrentGCThread "G1 Service" [stack: 0x0000007457300000,0x0000007457400000] [id=23012]

Threads with active compile tasks:

VM state: at safepoint (normal execution)

VM Mutex/Monitor currently owned by a thread:  ([mutex/lock_event])
[0x000002171cbf28b0] Threads_lock - owner thread: 0x000002172edc0100
[0x000002171cbf1bc0] Heap_lock - owner thread: 0x000002177d4eea80

Heap address: 0x0000000085200000, size: 1966 MB, Compressed Oops mode: 32-bit

CDS archive(s) mapped at: [0x000002172f000000-0x000002172fbd0000-0x000002172fbd0000), size 12386304, SharedBaseAddress: 0x000002172f000000, ArchiveRelocationMode: 1.
Compressed class space mapped at: 0x0000021730000000-0x0000021770000000, reserved size: 1073741824
Narrow klass base: 0x000002172f000000, Narrow klass shift: 0, Narrow klass range: 0x100000000

GC Precious Log:
 CPUs: 12 total, 12 available
 Memory: 7860M
 Large Page Support: Disabled
 NUMA Support: Disabled
 Compressed Oops: Enabled (32-bit)
 Heap Region Size: 1M
 Heap Min Capacity: 8M
 Heap Initial Capacity: 124M
 Heap Max Capacity: 1966M
 Pre-touch: Disabled
 Parallel Workers: 10
 Concurrent Workers: 3
 Concurrent Refinement Workers: 10
 Periodic GC: Disabled

Heap:
 garbage-first heap   total 348160K, used 177800K [0x0000000085200000, 0x0000000100000000)
  region size 1024K, 13 young (13312K), 13 survivors (13312K)
 Metaspace       used 155059K, committed 155904K, reserved 1245184K
  class space    used 18783K, committed 19200K, reserved 1048576K

Heap Regions: E=young(eden), S=young(survivor), O=old, HS=humongous(starts), HC=humongous(continues), CS=collection set, F=free, OA=open archive, CA=closed archive, TAMS=top-at-mark-start (previous, next)
|   0|0x0000000085200000, 0x0000000085300000, 0x0000000085300000|100%|HS|  |TAMS 0x0000000085300000, 0x0000000085200000| Untracked 
|   1|0x0000000085300000, 0x0000000085400000, 0x0000000085400000|100%|HS|  |TAMS 0x0000000085400000, 0x0000000085300000| Untracked 
|   2|0x0000000085400000, 0x0000000085500000, 0x0000000085500000|100%| O|  |TAMS 0x0000000085500000, 0x0000000085400000| Untracked 
|   3|0x0000000085500000, 0x0000000085600000, 0x0000000085600000|100%| O|  |TAMS 0x0000000085600000, 0x0000000085500000| Untracked 
|   4|0x0000000085600000, 0x00000000856ffff0, 0x0000000085700000| 99%| O|  |TAMS 0x00000000856ffff0, 0x0000000085600000| Untracked 
|   5|0x0000000085700000, 0x0000000085800000, 0x0000000085800000|100%| O|  |TAMS 0x0000000085800000, 0x0000000085700000| Untracked 
|   6|0x0000000085800000, 0x0000000085900000, 0x0000000085900000|100%| O|  |TAMS 0x0000000085900000, 0x0000000085800000| Untracked 
|   7|0x0000000085900000, 0x00000000859ffff0, 0x0000000085a00000| 99%| O|  |TAMS 0x00000000859ffff0, 0x0000000085900000| Untracked 
|   8|0x0000000085a00000, 0x0000000085afffe8, 0x0000000085b00000| 99%| O|  |TAMS 0x0000000085afffe8, 0x0000000085a00000| Untracked 
|   9|0x0000000085b00000, 0x0000000085bffff0, 0x0000000085c00000| 99%| O|  |TAMS 0x0000000085bffff0, 0x0000000085b00000| Untracked 
|  10|0x0000000085c00000, 0x0000000085d00000, 0x0000000085d00000|100%| O|  |TAMS 0x0000000085d00000, 0x0000000085c00000| Untracked 
|  11|0x0000000085d00000, 0x0000000085dffff0, 0x0000000085e00000| 99%| O|  |TAMS 0x0000000085d00000, 0x0000000085d00000| Untracked 
|  12|0x0000000085e00000, 0x0000000085effff0, 0x0000000085f00000| 99%| O|  |TAMS 0x0000000085e00000, 0x0000000085e00000| Untracked 
|  13|0x0000000085f00000, 0x0000000085fffff0, 0x0000000086000000| 99%| O|  |TAMS 0x0000000085f00000, 0x0000000085f00000| Untracked 
|  14|0x0000000086000000, 0x00000000860fffe8, 0x0000000086100000| 99%| O|  |TAMS 0x0000000086000000, 0x0000000086000000| Untracked 
|  15|0x0000000086100000, 0x0000000086200000, 0x0000000086200000|100%| O|  |TAMS 0x0000000086100000, 0x0000000086100000| Untracked 
|  16|0x0000000086200000, 0x00000000862ffff8, 0x0000000086300000| 99%| O|  |TAMS 0x0000000086200000, 0x0000000086200000| Untracked 
|  17|0x0000000086300000, 0x00000000863ffff0, 0x0000000086400000| 99%| O|  |TAMS 0x0000000086300000, 0x0000000086300000| Untracked 
|  18|0x0000000086400000, 0x00000000864ffff0, 0x0000000086500000| 99%| O|  |TAMS 0x0000000086400000, 0x0000000086400000| Untracked 
|  19|0x0000000086500000, 0x00000000865fffe0, 0x0000000086600000| 99%| O|  |TAMS 0x0000000086500000, 0x0000000086500000| Untracked 
|  20|0x0000000086600000, 0x00000000866ffff8, 0x0000000086700000| 99%| O|  |TAMS 0x0000000086600000, 0x0000000086600000| Untracked 
|  21|0x0000000086700000, 0x00000000867ffff8, 0x0000000086800000| 99%| O|  |TAMS 0x0000000086700000, 0x0000000086700000| Untracked 
|  22|0x0000000086800000, 0x00000000868ffff0, 0x0000000086900000| 99%| O|  |TAMS 0x0000000086800000, 0x0000000086800000| Untracked 
|  23|0x0000000086900000, 0x00000000869ffff0, 0x0000000086a00000| 99%| O|  |TAMS 0x0000000086900000, 0x0000000086900000| Untracked 
|  24|0x0000000086a00000, 0x0000000086b00000, 0x0000000086b00000|100%| O|  |TAMS 0x0000000086a00000, 0x0000000086a00000| Untracked 
|  25|0x0000000086b00000, 0x0000000086bfffc0, 0x0000000086c00000| 99%| O|  |TAMS 0x0000000086b00000, 0x0000000086b00000| Untracked 
|  26|0x0000000086c00000, 0x0000000086cfe960, 0x0000000086d00000| 99%| O|  |TAMS 0x0000000086c00000, 0x0000000086c00000| Untracked 
|  27|0x0000000086d00000, 0x0000000086dffff0, 0x0000000086e00000| 99%| O|  |TAMS 0x0000000086d00000, 0x0000000086d00000| Untracked 
|  28|0x0000000086e00000, 0x0000000086f00000, 0x0000000086f00000|100%| O|  |TAMS 0x0000000086e00000, 0x0000000086e00000| Untracked 
|  29|0x0000000086f00000, 0x0000000086fffff0, 0x0000000087000000| 99%| O|  |TAMS 0x0000000086f00000, 0x0000000086f00000| Untracked 
|  30|0x0000000087000000, 0x00000000870fff98, 0x0000000087100000| 99%| O|  |TAMS 0x0000000087000000, 0x0000000087000000| Untracked 
|  31|0x0000000087100000, 0x00000000871fffc8, 0x0000000087200000| 99%| O|  |TAMS 0x0000000087100000, 0x0000000087100000| Untracked 
|  32|0x0000000087200000, 0x00000000872ffff0, 0x0000000087300000| 99%| O|  |TAMS 0x0000000087200000, 0x0000000087200000| Untracked 
|  33|0x0000000087300000, 0x0000000087400000, 0x0000000087400000|100%| O|  |TAMS 0x0000000087300000, 0x0000000087300000| Untracked 
|  34|0x0000000087400000, 0x00000000874ffff8, 0x0000000087500000| 99%| O|  |TAMS 0x0000000087400000, 0x0000000087400000| Untracked 
|  35|0x0000000087500000, 0x0000000087600000, 0x0000000087600000|100%| O|  |TAMS 0x0000000087500000, 0x0000000087500000| Untracked 
|  36|0x0000000087600000, 0x00000000876fffe0, 0x0000000087700000| 99%| O|  |TAMS 0x0000000087600000, 0x0000000087600000| Untracked 
|  37|0x0000000087700000, 0x0000000087800000, 0x0000000087800000|100%| O|  |TAMS 0x0000000087700000, 0x0000000087700000| Untracked 
|  38|0x0000000087800000, 0x00000000878ffff0, 0x0000000087900000| 99%| O|  |TAMS 0x0000000087800000, 0x0000000087800000| Untracked 
|  39|0x0000000087900000, 0x00000000879fff28, 0x0000000087a00000| 99%| O|  |TAMS 0x0000000087900000, 0x0000000087900000| Untracked 
|  40|0x0000000087a00000, 0x0000000087b00000, 0x0000000087b00000|100%| O|  |TAMS 0x0000000087a00000, 0x0000000087a00000| Untracked 
|  41|0x0000000087b00000, 0x0000000087bfffe8, 0x0000000087c00000| 99%| O|  |TAMS 0x0000000087b00000, 0x0000000087b00000| Untracked 
|  42|0x0000000087c00000, 0x0000000087cffff0, 0x0000000087d00000| 99%| O|  |TAMS 0x0000000087c00000, 0x0000000087c00000| Untracked 
|  43|0x0000000087d00000, 0x0000000087dfffe0, 0x0000000087e00000| 99%| O|  |TAMS 0x0000000087d00000, 0x0000000087d00000| Untracked 
|  44|0x0000000087e00000, 0x0000000087effff8, 0x0000000087f00000| 99%| O|  |TAMS 0x0000000087e00000, 0x0000000087e00000| Untracked 
|  45|0x0000000087f00000, 0x0000000087ffffd0, 0x0000000088000000| 99%| O|  |TAMS 0x0000000087f00000, 0x0000000087f00000| Untracked 
|  46|0x0000000088000000, 0x00000000880ffff8, 0x0000000088100000| 99%| O|  |TAMS 0x0000000088000000, 0x0000000088000000| Untracked 
|  47|0x0000000088100000, 0x00000000881fffb8, 0x0000000088200000| 99%| O|  |TAMS 0x0000000088100000, 0x0000000088100000| Untracked 
|  48|0x0000000088200000, 0x00000000882ffff0, 0x0000000088300000| 99%| O|  |TAMS 0x0000000088200000, 0x0000000088200000| Untracked 
|  49|0x0000000088300000, 0x00000000883fffc0, 0x0000000088400000| 99%| O|  |TAMS 0x0000000088300000, 0x0000000088300000| Untracked 
|  50|0x0000000088400000, 0x000000008840e718, 0x0000000088500000|  5%| O|  |TAMS 0x0000000088400000, 0x0000000088400000| Untracked 
|  51|0x0000000088500000, 0x00000000885fffe0, 0x0000000088600000| 99%| O|  |TAMS 0x0000000088500000, 0x0000000088500000| Untracked 
|  52|0x0000000088600000, 0x00000000886ffff8, 0x0000000088700000| 99%| O|  |TAMS 0x0000000088600000, 0x0000000088600000| Untracked 
|  53|0x0000000088700000, 0x00000000887ffff8, 0x0000000088800000| 99%| O|  |TAMS 0x0000000088700000, 0x0000000088700000| Untracked 
|  54|0x0000000088800000, 0x00000000888ffff8, 0x0000000088900000| 99%| O|  |TAMS 0x0000000088800000, 0x0000000088800000| Untracked 
|  55|0x0000000088900000, 0x00000000889ffff0, 0x0000000088a00000| 99%| O|  |TAMS 0x0000000088900000, 0x0000000088900000| Untracked 
|  56|0x0000000088a00000, 0x0000000088affc18, 0x0000000088b00000| 99%| O|  |TAMS 0x0000000088a00000, 0x0000000088a00000| Untracked 
|  57|0x0000000088b00000, 0x0000000088bfffb8, 0x0000000088c00000| 99%| O|  |TAMS 0x0000000088b00000, 0x0000000088b00000| Untracked 
|  58|0x0000000088c00000, 0x0000000088cfde28, 0x0000000088d00000| 99%| O|  |TAMS 0x0000000088c00000, 0x0000000088c00000| Untracked 
|  59|0x0000000088d00000, 0x0000000088dfffd8, 0x0000000088e00000| 99%| O|  |TAMS 0x0000000088d00000, 0x0000000088d00000| Untracked 
|  60|0x0000000088e00000, 0x0000000088f00000, 0x0000000088f00000|100%| O|  |TAMS 0x0000000088e00000, 0x0000000088e00000| Untracked 
|  61|0x0000000088f00000, 0x0000000088fffe28, 0x0000000089000000| 99%| O|  |TAMS 0x0000000088f00000, 0x0000000088f00000| Untracked 
|  62|0x0000000089000000, 0x0000000089100000, 0x0000000089100000|100%| O|  |TAMS 0x0000000089000000, 0x0000000089000000| Untracked 
|  63|0x0000000089100000, 0x00000000891fffe8, 0x0000000089200000| 99%| O|  |TAMS 0x0000000089100000, 0x0000000089100000| Untracked 
|  64|0x0000000089200000, 0x0000000089300000, 0x0000000089300000|100%| O|  |TAMS 0x0000000089200000, 0x0000000089200000| Untracked 
|  65|0x0000000089300000, 0x0000000089400000, 0x0000000089400000|100%| O|  |TAMS 0x0000000089300000, 0x0000000089300000| Untracked 
|  66|0x0000000089400000, 0x0000000089500000, 0x0000000089500000|100%| O|  |TAMS 0x0000000089400000, 0x0000000089400000| Untracked 
|  67|0x0000000089500000, 0x0000000089571a70, 0x0000000089600000| 44%| O|  |TAMS 0x0000000089500000, 0x0000000089500000| Untracked 
|  68|0x0000000089600000, 0x0000000089700000, 0x0000000089700000|100%| O|  |TAMS 0x0000000089600000, 0x0000000089600000| Untracked 
|  69|0x0000000089700000, 0x0000000089800000, 0x0000000089800000|100%| O|  |TAMS 0x0000000089700000, 0x0000000089700000| Untracked 
|  70|0x0000000089800000, 0x00000000898ffff8, 0x0000000089900000| 99%| O|  |TAMS 0x0000000089800000, 0x0000000089800000| Untracked 
|  71|0x0000000089900000, 0x0000000089a00000, 0x0000000089a00000|100%| O|  |TAMS 0x0000000089900000, 0x0000000089900000| Untracked 
|  72|0x0000000089a00000, 0x0000000089b00000, 0x0000000089b00000|100%| O|  |TAMS 0x0000000089a00000, 0x0000000089a00000| Untracked 
|  73|0x0000000089b00000, 0x0000000089bfffe8, 0x0000000089c00000| 99%| O|  |TAMS 0x0000000089b00000, 0x0000000089b00000| Untracked 
|  74|0x0000000089c00000, 0x0000000089d00000, 0x0000000089d00000|100%| O|  |TAMS 0x0000000089c00000, 0x0000000089c00000| Untracked 
|  75|0x0000000089d00000, 0x0000000089e00000, 0x0000000089e00000|100%| O|  |TAMS 0x0000000089d00000, 0x0000000089d00000| Untracked 
|  76|0x0000000089e00000, 0x0000000089ec66e0, 0x0000000089f00000| 77%| O|  |TAMS 0x0000000089e00000, 0x0000000089e00000| Untracked 
|  77|0x0000000089f00000, 0x0000000089ffffe8, 0x000000008a000000| 99%| O|  |TAMS 0x0000000089f00000, 0x0000000089f00000| Untracked 
|  78|0x000000008a000000, 0x000000008a100000, 0x000000008a100000|100%| O|  |TAMS 0x000000008a000000, 0x000000008a000000| Untracked 
|  79|0x000000008a100000, 0x000000008a10e128, 0x000000008a200000|  5%| O|  |TAMS 0x000000008a100000, 0x000000008a100000| Untracked 
|  80|0x000000008a200000, 0x000000008a2fff18, 0x000000008a300000| 99%| O|  |TAMS 0x000000008a200000, 0x000000008a200000| Untracked 
|  81|0x000000008a300000, 0x000000008a400000, 0x000000008a400000|100%| O|  |TAMS 0x000000008a300000, 0x000000008a300000| Untracked 
|  82|0x000000008a400000, 0x000000008a500000, 0x000000008a500000|100%| O|  |TAMS 0x000000008a400000, 0x000000008a400000| Untracked 
|  83|0x000000008a500000, 0x000000008a5ffff0, 0x000000008a600000| 99%| O|  |TAMS 0x000000008a500000, 0x000000008a500000| Untracked 
|  84|0x000000008a600000, 0x000000008a700000, 0x000000008a700000|100%| O|  |TAMS 0x000000008a600000, 0x000000008a600000| Untracked 
|  85|0x000000008a700000, 0x000000008a800000, 0x000000008a800000|100%| O|  |TAMS 0x000000008a700000, 0x000000008a700000| Untracked 
|  86|0x000000008a800000, 0x000000008a900000, 0x000000008a900000|100%| O|  |TAMS 0x000000008a800000, 0x000000008a800000| Untracked 
|  87|0x000000008a900000, 0x000000008aa00000, 0x000000008aa00000|100%| O|  |TAMS 0x000000008a900000, 0x000000008a900000| Untracked 
|  88|0x000000008aa00000, 0x000000008ab00000, 0x000000008ab00000|100%| O|  |TAMS 0x000000008aa00000, 0x000000008aa00000| Untracked 
|  89|0x000000008ab00000, 0x000000008abfffe0, 0x000000008ac00000| 99%| O|  |TAMS 0x000000008ab00000, 0x000000008ab00000| Untracked 
|  90|0x000000008ac00000, 0x000000008ad00000, 0x000000008ad00000|100%| O|  |TAMS 0x000000008ac00000, 0x000000008ac00000| Untracked 
|  91|0x000000008ad00000, 0x000000008adfffe8, 0x000000008ae00000| 99%| O|  |TAMS 0x000000008ad00000, 0x000000008ad00000| Untracked 
|  92|0x000000008ae00000, 0x000000008af00000, 0x000000008af00000|100%| O|  |TAMS 0x000000008ae00000, 0x000000008ae00000| Untracked 
|  93|0x000000008af00000, 0x000000008afffff0, 0x000000008b000000| 99%| O|  |TAMS 0x000000008af00000, 0x000000008af00000| Untracked 
|  94|0x000000008b000000, 0x000000008b100000, 0x000000008b100000|100%| O|  |TAMS 0x000000008b000000, 0x000000008b000000| Untracked 
|  95|0x000000008b100000, 0x000000008b200000, 0x000000008b200000|100%| O|  |TAMS 0x000000008b100000, 0x000000008b100000| Untracked 
|  96|0x000000008b200000, 0x000000008b2fffe8, 0x000000008b300000| 99%| O|  |TAMS 0x000000008b200000, 0x000000008b200000| Untracked 
|  97|0x000000008b300000, 0x000000008b400000, 0x000000008b400000|100%| O|  |TAMS 0x000000008b300000, 0x000000008b300000| Untracked 
|  98|0x000000008b400000, 0x000000008b4fffd0, 0x000000008b500000| 99%| O|  |TAMS 0x000000008b400000, 0x000000008b400000| Untracked 
|  99|0x000000008b500000, 0x000000008b600000, 0x000000008b600000|100%| O|  |TAMS 0x000000008b500000, 0x000000008b500000| Untracked 
| 100|0x000000008b600000, 0x000000008b700000, 0x000000008b700000|100%| O|  |TAMS 0x000000008b600000, 0x000000008b600000| Untracked 
| 101|0x000000008b700000, 0x000000008b73a620, 0x000000008b800000| 22%| O|  |TAMS 0x000000008b700000, 0x000000008b700000| Untracked 
| 102|0x000000008b800000, 0x000000008b900000, 0x000000008b900000|100%| O|  |TAMS 0x000000008b800000, 0x000000008b800000| Untracked 
| 103|0x000000008b900000, 0x000000008b9fffb8, 0x000000008ba00000| 99%| O|  |TAMS 0x000000008b900000, 0x000000008b900000| Untracked 
| 104|0x000000008ba00000, 0x000000008baffff0, 0x000000008bb00000| 99%| O|  |TAMS 0x000000008ba00000, 0x000000008ba00000| Untracked 
| 105|0x000000008bb00000, 0x000000008bbc4618, 0x000000008bc00000| 76%| O|  |TAMS 0x000000008bb00000, 0x000000008bb00000| Untracked 
| 106|0x000000008bc00000, 0x000000008bd00000, 0x000000008bd00000|100%| O|  |TAMS 0x000000008bc00000, 0x000000008bc00000| Untracked 
| 107|0x000000008bd00000, 0x000000008be00000, 0x000000008be00000|100%| O|  |TAMS 0x000000008bd00000, 0x000000008bd00000| Untracked 
| 108|0x000000008be00000, 0x000000008be68c40, 0x000000008bf00000| 40%| O|  |TAMS 0x000000008be00000, 0x000000008be00000| Untracked 
| 109|0x000000008bf00000, 0x000000008c000000, 0x000000008c000000|100%| O|  |TAMS 0x000000008bf00000, 0x000000008bf00000| Untracked 
| 110|0x000000008c000000, 0x000000008c100000, 0x000000008c100000|100%| O|  |TAMS 0x000000008c000000, 0x000000008c000000| Untracked 
| 111|0x000000008c100000, 0x000000008c200000, 0x000000008c200000|100%| O|  |TAMS 0x000000008c100000, 0x000000008c100000| Untracked 
| 112|0x000000008c200000, 0x000000008c300000, 0x000000008c300000|100%| O|  |TAMS 0x000000008c200000, 0x000000008c200000| Untracked 
| 113|0x000000008c300000, 0x000000008c400000, 0x000000008c400000|100%| O|  |TAMS 0x000000008c300000, 0x000000008c300000| Untracked 
| 114|0x000000008c400000, 0x000000008c500000, 0x000000008c500000|100%| O|  |TAMS 0x000000008c400000, 0x000000008c400000| Untracked 
| 115|0x000000008c500000, 0x000000008c600000, 0x000000008c600000|100%| O|  |TAMS 0x000000008c500000, 0x000000008c500000| Untracked 
| 116|0x000000008c600000, 0x000000008c700000, 0x000000008c700000|100%| O|  |TAMS 0x000000008c600000, 0x000000008c600000| Untracked 
| 117|0x000000008c700000, 0x000000008c800000, 0x000000008c800000|100%| O|  |TAMS 0x000000008c700000, 0x000000008c700000| Untracked 
| 118|0x000000008c800000, 0x000000008c900000, 0x000000008c900000|100%| O|  |TAMS 0x000000008c800000, 0x000000008c800000| Untracked 
| 119|0x000000008c900000, 0x000000008ca00000, 0x000000008ca00000|100%| O|  |TAMS 0x000000008c900000, 0x000000008c900000| Untracked 
| 120|0x000000008ca00000, 0x000000008cb00000, 0x000000008cb00000|100%| O|  |TAMS 0x000000008ca00000, 0x000000008ca00000| Untracked 
| 121|0x000000008cb00000, 0x000000008cc00000, 0x000000008cc00000|100%| O|  |TAMS 0x000000008cb00000, 0x000000008cb00000| Untracked 
| 122|0x000000008cc00000, 0x000000008cc069d0, 0x000000008cd00000|  2%| O|  |TAMS 0x000000008cc00000, 0x000000008cc00000| Untracked 
| 123|0x000000008cd00000, 0x000000008ce00000, 0x000000008ce00000|100%| O|  |TAMS 0x000000008cd00000, 0x000000008cd00000| Untracked 
| 124|0x000000008ce00000, 0x000000008cf00000, 0x000000008cf00000|100%| O|  |TAMS 0x000000008ce00000, 0x000000008ce00000| Untracked 
| 125|0x000000008cf00000, 0x000000008d000000, 0x000000008d000000|100%| O|  |TAMS 0x000000008cf00000, 0x000000008cf00000| Untracked 
| 126|0x000000008d000000, 0x000000008d100000, 0x000000008d100000|100%| O|  |TAMS 0x000000008d100000, 0x000000008d000000| Untracked 
| 127|0x000000008d100000, 0x000000008d200000, 0x000000008d200000|100%| O|  |TAMS 0x000000008d100000, 0x000000008d100000| Untracked 
| 128|0x000000008d200000, 0x000000008d300000, 0x000000008d300000|100%| O|  |TAMS 0x000000008d200000, 0x000000008d200000| Untracked 
| 129|0x000000008d300000, 0x000000008d400000, 0x000000008d400000|100%| O|  |TAMS 0x000000008d300000, 0x000000008d300000| Untracked 
| 130|0x000000008d400000, 0x000000008d500000, 0x000000008d500000|100%| O|  |TAMS 0x000000008d500000, 0x000000008d400000| Untracked 
| 131|0x000000008d500000, 0x000000008d600000, 0x000000008d600000|100%| O|  |TAMS 0x000000008d600000, 0x000000008d500000| Untracked 
| 132|0x000000008d600000, 0x000000008d700000, 0x000000008d700000|100%| O|  |TAMS 0x000000008d700000, 0x000000008d600000| Untracked 
| 133|0x000000008d700000, 0x000000008d800000, 0x000000008d800000|100%| O|  |TAMS 0x000000008d800000, 0x000000008d700000| Untracked 
| 134|0x000000008d800000, 0x000000008d900000, 0x000000008d900000|100%| O|  |TAMS 0x000000008d900000, 0x000000008d800000| Untracked 
| 135|0x000000008d900000, 0x000000008da00000, 0x000000008da00000|100%| O|  |TAMS 0x000000008da00000, 0x000000008d900000| Untracked 
| 136|0x000000008da00000, 0x000000008db00000, 0x000000008db00000|100%| O|  |TAMS 0x000000008db00000, 0x000000008da00000| Untracked 
| 137|0x000000008db00000, 0x000000008dc00000, 0x000000008dc00000|100%| O|  |TAMS 0x000000008dc00000, 0x000000008db00000| Untracked 
| 138|0x000000008dc00000, 0x000000008dd00000, 0x000000008dd00000|100%| O|  |TAMS 0x000000008dd00000, 0x000000008dc00000| Untracked 
| 139|0x000000008dd00000, 0x000000008de00000, 0x000000008de00000|100%| O|  |TAMS 0x000000008de00000, 0x000000008dd00000| Untracked 
| 140|0x000000008de00000, 0x000000008df00000, 0x000000008df00000|100%| O|  |TAMS 0x000000008de00000, 0x000000008de00000| Untracked 
| 141|0x000000008df00000, 0x000000008e000000, 0x000000008e000000|100%| O|  |TAMS 0x000000008e000000, 0x000000008df00000| Untracked 
| 142|0x000000008e000000, 0x000000008e100000, 0x000000008e100000|100%| O|  |TAMS 0x000000008e100000, 0x000000008e000000| Untracked 
| 143|0x000000008e100000, 0x000000008e200000, 0x000000008e200000|100%| O|  |TAMS 0x000000008e200000, 0x000000008e100000| Untracked 
| 144|0x000000008e200000, 0x000000008e300000, 0x000000008e300000|100%| O|  |TAMS 0x000000008e300000, 0x000000008e200000| Untracked 
| 145|0x000000008e300000, 0x000000008e400000, 0x000000008e400000|100%| O|  |TAMS 0x000000008e400000, 0x000000008e300000| Untracked 
| 146|0x000000008e400000, 0x000000008e500000, 0x000000008e500000|100%| O|  |TAMS 0x000000008e400000, 0x000000008e400000| Untracked 
| 147|0x000000008e500000, 0x000000008e600000, 0x000000008e600000|100%| O|  |TAMS 0x000000008e500000, 0x000000008e500000| Untracked 
| 148|0x000000008e600000, 0x000000008e700000, 0x000000008e700000|100%| O|  |TAMS 0x000000008e600000, 0x000000008e600000| Untracked 
| 149|0x000000008e700000, 0x000000008e800000, 0x000000008e800000|100%| O|  |TAMS 0x000000008e700000, 0x000000008e700000| Untracked 
| 150|0x000000008e800000, 0x000000008e900000, 0x000000008e900000|100%| O|  |TAMS 0x000000008e800000, 0x000000008e800000| Untracked 
| 151|0x000000008e900000, 0x000000008ea00000, 0x000000008ea00000|100%| O|  |TAMS 0x000000008e900000, 0x000000008e900000| Untracked 
| 152|0x000000008ea00000, 0x000000008eb00000, 0x000000008eb00000|100%| O|  |TAMS 0x000000008ea00000, 0x000000008ea00000| Untracked 
| 153|0x000000008eb00000, 0x000000008ec00000, 0x000000008ec00000|100%| O|  |TAMS 0x000000008eb00000, 0x000000008eb00000| Untracked 
| 154|0x000000008ec00000, 0x000000008ed00000, 0x000000008ed00000|100%| O|  |TAMS 0x000000008ec00000, 0x000000008ec00000| Untracked 
| 155|0x000000008ed00000, 0x000000008ee00000, 0x000000008ee00000|100%| O|  |TAMS 0x000000008ed00000, 0x000000008ed00000| Untracked 
| 156|0x000000008ee00000, 0x000000008ef00000, 0x000000008ef00000|100%| O|  |TAMS 0x000000008ee00000, 0x000000008ee00000| Untracked 
| 157|0x000000008ef00000, 0x000000008f000000, 0x000000008f000000|100%| O|  |TAMS 0x000000008ef00000, 0x000000008ef00000| Untracked 
| 158|0x000000008f000000, 0x000000008f100000, 0x000000008f100000|100%| O|  |TAMS 0x000000008f000000, 0x000000008f000000| Untracked 
| 159|0x000000008f100000, 0x000000008f200000, 0x000000008f200000|100%| O|  |TAMS 0x000000008f100000, 0x000000008f100000| Untracked 
| 160|0x000000008f200000, 0x000000008f300000, 0x000000008f300000|100%| O|  |TAMS 0x000000008f200000, 0x000000008f200000| Untracked 
| 161|0x000000008f300000, 0x000000008f400000, 0x000000008f400000|100%| O|  |TAMS 0x000000008f300000, 0x000000008f300000| Untracked 
| 162|0x000000008f400000, 0x000000008f500000, 0x000000008f500000|100%| O|  |TAMS 0x000000008f400000, 0x000000008f400000| Untracked 
| 163|0x000000008f500000, 0x000000008f600000, 0x000000008f600000|100%| O|  |TAMS 0x000000008f500000, 0x000000008f500000| Untracked 
| 164|0x000000008f600000, 0x000000008f700000, 0x000000008f700000|100%| O|  |TAMS 0x000000008f600000, 0x000000008f600000| Untracked 
| 165|0x000000008f700000, 0x000000008f800000, 0x000000008f800000|100%| O|  |TAMS 0x000000008f700000, 0x000000008f700000| Untracked 
| 166|0x000000008f800000, 0x000000008f822600, 0x000000008f900000| 13%| O|  |TAMS 0x000000008f800000, 0x000000008f800000| Untracked 
| 167|0x000000008f900000, 0x000000008f900000, 0x000000008fa00000|  0%| F|  |TAMS 0x000000008f900000, 0x000000008f900000| Untracked 
| 168|0x000000008fa00000, 0x000000008fa00000, 0x000000008fb00000|  0%| F|  |TAMS 0x000000008fa00000, 0x000000008fa00000| Untracked 
| 169|0x000000008fb00000, 0x000000008fb00000, 0x000000008fc00000|  0%| F|  |TAMS 0x000000008fb00000, 0x000000008fb00000| Untracked 
| 170|0x000000008fc00000, 0x000000008fc00000, 0x000000008fd00000|  0%| F|  |TAMS 0x000000008fc00000, 0x000000008fc00000| Untracked 
| 171|0x000000008fd00000, 0x000000008fd00000, 0x000000008fe00000|  0%| F|  |TAMS 0x000000008fd00000, 0x000000008fd00000| Untracked 
| 172|0x000000008fe00000, 0x000000008fe00000, 0x000000008ff00000|  0%| F|  |TAMS 0x000000008fe00000, 0x000000008fe00000| Untracked 
| 173|0x000000008ff00000, 0x000000008ff00000, 0x0000000090000000|  0%| F|  |TAMS 0x000000008ff00000, 0x000000008ff00000| Untracked 
| 174|0x0000000090000000, 0x0000000090000000, 0x0000000090100000|  0%| F|  |TAMS 0x0000000090000000, 0x0000000090000000| Untracked 
| 175|0x0000000090100000, 0x0000000090100000, 0x0000000090200000|  0%| F|  |TAMS 0x0000000090100000, 0x0000000090100000| Untracked 
| 176|0x0000000090200000, 0x0000000090200000, 0x0000000090300000|  0%| F|  |TAMS 0x0000000090200000, 0x0000000090200000| Untracked 
| 177|0x0000000090300000, 0x0000000090300000, 0x0000000090400000|  0%| F|  |TAMS 0x0000000090300000, 0x0000000090300000| Untracked 
| 178|0x0000000090400000, 0x0000000090400000, 0x0000000090500000|  0%| F|  |TAMS 0x0000000090400000, 0x0000000090400000| Untracked 
| 179|0x0000000090500000, 0x0000000090500000, 0x0000000090600000|  0%| F|  |TAMS 0x0000000090500000, 0x0000000090500000| Untracked 
| 180|0x0000000090600000, 0x0000000090600000, 0x0000000090700000|  0%| F|  |TAMS 0x0000000090600000, 0x0000000090600000| Untracked 
| 181|0x0000000090700000, 0x0000000090700000, 0x0000000090800000|  0%| F|  |TAMS 0x0000000090700000, 0x0000000090700000| Untracked 
| 182|0x0000000090800000, 0x0000000090800000, 0x0000000090900000|  0%| F|  |TAMS 0x0000000090800000, 0x0000000090800000| Untracked 
| 183|0x0000000090900000, 0x0000000090900000, 0x0000000090a00000|  0%| F|  |TAMS 0x0000000090900000, 0x0000000090900000| Untracked 
| 184|0x0000000090a00000, 0x0000000090a00000, 0x0000000090b00000|  0%| F|  |TAMS 0x0000000090a00000, 0x0000000090a00000| Untracked 
| 185|0x0000000090b00000, 0x0000000090b00000, 0x0000000090c00000|  0%| F|  |TAMS 0x0000000090b00000, 0x0000000090b00000| Untracked 
| 186|0x0000000090c00000, 0x0000000090c00000, 0x0000000090d00000|  0%| F|  |TAMS 0x0000000090c00000, 0x0000000090c00000| Untracked 
| 187|0x0000000090d00000, 0x0000000090d00000, 0x0000000090e00000|  0%| F|  |TAMS 0x0000000090d00000, 0x0000000090d00000| Untracked 
| 188|0x0000000090e00000, 0x0000000090e00000, 0x0000000090f00000|  0%| F|  |TAMS 0x0000000090e00000, 0x0000000090e00000| Untracked 
| 189|0x0000000090f00000, 0x0000000090f00000, 0x0000000091000000|  0%| F|  |TAMS 0x0000000090f00000, 0x0000000090f00000| Untracked 
| 190|0x0000000091000000, 0x0000000091000000, 0x0000000091100000|  0%| F|  |TAMS 0x0000000091000000, 0x0000000091000000| Untracked 
| 191|0x0000000091100000, 0x0000000091100000, 0x0000000091200000|  0%| F|  |TAMS 0x0000000091100000, 0x0000000091100000| Untracked 
| 192|0x0000000091200000, 0x0000000091200000, 0x0000000091300000|  0%| F|  |TAMS 0x0000000091200000, 0x0000000091200000| Untracked 
| 193|0x0000000091300000, 0x0000000091300000, 0x0000000091400000|  0%| F|  |TAMS 0x0000000091300000, 0x0000000091300000| Untracked 
| 194|0x0000000091400000, 0x0000000091400000, 0x0000000091500000|  0%| F|  |TAMS 0x0000000091400000, 0x0000000091400000| Untracked 
| 195|0x0000000091500000, 0x0000000091500000, 0x0000000091600000|  0%| F|  |TAMS 0x0000000091500000, 0x0000000091500000| Untracked 
| 196|0x0000000091600000, 0x0000000091600000, 0x0000000091700000|  0%| F|  |TAMS 0x0000000091600000, 0x0000000091600000| Untracked 
| 197|0x0000000091700000, 0x0000000091700000, 0x0000000091800000|  0%| F|  |TAMS 0x0000000091700000, 0x0000000091700000| Untracked 
| 198|0x0000000091800000, 0x0000000091800000, 0x0000000091900000|  0%| F|  |TAMS 0x0000000091800000, 0x0000000091800000| Untracked 
| 199|0x0000000091900000, 0x0000000091900000, 0x0000000091a00000|  0%| F|  |TAMS 0x0000000091900000, 0x0000000091900000| Untracked 
| 200|0x0000000091a00000, 0x0000000091a00000, 0x0000000091b00000|  0%| F|  |TAMS 0x0000000091a00000, 0x0000000091a00000| Untracked 
| 201|0x0000000091b00000, 0x0000000091b00000, 0x0000000091c00000|  0%| F|  |TAMS 0x0000000091b00000, 0x0000000091b00000| Untracked 
| 202|0x0000000091c00000, 0x0000000091c00000, 0x0000000091d00000|  0%| F|  |TAMS 0x0000000091c00000, 0x0000000091c00000| Untracked 
| 203|0x0000000091d00000, 0x0000000091d00000, 0x0000000091e00000|  0%| F|  |TAMS 0x0000000091d00000, 0x0000000091d00000| Untracked 
| 204|0x0000000091e00000, 0x0000000091e00000, 0x0000000091f00000|  0%| F|  |TAMS 0x0000000091e00000, 0x0000000091e00000| Untracked 
| 205|0x0000000091f00000, 0x0000000091f00000, 0x0000000092000000|  0%| F|  |TAMS 0x0000000091f00000, 0x0000000091f00000| Untracked 
| 206|0x0000000092000000, 0x0000000092000000, 0x0000000092100000|  0%| F|  |TAMS 0x0000000092000000, 0x0000000092000000| Untracked 
| 207|0x0000000092100000, 0x00000000921c15f0, 0x0000000092200000| 75%| S|CS|TAMS 0x0000000092100000, 0x0000000092100000| Complete 
| 208|0x0000000092200000, 0x0000000092300000, 0x0000000092300000|100%| S|CS|TAMS 0x0000000092200000, 0x0000000092200000| Complete 
| 209|0x0000000092300000, 0x0000000092400000, 0x0000000092400000|100%| S|CS|TAMS 0x0000000092300000, 0x0000000092300000| Complete 
| 210|0x0000000092400000, 0x0000000092500000, 0x0000000092500000|100%| S|CS|TAMS 0x0000000092400000, 0x0000000092400000| Complete 
| 211|0x0000000092500000, 0x0000000092600000, 0x0000000092600000|100%| S|CS|TAMS 0x0000000092500000, 0x0000000092500000| Complete 
| 212|0x0000000092600000, 0x0000000092700000, 0x0000000092700000|100%| S|CS|TAMS 0x0000000092600000, 0x0000000092600000| Complete 
| 213|0x0000000092700000, 0x0000000092800000, 0x0000000092800000|100%| S|CS|TAMS 0x0000000092700000, 0x0000000092700000| Complete 
| 214|0x0000000092800000, 0x0000000092900000, 0x0000000092900000|100%| S|CS|TAMS 0x0000000092800000, 0x0000000092800000| Complete 
| 215|0x0000000092900000, 0x0000000092900000, 0x0000000092a00000|  0%| F|  |TAMS 0x0000000092900000, 0x0000000092900000| Untracked 
| 216|0x0000000092a00000, 0x0000000092a00000, 0x0000000092b00000|  0%| F|  |TAMS 0x0000000092a00000, 0x0000000092a00000| Untracked 
| 217|0x0000000092b00000, 0x0000000092b00000, 0x0000000092c00000|  0%| F|  |TAMS 0x0000000092b00000, 0x0000000092b00000| Untracked 
| 218|0x0000000092c00000, 0x0000000092c00000, 0x0000000092d00000|  0%| F|  |TAMS 0x0000000092c00000, 0x0000000092c00000| Untracked 
| 219|0x0000000092d00000, 0x0000000092d00000, 0x0000000092e00000|  0%| F|  |TAMS 0x0000000092d00000, 0x0000000092d00000| Untracked 
| 220|0x0000000092e00000, 0x0000000092e00000, 0x0000000092f00000|  0%| F|  |TAMS 0x0000000092e00000, 0x0000000092e00000| Untracked 
| 221|0x0000000092f00000, 0x0000000093000000, 0x0000000093000000|100%| S|CS|TAMS 0x0000000092f00000, 0x0000000092f00000| Complete 
| 222|0x0000000093000000, 0x0000000093100000, 0x0000000093100000|100%| S|CS|TAMS 0x0000000093000000, 0x0000000093000000| Complete 
| 223|0x0000000093100000, 0x0000000093200000, 0x0000000093200000|100%| S|CS|TAMS 0x0000000093100000, 0x0000000093100000| Complete 
| 224|0x0000000093200000, 0x0000000093300000, 0x0000000093300000|100%| S|CS|TAMS 0x0000000093200000, 0x0000000093200000| Complete 
| 225|0x0000000093300000, 0x0000000093400000, 0x0000000093400000|100%| S|CS|TAMS 0x0000000093300000, 0x0000000093300000| Complete 
| 226|0x0000000093400000, 0x0000000093400000, 0x0000000093500000|  0%| F|  |TAMS 0x0000000093400000, 0x0000000093400000| Untracked 
| 227|0x0000000093500000, 0x0000000093500000, 0x0000000093600000|  0%| F|  |TAMS 0x0000000093500000, 0x0000000093500000| Untracked 
| 228|0x0000000093600000, 0x0000000093600000, 0x0000000093700000|  0%| F|  |TAMS 0x0000000093600000, 0x0000000093600000| Untracked 
| 229|0x0000000093700000, 0x0000000093700000, 0x0000000093800000|  0%| F|  |TAMS 0x0000000093700000, 0x0000000093700000| Untracked 
| 230|0x0000000093800000, 0x0000000093800000, 0x0000000093900000|  0%| F|  |TAMS 0x0000000093800000, 0x0000000093800000| Untracked 
| 231|0x0000000093900000, 0x0000000093900000, 0x0000000093a00000|  0%| F|  |TAMS 0x0000000093900000, 0x0000000093900000| Untracked 
| 232|0x0000000093a00000, 0x0000000093a00000, 0x0000000093b00000|  0%| F|  |TAMS 0x0000000093a00000, 0x0000000093a00000| Untracked 
| 233|0x0000000093b00000, 0x0000000093b00000, 0x0000000093c00000|  0%| F|  |TAMS 0x0000000093b00000, 0x0000000093b00000| Untracked 
| 234|0x0000000093c00000, 0x0000000093c00000, 0x0000000093d00000|  0%| F|  |TAMS 0x0000000093c00000, 0x0000000093c00000| Untracked 
| 235|0x0000000093d00000, 0x0000000093d00000, 0x0000000093e00000|  0%| F|  |TAMS 0x0000000093d00000, 0x0000000093d00000| Untracked 
| 236|0x0000000093e00000, 0x0000000093e00000, 0x0000000093f00000|  0%| F|  |TAMS 0x0000000093e00000, 0x0000000093e00000| Untracked 
| 237|0x0000000093f00000, 0x0000000093f00000, 0x0000000094000000|  0%| F|  |TAMS 0x0000000093f00000, 0x0000000093f00000| Untracked 
| 238|0x0000000094000000, 0x0000000094000000, 0x0000000094100000|  0%| F|  |TAMS 0x0000000094000000, 0x0000000094000000| Untracked 
| 239|0x0000000094100000, 0x0000000094100000, 0x0000000094200000|  0%| F|  |TAMS 0x0000000094100000, 0x0000000094100000| Untracked 
| 240|0x0000000094200000, 0x0000000094200000, 0x0000000094300000|  0%| F|  |TAMS 0x0000000094200000, 0x0000000094200000| Untracked 
| 241|0x0000000094300000, 0x0000000094300000, 0x0000000094400000|  0%| F|  |TAMS 0x0000000094300000, 0x0000000094300000| Untracked 
| 242|0x0000000094400000, 0x0000000094400000, 0x0000000094500000|  0%| F|  |TAMS 0x0000000094400000, 0x0000000094400000| Untracked 
| 243|0x0000000094500000, 0x0000000094500000, 0x0000000094600000|  0%| F|  |TAMS 0x0000000094500000, 0x0000000094500000| Untracked 
| 244|0x0000000094600000, 0x0000000094600000, 0x0000000094700000|  0%| F|  |TAMS 0x0000000094600000, 0x0000000094600000| Untracked 
| 245|0x0000000094700000, 0x0000000094700000, 0x0000000094800000|  0%| F|  |TAMS 0x0000000094700000, 0x0000000094700000| Untracked 
| 246|0x0000000094800000, 0x0000000094800000, 0x0000000094900000|  0%| F|  |TAMS 0x0000000094800000, 0x0000000094800000| Untracked 
| 247|0x0000000094900000, 0x0000000094900000, 0x0000000094a00000|  0%| F|  |TAMS 0x0000000094900000, 0x0000000094900000| Untracked 
| 248|0x0000000094a00000, 0x0000000094a00000, 0x0000000094b00000|  0%| F|  |TAMS 0x0000000094a00000, 0x0000000094a00000| Untracked 
| 249|0x0000000094b00000, 0x0000000094b00000, 0x0000000094c00000|  0%| F|  |TAMS 0x0000000094b00000, 0x0000000094b00000| Untracked 
| 250|0x0000000094c00000, 0x0000000094c00000, 0x0000000094d00000|  0%| F|  |TAMS 0x0000000094c00000, 0x0000000094c00000| Untracked 
| 251|0x0000000094d00000, 0x0000000094d00000, 0x0000000094e00000|  0%| F|  |TAMS 0x0000000094d00000, 0x0000000094d00000| Untracked 
| 252|0x0000000094e00000, 0x0000000094e00000, 0x0000000094f00000|  0%| F|  |TAMS 0x0000000094e00000, 0x0000000094e00000| Untracked 
| 253|0x0000000094f00000, 0x0000000094f00000, 0x0000000095000000|  0%| F|  |TAMS 0x0000000094f00000, 0x0000000094f00000| Untracked 
| 254|0x0000000095000000, 0x0000000095000000, 0x0000000095100000|  0%| F|  |TAMS 0x0000000095000000, 0x0000000095000000| Untracked 
| 255|0x0000000095100000, 0x0000000095100000, 0x0000000095200000|  0%| F|  |TAMS 0x0000000095100000, 0x0000000095100000| Untracked 
| 256|0x0000000095200000, 0x0000000095200000, 0x0000000095300000|  0%| F|  |TAMS 0x0000000095200000, 0x0000000095200000| Untracked 
| 257|0x0000000095300000, 0x0000000095300000, 0x0000000095400000|  0%| F|  |TAMS 0x0000000095300000, 0x0000000095300000| Untracked 
| 258|0x0000000095400000, 0x0000000095400000, 0x0000000095500000|  0%| F|  |TAMS 0x0000000095400000, 0x0000000095400000| Untracked 
| 259|0x0000000095500000, 0x0000000095500000, 0x0000000095600000|  0%| F|  |TAMS 0x0000000095500000, 0x0000000095500000| Untracked 
| 260|0x0000000095600000, 0x0000000095600000, 0x0000000095700000|  0%| F|  |TAMS 0x0000000095600000, 0x0000000095600000| Untracked 
| 261|0x0000000095700000, 0x0000000095700000, 0x0000000095800000|  0%| F|  |TAMS 0x0000000095700000, 0x0000000095700000| Untracked 
| 262|0x0000000095800000, 0x0000000095800000, 0x0000000095900000|  0%| F|  |TAMS 0x0000000095800000, 0x0000000095800000| Untracked 
| 263|0x0000000095900000, 0x0000000095900000, 0x0000000095a00000|  0%| F|  |TAMS 0x0000000095900000, 0x0000000095900000| Untracked 
| 264|0x0000000095a00000, 0x0000000095a00000, 0x0000000095b00000|  0%| F|  |TAMS 0x0000000095a00000, 0x0000000095a00000| Untracked 
| 265|0x0000000095b00000, 0x0000000095b00000, 0x0000000095c00000|  0%| F|  |TAMS 0x0000000095b00000, 0x0000000095b00000| Untracked 
| 266|0x0000000095c00000, 0x0000000095c00000, 0x0000000095d00000|  0%| F|  |TAMS 0x0000000095c00000, 0x0000000095c00000| Untracked 
| 267|0x0000000095d00000, 0x0000000095d00000, 0x0000000095e00000|  0%| F|  |TAMS 0x0000000095d00000, 0x0000000095d00000| Untracked 
| 268|0x0000000095e00000, 0x0000000095e00000, 0x0000000095f00000|  0%| F|  |TAMS 0x0000000095e00000, 0x0000000095e00000| Untracked 
| 269|0x0000000095f00000, 0x0000000095f00000, 0x0000000096000000|  0%| F|  |TAMS 0x0000000095f00000, 0x0000000095f00000| Untracked 
| 270|0x0000000096000000, 0x0000000096000000, 0x0000000096100000|  0%| F|  |TAMS 0x0000000096000000, 0x0000000096000000| Untracked 
| 271|0x0000000096100000, 0x0000000096100000, 0x0000000096200000|  0%| F|  |TAMS 0x0000000096100000, 0x0000000096100000| Untracked 
| 272|0x0000000096200000, 0x0000000096200000, 0x0000000096300000|  0%| F|  |TAMS 0x0000000096200000, 0x0000000096200000| Untracked 
| 273|0x0000000096300000, 0x0000000096300000, 0x0000000096400000|  0%| F|  |TAMS 0x0000000096300000, 0x0000000096300000| Untracked 
| 274|0x0000000096400000, 0x0000000096400000, 0x0000000096500000|  0%| F|  |TAMS 0x0000000096400000, 0x0000000096400000| Untracked 
| 275|0x0000000096500000, 0x0000000096500000, 0x0000000096600000|  0%| F|  |TAMS 0x0000000096500000, 0x0000000096500000| Untracked 
| 276|0x0000000096600000, 0x0000000096600000, 0x0000000096700000|  0%| F|  |TAMS 0x0000000096600000, 0x0000000096600000| Untracked 
| 277|0x0000000096700000, 0x0000000096700000, 0x0000000096800000|  0%| F|  |TAMS 0x0000000096700000, 0x0000000096700000| Untracked 
| 278|0x0000000096800000, 0x0000000096800000, 0x0000000096900000|  0%| F|  |TAMS 0x0000000096800000, 0x0000000096800000| Untracked 
| 279|0x0000000096900000, 0x0000000096900000, 0x0000000096a00000|  0%| F|  |TAMS 0x0000000096900000, 0x0000000096900000| Untracked 
| 280|0x0000000096a00000, 0x0000000096a00000, 0x0000000096b00000|  0%| F|  |TAMS 0x0000000096a00000, 0x0000000096a00000| Untracked 
| 281|0x0000000096b00000, 0x0000000096b00000, 0x0000000096c00000|  0%| F|  |TAMS 0x0000000096b00000, 0x0000000096b00000| Untracked 
| 282|0x0000000096c00000, 0x0000000096c00000, 0x0000000096d00000|  0%| F|  |TAMS 0x0000000096c00000, 0x0000000096c00000| Untracked 
| 283|0x0000000096d00000, 0x0000000096d00000, 0x0000000096e00000|  0%| F|  |TAMS 0x0000000096d00000, 0x0000000096d00000| Untracked 
| 284|0x0000000096e00000, 0x0000000096e00000, 0x0000000096f00000|  0%| F|  |TAMS 0x0000000096e00000, 0x0000000096e00000| Untracked 
| 285|0x0000000096f00000, 0x0000000096f00000, 0x0000000097000000|  0%| F|  |TAMS 0x0000000096f00000, 0x0000000096f00000| Untracked 
| 286|0x0000000097000000, 0x0000000097000000, 0x0000000097100000|  0%| F|  |TAMS 0x0000000097000000, 0x0000000097000000| Untracked 
| 287|0x0000000097100000, 0x0000000097100000, 0x0000000097200000|  0%| F|  |TAMS 0x0000000097100000, 0x0000000097100000| Untracked 
| 288|0x0000000097200000, 0x0000000097200000, 0x0000000097300000|  0%| F|  |TAMS 0x0000000097200000, 0x0000000097200000| Untracked 
| 289|0x0000000097300000, 0x0000000097300000, 0x0000000097400000|  0%| F|  |TAMS 0x0000000097300000, 0x0000000097300000| Untracked 
| 290|0x0000000097400000, 0x0000000097400000, 0x0000000097500000|  0%| F|  |TAMS 0x0000000097400000, 0x0000000097400000| Untracked 
| 291|0x0000000097500000, 0x0000000097500000, 0x0000000097600000|  0%| F|  |TAMS 0x0000000097500000, 0x0000000097500000| Untracked 
| 292|0x0000000097600000, 0x0000000097600000, 0x0000000097700000|  0%| F|  |TAMS 0x0000000097600000, 0x0000000097600000| Untracked 
| 293|0x0000000097700000, 0x0000000097700000, 0x0000000097800000|  0%| F|  |TAMS 0x0000000097700000, 0x0000000097700000| Untracked 
| 294|0x0000000097800000, 0x0000000097800000, 0x0000000097900000|  0%| F|  |TAMS 0x0000000097800000, 0x0000000097800000| Untracked 
| 295|0x0000000097900000, 0x0000000097900000, 0x0000000097a00000|  0%| F|  |TAMS 0x0000000097900000, 0x0000000097900000| Untracked 
| 296|0x0000000097a00000, 0x0000000097a00000, 0x0000000097b00000|  0%| F|  |TAMS 0x0000000097a00000, 0x0000000097a00000| Untracked 
| 297|0x0000000097b00000, 0x0000000097b00000, 0x0000000097c00000|  0%| F|  |TAMS 0x0000000097b00000, 0x0000000097b00000| Untracked 
| 298|0x0000000097c00000, 0x0000000097c00000, 0x0000000097d00000|  0%| F|  |TAMS 0x0000000097c00000, 0x0000000097c00000| Untracked 
| 299|0x0000000097d00000, 0x0000000097d00000, 0x0000000097e00000|  0%| F|  |TAMS 0x0000000097d00000, 0x0000000097d00000| Untracked 
| 300|0x0000000097e00000, 0x0000000097e00000, 0x0000000097f00000|  0%| F|  |TAMS 0x0000000097e00000, 0x0000000097e00000| Untracked 
| 301|0x0000000097f00000, 0x0000000097f00000, 0x0000000098000000|  0%| F|  |TAMS 0x0000000097f00000, 0x0000000097f00000| Untracked 
| 302|0x0000000098000000, 0x0000000098000000, 0x0000000098100000|  0%| F|  |TAMS 0x0000000098000000, 0x0000000098000000| Untracked 
| 303|0x0000000098100000, 0x0000000098100000, 0x0000000098200000|  0%| F|  |TAMS 0x0000000098100000, 0x0000000098100000| Untracked 
| 304|0x0000000098200000, 0x0000000098200000, 0x0000000098300000|  0%| F|  |TAMS 0x0000000098200000, 0x0000000098200000| Untracked 
| 305|0x0000000098300000, 0x0000000098300000, 0x0000000098400000|  0%| F|  |TAMS 0x0000000098300000, 0x0000000098300000| Untracked 
| 306|0x0000000098400000, 0x0000000098400000, 0x0000000098500000|  0%| F|  |TAMS 0x0000000098400000, 0x0000000098400000| Untracked 
| 307|0x0000000098500000, 0x0000000098500000, 0x0000000098600000|  0%| F|  |TAMS 0x0000000098500000, 0x0000000098500000| Untracked 
| 308|0x0000000098600000, 0x0000000098600000, 0x0000000098700000|  0%| F|  |TAMS 0x0000000098600000, 0x0000000098600000| Untracked 
| 309|0x0000000098700000, 0x0000000098700000, 0x0000000098800000|  0%| F|  |TAMS 0x0000000098700000, 0x0000000098700000| Untracked 
| 310|0x0000000098800000, 0x0000000098800000, 0x0000000098900000|  0%| F|  |TAMS 0x0000000098800000, 0x0000000098800000| Untracked 
| 311|0x0000000098900000, 0x0000000098900000, 0x0000000098a00000|  0%| F|  |TAMS 0x0000000098900000, 0x0000000098900000| Untracked 
| 312|0x0000000098a00000, 0x0000000098a00000, 0x0000000098b00000|  0%| F|  |TAMS 0x0000000098a00000, 0x0000000098a00000| Untracked 
| 313|0x0000000098b00000, 0x0000000098b00000, 0x0000000098c00000|  0%| F|  |TAMS 0x0000000098b00000, 0x0000000098b00000| Untracked 
| 314|0x0000000098c00000, 0x0000000098c00000, 0x0000000098d00000|  0%| F|  |TAMS 0x0000000098c00000, 0x0000000098c00000| Untracked 
| 315|0x0000000098d00000, 0x0000000098d00000, 0x0000000098e00000|  0%| F|  |TAMS 0x0000000098d00000, 0x0000000098d00000| Untracked 
| 316|0x0000000098e00000, 0x0000000098e00000, 0x0000000098f00000|  0%| F|  |TAMS 0x0000000098e00000, 0x0000000098e00000| Untracked 
| 317|0x0000000098f00000, 0x0000000098f00000, 0x0000000099000000|  0%| F|  |TAMS 0x0000000098f00000, 0x0000000098f00000| Untracked 
| 318|0x0000000099000000, 0x0000000099000000, 0x0000000099100000|  0%| F|  |TAMS 0x0000000099000000, 0x0000000099000000| Untracked 
| 319|0x0000000099100000, 0x0000000099100000, 0x0000000099200000|  0%| F|  |TAMS 0x0000000099100000, 0x0000000099100000| Untracked 
| 320|0x0000000099200000, 0x0000000099200000, 0x0000000099300000|  0%| F|  |TAMS 0x0000000099200000, 0x0000000099200000| Untracked 
| 321|0x0000000099300000, 0x0000000099300000, 0x0000000099400000|  0%| F|  |TAMS 0x0000000099300000, 0x0000000099300000| Untracked 
| 322|0x0000000099400000, 0x0000000099400000, 0x0000000099500000|  0%| F|  |TAMS 0x0000000099400000, 0x0000000099400000| Untracked 
| 323|0x0000000099500000, 0x0000000099500000, 0x0000000099600000|  0%| F|  |TAMS 0x0000000099500000, 0x0000000099500000| Untracked 
| 324|0x0000000099600000, 0x0000000099600000, 0x0000000099700000|  0%| F|  |TAMS 0x0000000099600000, 0x0000000099600000| Untracked 
| 325|0x0000000099700000, 0x0000000099700000, 0x0000000099800000|  0%| F|  |TAMS 0x0000000099700000, 0x0000000099700000| Untracked 
| 326|0x0000000099800000, 0x0000000099800000, 0x0000000099900000|  0%| F|  |TAMS 0x0000000099800000, 0x0000000099800000| Untracked 
| 327|0x0000000099900000, 0x0000000099900000, 0x0000000099a00000|  0%| F|  |TAMS 0x0000000099900000, 0x0000000099900000| Untracked 
| 328|0x0000000099a00000, 0x0000000099a00000, 0x0000000099b00000|  0%| F|  |TAMS 0x0000000099a00000, 0x0000000099a00000| Untracked 
| 329|0x0000000099b00000, 0x0000000099b00000, 0x0000000099c00000|  0%| F|  |TAMS 0x0000000099b00000, 0x0000000099b00000| Untracked 
| 330|0x0000000099c00000, 0x0000000099c00000, 0x0000000099d00000|  0%| F|  |TAMS 0x0000000099c00000, 0x0000000099c00000| Untracked 
| 331|0x0000000099d00000, 0x0000000099d00000, 0x0000000099e00000|  0%| F|  |TAMS 0x0000000099d00000, 0x0000000099d00000| Untracked 
| 332|0x0000000099e00000, 0x0000000099e00000, 0x0000000099f00000|  0%| F|  |TAMS 0x0000000099e00000, 0x0000000099e00000| Untracked 
| 333|0x0000000099f00000, 0x0000000099f00000, 0x000000009a000000|  0%| F|  |TAMS 0x0000000099f00000, 0x0000000099f00000| Untracked 
| 334|0x000000009a000000, 0x000000009a000000, 0x000000009a100000|  0%| F|  |TAMS 0x000000009a000000, 0x000000009a000000| Untracked 
| 335|0x000000009a100000, 0x000000009a100000, 0x000000009a200000|  0%| F|  |TAMS 0x000000009a100000, 0x000000009a100000| Untracked 
| 336|0x000000009a200000, 0x000000009a200000, 0x000000009a300000|  0%| F|  |TAMS 0x000000009a200000, 0x000000009a200000| Untracked 
| 337|0x000000009a300000, 0x000000009a300000, 0x000000009a400000|  0%| F|  |TAMS 0x000000009a300000, 0x000000009a300000| Untracked 
| 338|0x000000009a400000, 0x000000009a400000, 0x000000009a500000|  0%| F|  |TAMS 0x000000009a400000, 0x000000009a400000| Untracked 
| 339|0x000000009a500000, 0x000000009a500000, 0x000000009a600000|  0%| F|  |TAMS 0x000000009a500000, 0x000000009a500000| Untracked 

Card table byte_map: [0x0000021727ba0000,0x0000021727f80000] _byte_map_base: 0x0000021727777000

Marking Bits (Prev, Next): (CMBitMap*) 0x000002171cc50d80, (CMBitMap*) 0x000002171cc50d40
 Prev Bits: [0x000002172a220000, 0x000002172c0d8000)
 Next Bits: [0x0000021728360000, 0x000002172a218000)

Polling page: 0x000002171adb0000

Metaspace:

Usage:
  Non-class:    133.08 MB used.
      Class:     18.34 MB used.
       Both:    151.43 MB used.

Virtual space:
  Non-class space:      192.00 MB reserved,     133.50 MB ( 70%) committed,  3 nodes.
      Class space:        1.00 GB reserved,      18.75 MB (  2%) committed,  1 nodes.
             Both:        1.19 GB reserved,     152.25 MB ( 13%) committed. 

Chunk freelists:
   Non-Class:  10.38 MB
       Class:  13.25 MB
        Both:  23.62 MB

MaxMetaspaceSize: unlimited
CompressedClassSpaceSize: 1.00 GB
Initial GC threshold: 21.00 MB
Current GC threshold: 229.38 MB
CDS: on
MetaspaceReclaimPolicy: balanced
 - commit_granule_bytes: 65536.
 - commit_granule_words: 8192.
 - virtual_space_node_default_size: 8388608.
 - enlarge_chunks_in_place: 1.
 - new_chunks_are_fully_committed: 0.
 - uncommit_free_chunks: 1.
 - use_allocation_guard: 0.
 - handle_deallocations: 1.


Internal statistics:

num_allocs_failed_limit: 9.
num_arena_births: 2666.
num_arena_deaths: 1266.
num_vsnodes_births: 4.
num_vsnodes_deaths: 0.
num_space_committed: 2436.
num_space_uncommitted: 2.
num_chunks_returned_to_freelist: 1708.
num_chunks_taken_from_freelist: 10121.
num_chunk_merges: 584.
num_chunk_splits: 6244.
num_chunks_enlarged: 4202.
num_inconsistent_stats: 0.

CodeCache: size=49152Kb used=44224Kb max_used=44785Kb free=4927Kb
 bounds [0x0000021724490000, 0x0000021727060000, 0x0000021727490000]
 total_blobs=24830 nmethods=23972 adapters=779
 compilation: enabled
              stopped_count=0, restarted_count=0
 full_count=0

Compilation events (20 events):
Event: 1143.606 Thread 0x000002177daadf60 24450       1       org.springframework.aop.framework.autoproxy.AbstractAutoProxyCreator::customizeProxyFactory (1 bytes)
Event: 1143.606 Thread 0x000002177daadf60 nmethod 24450 0x0000021726e38510 code [0x0000021726e386a0, 0x0000021726e38758]
Event: 1143.606 Thread 0x000002177dab09e0 nmethod 24449 0x0000021726e37b90 code [0x0000021726e37dc0, 0x0000021726e38288]
Event: 1143.607 Thread 0x000002172ede1ba0 nmethod 24445 0x0000021726e35490 code [0x0000021726e35860, 0x0000021726e36e98]
Event: 1143.630 Thread 0x000002177daad4c0 24451       1       org.springframework.transaction.interceptor.TransactionAttributeSourcePointcut$TransactionAttributeSourceClassFilter::toString (18 bytes)
Event: 1143.630 Thread 0x000002172ede1ba0 24452       1       org.springframework.transaction.interceptor.TransactionAttributeSourcePointcut$TransactionAttributeSourceClassFilter::getTransactionAttributeSource (8 bytes)
Event: 1143.630 Thread 0x000002177daadf60 24453       1       org.springframework.transaction.interceptor.TransactionAttributeSourcePointcut::toString (20 bytes)
Event: 1143.630 Thread 0x000002172ede1ba0 nmethod 24452 0x0000021726e35190 code [0x0000021726e35320, 0x0000021726e353f8]
Event: 1143.631 Thread 0x000002177daad4c0 nmethod 24451 0x0000021726e34710 code [0x0000021726e34940, 0x0000021726e34d48]
Event: 1143.631 Thread 0x000002177daadf60 nmethod 24453 0x0000021726e33c90 code [0x0000021726e33ec0, 0x0000021726e342c8]
Event: 1143.695 Thread 0x000002172ede1ba0 24454   !   1       jdk.internal.reflect.GeneratedMethodAccessor209::invoke (68 bytes)
Event: 1143.696 Thread 0x000002172ede1ba0 nmethod 24454 0x0000021726e33390 code [0x0000021726e33580, 0x0000021726e339f8]
Event: 1143.721 Thread 0x000002177daadf60 24455       1       org.springframework.cglib.proxy.Enhancer::emitBindCallbacks (230 bytes)
Event: 1143.723 Thread 0x000002177daadf60 nmethod 24455 0x0000021726e30f10 code [0x0000021726e313e0, 0x0000021726e32418]
Event: 1143.802 Thread 0x000002172ede1ba0 24456       1       java.time.format.DateTimeFormatterBuilder::appendValue (134 bytes)
Event: 1143.802 Thread 0x000002172ede1ba0 nmethod 24456 0x0000021726e30810 code [0x0000021726e30a20, 0x0000021726e30d18]
Event: 1144.149 Thread 0x000002177dab09e0 24457       1       org.springframework.data.repository.util.QueryExecutionConverters$$Lambda$1840/0x0000021730b5faa8::apply (12 bytes)
Event: 1144.149 Thread 0x000002177dab09e0 nmethod 24457 0x0000021726e30490 code [0x0000021726e30620, 0x0000021726e30748]
Event: 1144.149 Thread 0x000002172ede1ba0 24458       1       org.springframework.data.repository.util.QueryExecutionConverters::lambda$supports$1 (55 bytes)
Event: 1144.150 Thread 0x000002172ede1ba0 nmethod 24458 0x0000021726e2fc90 code [0x0000021726e2fea0, 0x0000021726e30208]

GC Heap History (20 events):
Event: 1117.645 GC heap after
{Heap after GC invocations=73 (full 1):
 garbage-first heap   total 358400K, used 198123K [0x0000000085200000, 0x0000000100000000)
  region size 1024K, 6 young (6144K), 6 survivors (6144K)
 Metaspace       used 139934K, committed 140928K, reserved 1179648K
  class space    used 17818K, committed 18304K, reserved 1048576K
}
Event: 1119.425 GC heap before
{Heap before GC invocations=73 (full 1):
 garbage-first heap   total 358400K, used 209387K [0x0000000085200000, 0x0000000100000000)
  region size 1024K, 18 young (18432K), 6 survivors (6144K)
 Metaspace       used 139936K, committed 140928K, reserved 1179648K
  class space    used 17818K, committed 18304K, reserved 1048576K
}
Event: 1120.764 GC heap after
{Heap after GC invocations=74 (full 2):
 garbage-first heap   total 348160K, used 99065K [0x0000000085200000, 0x0000000100000000)
  region size 1024K, 0 young (0K), 0 survivors (0K)
 Metaspace       used 139409K, committed 140928K, reserved 1179648K
  class space    used 17724K, committed 18304K, reserved 1048576K
}
Event: 1126.375 GC heap before
{Heap before GC invocations=74 (full 2):
 garbage-first heap   total 348160K, used 283385K [0x0000000085200000, 0x0000000100000000)
  region size 1024K, 181 young (185344K), 0 survivors (0K)
 Metaspace       used 144827K, committed 145664K, reserved 1179648K
  class space    used 18088K, committed 18496K, reserved 1048576K
}
Event: 1126.422 GC heap after
{Heap after GC invocations=75 (full 2):
 garbage-first heap   total 348160K, used 113955K [0x0000000085200000, 0x0000000100000000)
  region size 1024K, 15 young (15360K), 15 survivors (15360K)
 Metaspace       used 144827K, committed 145664K, reserved 1179648K
  class space    used 18088K, committed 18496K, reserved 1048576K
}
Event: 1128.649 GC heap before
{Heap before GC invocations=75 (full 2):
 garbage-first heap   total 348160K, used 280867K [0x0000000085200000, 0x0000000100000000)
  region size 1024K, 178 young (182272K), 15 survivors (15360K)
 Metaspace       used 145080K, committed 145856K, reserved 1179648K
  class space    used 18132K, committed 18496K, reserved 1048576K
}
Event: 1128.694 GC heap after
{Heap after GC invocations=76 (full 2):
 garbage-first heap   total 348160K, used 125174K [0x0000000085200000, 0x0000000100000000)
  region size 1024K, 12 young (12288K), 12 survivors (12288K)
 Metaspace       used 145080K, committed 145856K, reserved 1179648K
  class space    used 18132K, committed 18496K, reserved 1048576K
}
Event: 1129.500 GC heap before
{Heap before GC invocations=76 (full 2):
 garbage-first heap   total 348160K, used 279798K [0x0000000085200000, 0x0000000100000000)
  region size 1024K, 163 young (166912K), 12 survivors (12288K)
 Metaspace       used 146099K, committed 146880K, reserved 1179648K
  class space    used 18251K, committed 18624K, reserved 1048576K
}
Event: 1129.514 GC heap after
{Heap after GC invocations=77 (full 2):
 garbage-first heap   total 348160K, used 126896K [0x0000000085200000, 0x0000000100000000)
  region size 1024K, 14 young (14336K), 14 survivors (14336K)
 Metaspace       used 146099K, committed 146880K, reserved 1179648K
  class space    used 18251K, committed 18624K, reserved 1048576K
}
Event: 1130.381 GC heap before
{Heap before GC invocations=77 (full 2):
 garbage-first heap   total 348160K, used 284592K [0x0000000085200000, 0x0000000100000000)
  region size 1024K, 168 young (172032K), 14 survivors (14336K)
 Metaspace       used 147118K, committed 147968K, reserved 1179648K
  class space    used 18363K, committed 18752K, reserved 1048576K
}
Event: 1130.417 GC heap after
{Heap after GC invocations=78 (full 2):
 garbage-first heap   total 348160K, used 131425K [0x0000000085200000, 0x0000000100000000)
  region size 1024K, 7 young (7168K), 7 survivors (7168K)
 Metaspace       used 147118K, committed 147968K, reserved 1179648K
  class space    used 18363K, committed 18752K, reserved 1048576K
}
Event: 1139.664 GC heap before
{Heap before GC invocations=78 (full 2):
 garbage-first heap   total 348160K, used 287073K [0x0000000085200000, 0x0000000100000000)
  region size 1024K, 159 young (162816K), 7 survivors (7168K)
 Metaspace       used 147663K, committed 148544K, reserved 1179648K
  class space    used 18395K, committed 18816K, reserved 1048576K
}
Event: 1139.690 GC heap after
{Heap after GC invocations=79 (full 2):
 garbage-first heap   total 348160K, used 149067K [0x0000000085200000, 0x0000000100000000)
  region size 1024K, 20 young (20480K), 20 survivors (20480K)
 Metaspace       used 147663K, committed 148544K, reserved 1179648K
  class space    used 18395K, committed 18816K, reserved 1048576K
}
Event: 1140.895 GC heap before
{Heap before GC invocations=79 (full 2):
 garbage-first heap   total 348160K, used 286283K [0x0000000085200000, 0x0000000100000000)
  region size 1024K, 154 young (157696K), 20 survivors (20480K)
 Metaspace       used 149122K, committed 149952K, reserved 1245184K
  class space    used 18479K, committed 18880K, reserved 1048576K
}
Event: 1140.930 GC heap after
{Heap after GC invocations=80 (full 2):
 garbage-first heap   total 348160K, used 158646K [0x0000000085200000, 0x0000000100000000)
  region size 1024K, 9 young (9216K), 9 survivors (9216K)
 Metaspace       used 149122K, committed 149952K, reserved 1245184K
  class space    used 18479K, committed 18880K, reserved 1048576K
}
Event: 1142.102 GC heap before
{Heap before GC invocations=80 (full 2):
 garbage-first heap   total 348160K, used 286646K [0x0000000085200000, 0x0000000100000000)
  region size 1024K, 134 young (137216K), 9 survivors (9216K)
 Metaspace       used 150711K, committed 151616K, reserved 1245184K
  class space    used 18563K, committed 19008K, reserved 1048576K
}
Event: 1142.119 GC heap after
{Heap after GC invocations=81 (full 2):
 garbage-first heap   total 348160K, used 164994K [0x0000000085200000, 0x0000000100000000)
  region size 1024K, 16 young (16384K), 16 survivors (16384K)
 Metaspace       used 150711K, committed 151616K, reserved 1245184K
  class space    used 18563K, committed 19008K, reserved 1048576K
}
Event: 1143.366 GC heap before
{Heap before GC invocations=81 (full 2):
 garbage-first heap   total 348160K, used 286850K [0x0000000085200000, 0x0000000100000000)
  region size 1024K, 135 young (138240K), 16 survivors (16384K)
 Metaspace       used 152610K, committed 153472K, reserved 1245184K
  class space    used 18660K, committed 19072K, reserved 1048576K
}
Event: 1143.412 GC heap after
{Heap after GC invocations=82 (full 2):
 garbage-first heap   total 348160K, used 171863K [0x0000000085200000, 0x0000000100000000)
  region size 1024K, 14 young (14336K), 14 survivors (14336K)
 Metaspace       used 152610K, committed 153472K, reserved 1245184K
  class space    used 18660K, committed 19072K, reserved 1048576K
}
Event: 1144.477 GC heap before
{Heap before GC invocations=82 (full 2):
 garbage-first heap   total 348160K, used 288599K [0x0000000085200000, 0x0000000100000000)
  region size 1024K, 128 young (131072K), 14 survivors (14336K)
 Metaspace       used 155059K, committed 155904K, reserved 1245184K
  class space    used 18783K, committed 19200K, reserved 1048576K
}

Deoptimization events (18 events):
Event: 4.309 Thread 0x00000217751a8980 DEOPT PACKING pc=0x0000021724f50a35 sp=0x0000007458ffd710
Event: 4.309 Thread 0x00000217751a8980 DEOPT UNPACKING pc=0x00000217244e2b43 sp=0x0000007458ffccb8 mode 0
Event: 8.365 Thread 0x00000217751a8980 DEOPT PACKING pc=0x00000217257421f4 sp=0x0000007458ff8780
Event: 8.365 Thread 0x00000217751a8980 DEOPT UNPACKING pc=0x00000217244e2b43 sp=0x0000007458ff7cf8 mode 0
Event: 8.365 Thread 0x00000217751a8980 DEOPT PACKING pc=0x0000021725742414 sp=0x0000007458ff8f40
Event: 8.365 Thread 0x00000217751a8980 DEOPT UNPACKING pc=0x00000217244e2b43 sp=0x0000007458ff84b8 mode 0
Event: 8.365 Thread 0x00000217751a8980 DEOPT PACKING pc=0x0000021725742414 sp=0x0000007458ff9560
Event: 8.365 Thread 0x00000217751a8980 DEOPT UNPACKING pc=0x00000217244e2b43 sp=0x0000007458ff8ad8 mode 0
Event: 8.365 Thread 0x00000217751a8980 DEOPT PACKING pc=0x0000021725742414 sp=0x0000007458ff9f80
Event: 8.365 Thread 0x00000217751a8980 DEOPT UNPACKING pc=0x00000217244e2b43 sp=0x0000007458ff94f8 mode 0
Event: 10.783 Thread 0x00000217751a8980 DEOPT PACKING pc=0x0000021724adc71a sp=0x0000007458ffa550
Event: 10.783 Thread 0x00000217751a8980 DEOPT UNPACKING pc=0x00000217244e2b43 sp=0x0000007458ff9a58 mode 3
Event: 19.699 Thread 0x000002177d4f4fc0 DEOPT PACKING pc=0x00000217259c3e4c sp=0x000000745c0fc320
Event: 19.699 Thread 0x000002177d4f4fc0 DEOPT UNPACKING pc=0x00000217244e2b43 sp=0x000000745c0fb7e0 mode 0
Event: 118.665 Thread 0x000002177d4ee570 DEOPT PACKING pc=0x0000021725f87454 sp=0x000000745b2f2070
Event: 118.665 Thread 0x000002177d4ee570 DEOPT UNPACKING pc=0x00000217244e2b43 sp=0x000000745b2f15f0 mode 0
Event: 118.665 Thread 0x000002177d4ee570 DEOPT PACKING pc=0x0000021725f87304 sp=0x000000745b2f21d0
Event: 118.665 Thread 0x000002177d4ee570 DEOPT UNPACKING pc=0x00000217244e2b43 sp=0x000000745b2f1740 mode 0

Classes unloaded (20 events):
Event: 1119.788 Thread 0x000002172edc0100 Unloading class 0x0000021730f18400 'jdk/internal/reflect/GeneratedMethodAccessor87'
Event: 1119.788 Thread 0x000002172edc0100 Unloading class 0x0000021730f18000 'jdk/internal/reflect/GeneratedMethodAccessor86'
Event: 1119.788 Thread 0x000002172edc0100 Unloading class 0x0000021730f11c00 'jdk/internal/reflect/GeneratedMethodAccessor85'
Event: 1119.788 Thread 0x000002172edc0100 Unloading class 0x0000021730f11800 'jdk/internal/reflect/GeneratedMethodAccessor84'
Event: 1119.788 Thread 0x000002172edc0100 Unloading class 0x0000021730f11000 'jdk/internal/reflect/GeneratedMethodAccessor82'
Event: 1119.789 Thread 0x000002172edc0100 Unloading class 0x0000021730f10c00 'jdk/internal/reflect/GeneratedMethodAccessor81'
Event: 1119.789 Thread 0x000002172edc0100 Unloading class 0x0000021730f10800 'jdk/internal/reflect/GeneratedMethodAccessor80'
Event: 1119.789 Thread 0x000002172edc0100 Unloading class 0x0000021730f10400 'jdk/internal/reflect/GeneratedMethodAccessor79'
Event: 1119.789 Thread 0x000002172edc0100 Unloading class 0x0000021730f09000 'jdk/internal/reflect/GeneratedMethodAccessor77'
Event: 1119.789 Thread 0x000002172edc0100 Unloading class 0x0000021730f08c00 'jdk/internal/reflect/GeneratedMethodAccessor76'
Event: 1119.789 Thread 0x000002172edc0100 Unloading class 0x0000021730f08800 'jdk/internal/reflect/GeneratedMethodAccessor75'
Event: 1119.789 Thread 0x000002172edc0100 Unloading class 0x0000021730c99800 'jdk/internal/reflect/GeneratedMethodAccessor65'
Event: 1119.790 Thread 0x000002172edc0100 Unloading class 0x0000021730c91800 'jdk/internal/reflect/GeneratedMethodAccessor57'
Event: 1119.790 Thread 0x000002172edc0100 Unloading class 0x0000021730c91400 'jdk/internal/reflect/GeneratedMethodAccessor56'
Event: 1119.790 Thread 0x000002172edc0100 Unloading class 0x0000021730b38348 'org/apache/catalina/loader/JdbcLeakPrevention'
Event: 1119.790 Thread 0x000002172edc0100 Unloading class 0x0000021730b38000 'jdk/proxy5/$Proxy177'
Event: 1119.790 Thread 0x000002172edc0100 Unloading class 0x0000021730514800 'jdk/internal/reflect/GeneratedConstructorAccessor40'
Event: 1119.791 Thread 0x000002172edc0100 Unloading class 0x000002173012cc00 'jdk/internal/reflect/GeneratedSerializationConstructorAccessor7'
Event: 1119.791 Thread 0x000002172edc0100 Unloading class 0x000002173012c800 'jdk/internal/reflect/GeneratedSerializationConstructorAccessor6'
Event: 1119.791 Thread 0x000002172edc0100 Unloading class 0x000002173012c400 'jdk/internal/reflect/GeneratedSerializationConstructorAccessor5'

Classes redefined (0 events):
No events

Internal exceptions (20 events):
Event: 1121.491 Thread 0x000002177d4eea80 Exception <a 'sun/nio/fs/WindowsException'{0x000000009a174700}> (0x000000009a174700) 
thrown [s\open\src\hotspot\share\prims\jni.cpp, line 516]
Event: 1124.203 Thread 0x000002177d4eea80 Exception <a 'sun/nio/fs/WindowsException'{0x0000000093fb4460}> (0x0000000093fb4460) 
thrown [s\open\src\hotspot\share\prims\jni.cpp, line 516]
Event: 1124.957 Thread 0x000002177d4eea80 Exception <a 'sun/nio/fs/WindowsException'{0x0000000092e36348}> (0x0000000092e36348) 
thrown [s\open\src\hotspot\share\prims\jni.cpp, line 516]
Event: 1125.888 Thread 0x000002177d4eea80 Exception <a 'java/lang/NoClassDefFoundError'{0x0000000090ba1e48}: liquibase/integration/spring/SpringLiquibase> (0x0000000090ba1e48) 
thrown [s\open\src\hotspot\share\oops\constantPool.cpp, line 837]
Event: 1125.927 Thread 0x000002177d4eea80 Exception <a 'java/lang/NoClassDefFoundError'{0x00000000908a6238}: org/jooq/DSLContext> (0x00000000908a6238) 
thrown [s\open\src\hotspot\share\oops\constantPool.cpp, line 837]
Event: 1125.932 Thread 0x000002177d4eea80 Exception <a 'java/lang/NoClassDefFoundError'{0x00000000907275c8}: org/springframework/batch/core/repository/JobRepository> (0x00000000907275c8) 
thrown [s\open\src\hotspot\share\oops\constantPool.cpp, line 837]
Event: 1125.932 Thread 0x000002177d4eea80 Exception <a 'java/lang/NoClassDefFoundError'{0x0000000090727c10}: org/quartz/Scheduler> (0x0000000090727c10) 
thrown [s\open\src\hotspot\share\oops\constantPool.cpp, line 837]
Event: 1125.933 Thread 0x000002177d4eea80 Exception <a 'java/lang/NoClassDefFoundError'{0x0000000090728280}: org/springframework/session/jdbc/JdbcIndexedSessionRepository> (0x0000000090728280) 
thrown [s\open\src\hotspot\share\oops\constantPool.cpp, line 837]
Event: 1126.020 Thread 0x000002177d4eea80 Exception <a 'java/lang/ArrayIndexOutOfBoundsException'{0x000000009027c840}> (0x000000009027c840) 
thrown [s\open\src\hotspot\share\runtime\sharedRuntime.cpp, line 631]
Event: 1126.020 Thread 0x000002177d4eea80 Exception <a 'java/lang/ArrayIndexOutOfBoundsException'{0x000000009027d0b0}> (0x000000009027d0b0) 
thrown [s\open\src\hotspot\share\runtime\sharedRuntime.cpp, line 631]
Event: 1126.028 Thread 0x000002177d4eea80 Exception <a 'java/lang/ArrayIndexOutOfBoundsException'{0x00000000902c2a88}> (0x00000000902c2a88) 
thrown [s\open\src\hotspot\share\runtime\sharedRuntime.cpp, line 631]
Event: 1126.028 Thread 0x000002177d4eea80 Exception <a 'java/lang/ArrayIndexOutOfBoundsException'{0x00000000902c32f8}> (0x00000000902c32f8) 
thrown [s\open\src\hotspot\share\runtime\sharedRuntime.cpp, line 631]
Event: 1126.505 Thread 0x000002177d4eea80 Exception <a 'sun/nio/fs/WindowsException'{0x000000009a2c66e8}> (0x000000009a2c66e8) 
thrown [s\open\src\hotspot\share\prims\jni.cpp, line 516]
Event: 1126.506 Thread 0x000002177d4eea80 Exception <a 'sun/nio/fs/WindowsException'{0x000000009a2c6cb8}> (0x000000009a2c6cb8) 
thrown [s\open\src\hotspot\share\prims\jni.cpp, line 516]
Event: 1126.506 Thread 0x000002177d4eea80 Exception <a 'sun/nio/fs/WindowsException'{0x000000009a2c7360}> (0x000000009a2c7360) 
thrown [s\open\src\hotspot\share\prims\jni.cpp, line 516]
Event: 1126.550 Thread 0x000002177d4eea80 Exception <a 'java/io/FileNotFoundException'{0x000000009a120430}> (0x000000009a120430) 
thrown [s\open\src\hotspot\share\prims\jni.cpp, line 516]
Event: 1127.996 Thread 0x000002177d4eea80 Exception <a 'sun/nio/fs/WindowsException'{0x0000000096023bc0}> (0x0000000096023bc0) 
thrown [s\open\src\hotspot\share\prims\jni.cpp, line 516]
Event: 1139.923 Thread 0x000002177d4eea80 Exception <a 'java/io/FileNotFoundException'{0x00000000988afe08}> (0x00000000988afe08) 
thrown [s\open\src\hotspot\share\prims\jni.cpp, line 516]
Event: 1139.924 Thread 0x000002177d4eea80 Exception <a 'java/io/FileNotFoundException'{0x00000000988bb510}> (0x00000000988bb510) 
thrown [s\open\src\hotspot\share\prims\jni.cpp, line 516]
Event: 1142.030 Thread 0x000002177d4eea80 Exception <a 'sun/nio/fs/WindowsException'{0x000000009313f968}> (0x000000009313f968) 
thrown [s\open\src\hotspot\share\prims\jni.cpp, line 516]

VM Operations (20 events):
Event: 1143.288 Executing VM operation: HandshakeAllThreads done
Event: 1143.348 Executing VM operation: HandshakeAllThreads
Event: 1143.348 Executing VM operation: HandshakeAllThreads done
Event: 1143.366 Executing VM operation: G1CollectForAllocation
Event: 1143.412 Executing VM operation: G1CollectForAllocation done
Event: 1143.477 Executing VM operation: HandshakeAllThreads
Event: 1143.477 Executing VM operation: HandshakeAllThreads done
Event: 1143.506 Executing VM operation: HandshakeAllThreads
Event: 1143.506 Executing VM operation: HandshakeAllThreads done
Event: 1143.580 Executing VM operation: HandshakeAllThreads
Event: 1143.580 Executing VM operation: HandshakeAllThreads done
Event: 1143.607 Executing VM operation: HandshakeAllThreads
Event: 1143.607 Executing VM operation: HandshakeAllThreads done
Event: 1143.696 Executing VM operation: HandshakeAllThreads
Event: 1143.696 Executing VM operation: HandshakeAllThreads done
Event: 1143.723 Executing VM operation: HandshakeAllThreads
Event: 1143.723 Executing VM operation: HandshakeAllThreads done
Event: 1143.802 Executing VM operation: HandshakeAllThreads
Event: 1143.803 Executing VM operation: HandshakeAllThreads done
Event: 1144.476 Executing VM operation: G1CollectForAllocation

Events (20 events):
Event: 1141.739 Thread 0x000002172edf3a20 flushing nmethod 0x0000021725d0c490
Event: 1141.743 Thread 0x000002172edf3a20 flushing nmethod 0x0000021725e24c90
Event: 1141.743 Thread 0x000002172edf3a20 flushing nmethod 0x0000021725e25490
Event: 1141.743 Thread 0x000002172edf3a20 flushing nmethod 0x0000021725e25c90
Event: 1141.743 Thread 0x000002172edf3a20 flushing nmethod 0x0000021725e26490
Event: 1141.743 Thread 0x000002172edf3a20 flushing nmethod 0x0000021725e26c90
Event: 1141.744 Thread 0x000002172edf3a20 flushing nmethod 0x0000021725e41d10
Event: 1141.744 Thread 0x000002172edf3a20 flushing nmethod 0x0000021725e42510
Event: 1141.744 Thread 0x000002172edf3a20 flushing nmethod 0x0000021725e42d10
Event: 1141.744 Thread 0x000002172edf3a20 flushing nmethod 0x0000021725e43510
Event: 1141.744 Thread 0x000002172edf3a20 flushing nmethod 0x0000021725e44310
Event: 1141.745 Thread 0x000002172edf3a20 flushing nmethod 0x0000021725e75610
Event: 1141.749 Thread 0x000002172edf3a20 flushing nmethod 0x0000021725f79b90
Event: 1141.749 Thread 0x000002172edf3a20 flushing nmethod 0x0000021725f86290
Event: 1141.750 Thread 0x000002172edf3a20 flushing nmethod 0x0000021725fb4110
Event: 1141.751 Thread 0x000002172edf3a20 flushing nmethod 0x0000021725fceb90
Event: 1141.754 Thread 0x000002172edf3a20 flushing nmethod 0x0000021726151e10
Event: 1141.756 Thread 0x000002172edf3a20 flushing nmethod 0x0000021726271810
Event: 1141.760 Thread 0x000002172edf3a20 flushing nmethod 0x00000217264d4e10
Event: 1144.149 Thread 0x000002177daad4c0 Thread exited: 0x000002177daad4c0


Dynamic libraries:
0x00007ff675c40000 - 0x00007ff675c50000 	C:\Program Files\Java\jdk-17\bin\javaw.exe
0x00007ffac1d20000 - 0x00007ffac1f86000 	C:\WINDOWS\SYSTEM32\ntdll.dll
0x00007ffac0610000 - 0x00007ffac06d9000 	C:\WINDOWS\System32\KERNEL32.DLL
0x00007ffabf340000 - 0x00007ffabf73f000 	C:\WINDOWS\System32\KERNELBASE.dll
0x00007ffabf1e0000 - 0x00007ffabf32c000 	C:\WINDOWS\System32\ucrtbase.dll
0x00007ffab54f0000 - 0x00007ffab5509000 	C:\Program Files\Java\jdk-17\bin\jli.dll
0x00007ffab4d00000 - 0x00007ffab4d1b000 	C:\Program Files\Java\jdk-17\bin\VCRUNTIME140.dll
0x00007ffabfa50000 - 0x00007ffabfb0c000 	C:\WINDOWS\System32\ADVAPI32.dll
0x00007ffac1c30000 - 0x00007ffac1cd9000 	C:\WINDOWS\System32\msvcrt.dll
0x00007ffac0770000 - 0x00007ffac081a000 	C:\WINDOWS\System32\sechost.dll
0x00007ffac08b0000 - 0x00007ffac09c8000 	C:\WINDOWS\System32\RPCRT4.dll
0x00007ffac1480000 - 0x00007ffac1646000 	C:\WINDOWS\System32\USER32.dll
0x00007ffabf1b0000 - 0x00007ffabf1d7000 	C:\WINDOWS\System32\win32u.dll
0x00007ffa9aea0000 - 0x00007ffa9b131000 	C:\WINDOWS\WinSxS\amd64_microsoft.windows.common-controls_6595b64144ccf1df_6.0.26100.8972_none_3e0da176e32f9d4b\COMCTL32.dll
0x00007ffac1750000 - 0x00007ffac177b000 	C:\WINDOWS\System32\GDI32.dll
0x00007ffabef30000 - 0x00007ffabf059000 	C:\WINDOWS\System32\gdi32full.dll
0x00007ffabf9a0000 - 0x00007ffabfa43000 	C:\WINDOWS\System32\msvcp_win.dll
0x00007ffaae320000 - 0x00007ffaae32b000 	C:\WINDOWS\SYSTEM32\VERSION.dll
0x00007ffac1260000 - 0x00007ffac1292000 	C:\WINDOWS\System32\IMM32.DLL
0x00007ffab5820000 - 0x00007ffab582c000 	C:\Program Files\Java\jdk-17\bin\vcruntime140_1.dll
0x00007ffaa38e0000 - 0x00007ffaa396e000 	C:\Program Files\Java\jdk-17\bin\msvcp140.dll
0x00007ffa3a870000 - 0x00007ffa3b450000 	C:\Program Files\Java\jdk-17\bin\server\jvm.dll
0x00007ffac1470000 - 0x00007ffac1478000 	C:\WINDOWS\System32\PSAPI.DLL
0x00007ffab2d80000 - 0x00007ffab2db6000 	C:\WINDOWS\SYSTEM32\WINMM.dll
0x00007ffa8bc90000 - 0x00007ffa8bc9a000 	C:\WINDOWS\SYSTEM32\WSOCK32.dll
0x00007ffac13e0000 - 0x00007ffac1462000 	C:\WINDOWS\System32\ws2_32.DLL
0x00007ffabdc20000 - 0x00007ffabdc3b000 	C:\WINDOWS\SYSTEM32\kernel.appcore.dll
0x00007ffab56a0000 - 0x00007ffab56aa000 	C:\Program Files\Java\jdk-17\bin\jimage.dll
0x00007ffabc400000 - 0x00007ffabc642000 	C:\WINDOWS\SYSTEM32\DBGHELP.DLL
0x00007ffac1780000 - 0x00007ffac1b05000 	C:\WINDOWS\System32\combase.dll
0x00007ffac09e0000 - 0x00007ffac0ab9000 	C:\WINDOWS\System32\OLEAUT32.dll
0x00007ffa997d0000 - 0x00007ffa9980b000 	C:\WINDOWS\SYSTEM32\dbgcore.DLL
0x00007ffabf0f0000 - 0x00007ffabf19c000 	C:\WINDOWS\System32\bcryptPrimitives.dll
0x00007ffaa3dd0000 - 0x00007ffaa3df5000 	C:\Program Files\Java\jdk-17\bin\java.dll
0x00007ffa49870000 - 0x00007ffa49947000 	C:\Program Files\Java\jdk-17\bin\jsvml.dll
0x00007ffabfb30000 - 0x00007ffac02b8000 	C:\WINDOWS\System32\SHELL32.dll
0x00007ffabc9e0000 - 0x00007ffabd27b000 	C:\WINDOWS\SYSTEM32\windows.storage.dll
0x00007ffac02c0000 - 0x00007ffac03b9000 	C:\WINDOWS\System32\SHCORE.dll
0x00007ffac16e0000 - 0x00007ffac1746000 	C:\WINDOWS\System32\shlwapi.dll
0x00007ffabee50000 - 0x00007ffabee79000 	C:\WINDOWS\SYSTEM32\profapi.dll
0x00007ffaa38b0000 - 0x00007ffaa38c9000 	C:\Program Files\Java\jdk-17\bin\net.dll
0x00007ffab5930000 - 0x00007ffab5a58000 	C:\WINDOWS\SYSTEM32\WINHTTP.dll
0x00007ffabe1d0000 - 0x00007ffabe23c000 	C:\WINDOWS\system32\mswsock.dll
0x00007ffaa2810000 - 0x00007ffaa2826000 	C:\Program Files\Java\jdk-17\bin\nio.dll
0x00007ffaa0c30000 - 0x00007ffaa0c48000 	C:\Program Files\Java\jdk-17\bin\zip.dll
0x00007ffab5550000 - 0x00007ffab555a000 	C:\Program Files\Java\jdk-17\bin\management.dll
0x00007ffaa9c80000 - 0x00007ffaa9c8b000 	C:\Program Files\Java\jdk-17\bin\management_ext.dll
0x00007ffa93700000 - 0x00007ffa93718000 	C:\WINDOWS\system32\napinsp.dll
0x00007ffabd760000 - 0x00007ffabd8b8000 	C:\WINDOWS\SYSTEM32\DNSAPI.dll
0x00007ffabdfb0000 - 0x00007ffabdfbd000 	C:\WINDOWS\SYSTEM32\DSPARSE.dll
0x00007ffabd680000 - 0x00007ffabd6b3000 	C:\WINDOWS\SYSTEM32\IPHLPAPI.DLL
0x00007ffabfb20000 - 0x00007ffabfb2a000 	C:\WINDOWS\System32\NSI.dll
0x00007ffa936a0000 - 0x00007ffa936b3000 	C:\WINDOWS\System32\winrnr.dll
0x00007ffa93670000 - 0x00007ffa93692000 	C:\WINDOWS\system32\nlansp_c.dll
0x00007ffa93650000 - 0x00007ffa93666000 	C:\WINDOWS\system32\wshbth.dll
0x00007ffab4690000 - 0x00007ffab469b000 	C:\Windows\System32\rasadhlp.dll
0x00007ffab6c10000 - 0x00007ffab6c96000 	C:\WINDOWS\System32\fwpuclnt.dll
0x00007ffabe4c0000 - 0x00007ffabe4db000 	C:\WINDOWS\SYSTEM32\CRYPTSP.dll
0x00007ffabdb80000 - 0x00007ffabdbb9000 	C:\WINDOWS\system32\rsaenh.dll
0x00007ffabe280000 - 0x00007ffabe2b2000 	C:\WINDOWS\SYSTEM32\USERENV.dll
0x00007ffabee20000 - 0x00007ffabee4a000 	C:\WINDOWS\SYSTEM32\bcrypt.dll
0x00007ffabe4e0000 - 0x00007ffabe4ec000 	C:\WINDOWS\SYSTEM32\CRYPTBASE.dll
0x00007ffab6920000 - 0x00007ffab693d000 	C:\WINDOWS\SYSTEM32\dhcpcsvc6.DLL
0x00007ffab6830000 - 0x00007ffab6855000 	C:\WINDOWS\SYSTEM32\dhcpcsvc.DLL
0x00007ffaa9c30000 - 0x00007ffaa9c40000 	C:\Program Files\Java\jdk-17\bin\verify.dll
0x00007ffaa3dc0000 - 0x00007ffaa3dce000 	C:\Program Files\Java\jdk-17\bin\sunmscapi.dll
0x00007ffabf750000 - 0x00007ffabf8ce000 	C:\WINDOWS\System32\CRYPT32.dll
0x00007ffabe700000 - 0x00007ffabe730000 	C:\WINDOWS\SYSTEM32\ncrypt.dll
0x00007ffabe6b0000 - 0x00007ffabe6ef000 	C:\WINDOWS\SYSTEM32\NTASN1.dll
0x00007ffa8cdd0000 - 0x00007ffa8cdd8000 	C:\WINDOWS\system32\wshunix.dll

dbghelp: loaded successfully - version: 4.0.5 - missing functions: none
symbol engine: initialized successfully - sym options: 0x614 - pdb path: .;C:\Program Files\Java\jdk-17\bin;C:\WINDOWS\SYSTEM32;C:\WINDOWS\WinSxS\amd64_microsoft.windows.common-controls_6595b64144ccf1df_6.0.26100.8972_none_3e0da176e32f9d4b;C:\Program Files\Java\jdk-17\bin\server

VM Arguments:
jvm_args: -Dcom.sun.management.jmxremote -Dcom.sun.management.jmxremote.port=62230 -Dcom.sun.management.jmxremote.authenticate=false -Dcom.sun.management.jmxremote.ssl=false -Djava.rmi.server.hostname=localhost -Dspring.jmx.enabled=true -Dmanagement.endpoints.jmx.exposure.include=* -Dspring.application.admin.enabled=true -Dspring.output.ansi.enabled=always -XX:TieredStopAtLevel=1 -Dspring.boot.project.name=Fight D Fear -Dfile.encoding=UTF-8 -Dstdout.encoding=UTF-8 -Dstderr.encoding=UTF-8 -XX:+ShowCodeDetailsInExceptionMessages 
java_command: in.sp.main.FightthefireApplication
java_class_path (initial): C:\Users\Hp\Documents\KishorDfire\target\classes;C:\Users\Hp\.m2\repository\org\springframework\boot\spring-boot-starter-web\3.4.3\spring-boot-starter-web-3.4.3.jar;C:\Users\Hp\.m2\repository\org\springframework\boot\spring-boot-starter\3.4.3\spring-boot-starter-3.4.3.jar;C:\Users\Hp\.m2\repository\org\springframework\boot\spring-boot-starter-logging\3.4.3\spring-boot-starter-logging-3.4.3.jar;C:\Users\Hp\.m2\repository\ch\qos\logback\logback-classic\1.5.16\logback-classic-1.5.16.jar;C:\Users\Hp\.m2\repository\ch\qos\logback\logback-core\1.5.16\logback-core-1.5.16.jar;C:\Users\Hp\.m2\repository\org\apache\logging\log4j\log4j-to-slf4j\2.24.3\log4j-to-slf4j-2.24.3.jar;C:\Users\Hp\.m2\repository\org\apache\logging\log4j\log4j-api\2.24.3\log4j-api-2.24.3.jar;C:\Users\Hp\.m2\repository\org\slf4j\jul-to-slf4j\2.0.16\jul-to-slf4j-2.0.16.jar;C:\Users\Hp\.m2\repository\jakarta\annotation\jakarta.annotation-api\2.1.1\jakarta.annotation-api-2.1.1.jar;C:\Users\Hp\.m2\repository\org\yaml\snakeyaml\2.3\snakeyaml-2.3.jar;C:\Users\Hp\.m2\repository\org\springframework\boot\spring-boot-starter-json\3.4.3\spring-boot-starter-json-3.4.3.jar;C:\Users\Hp\.m2\repository\com\fasterxml\jackson\datatype\jackson-datatype-jdk8\2.18.2\jackson-datatype-jdk8-2.18.2.jar;C:\Users\Hp\.m2\repository\com\fasterxml\jackson\module\jackson-module-parameter-names\2.18.2\jackson-module-parameter-names-2.18.2.jar;C:\Users\Hp\.m2\repository\org\springframework\boot\spring-boot-starter-tomcat\3.4.3\spring-boot-starter-tomcat-3.4.3.jar;C:\Users\Hp\.m2\repository\org\apache\tomcat\embed\tomcat-embed-websocket\10.1.36\tomcat-embed-websocket-10.1.36.jar;C:\Users\Hp\.m2\repository\org\springframework\spring-web\6.2.3\spring-web-6.2.3.jar;C:\Users\Hp\.m2\repository\org\springframework\spring-beans\6.2.3\spring-beans-6.2.3.jar;C:\Users\Hp\.m2\repository\org\springframework\spring-webmvc\6.2.3\spring-webmvc-6.2.3.jar;C:\Users\Hp\.m2\repository\org\springframework\spring-expression\6.2.3\
Launcher Type: SUN_STANDARD

[Global flags]
     intx CICompilerCount                          = 4                                         {product} {ergonomic}
     uint ConcGCThreads                            = 3                                         {product} {ergonomic}
     uint G1ConcRefinementThreads                  = 10                                        {product} {ergonomic}
   size_t G1HeapRegionSize                         = 1048576                                   {product} {ergonomic}
    uintx GCDrainStackTargetSize                   = 64                                        {product} {ergonomic}
   size_t InitialHeapSize                          = 130023424                                 {product} {ergonomic}
     bool ManagementServer                         = true                                      {product} {command line}
   size_t MarkStackSize                            = 4194304                                   {product} {ergonomic}
   size_t MaxHeapSize                              = 2061500416                                {product} {ergonomic}
   size_t MaxNewSize                               = 1236271104                                {product} {ergonomic}
   size_t MinHeapDeltaBytes                        = 1048576                                   {product} {ergonomic}
   size_t MinHeapSize                              = 8388608                                   {product} {ergonomic}
    uintx NonProfiledCodeHeapSize                  = 0                                      {pd product} {ergonomic}
     bool ProfileInterpreter                       = false                                  {pd product} {command line}
    uintx ProfiledCodeHeapSize                     = 0                                      {pd product} {ergonomic}
     bool ShowCodeDetailsInExceptionMessages       = true                                   {manageable} {command line}
   size_t SoftMaxHeapSize                          = 2061500416                             {manageable} {ergonomic}
     intx TieredStopAtLevel                        = 1                                         {product} {command line}
     bool UseCompressedClassPointers               = true                           {product lp64_product} {ergonomic}
     bool UseCompressedOops                        = true                           {product lp64_product} {ergonomic}
     bool UseG1GC                                  = true                                      {product} {ergonomic}
     bool UseLargePagesIndividualAllocation        = false                                  {pd product} {ergonomic}

Logging:
Log output configuration:
 #0: stdout all=warning uptime,level,tags
 #1: stderr all=off uptime,level,tags

Environment Variables:
JAVA_HOME=C:\Program Files\Java\jdk-17
PATH=C:/Users/sts-4.32.0.RELEASE//plugins/org.eclipse.justj.openjdk.hotspot.jre.full.win32.x86_64_21.0.8.v20250724-1412/jre/bin/server;C:/Users/sts-4.32.0.RELEASE//plugins/org.eclipse.justj.openjdk.hotspot.jre.full.win32.x86_64_21.0.8.v20250724-1412/jre/bin;C:\Program Files\Common Files\Oracle\Java\javapath;C:\Python314\Scripts\;C:\Python314\;C:\project1\img\OpenJDK11U-jdk_x64_windows_hotspot_11.0.19_7\jdk-11.0.19+7\bin;D:\app\Sudeep\product\11.1.0\db_1\bin;C:\windows\system32;C:\windows;C:\windows\System32\Wbem;C:\windows\System32\WindowsPowerShell\v1.0\;C:\windows\System32\OpenSSH\;C:\Program Files (x86)\NVIDIA Corporation\PhysX\Common;C:\Program Files\NVIDIA Corporation\NVIDIA NvDLISR;C:\MinGW\bin;C:\Program Files\Java\jdk-18.0.2\bin;C:\Program Files\apache-maven-3.8.6-bin\apache-maven-3.8.6\bin;C:\WINDOWS\system32;C:\WINDOWS;C:\WINDOWS\System32\Wbem;C:\WINDOWS\System32\WindowsPowerShell\v1.0\;C:\WINDOWS\System32\OpenSSH\;C:\Program Files\MySQL\MySQL Server 8.0\bin;C:\jdk-21_windows-x64_bin\jdk-21.0.9;C:\Program Files\Git\cmd;C:\Users\Hp\Downloads\jdk-21_windows-x64_bin (1).zip\jdk-21.0.9;C:\ngrok;C:\Program Files\nodejs\;C:\ProgramData\chocolatey\bin;C:\Users\Hp\Downloads\jdk-21.0.9_windows-x64_bin\jdk-21.0.9\bin;C:\Program Files\Java\jdk-17;C:\Users\Hp\AppData\Local\Microsoft\WindowsApps;C:\Users\Hp\AppData\Local\Programs\Microsoft VS Code\bin;C:\Program Files\JetBrains\IntelliJ IDEA Community Edition 2025.1.3\bin;;C:\jdk-21_windows-x64_bin\jdk-21.0.9;C:\Users\Hp\AppData\Local\Programs\cursor\resources\app\bin;C:\Users\Hp\AppData\Roaming\npm;C:\Users\Hp\Downloads\jdk-21.0.9_windows-x64_bin\jdk-21.0.9;C:\Users\Hp\AppData\Local\Programs\Antigravity\bin;C:\Users\Hp\AppData\Local\Programs\Antigravity IDE\bin;C:\src\flutter\bin;C:\Users\Hp\AppData\Local\Android\Sdk\platform-tools;C:\Users\Hp\AppData\Local\Android\Sdk\emulator;C:\Users\sts-4.32.0.RELEASE;
USERNAME=Sudeep
OS=Windows_NT
PROCESSOR_IDENTIFIER=Intel64 Family 6 Model 154 Stepping 3, GenuineIntel



---------------  S Y S T E M  ---------------

OS:
 Windows 11 , 64 bit Build 26100 (10.0.26100.9168)
OS uptime: 2 days 6:17 hours
Hyper-V role detected

CPU: total 12 (initial active 12) (6 cores per cpu, 2 threads per core) family 6 model 154 stepping 3 microcode 0x434, cx8, cmov, fxsr, ht, mmx, 3dnowpref, sse, sse2, sse3, ssse3, sse4.1, sse4.2, popcnt, lzcnt, tsc, tscinvbit, avx, avx2, aes, erms, clmul, bmi1, bmi2, adx, sha, fma, vzeroupper, clflush, clflushopt, clwb, hv

Memory: 4k page, system-wide physical 7860M (735M free)
TotalPageFile size 32436M (AvailPageFile size 120M)
current process WorkingSet (physical memory assigned to process): 498M, peak: 596M
current process commit charge ("private bytes"): 704M, peak: 1030M

vm_info: Java HotSpot(TM) 64-Bit Server VM (17.0.12+8-LTS-286) for windows-amd64 JRE (17.0.12+8-LTS-286), built on Jun  5 2024 06:46:59 by "mach5one" with MS VC++ 17.6 (VS2022)

END.
