#
# There is insufficient memory for the Java Runtime Environment to continue.
# Native memory allocation (mmap) failed to map 2539520 bytes. Error detail: G1 virtual space
# Possible reasons:
#   The system is out of physical RAM or swap space
#   This process is running with CompressedOops enabled, and the Java Heap may be blocking the growth of the native heap
# Possible solutions:
#   Reduce memory load on the system
#   Increase physical memory or swap space
#   Check if swap backing store is full
#   Decrease Java heap size (-Xmx/-Xms)
#   Decrease number of Java threads
#   Decrease Java thread stack sizes (-Xss)
#   Set larger code cache with -XX:ReservedCodeCacheSize=
#   JVM is running with Unscaled Compressed Oops mode in which the Java heap is
#     placed in the first 4GB address space. The Java Heap base address is the
#     maximum limit for the native heap growth. Please use -XX:HeapBaseMinAddress
#     to set the Java Heap base and to place the Java Heap above 4GB virtual address.
# This output file may be truncated or incomplete.
#
#  Out of Memory Error (os_windows.cpp:3713), pid=4480, tid=43592
#
# JRE version: OpenJDK Runtime Environment Temurin-21.0.8+9 (21.0.8+9) (build 21.0.8+9-LTS)
# Java VM: OpenJDK 64-Bit Server VM Temurin-21.0.8+9 (21.0.8+9-LTS, mixed mode, emulated-client, sharing, tiered, compressed oops, compressed class ptrs, g1 gc, windows-amd64)
# No core dump will be written. Minidumps are not enabled by default on client versions of Windows
#

---------------  S U M M A R Y ------------

Command Line: -Dcom.sun.management.jmxremote -Dcom.sun.management.jmxremote.port=49408 -Dcom.sun.management.jmxremote.authenticate=false -Dcom.sun.management.jmxremote.ssl=false -Djava.rmi.server.hostname=localhost -Dspring.jmx.enabled=true -Dmanagement.endpoints.jmx.exposure.include=* -Dspring.application.admin.enabled=true -Dspring.output.ansi.enabled=always -XX:TieredStopAtLevel=1 -Dspring.boot.project.name=FightDFear -Dfile.encoding=UTF-8 -Dstdout.encoding=UTF-8 -Dstderr.encoding=UTF-8 -XX:+ShowCodeDetailsInExceptionMessages in.sp.main.FightthefireApplication

Host: AMD Ryzen 5 5600H with Radeon Graphics         , 12 cores, 7G,  Windows 11 , 64 bit Build 22621 (10.0.22621.5415)
Time: Tue Aug 11 12:44:00 2026 India Standard Time elapsed time: 33.650545 seconds (0d 0h 0m 33s)

---------------  T H R E A D  ---------------

Current thread (0x00000275778d1f20):  VMThread "VM Thread"          [id=43592, stack(0x000000f6a1a00000,0x000000f6a1b00000) (1024K)]

Stack: [0x000000f6a1a00000,0x000000f6a1b00000]
Native frames: (J=compiled Java code, j=interpreted, Vv=VM code, C=native code)
V  [jvm.dll+0x6d2449]
V  [jvm.dll+0x8ae341]
V  [jvm.dll+0x8b08be]
V  [jvm.dll+0x8b0fa3]
V  [jvm.dll+0x280c96]
V  [jvm.dll+0x6cec15]
V  [jvm.dll+0x6c2c3a]
V  [jvm.dll+0x35867a]
V  [jvm.dll+0x360246]
V  [jvm.dll+0x3b1fb3]
V  [jvm.dll+0x3b2248]
V  [jvm.dll+0x32c8fc]
V  [jvm.dll+0x32c987]
V  [jvm.dll+0x3706fc]
V  [jvm.dll+0x36ef48]
V  [jvm.dll+0x32c0c1]
V  [jvm.dll+0x36e5ba]
V  [jvm.dll+0x8b6cbf]
V  [jvm.dll+0x8b8044]
V  [jvm.dll+0x8b8580]
V  [jvm.dll+0x8b8823]
V  [jvm.dll+0x857e6b]
V  [jvm.dll+0x6d0b0d]
C  [ucrtbase.dll+0x29333]
C  [KERNEL32.DLL+0x1259d]
C  [ntdll.dll+0x5af78]

VM_Operation (0x000000f6a35fceb0): G1CollectForAllocation, mode: safepoint, requested by thread 0x000002757cc64730


---------------  P R O C E S S  ---------------

Threads class SMR info:
_java_thread_list=0x0000027545181cd0, length=25, elements={
0x0000027569824c00, 0x00000275778e8240, 0x00000275778e9590, 0x00000275778eff40,
0x00000275778f1b00, 0x00000275778f7570, 0x00000275778fd4d0, 0x00000275778fdf20,
0x000002757798c820, 0x0000027577a84170, 0x0000027577a84800, 0x0000027577a85520,
0x0000027577a85bb0, 0x0000027577a83ae0, 0x0000027577a82dc0, 0x0000027577a84e90,
0x0000027577a86240, 0x0000027577a83450, 0x000002757cc64dc0, 0x000002757cc64730,
0x000002757cc65450, 0x000002757cc63a10, 0x000002757e1a53d0, 0x000002757cc66170,
0x000002757e1a4d40
}

Java Threads: ( => current thread )
  0x0000027569824c00 JavaThread "main"                              [_thread_blocked, id=41112, stack(0x000000f6a1300000,0x000000f6a1400000) (1024K)]
  0x00000275778e8240 JavaThread "Reference Handler"          daemon [_thread_blocked, id=32500, stack(0x000000f6a1b00000,0x000000f6a1c00000) (1024K)]
  0x00000275778e9590 JavaThread "Finalizer"                  daemon [_thread_blocked, id=45520, stack(0x000000f6a1c00000,0x000000f6a1d00000) (1024K)]
  0x00000275778eff40 JavaThread "Signal Dispatcher"          daemon [_thread_blocked, id=16832, stack(0x000000f6a1d00000,0x000000f6a1e00000) (1024K)]
  0x00000275778f1b00 JavaThread "Attach Listener"            daemon [_thread_blocked, id=49384, stack(0x000000f6a1e00000,0x000000f6a1f00000) (1024K)]
  0x00000275778f7570 JavaThread "Service Thread"             daemon [_thread_blocked, id=15564, stack(0x000000f6a1f00000,0x000000f6a2000000) (1024K)]
  0x00000275778fd4d0 JavaThread "Monitor Deflation Thread"   daemon [_thread_blocked, id=45176, stack(0x000000f6a2000000,0x000000f6a2100000) (1024K)]
  0x00000275778fdf20 JavaThread "C1 CompilerThread0"         daemon [_thread_blocked, id=31476, stack(0x000000f6a2100000,0x000000f6a2200000) (1024K)]
  0x000002757798c820 JavaThread "C1 CompilerThread1"         daemon [_thread_blocked, id=30928, stack(0x000000f6a2200000,0x000000f6a2300000) (1024K)]
  0x0000027577a84170 JavaThread "Common-Cleaner"             daemon [_thread_blocked, id=28320, stack(0x000000f6a2300000,0x000000f6a2400000) (1024K)]
  0x0000027577a84800 JavaThread "Notification Thread"        daemon [_thread_blocked, id=37156, stack(0x000000f6a2400000,0x000000f6a2500000) (1024K)]
  0x0000027577a85520 JavaThread "RMI TCP Accept-0"           daemon [_thread_in_native, id=7392, stack(0x000000f6a2500000,0x000000f6a2600000) (1024K)]
  0x0000027577a85bb0 JavaThread "RMI TCP Accept-49408"       daemon [_thread_in_native, id=44748, stack(0x000000f6a2600000,0x000000f6a2700000) (1024K)]
  0x0000027577a83ae0 JavaThread "RMI TCP Accept-0"           daemon [_thread_in_native, id=48148, stack(0x000000f6a2700000,0x000000f6a2800000) (1024K)]
  0x0000027577a82dc0 JavaThread "RMI TCP Connection(idle)"   daemon [_thread_blocked, id=6792, stack(0x000000f6a3000000,0x000000f6a3100000) (1024K)]
  0x0000027577a84e90 JavaThread "RMI Scheduler(0)"           daemon [_thread_blocked, id=47444, stack(0x000000f6a3100000,0x000000f6a3200000) (1024K)]
  0x0000027577a86240 JavaThread "RMI TCP Connection(2)-127.0.0.1" daemon [_thread_in_native, id=7616, stack(0x000000f6a3200000,0x000000f6a3300000) (1024K)]
  0x0000027577a83450 JavaThread "JMX server connection timeout 36" daemon [_thread_blocked, id=20904, stack(0x000000f6a3300000,0x000000f6a3400000) (1024K)]
  0x000002757cc64dc0 JavaThread "Thread-0"                          [_thread_blocked, id=29340, stack(0x000000f6a3400000,0x000000f6a3500000) (1024K)]
  0x000002757cc64730 JavaThread "restartedMain"                     [_thread_blocked, id=33676, stack(0x000000f6a3500000,0x000000f6a3600000) (1024K)]
  0x000002757cc65450 JavaThread "mysql-cj-abandoned-connection-cleanup" daemon [_thread_blocked, id=47328, stack(0x000000f6a3a00000,0x000000f6a3b00000) (1024K)]
  0x000002757cc63a10 JavaThread "HikariPool-1 housekeeper"   daemon [_thread_blocked, id=3640, stack(0x000000f6a3c00000,0x000000f6a3d00000) (1024K)]
  0x000002757e1a53d0 JavaThread "Catalina-utility-1"                [_thread_blocked, id=26364, stack(0x000000f6a3d00000,0x000000f6a3e00000) (1024K)]
  0x000002757cc66170 JavaThread "Catalina-utility-2"                [_thread_blocked, id=29464, stack(0x000000f6a3e00000,0x000000f6a3f00000) (1024K)]
  0x000002757e1a4d40 JavaThread "container-0"                       [_thread_blocked, id=24024, stack(0x000000f6a3f00000,0x000000f6a4000000) (1024K)]
Total: 25

Other Threads:
=>0x00000275778d1f20 VMThread "VM Thread"                           [id=43592, stack(0x000000f6a1a00000,0x000000f6a1b00000) (1024K)]
  0x00000275778c07e0 WatcherThread "VM Periodic Task Thread"        [id=46812, stack(0x000000f6a1900000,0x000000f6a1a00000) (1024K)]
  0x000002756bad99c0 WorkerThread "GC Thread#0"                     [id=43564, stack(0x000000f6a1400000,0x000000f6a1500000) (1024K)]
  0x000002757c6030c0 WorkerThread "GC Thread#1"                     [id=37640, stack(0x000000f6a2800000,0x000000f6a2900000) (1024K)]
  0x000002757c6303a0 WorkerThread "GC Thread#2"                     [id=23008, stack(0x000000f6a2900000,0x000000f6a2a00000) (1024K)]
  0x000002757c630740 WorkerThread "GC Thread#3"                     [id=6184, stack(0x000000f6a2a00000,0x000000f6a2b00000) (1024K)]
  0x000002757c630ae0 WorkerThread "GC Thread#4"                     [id=920, stack(0x000000f6a2b00000,0x000000f6a2c00000) (1024K)]
  0x000002757c634e90 WorkerThread "GC Thread#5"                     [id=41280, stack(0x000000f6a2c00000,0x000000f6a2d00000) (1024K)]
  0x000002757c635230 WorkerThread "GC Thread#6"                     [id=38076, stack(0x000000f6a2d00000,0x000000f6a2e00000) (1024K)]
  0x000002757c6359e0 WorkerThread "GC Thread#7"                     [id=31096, stack(0x000000f6a2e00000,0x000000f6a2f00000) (1024K)]
  0x000002757c636390 WorkerThread "GC Thread#8"                     [id=50844, stack(0x000000f6a2f00000,0x000000f6a3000000) (1024K)]
  0x000002757cd771b0 WorkerThread "GC Thread#9"                     [id=33552, stack(0x000000f6a3600000,0x000000f6a3700000) (1024K)]
  0x000002756bae9e30 ConcurrentGCThread "G1 Main Marker"            [id=28532, stack(0x000000f6a1500000,0x000000f6a1600000) (1024K)]
  0x000002756baeb540 WorkerThread "G1 Conc#0"                       [id=44628, stack(0x000000f6a1600000,0x000000f6a1700000) (1024K)]
  0x000002757cd76e10 WorkerThread "G1 Conc#1"                       [id=24116, stack(0x000000f6a3800000,0x000000f6a3900000) (1024K)]
  0x000002757cd77c90 WorkerThread "G1 Conc#2"                       [id=10040, stack(0x000000f6a3900000,0x000000f6a3a00000) (1024K)]
  0x000002757778f9d0 ConcurrentGCThread "G1 Refine#0"               [id=31132, stack(0x000000f6a1700000,0x000000f6a1800000) (1024K)]
  0x0000027577790450 ConcurrentGCThread "G1 Service"                [id=18728, stack(0x000000f6a1800000,0x000000f6a1900000) (1024K)]
Total: 18

Threads with active compile tasks:
C1 CompilerThread0  33743 12613       1       org.springframework.cglib.core.ReflectUtils::getExceptionTypes (50 bytes)
C1 CompilerThread1  33743 12614       1       org.springframework.cglib.core.TypeUtils::fromInternalNames (37 bytes)
Total: 2

VM state: at safepoint (normal execution)

VM Mutex/Monitor currently owned by a thread:  ([mutex/lock_event])
[0x00007ffc41725458] Threads_lock - owner thread: 0x00000275778d1f20
[0x00007ffc41725558] Heap_lock - owner thread: 0x000002757cc64730

Heap address: 0x000000008a600000, size: 1882 MB, Compressed Oops mode: 32-bit

CDS archive(s) mapped at: [0x0000027500000000-0x0000027500c80000-0x0000027500c80000), size 13107200, SharedBaseAddress: 0x0000027500000000, ArchiveRelocationMode: 1.
Compressed class space mapped at: 0x0000027501000000-0x0000027541000000, reserved size: 1073741824
Narrow klass base: 0x0000027500000000, Narrow klass shift: 0, Narrow klass range: 0x100000000

GC Precious Log:
 CardTable entry size: 512
 Card Set container configuration: InlinePtr #cards 5 size 8 Array Of Cards #cards 12 size 40 Howl #buckets 4 coarsen threshold 1843 Howl Bitmap #cards 512 size 80 coarsen threshold 460 Card regions per heap region 1 cards per card region 2048
 CPUs: 12 total, 12 available
 Memory: 7521M
 Large Page Support: Disabled
 NUMA Support: Disabled
 Compressed Oops: Enabled (32-bit)
 Heap Region Size: 1M
 Heap Min Capacity: 8M
 Heap Initial Capacity: 118M
 Heap Max Capacity: 1882M
 Pre-touch: Disabled
 Parallel Workers: 10
 Concurrent Workers: 3
 Concurrent Refinement Workers: 10
 Periodic GC: Disabled

Heap:
 garbage-first heap   total 193536K, used 134608K [0x000000008a600000, 0x0000000100000000)
  region size 1024K, 4 young (4096K), 4 survivors (4096K)
 Metaspace       used 82639K, committed 83456K, reserved 1179648K
  class space    used 11722K, committed 12096K, reserved 1048576K

Heap Regions: E=young(eden), S=young(survivor), O=old, HS=humongous(starts), HC=humongous(continues), CS=collection set, F=free, TAMS=top-at-mark-start, PB=parsable bottom
|   0|0x000000008a600000, 0x000000008a700000, 0x000000008a700000|100%|HS|  |TAMS 0x000000008a600000| PB 0x000000008a600000| Complete 
|   1|0x000000008a700000, 0x000000008a800000, 0x000000008a800000|100%|HS|  |TAMS 0x000000008a700000| PB 0x000000008a700000| Complete 
|   2|0x000000008a800000, 0x000000008a900000, 0x000000008a900000|100%| O|  |TAMS 0x000000008a800000| PB 0x000000008a800000| Untracked 
|   3|0x000000008a900000, 0x000000008aa00000, 0x000000008aa00000|100%| O|  |TAMS 0x000000008a900000| PB 0x000000008a900000| Untracked 
|   4|0x000000008aa00000, 0x000000008ab00000, 0x000000008ab00000|100%| O|  |TAMS 0x000000008aa00000| PB 0x000000008aa00000| Untracked 
|   5|0x000000008ab00000, 0x000000008ac00000, 0x000000008ac00000|100%| O|  |TAMS 0x000000008ab00000| PB 0x000000008ab00000| Untracked 
|   6|0x000000008ac00000, 0x000000008ad00000, 0x000000008ad00000|100%| O|  |TAMS 0x000000008ac00000| PB 0x000000008ac00000| Untracked 
|   7|0x000000008ad00000, 0x000000008ae00000, 0x000000008ae00000|100%| O|  |TAMS 0x000000008ad00000| PB 0x000000008ad00000| Untracked 
|   8|0x000000008ae00000, 0x000000008af00000, 0x000000008af00000|100%| O|  |TAMS 0x000000008ae00000| PB 0x000000008ae00000| Untracked 
|   9|0x000000008af00000, 0x000000008b000000, 0x000000008b000000|100%| O|  |TAMS 0x000000008af00000| PB 0x000000008af00000| Untracked 
|  10|0x000000008b000000, 0x000000008b100000, 0x000000008b100000|100%| O|  |TAMS 0x000000008b000000| PB 0x000000008b000000| Untracked 
|  11|0x000000008b100000, 0x000000008b200000, 0x000000008b200000|100%| O|  |TAMS 0x000000008b100000| PB 0x000000008b100000| Untracked 
|  12|0x000000008b200000, 0x000000008b300000, 0x000000008b300000|100%| O|  |TAMS 0x000000008b200000| PB 0x000000008b200000| Untracked 
|  13|0x000000008b300000, 0x000000008b400000, 0x000000008b400000|100%| O|  |TAMS 0x000000008b300000| PB 0x000000008b300000| Untracked 
|  14|0x000000008b400000, 0x000000008b500000, 0x000000008b500000|100%| O|  |TAMS 0x000000008b400000| PB 0x000000008b400000| Untracked 
|  15|0x000000008b500000, 0x000000008b600000, 0x000000008b600000|100%| O|  |TAMS 0x000000008b500000| PB 0x000000008b500000| Untracked 
|  16|0x000000008b600000, 0x000000008b700000, 0x000000008b700000|100%| O|  |TAMS 0x000000008b600000| PB 0x000000008b600000| Untracked 
|  17|0x000000008b700000, 0x000000008b800000, 0x000000008b800000|100%| O|  |TAMS 0x000000008b700000| PB 0x000000008b700000| Untracked 
|  18|0x000000008b800000, 0x000000008b900000, 0x000000008b900000|100%| O|  |TAMS 0x000000008b800000| PB 0x000000008b800000| Untracked 
|  19|0x000000008b900000, 0x000000008ba00000, 0x000000008ba00000|100%| O|  |TAMS 0x000000008b900000| PB 0x000000008b900000| Untracked 
|  20|0x000000008ba00000, 0x000000008bb00000, 0x000000008bb00000|100%| O|  |TAMS 0x000000008ba00000| PB 0x000000008ba00000| Untracked 
|  21|0x000000008bb00000, 0x000000008bc00000, 0x000000008bc00000|100%| O|  |TAMS 0x000000008bb00000| PB 0x000000008bb00000| Untracked 
|  22|0x000000008bc00000, 0x000000008bd00000, 0x000000008bd00000|100%| O|  |TAMS 0x000000008bc00000| PB 0x000000008bc00000| Untracked 
|  23|0x000000008bd00000, 0x000000008be00000, 0x000000008be00000|100%| O|  |TAMS 0x000000008bd00000| PB 0x000000008bd00000| Untracked 
|  24|0x000000008be00000, 0x000000008bf00000, 0x000000008bf00000|100%| O|  |TAMS 0x000000008be00000| PB 0x000000008be00000| Untracked 
|  25|0x000000008bf00000, 0x000000008c000000, 0x000000008c000000|100%| O|  |TAMS 0x000000008bf00000| PB 0x000000008bf00000| Untracked 
|  26|0x000000008c000000, 0x000000008c100000, 0x000000008c100000|100%| O|  |TAMS 0x000000008c000000| PB 0x000000008c000000| Untracked 
|  27|0x000000008c100000, 0x000000008c200000, 0x000000008c200000|100%| O|  |TAMS 0x000000008c100000| PB 0x000000008c100000| Untracked 
|  28|0x000000008c200000, 0x000000008c300000, 0x000000008c300000|100%| O|  |TAMS 0x000000008c200000| PB 0x000000008c200000| Untracked 
|  29|0x000000008c300000, 0x000000008c400000, 0x000000008c400000|100%| O|  |TAMS 0x000000008c300000| PB 0x000000008c300000| Untracked 
|  30|0x000000008c400000, 0x000000008c500000, 0x000000008c500000|100%| O|  |TAMS 0x000000008c400000| PB 0x000000008c400000| Untracked 
|  31|0x000000008c500000, 0x000000008c600000, 0x000000008c600000|100%| O|  |TAMS 0x000000008c500000| PB 0x000000008c500000| Untracked 
|  32|0x000000008c600000, 0x000000008c700000, 0x000000008c700000|100%| O|  |TAMS 0x000000008c600000| PB 0x000000008c600000| Untracked 
|  33|0x000000008c700000, 0x000000008c800000, 0x000000008c800000|100%| O|  |TAMS 0x000000008c700000| PB 0x000000008c700000| Untracked 
|  34|0x000000008c800000, 0x000000008c900000, 0x000000008c900000|100%| O|  |TAMS 0x000000008c800000| PB 0x000000008c800000| Untracked 
|  35|0x000000008c900000, 0x000000008ca00000, 0x000000008ca00000|100%| O|  |TAMS 0x000000008c900000| PB 0x000000008c900000| Untracked 
|  36|0x000000008ca00000, 0x000000008cb00000, 0x000000008cb00000|100%| O|  |TAMS 0x000000008ca00000| PB 0x000000008ca00000| Untracked 
|  37|0x000000008cb00000, 0x000000008cc00000, 0x000000008cc00000|100%| O|  |TAMS 0x000000008cb00000| PB 0x000000008cb00000| Untracked 
|  38|0x000000008cc00000, 0x000000008cd00000, 0x000000008cd00000|100%| O|  |TAMS 0x000000008cc00000| PB 0x000000008cc00000| Untracked 
|  39|0x000000008cd00000, 0x000000008ce00000, 0x000000008ce00000|100%| O|  |TAMS 0x000000008cd00000| PB 0x000000008cd00000| Untracked 
|  40|0x000000008ce00000, 0x000000008cf00000, 0x000000008cf00000|100%| O|  |TAMS 0x000000008ce00000| PB 0x000000008ce00000| Untracked 
|  41|0x000000008cf00000, 0x000000008d000000, 0x000000008d000000|100%| O|  |TAMS 0x000000008cf00000| PB 0x000000008cf00000| Untracked 
|  42|0x000000008d000000, 0x000000008d100000, 0x000000008d100000|100%| O|  |TAMS 0x000000008d000000| PB 0x000000008d000000| Untracked 
|  43|0x000000008d100000, 0x000000008d200000, 0x000000008d200000|100%| O|  |TAMS 0x000000008d100000| PB 0x000000008d100000| Untracked 
|  44|0x000000008d200000, 0x000000008d300000, 0x000000008d300000|100%| O|  |TAMS 0x000000008d200000| PB 0x000000008d200000| Untracked 
|  45|0x000000008d300000, 0x000000008d400000, 0x000000008d400000|100%| O|  |TAMS 0x000000008d300000| PB 0x000000008d300000| Untracked 
|  46|0x000000008d400000, 0x000000008d500000, 0x000000008d500000|100%| O|  |TAMS 0x000000008d400000| PB 0x000000008d400000| Untracked 
|  47|0x000000008d500000, 0x000000008d600000, 0x000000008d600000|100%| O|  |TAMS 0x000000008d500000| PB 0x000000008d500000| Untracked 
|  48|0x000000008d600000, 0x000000008d700000, 0x000000008d700000|100%| O|  |TAMS 0x000000008d600000| PB 0x000000008d600000| Untracked 
|  49|0x000000008d700000, 0x000000008d800000, 0x000000008d800000|100%| O|  |TAMS 0x000000008d700000| PB 0x000000008d700000| Untracked 
|  50|0x000000008d800000, 0x000000008d900000, 0x000000008d900000|100%| O|  |TAMS 0x000000008d800000| PB 0x000000008d800000| Untracked 
|  51|0x000000008d900000, 0x000000008da00000, 0x000000008da00000|100%| O|  |TAMS 0x000000008d900000| PB 0x000000008d900000| Untracked 
|  52|0x000000008da00000, 0x000000008db00000, 0x000000008db00000|100%| O|  |TAMS 0x000000008da00000| PB 0x000000008da00000| Untracked 
|  53|0x000000008db00000, 0x000000008dc00000, 0x000000008dc00000|100%| O|  |TAMS 0x000000008db00000| PB 0x000000008db00000| Untracked 
|  54|0x000000008dc00000, 0x000000008dd00000, 0x000000008dd00000|100%| O|  |TAMS 0x000000008dc00000| PB 0x000000008dc00000| Untracked 
|  55|0x000000008dd00000, 0x000000008de00000, 0x000000008de00000|100%| O|  |TAMS 0x000000008dd00000| PB 0x000000008dd00000| Untracked 
|  56|0x000000008de00000, 0x000000008df00000, 0x000000008df00000|100%| O|  |TAMS 0x000000008de00000| PB 0x000000008de00000| Untracked 
|  57|0x000000008df00000, 0x000000008e000000, 0x000000008e000000|100%| O|  |TAMS 0x000000008df00000| PB 0x000000008df00000| Untracked 
|  58|0x000000008e000000, 0x000000008e100000, 0x000000008e100000|100%| O|  |TAMS 0x000000008e000000| PB 0x000000008e000000| Untracked 
|  59|0x000000008e100000, 0x000000008e200000, 0x000000008e200000|100%| O|  |TAMS 0x000000008e100000| PB 0x000000008e100000| Untracked 
|  60|0x000000008e200000, 0x000000008e300000, 0x000000008e300000|100%| O|  |TAMS 0x000000008e200000| PB 0x000000008e200000| Untracked 
|  61|0x000000008e300000, 0x000000008e400000, 0x000000008e400000|100%| O|  |TAMS 0x000000008e300000| PB 0x000000008e300000| Untracked 
|  62|0x000000008e400000, 0x000000008e500000, 0x000000008e500000|100%| O|  |TAMS 0x000000008e400000| PB 0x000000008e400000| Untracked 
|  63|0x000000008e500000, 0x000000008e600000, 0x000000008e600000|100%| O|  |TAMS 0x000000008e500000| PB 0x000000008e500000| Untracked 
|  64|0x000000008e600000, 0x000000008e700000, 0x000000008e700000|100%| O|  |TAMS 0x000000008e600000| PB 0x000000008e600000| Untracked 
|  65|0x000000008e700000, 0x000000008e800000, 0x000000008e800000|100%| O|  |TAMS 0x000000008e700000| PB 0x000000008e700000| Untracked 
|  66|0x000000008e800000, 0x000000008e900000, 0x000000008e900000|100%| O|  |TAMS 0x000000008e800000| PB 0x000000008e800000| Untracked 
|  67|0x000000008e900000, 0x000000008ea00000, 0x000000008ea00000|100%| O|  |TAMS 0x000000008e900000| PB 0x000000008e900000| Untracked 
|  68|0x000000008ea00000, 0x000000008eb00000, 0x000000008eb00000|100%| O|  |TAMS 0x000000008ea00000| PB 0x000000008ea00000| Untracked 
|  69|0x000000008eb00000, 0x000000008ec00000, 0x000000008ec00000|100%| O|  |TAMS 0x000000008eb00000| PB 0x000000008eb00000| Untracked 
|  70|0x000000008ec00000, 0x000000008ed00000, 0x000000008ed00000|100%| O|  |TAMS 0x000000008ec00000| PB 0x000000008ec00000| Untracked 
|  71|0x000000008ed00000, 0x000000008ee00000, 0x000000008ee00000|100%| O|  |TAMS 0x000000008ed00000| PB 0x000000008ed00000| Untracked 
|  72|0x000000008ee00000, 0x000000008ef00000, 0x000000008ef00000|100%| O|  |TAMS 0x000000008ee00000| PB 0x000000008ee00000| Untracked 
|  73|0x000000008ef00000, 0x000000008ef00000, 0x000000008f000000|  0%| F|  |TAMS 0x000000008ef00000| PB 0x000000008ef00000| Untracked 
|  74|0x000000008f000000, 0x000000008f100000, 0x000000008f100000|100%| O|  |TAMS 0x000000008f000000| PB 0x000000008f000000| Untracked 
|  75|0x000000008f100000, 0x000000008f200000, 0x000000008f200000|100%| O|  |TAMS 0x000000008f100000| PB 0x000000008f100000| Untracked 
|  76|0x000000008f200000, 0x000000008f200000, 0x000000008f300000|  0%| F|  |TAMS 0x000000008f200000| PB 0x000000008f200000| Untracked 
|  77|0x000000008f300000, 0x000000008f400000, 0x000000008f400000|100%| O|  |TAMS 0x000000008f300000| PB 0x000000008f300000| Untracked 
|  78|0x000000008f400000, 0x000000008f400000, 0x000000008f500000|  0%| F|  |TAMS 0x000000008f400000| PB 0x000000008f400000| Untracked 
|  79|0x000000008f500000, 0x000000008f600000, 0x000000008f600000|100%| O|  |TAMS 0x000000008f500000| PB 0x000000008f500000| Untracked 
|  80|0x000000008f600000, 0x000000008f700000, 0x000000008f700000|100%| O|  |TAMS 0x000000008f600000| PB 0x000000008f600000| Untracked 
|  81|0x000000008f700000, 0x000000008f800000, 0x000000008f800000|100%| O|  |TAMS 0x000000008f700000| PB 0x000000008f700000| Untracked 
|  82|0x000000008f800000, 0x000000008f800000, 0x000000008f900000|  0%| F|  |TAMS 0x000000008f800000| PB 0x000000008f800000| Untracked 
|  83|0x000000008f900000, 0x000000008f900000, 0x000000008fa00000|  0%| F|  |TAMS 0x000000008f900000| PB 0x000000008f900000| Untracked 
|  84|0x000000008fa00000, 0x000000008fa00000, 0x000000008fb00000|  0%| F|  |TAMS 0x000000008fa00000| PB 0x000000008fa00000| Untracked 
|  85|0x000000008fb00000, 0x000000008fb00000, 0x000000008fc00000|  0%| F|  |TAMS 0x000000008fb00000| PB 0x000000008fb00000| Untracked 
|  86|0x000000008fc00000, 0x000000008fd00000, 0x000000008fd00000|100%| O|  |TAMS 0x000000008fc00000| PB 0x000000008fc00000| Untracked 
|  87|0x000000008fd00000, 0x000000008fe00000, 0x000000008fe00000|100%| O|  |TAMS 0x000000008fd00000| PB 0x000000008fd00000| Untracked 
|  88|0x000000008fe00000, 0x000000008fe00000, 0x000000008ff00000|  0%| F|  |TAMS 0x000000008fe00000| PB 0x000000008fe00000| Untracked 
|  89|0x000000008ff00000, 0x0000000090000000, 0x0000000090000000|100%| O|  |TAMS 0x000000008ff00000| PB 0x000000008ff00000| Untracked 
|  90|0x0000000090000000, 0x0000000090100000, 0x0000000090100000|100%| O|  |TAMS 0x0000000090000000| PB 0x0000000090000000| Untracked 
|  91|0x0000000090100000, 0x0000000090200000, 0x0000000090200000|100%| O|  |TAMS 0x0000000090100000| PB 0x0000000090100000| Untracked 
|  92|0x0000000090200000, 0x0000000090300000, 0x0000000090300000|100%| O|  |TAMS 0x0000000090200000| PB 0x0000000090200000| Untracked 
|  93|0x0000000090300000, 0x0000000090400000, 0x0000000090400000|100%| O|  |TAMS 0x0000000090300000| PB 0x0000000090300000| Untracked 
|  94|0x0000000090400000, 0x0000000090400000, 0x0000000090500000|  0%| F|  |TAMS 0x0000000090400000| PB 0x0000000090400000| Untracked 
|  95|0x0000000090500000, 0x0000000090500000, 0x0000000090600000|  0%| F|  |TAMS 0x0000000090500000| PB 0x0000000090500000| Untracked 
|  96|0x0000000090600000, 0x0000000090700000, 0x0000000090700000|100%| O|  |TAMS 0x0000000090600000| PB 0x0000000090600000| Untracked 
|  97|0x0000000090700000, 0x0000000090800000, 0x0000000090800000|100%| O|  |TAMS 0x0000000090700000| PB 0x0000000090700000| Untracked 
|  98|0x0000000090800000, 0x0000000090900000, 0x0000000090900000|100%| O|  |TAMS 0x0000000090800000| PB 0x0000000090800000| Untracked 
|  99|0x0000000090900000, 0x0000000090a00000, 0x0000000090a00000|100%| O|  |TAMS 0x0000000090900000| PB 0x0000000090900000| Untracked 
| 100|0x0000000090a00000, 0x0000000090b00000, 0x0000000090b00000|100%| O|  |TAMS 0x0000000090a00000| PB 0x0000000090a00000| Untracked 
| 101|0x0000000090b00000, 0x0000000090c00000, 0x0000000090c00000|100%| O|  |TAMS 0x0000000090b00000| PB 0x0000000090b00000| Untracked 
| 102|0x0000000090c00000, 0x0000000090d00000, 0x0000000090d00000|100%| O|  |TAMS 0x0000000090c00000| PB 0x0000000090c00000| Untracked 
| 103|0x0000000090d00000, 0x0000000090d00000, 0x0000000090e00000|  0%| F|  |TAMS 0x0000000090d00000| PB 0x0000000090d00000| Untracked 
| 104|0x0000000090e00000, 0x0000000090f00000, 0x0000000090f00000|100%| O|  |TAMS 0x0000000090e00000| PB 0x0000000090e00000| Untracked 
| 105|0x0000000090f00000, 0x0000000091000000, 0x0000000091000000|100%| O|  |TAMS 0x0000000090f00000| PB 0x0000000090f00000| Untracked 
| 106|0x0000000091000000, 0x0000000091100000, 0x0000000091100000|100%| O|  |TAMS 0x0000000091000000| PB 0x0000000091000000| Untracked 
| 107|0x0000000091100000, 0x0000000091200000, 0x0000000091200000|100%| O|  |TAMS 0x0000000091100000| PB 0x0000000091100000| Untracked 
| 108|0x0000000091200000, 0x0000000091300000, 0x0000000091300000|100%| O|  |TAMS 0x0000000091200000| PB 0x0000000091200000| Untracked 
| 109|0x0000000091300000, 0x0000000091400000, 0x0000000091400000|100%| O|  |TAMS 0x0000000091300000| PB 0x0000000091300000| Untracked 
| 110|0x0000000091400000, 0x0000000091500000, 0x0000000091500000|100%| O|  |TAMS 0x0000000091400000| PB 0x0000000091400000| Untracked 
| 111|0x0000000091500000, 0x0000000091600000, 0x0000000091600000|100%| O|  |TAMS 0x0000000091500000| PB 0x0000000091500000| Untracked 
| 112|0x0000000091600000, 0x0000000091700000, 0x0000000091700000|100%|HS|  |TAMS 0x0000000091600000| PB 0x0000000091600000| Complete 
| 113|0x0000000091700000, 0x0000000091800000, 0x0000000091800000|100%| O|  |TAMS 0x0000000091700000| PB 0x0000000091700000| Untracked 
| 114|0x0000000091800000, 0x0000000091900000, 0x0000000091900000|100%| O|  |TAMS 0x0000000091800000| PB 0x0000000091800000| Untracked 
| 115|0x0000000091900000, 0x0000000091a00000, 0x0000000091a00000|100%|HS|  |TAMS 0x0000000091900000| PB 0x0000000091900000| Complete 
| 116|0x0000000091a00000, 0x0000000091b00000, 0x0000000091b00000|100%|HC|  |TAMS 0x0000000091a00000| PB 0x0000000091a00000| Complete 
| 117|0x0000000091b00000, 0x0000000091c00000, 0x0000000091c00000|100%| O|  |TAMS 0x0000000091b00000| PB 0x0000000091b00000| Untracked 
| 118|0x0000000091c00000, 0x0000000091d00000, 0x0000000091d00000|100%| O|  |TAMS 0x0000000091c00000| PB 0x0000000091c00000| Untracked 
| 119|0x0000000091d00000, 0x0000000091e00000, 0x0000000091e00000|100%| O|  |TAMS 0x0000000091d00000| PB 0x0000000091d00000| Untracked 
| 120|0x0000000091e00000, 0x0000000091f00000, 0x0000000091f00000|100%| O|  |TAMS 0x0000000091e00000| PB 0x0000000091e00000| Untracked 
| 121|0x0000000091f00000, 0x0000000092000000, 0x0000000092000000|100%| O|  |TAMS 0x0000000091f00000| PB 0x0000000091f00000| Untracked 
| 122|0x0000000092000000, 0x0000000092100000, 0x0000000092100000|100%| O|  |TAMS 0x0000000092000000| PB 0x0000000092000000| Untracked 
| 123|0x0000000092100000, 0x0000000092200000, 0x0000000092200000|100%| O|  |TAMS 0x0000000092100000| PB 0x0000000092100000| Untracked 
| 124|0x0000000092200000, 0x0000000092300000, 0x0000000092300000|100%| O|  |TAMS 0x0000000092200000| PB 0x0000000092200000| Untracked 
| 125|0x0000000092300000, 0x0000000092400000, 0x0000000092400000|100%| O|  |TAMS 0x0000000092300000| PB 0x0000000092300000| Untracked 
| 126|0x0000000092400000, 0x0000000092500000, 0x0000000092500000|100%| O|  |TAMS 0x0000000092400000| PB 0x0000000092400000| Untracked 
| 127|0x0000000092500000, 0x0000000092600000, 0x0000000092600000|100%| O|  |TAMS 0x0000000092500000| PB 0x0000000092500000| Untracked 
| 128|0x0000000092600000, 0x0000000092700000, 0x0000000092700000|100%| O|  |TAMS 0x0000000092600000| PB 0x0000000092600000| Untracked 
| 129|0x0000000092700000, 0x0000000092800000, 0x0000000092800000|100%| O|  |TAMS 0x0000000092700000| PB 0x0000000092700000| Untracked 
| 130|0x0000000092800000, 0x0000000092900000, 0x0000000092900000|100%| O|  |TAMS 0x0000000092800000| PB 0x0000000092800000| Untracked 
| 131|0x0000000092900000, 0x0000000092a00000, 0x0000000092a00000|100%| O|  |TAMS 0x0000000092900000| PB 0x0000000092900000| Untracked 
| 132|0x0000000092a00000, 0x0000000092b00000, 0x0000000092b00000|100%| O|  |TAMS 0x0000000092a00000| PB 0x0000000092a00000| Untracked 
| 133|0x0000000092b00000, 0x0000000092c00000, 0x0000000092c00000|100%| O|  |TAMS 0x0000000092b00000| PB 0x0000000092b00000| Untracked 
| 134|0x0000000092c00000, 0x0000000092d00000, 0x0000000092d00000|100%| O|  |TAMS 0x0000000092c00000| PB 0x0000000092c00000| Untracked 
| 135|0x0000000092d00000, 0x0000000092e00000, 0x0000000092e00000|100%| O|  |TAMS 0x0000000092d00000| PB 0x0000000092d00000| Untracked 
| 136|0x0000000092e00000, 0x0000000092f00000, 0x0000000092f00000|100%| O|  |TAMS 0x0000000092e00000| PB 0x0000000092e00000| Untracked 
| 137|0x0000000092f00000, 0x0000000093000000, 0x0000000093000000|100%| O|  |TAMS 0x0000000092f00000| PB 0x0000000092f00000| Untracked 
| 138|0x0000000093000000, 0x0000000093074350, 0x0000000093100000| 45%| O|  |TAMS 0x0000000093000000| PB 0x0000000093000000| Untracked 
| 139|0x0000000093100000, 0x0000000093100000, 0x0000000093200000|  0%| F|  |TAMS 0x0000000093100000| PB 0x0000000093100000| Untracked 
| 140|0x0000000093200000, 0x0000000093200000, 0x0000000093300000|  0%| F|  |TAMS 0x0000000093200000| PB 0x0000000093200000| Untracked 
| 141|0x0000000093300000, 0x0000000093300000, 0x0000000093400000|  0%| F|  |TAMS 0x0000000093300000| PB 0x0000000093300000| Untracked 
| 142|0x0000000093400000, 0x0000000093400000, 0x0000000093500000|  0%| F|  |TAMS 0x0000000093400000| PB 0x0000000093400000| Untracked 
| 143|0x0000000093500000, 0x0000000093500000, 0x0000000093600000|  0%| F|  |TAMS 0x0000000093500000| PB 0x0000000093500000| Untracked 
| 144|0x0000000093600000, 0x0000000093600000, 0x0000000093700000|  0%| F|  |TAMS 0x0000000093600000| PB 0x0000000093600000| Untracked 
| 145|0x0000000093700000, 0x0000000093700000, 0x0000000093800000|  0%| F|  |TAMS 0x0000000093700000| PB 0x0000000093700000| Untracked 
| 146|0x0000000093800000, 0x0000000093800000, 0x0000000093900000|  0%| F|  |TAMS 0x0000000093800000| PB 0x0000000093800000| Untracked 
| 147|0x0000000093900000, 0x0000000093900000, 0x0000000093a00000|  0%| F|  |TAMS 0x0000000093900000| PB 0x0000000093900000| Untracked 
| 148|0x0000000093a00000, 0x0000000093a00000, 0x0000000093b00000|  0%| F|  |TAMS 0x0000000093a00000| PB 0x0000000093a00000| Untracked 
| 149|0x0000000093b00000, 0x0000000093b00000, 0x0000000093c00000|  0%| F|  |TAMS 0x0000000093b00000| PB 0x0000000093b00000| Untracked 
| 150|0x0000000093c00000, 0x0000000093c00000, 0x0000000093d00000|  0%| F|  |TAMS 0x0000000093c00000| PB 0x0000000093c00000| Untracked 
| 151|0x0000000093d00000, 0x0000000093d00000, 0x0000000093e00000|  0%| F|  |TAMS 0x0000000093d00000| PB 0x0000000093d00000| Untracked 
| 152|0x0000000093e00000, 0x0000000093e00000, 0x0000000093f00000|  0%| F|  |TAMS 0x0000000093e00000| PB 0x0000000093e00000| Untracked 
| 153|0x0000000093f00000, 0x0000000093f00000, 0x0000000094000000|  0%| F|  |TAMS 0x0000000093f00000| PB 0x0000000093f00000| Untracked 
| 154|0x0000000094000000, 0x0000000094000000, 0x0000000094100000|  0%| F|  |TAMS 0x0000000094000000| PB 0x0000000094000000| Untracked 
| 155|0x0000000094100000, 0x0000000094100000, 0x0000000094200000|  0%| F|  |TAMS 0x0000000094100000| PB 0x0000000094100000| Untracked 
| 156|0x0000000094200000, 0x0000000094200000, 0x0000000094300000|  0%| F|  |TAMS 0x0000000094200000| PB 0x0000000094200000| Untracked 
| 157|0x0000000094300000, 0x0000000094400000, 0x0000000094400000|100%| S|CS|TAMS 0x0000000094300000| PB 0x0000000094300000| Complete 
| 158|0x0000000094400000, 0x0000000094500000, 0x0000000094500000|100%| S|CS|TAMS 0x0000000094400000| PB 0x0000000094400000| Complete 
| 159|0x0000000094500000, 0x0000000094600000, 0x0000000094600000|100%| S|CS|TAMS 0x0000000094500000| PB 0x0000000094500000| Complete 
| 160|0x0000000094600000, 0x0000000094700000, 0x0000000094700000|100%| S|CS|TAMS 0x0000000094600000| PB 0x0000000094600000| Complete 
| 161|0x0000000094700000, 0x0000000094700000, 0x0000000094800000|  0%| F|  |TAMS 0x0000000094700000| PB 0x0000000094700000| Untracked 
| 162|0x0000000094800000, 0x0000000094800000, 0x0000000094900000|  0%| F|  |TAMS 0x0000000094800000| PB 0x0000000094800000| Untracked 
| 163|0x0000000094900000, 0x0000000094900000, 0x0000000094a00000|  0%| F|  |TAMS 0x0000000094900000| PB 0x0000000094900000| Untracked 
| 164|0x0000000094a00000, 0x0000000094a00000, 0x0000000094b00000|  0%| F|  |TAMS 0x0000000094a00000| PB 0x0000000094a00000| Untracked 
| 165|0x0000000094b00000, 0x0000000094b00000, 0x0000000094c00000|  0%| F|  |TAMS 0x0000000094b00000| PB 0x0000000094b00000| Untracked 
| 166|0x0000000094c00000, 0x0000000094c00000, 0x0000000094d00000|  0%| F|  |TAMS 0x0000000094c00000| PB 0x0000000094c00000| Untracked 
| 167|0x0000000094d00000, 0x0000000094d00000, 0x0000000094e00000|  0%| F|  |TAMS 0x0000000094d00000| PB 0x0000000094d00000| Untracked 
| 168|0x0000000094e00000, 0x0000000094e00000, 0x0000000094f00000|  0%| F|  |TAMS 0x0000000094e00000| PB 0x0000000094e00000| Untracked 
| 169|0x0000000094f00000, 0x0000000094f00000, 0x0000000095000000|  0%| F|  |TAMS 0x0000000094f00000| PB 0x0000000094f00000| Untracked 
| 170|0x0000000095000000, 0x0000000095000000, 0x0000000095100000|  0%| F|  |TAMS 0x0000000095000000| PB 0x0000000095000000| Untracked 
| 171|0x0000000095100000, 0x0000000095100000, 0x0000000095200000|  0%| F|  |TAMS 0x0000000095100000| PB 0x0000000095100000| Untracked 
| 172|0x0000000095200000, 0x0000000095200000, 0x0000000095300000|  0%| F|  |TAMS 0x0000000095200000| PB 0x0000000095200000| Untracked 
| 173|0x0000000095300000, 0x0000000095300000, 0x0000000095400000|  0%| F|  |TAMS 0x0000000095300000| PB 0x0000000095300000| Untracked 
| 174|0x0000000095400000, 0x0000000095400000, 0x0000000095500000|  0%| F|  |TAMS 0x0000000095400000| PB 0x0000000095400000| Untracked 
| 175|0x0000000095500000, 0x0000000095500000, 0x0000000095600000|  0%| F|  |TAMS 0x0000000095500000| PB 0x0000000095500000| Untracked 
| 176|0x0000000095600000, 0x0000000095600000, 0x0000000095700000|  0%| F|  |TAMS 0x0000000095600000| PB 0x0000000095600000| Untracked 
| 177|0x0000000095700000, 0x0000000095700000, 0x0000000095800000|  0%| F|  |TAMS 0x0000000095700000| PB 0x0000000095700000| Untracked 
| 178|0x0000000095800000, 0x0000000095800000, 0x0000000095900000|  0%| F|  |TAMS 0x0000000095800000| PB 0x0000000095800000| Untracked 
| 179|0x0000000095900000, 0x0000000095900000, 0x0000000095a00000|  0%| F|  |TAMS 0x0000000095900000| PB 0x0000000095900000| Untracked 
|1873|0x00000000ff700000, 0x00000000ff700000, 0x00000000ff800000|  0%| F|  |TAMS 0x00000000ff700000| PB 0x00000000ff700000| Untracked 
|1874|0x00000000ff800000, 0x00000000ff800000, 0x00000000ff900000|  0%| F|  |TAMS 0x00000000ff800000| PB 0x00000000ff800000| Untracked 
|1875|0x00000000ff900000, 0x00000000ff900000, 0x00000000ffa00000|  0%| F|  |TAMS 0x00000000ff900000| PB 0x00000000ff900000| Untracked 
|1876|0x00000000ffa00000, 0x00000000ffa00000, 0x00000000ffb00000|  0%| F|  |TAMS 0x00000000ffa00000| PB 0x00000000ffa00000| Untracked 
|1877|0x00000000ffb00000, 0x00000000ffb00000, 0x00000000ffc00000|  0%| F|  |TAMS 0x00000000ffb00000| PB 0x00000000ffb00000| Untracked 
|1878|0x00000000ffc00000, 0x00000000ffc00000, 0x00000000ffd00000|  0%| F|  |TAMS 0x00000000ffc00000| PB 0x00000000ffc00000| Untracked 
|1879|0x00000000ffd00000, 0x00000000ffd00000, 0x00000000ffe00000|  0%| F|  |TAMS 0x00000000ffd00000| PB 0x00000000ffd00000| Untracked 
|1880|0x00000000ffe00000, 0x00000000ffe00000, 0x00000000fff00000|  0%| F|  |TAMS 0x00000000ffe00000| PB 0x00000000ffe00000| Untracked 
|1881|0x00000000fff00000, 0x00000000fff00000, 0x0000000100000000|  0%| F|  |TAMS 0x00000000fff00000| PB 0x00000000fff00000| Untracked 

Card table byte_map: [0x0000027572af0000,0x0000027572ea0000] _byte_map_base: 0x000002757269d000

Marking Bits: (CMBitMap*) 0x000002756bada0c0
 Bits: [0x0000027572ea0000, 0x0000027574c08000)

Polling page: 0x000002756b230000

Metaspace:

Usage:
  Non-class:     69.25 MB used.
      Class:     11.45 MB used.
       Both:     80.70 MB used.

Virtual space:
  Non-class space:      128.00 MB reserved,      69.69 MB ( 54%) committed,  2 nodes.
      Class space:        1.00 GB reserved,      11.81 MB (  1%) committed,  1 nodes.
             Both:        1.12 GB reserved,      81.50 MB (  7%) committed. 

Chunk freelists:
   Non-Class:  9.77 MB
       Class:  4.22 MB
        Both:  13.99 MB

MaxMetaspaceSize: unlimited
CompressedClassSpaceSize: 1.00 GB
Initial GC threshold: 21.00 MB
Current GC threshold: 135.62 MB
CDS: on
 - commit_granule_bytes: 65536.
 - commit_granule_words: 8192.
 - virtual_space_node_default_size: 8388608.
 - enlarge_chunks_in_place: 1.
 - use_allocation_guard: 0.


Internal statistics:

num_allocs_failed_limit: 6.
num_arena_births: 1198.
num_arena_deaths: 24.
num_vsnodes_births: 3.
num_vsnodes_deaths: 0.
num_space_committed: 1303.
num_space_uncommitted: 0.
num_chunks_returned_to_freelist: 32.
num_chunks_taken_from_freelist: 4174.
num_chunk_merges: 7.
num_chunk_splits: 3063.
num_chunks_enlarged: 2372.
num_inconsistent_stats: 0.

CodeCache: size=49152Kb used=12875Kb max_used=16718Kb free=36276Kb
 bounds [0x000002756f410000, 0x0000027570470000, 0x0000027572410000]
 total_blobs=7037, nmethods=6301, adapters=656, full_count=0
Compilation: enabled, stopped_count=0, restarted_count=0

Compilation events (20 events):
Event: 33.619 Thread 0x00000275778fdf20 nmethod 12604 0x000002756f5e3810 code [0x000002756f5e39c0, 0x000002756f5e3c98]
Event: 33.619 Thread 0x000002757798c820 nmethod 12603 0x000002756f606c10 code [0x000002756f606de0, 0x000002756f607020]
Event: 33.619 Thread 0x00000275778fdf20 12606       1       org.springframework.cglib.core.CodeEmitter::load_args (59 bytes)
Event: 33.619 Thread 0x000002757798c820 12605       1       org.springframework.cglib.core.CodeEmitter::load_args (14 bytes)
Event: 33.619 Thread 0x000002757798c820 nmethod 12605 0x000002756f5f5a10 code [0x000002756f5f5bc0, 0x000002756f5f5cc0]
Event: 33.620 Thread 0x00000275778fdf20 nmethod 12606 0x000002756f91fd10 code [0x000002756f91ff00, 0x000002756f9201b0]
Event: 33.620 Thread 0x00000275778fdf20 12607       1       org.springframework.cglib.transform.MethodFilterTransformer::visitMethod (41 bytes)
Event: 33.620 Thread 0x000002757798c820 12608       1       org.springframework.cglib.transform.impl.UndeclaredThrowableStrategy$$Lambda/0x0000027501b9c498::accept (11 bytes)
Event: 33.620 Thread 0x000002757798c820 nmethod 12608 0x000002756f643390 code [0x000002756f643540, 0x000002756f643670]
Event: 33.620 Thread 0x000002757798c820 12609       1       org.springframework.cglib.transform.impl.UndeclaredThrowableStrategy::lambda$static$0 (22 bytes)
Event: 33.620 Thread 0x00000275778fdf20 nmethod 12607 0x000002756fa5d790 code [0x000002756fa5d940, 0x000002756fa5db90]
Event: 33.621 Thread 0x00000275778fdf20 12610       1       org.springframework.cglib.core.TypeUtils::isPrivate (12 bytes)
Event: 33.621 Thread 0x000002757798c820 nmethod 12609 0x000002756f604490 code [0x000002756f604640, 0x000002756f604758]
Event: 33.621 Thread 0x00000275778fdf20 nmethod 12610 0x000002756f5e6a10 code [0x000002756f5e6ba0, 0x000002756f5e6c58]
Event: 33.621 Thread 0x000002757798c820 12611       1       org.springframework.cglib.core.CodeEmitter::invoke_static (11 bytes)
Event: 33.621 Thread 0x00000275778fdf20 12612       1       org.springframework.cglib.core.ReflectUtils$3::getExceptionTypes (8 bytes)
Event: 33.621 Thread 0x00000275778fdf20 nmethod 12612 0x000002756f5e9f10 code [0x000002756f5ea0c0, 0x000002756f5ea1a0]
Event: 33.621 Thread 0x000002757798c820 nmethod 12611 0x000002756f60cb10 code [0x000002756f60ccc0, 0x000002756f60cdb8]
Event: 33.621 Thread 0x00000275778fdf20 12613       1       org.springframework.cglib.core.ReflectUtils::getExceptionTypes (50 bytes)
Event: 33.621 Thread 0x000002757798c820 12614       1       org.springframework.cglib.core.TypeUtils::fromInternalNames (37 bytes)

GC Heap History (20 events):
Event: 30.242 GC heap after
{Heap after GC invocations=46 (full 0):
 garbage-first heap   total 125952K, used 71564K [0x000000008a600000, 0x0000000100000000)
  region size 1024K, 4 young (4096K), 4 survivors (4096K)
 Metaspace       used 79657K, committed 80448K, reserved 1179648K
  class space    used 11439K, committed 11776K, reserved 1048576K
}
Event: 30.982 GC heap before
{Heap before GC invocations=46 (full 0):
 garbage-first heap   total 125952K, used 113548K [0x000000008a600000, 0x0000000100000000)
  region size 1024K, 45 young (46080K), 4 survivors (4096K)
 Metaspace       used 81006K, committed 81792K, reserved 1179648K
  class space    used 11611K, committed 11968K, reserved 1048576K
}
Event: 30.990 GC heap after
{Heap after GC invocations=47 (full 0):
 garbage-first heap   total 125952K, used 75057K [0x000000008a600000, 0x0000000100000000)
  region size 1024K, 6 young (6144K), 6 survivors (6144K)
 Metaspace       used 81006K, committed 81792K, reserved 1179648K
  class space    used 11611K, committed 11968K, reserved 1048576K
}
Event: 31.530 GC heap before
{Heap before GC invocations=48 (full 0):
 garbage-first heap   total 126976K, used 111921K [0x000000008a600000, 0x0000000100000000)
  region size 1024K, 42 young (43008K), 6 survivors (6144K)
 Metaspace       used 81587K, committed 82368K, reserved 1179648K
  class space    used 11648K, committed 11968K, reserved 1048576K
}
Event: 31.536 GC heap after
{Heap after GC invocations=49 (full 0):
 garbage-first heap   total 126976K, used 77927K [0x000000008a600000, 0x0000000100000000)
  region size 1024K, 3 young (3072K), 3 survivors (3072K)
 Metaspace       used 81587K, committed 82368K, reserved 1179648K
  class space    used 11648K, committed 11968K, reserved 1048576K
}
Event: 32.023 GC heap before
{Heap before GC invocations=49 (full 0):
 garbage-first heap   total 126976K, used 115815K [0x000000008a600000, 0x0000000100000000)
  region size 1024K, 40 young (40960K), 3 survivors (3072K)
 Metaspace       used 82303K, committed 83072K, reserved 1179648K
  class space    used 11697K, committed 12032K, reserved 1048576K
}
Event: 32.030 GC heap after
{Heap after GC invocations=50 (full 0):
 garbage-first heap   total 126976K, used 79342K [0x000000008a600000, 0x0000000100000000)
  region size 1024K, 5 young (5120K), 5 survivors (5120K)
 Metaspace       used 82303K, committed 83072K, reserved 1179648K
  class space    used 11697K, committed 12032K, reserved 1048576K
}
Event: 32.259 GC heap before
{Heap before GC invocations=50 (full 0):
 garbage-first heap   total 126976K, used 114158K [0x000000008a600000, 0x0000000100000000)
  region size 1024K, 39 young (39936K), 5 survivors (5120K)
 Metaspace       used 82572K, committed 83328K, reserved 1179648K
  class space    used 11714K, committed 12032K, reserved 1048576K
}
Event: 32.270 GC heap after
{Heap after GC invocations=51 (full 0):
 garbage-first heap   total 157696K, used 88902K [0x000000008a600000, 0x0000000100000000)
  region size 1024K, 5 young (5120K), 5 survivors (5120K)
 Metaspace       used 82572K, committed 83328K, reserved 1179648K
  class space    used 11714K, committed 12032K, reserved 1048576K
}
Event: 32.527 GC heap before
{Heap before GC invocations=52 (full 0):
 garbage-first heap   total 157696K, used 134982K [0x000000008a600000, 0x0000000100000000)
  region size 1024K, 54 young (55296K), 5 survivors (5120K)
 Metaspace       used 82570K, committed 83328K, reserved 1179648K
  class space    used 11714K, committed 12032K, reserved 1048576K
}
Event: 32.541 GC heap after
{Heap after GC invocations=53 (full 0):
 garbage-first heap   total 157696K, used 101376K [0x000000008a600000, 0x0000000100000000)
  region size 1024K, 7 young (7168K), 7 survivors (7168K)
 Metaspace       used 82570K, committed 83328K, reserved 1179648K
  class space    used 11714K, committed 12032K, reserved 1048576K
}
Event: 32.752 GC heap before
{Heap before GC invocations=53 (full 0):
 garbage-first heap   total 157696K, used 136192K [0x000000008a600000, 0x0000000100000000)
  region size 1024K, 41 young (41984K), 7 survivors (7168K)
 Metaspace       used 82570K, committed 83328K, reserved 1179648K
  class space    used 11714K, committed 12032K, reserved 1048576K
}
Event: 32.768 GC heap after
{Heap after GC invocations=54 (full 0):
 garbage-first heap   total 159744K, used 113664K [0x000000008a600000, 0x0000000100000000)
  region size 1024K, 6 young (6144K), 6 survivors (6144K)
 Metaspace       used 82570K, committed 83328K, reserved 1179648K
  class space    used 11714K, committed 12032K, reserved 1048576K
}
Event: 32.874 GC heap before
{Heap before GC invocations=54 (full 0):
 garbage-first heap   total 159744K, used 132096K [0x000000008a600000, 0x0000000100000000)
  region size 1024K, 25 young (25600K), 6 survivors (6144K)
 Metaspace       used 82570K, committed 83328K, reserved 1179648K
  class space    used 11714K, committed 12032K, reserved 1048576K
}
Event: 32.884 GC heap after
{Heap after GC invocations=55 (full 0):
 garbage-first heap   total 159744K, used 122719K [0x000000008a600000, 0x0000000100000000)
  region size 1024K, 4 young (4096K), 4 survivors (4096K)
 Metaspace       used 82570K, committed 83328K, reserved 1179648K
  class space    used 11714K, committed 12032K, reserved 1048576K
}
Event: 33.036 GC heap before
{Heap before GC invocations=55 (full 0):
 garbage-first heap   total 193536K, used 135007K [0x000000008a600000, 0x0000000100000000)
  region size 1024K, 23 young (23552K), 4 survivors (4096K)
 Metaspace       used 82567K, committed 83328K, reserved 1179648K
  class space    used 11713K, committed 12032K, reserved 1048576K
}
Event: 33.046 GC heap after
{Heap after GC invocations=56 (full 0):
 garbage-first heap   total 193536K, used 123512K [0x000000008a600000, 0x0000000100000000)
  region size 1024K, 3 young (3072K), 3 survivors (3072K)
 Metaspace       used 82567K, committed 83328K, reserved 1179648K
  class space    used 11713K, committed 12032K, reserved 1048576K
}
Event: 33.429 GC heap before
{Heap before GC invocations=57 (full 0):
 garbage-first heap   total 193536K, used 162424K [0x000000008a600000, 0x0000000100000000)
  region size 1024K, 39 young (39936K), 3 survivors (3072K)
 Metaspace       used 82567K, committed 83328K, reserved 1179648K
  class space    used 11713K, committed 12032K, reserved 1048576K
}
Event: 33.444 GC heap after
{Heap after GC invocations=58 (full 0):
 garbage-first heap   total 193536K, used 141484K [0x000000008a600000, 0x0000000100000000)
  region size 1024K, 5 young (5120K), 5 survivors (5120K)
 Metaspace       used 82567K, committed 83328K, reserved 1179648K
  class space    used 11713K, committed 12032K, reserved 1048576K
}
Event: 33.622 GC heap before
{Heap before GC invocations=58 (full 0):
 garbage-first heap   total 193536K, used 167084K [0x000000008a600000, 0x0000000100000000)
  region size 1024K, 30 young (30720K), 5 survivors (5120K)
 Metaspace       used 82639K, committed 83456K, reserved 1179648K
  class space    used 11722K, committed 12096K, reserved 1048576K
}

Dll operation events (11 events):
Event: 0.026 Loaded shared library D:\sts-4.32.0.RELEASE\plugins\org.eclipse.justj.openjdk.hotspot.jre.full.win32.x86_64_21.0.8.v20250724-1412\jre\bin\java.dll
Event: 0.101 Loaded shared library D:\sts-4.32.0.RELEASE\plugins\org.eclipse.justj.openjdk.hotspot.jre.full.win32.x86_64_21.0.8.v20250724-1412\jre\bin\zip.dll
Event: 0.375 Loaded shared library D:\sts-4.32.0.RELEASE\plugins\org.eclipse.justj.openjdk.hotspot.jre.full.win32.x86_64_21.0.8.v20250724-1412\jre\bin\jimage.dll
Event: 0.392 Loaded shared library D:\sts-4.32.0.RELEASE\plugins\org.eclipse.justj.openjdk.hotspot.jre.full.win32.x86_64_21.0.8.v20250724-1412\jre\bin\net.dll
Event: 0.398 Loaded shared library D:\sts-4.32.0.RELEASE\plugins\org.eclipse.justj.openjdk.hotspot.jre.full.win32.x86_64_21.0.8.v20250724-1412\jre\bin\nio.dll
Event: 0.401 Loaded shared library D:\sts-4.32.0.RELEASE\plugins\org.eclipse.justj.openjdk.hotspot.jre.full.win32.x86_64_21.0.8.v20250724-1412\jre\bin\zip.dll
Event: 0.623 Loaded shared library D:\sts-4.32.0.RELEASE\plugins\org.eclipse.justj.openjdk.hotspot.jre.full.win32.x86_64_21.0.8.v20250724-1412\jre\bin\management.dll
Event: 0.654 Loaded shared library D:\sts-4.32.0.RELEASE\plugins\org.eclipse.justj.openjdk.hotspot.jre.full.win32.x86_64_21.0.8.v20250724-1412\jre\bin\management_ext.dll
Event: 1.141 Loaded shared library D:\sts-4.32.0.RELEASE\plugins\org.eclipse.justj.openjdk.hotspot.jre.full.win32.x86_64_21.0.8.v20250724-1412\jre\bin\extnet.dll
Event: 3.460 Loaded shared library D:\sts-4.32.0.RELEASE\plugins\org.eclipse.justj.openjdk.hotspot.jre.full.win32.x86_64_21.0.8.v20250724-1412\jre\bin\sunmscapi.dll
Event: 17.558 Loaded shared library D:\sts-4.32.0.RELEASE\plugins\org.eclipse.justj.openjdk.hotspot.jre.full.win32.x86_64_21.0.8.v20250724-1412\jre\bin\verify.dll

Deoptimization events (12 events):
Event: 18.915 Thread 0x000002757cc64730 DEOPT PACKING pc=0x000002757003fd6c sp=0x000000f6a35fa9f0
Event: 18.915 Thread 0x000002757cc64730 DEOPT UNPACKING pc=0x000002756f464e42 sp=0x000000f6a35f9f20 mode 0
Event: 18.915 Thread 0x000002757cc64730 DEOPT PACKING pc=0x000002757003e944 sp=0x000000f6a35fab40
Event: 18.915 Thread 0x000002757cc64730 DEOPT UNPACKING pc=0x000002756f464e42 sp=0x000000f6a35fa0d0 mode 0
Event: 24.313 Thread 0x000002757cc64730 DEOPT PACKING pc=0x0000027570170824 sp=0x000000f6a35f8ce0
Event: 24.313 Thread 0x000002757cc64730 DEOPT UNPACKING pc=0x000002756f464e42 sp=0x000000f6a35f8258 mode 0
Event: 24.314 Thread 0x000002757cc64730 DEOPT PACKING pc=0x0000027570170a44 sp=0x000000f6a35f94a0
Event: 24.314 Thread 0x000002757cc64730 DEOPT UNPACKING pc=0x000002756f464e42 sp=0x000000f6a35f8a18 mode 0
Event: 24.314 Thread 0x000002757cc64730 DEOPT PACKING pc=0x0000027570170a44 sp=0x000000f6a35f9ac0
Event: 24.314 Thread 0x000002757cc64730 DEOPT UNPACKING pc=0x000002756f464e42 sp=0x000000f6a35f9038 mode 0
Event: 24.314 Thread 0x000002757cc64730 DEOPT PACKING pc=0x0000027570170a44 sp=0x000000f6a35fa4e0
Event: 24.314 Thread 0x000002757cc64730 DEOPT UNPACKING pc=0x000002756f464e42 sp=0x000000f6a35f9a58 mode 0

Classes loaded (20 events):
Event: 28.040 Loading class java/util/regex/Pattern$Bound
Event: 28.040 Loading class java/util/regex/Pattern$Bound done
Event: 28.041 Loading class java/util/regex/Pattern$Behind
Event: 28.042 Loading class java/util/regex/Pattern$Behind done
Event: 30.457 Loading class javax/net/ssl/SSLException
Event: 30.458 Loading class javax/net/ssl/SSLException done
Event: 30.482 Loading class java/nio/channels/CompletionHandler
Event: 30.482 Loading class java/nio/channels/CompletionHandler done
Event: 30.499 Loading class java/io/WriteAbortedException
Event: 30.499 Loading class java/io/WriteAbortedException done
Event: 30.773 Loading class java/lang/invoke/MethodHandleImpl$CountingWrapper$1
Event: 30.773 Loading class java/lang/invoke/MethodHandleImpl$CountingWrapper$1 done
Event: 30.864 Loading class sun/reflect/ReflectionFactory
Event: 30.865 Loading class sun/reflect/ReflectionFactory done
Event: 30.865 Loading class sun/reflect/ReflectionFactory$1
Event: 30.865 Loading class sun/reflect/ReflectionFactory$1 done
Event: 30.865 Loading class java/io/OptionalDataException
Event: 30.865 Loading class java/io/OptionalDataException done
Event: 30.923 Loading class sun/reflect/annotation/AnnotationInvocationHandler$1
Event: 30.923 Loading class sun/reflect/annotation/AnnotationInvocationHandler$1 done

Classes unloaded (12 events):
Event: 19.978 Thread 0x00000275778d1f20 Unloading class 0x00000275010e0800 'java/lang/invoke/LambdaForm$MH+0x00000275010e0800'
Event: 19.978 Thread 0x00000275778d1f20 Unloading class 0x00000275010dfc00 'java/lang/invoke/LambdaForm$MH+0x00000275010dfc00'
Event: 19.978 Thread 0x00000275778d1f20 Unloading class 0x00000275010dec00 'java/lang/invoke/LambdaForm$MH+0x00000275010dec00'
Event: 19.978 Thread 0x00000275778d1f20 Unloading class 0x00000275010de800 'java/lang/invoke/LambdaForm$MH+0x00000275010de800'
Event: 19.978 Thread 0x00000275778d1f20 Unloading class 0x00000275010ddc00 'java/lang/invoke/LambdaForm$MH+0x00000275010ddc00'
Event: 19.978 Thread 0x00000275778d1f20 Unloading class 0x00000275010dc400 'java/lang/invoke/LambdaForm$MH+0x00000275010dc400'
Event: 19.978 Thread 0x00000275778d1f20 Unloading class 0x000002750100b000 'java/lang/invoke/LambdaForm$DMH+0x000002750100b000'
Event: 19.978 Thread 0x00000275778d1f20 Unloading class 0x000002750100a800 'java/lang/invoke/LambdaForm$DMH+0x000002750100a800'
Event: 19.978 Thread 0x00000275778d1f20 Unloading class 0x0000027501009800 'java/lang/invoke/LambdaForm$DMH+0x0000027501009800'
Event: 19.978 Thread 0x00000275778d1f20 Unloading class 0x0000027501009400 'java/lang/invoke/LambdaForm$DMH+0x0000027501009400'
Event: 32.337 Thread 0x00000275778d1f20 Unloading class 0x0000027501b99000 'jdk/internal/reflect/GeneratedSerializationConstructorAccessor22'
Event: 32.987 Thread 0x00000275778d1f20 Unloading class 0x0000027501bb8800 'jdk/internal/reflect/GeneratedSerializationConstructorAccessor23'

Classes redefined (0 events):
No events

Internal exceptions (20 events):
Event: 23.960 Thread 0x000002757cc64730 Exception <a 'java/lang/NoSuchMethodError'{0x000000008f595150}: 'java.lang.Object java.lang.invoke.DirectMethodHandle$Holder.newInvokeSpecial(java.lang.Object, java.lang.Object, java.lang.Object, java.lang.Object, java.lang.Object, java.lang.Object, java.lang.Object, java.lang.Object, java.lang.Object, java.lang.Object, java.lang.Object, java.lang.Object)'> (0x000000008f595150) 
thrown [s\src\hotspot\share\interpreter\linkResolver.cpp, line 773]
Event: 23.960 Thread 0x000002757cc64730 Exception <a 'java/lang/NoSuchMethodError'{0x000000008f59a298}: 'java.lang.Object java.lang.invoke.DirectMethodHandle$Holder.invokeSpecial(java.lang.Object, java.lang.Object, java.lang.Object, java.lang.Object, java.lang.Object, java.lang.Object, java.lang.Object, java.lang.Object, java.lang.Object, java.lang.Object, java.lang.Object, java.lang.Object, java.lang.Object)'> (0x000000008f59a298) 
thrown [s\src\hotspot\share\interpreter\linkResolver.cpp, line 773]
Event: 23.961 Thread 0x000002757cc64730 Exception <a 'java/lang/NoSuchMethodError'{0x000000008f59e848}: 'java.lang.Object java.lang.invoke.Invokers$Holder.linkToTargetMethod(java.lang.Object, java.lang.Object, java.lang.Object, java.lang.Object, java.lang.Object, java.lang.Object, java.lang.Object, java.lang.Object, java.lang.Object, java.lang.Object, java.lang.Object, java.lang.Object)'> (0x000000008f59e848) 
thrown [s\src\hotspot\share\interpreter\linkResolver.cpp, line 773]
Event: 24.010 Thread 0x000002757cc64730 Exception <a 'java/lang/IncompatibleClassChangeError'{0x000000008f4f34f0}: Found class java.lang.Object, but interface was expected> (0x000000008f4f34f0) 
thrown [s\src\hotspot\share\interpreter\linkResolver.cpp, line 840]
Event: 24.086 Thread 0x000002757cc64730 Exception <a 'java/lang/IncompatibleClassChangeError'{0x000000008f1e4fd8}: Found class java.lang.Object, but interface was expected> (0x000000008f1e4fd8) 
thrown [s\src\hotspot\share\interpreter\linkResolver.cpp, line 840]
Event: 24.112 Thread 0x000002757cc64730 Exception <a 'java/lang/NoSuchMethodError'{0x000000008f08ad08}: 'java.lang.Object java.lang.invoke.DirectMethodHandle$Holder.newInvokeSpecial(java.lang.Object, java.lang.Object, int, java.lang.Object, int, java.lang.Object, java.lang.Object)'> (0x000000008f08ad08) 
thrown [s\src\hotspot\share\interpreter\linkResolver.cpp, line 773]
Event: 24.143 Thread 0x000002757cc64730 Exception <a 'java/lang/NoSuchMethodError'{0x000000008ef3b7c8}: 'java.lang.Object java.lang.invoke.DirectMethodHandle$Holder.newInvokeSpecial(java.lang.Object, java.lang.Object, java.lang.Object, java.lang.Object, java.lang.Object, java.lang.Object, java.lang.Object, int)'> (0x000000008ef3b7c8) 
thrown [s\src\hotspot\share\interpreter\linkResolver.cpp, line 773]
Event: 24.144 Thread 0x000002757cc64730 Exception <a 'java/lang/NoSuchMethodError'{0x000000008ef40628}: 'java.lang.Object java.lang.invoke.DirectMethodHandle$Holder.invokeSpecial(java.lang.Object, java.lang.Object, java.lang.Object, java.lang.Object, java.lang.Object, java.lang.Object, java.lang.Object, java.lang.Object, int)'> (0x000000008ef40628) 
thrown [s\src\hotspot\share\interpreter\linkResolver.cpp, line 773]
Event: 24.144 Thread 0x000002757cc64730 Exception <a 'java/lang/NoSuchMethodError'{0x000000008ef44e70}: 'java.lang.Object java.lang.invoke.Invokers$Holder.linkToTargetMethod(java.lang.Object, java.lang.Object, java.lang.Object, java.lang.Object, java.lang.Object, java.lang.Object, int, java.lang.Object)'> (0x000000008ef44e70) 
thrown [s\src\hotspot\share\interpreter\linkResolver.cpp, line 773]
Event: 24.353 Thread 0x000002757cc64730 Exception <a 'java/lang/NoSuchMethodError'{0x000000008e885b40}: 'void java.lang.invoke.DirectMethodHandle$Holder.invokeInterface(java.lang.Object, java.lang.Object)'> (0x000000008e885b40) 
thrown [s\src\hotspot\share\interpreter\linkResolver.cpp, line 773]
Event: 27.449 Thread 0x000002757cc64730 Exception <a 'java/lang/IncompatibleClassChangeError'{0x000000008e8ccc18}: Found class java.lang.Object, but interface was expected> (0x000000008e8ccc18) 
thrown [s\src\hotspot\share\interpreter\linkResolver.cpp, line 840]
Event: 27.513 Thread 0x000002757cc64730 Exception <a 'java/lang/IncompatibleClassChangeError'{0x000000008e6848c0}: Found class java.lang.Object, but interface was expected> (0x000000008e6848c0) 
thrown [s\src\hotspot\share\interpreter\linkResolver.cpp, line 840]
Event: 27.869 Thread 0x000002757cc64730 Exception <a 'java/lang/IncompatibleClassChangeError'{0x000000008f2acf30}: Found class java.lang.Object, but interface was expected> (0x000000008f2acf30) 
thrown [s\src\hotspot\share\interpreter\linkResolver.cpp, line 840]
Event: 27.987 Thread 0x000002757cc64730 Exception <a 'java/lang/IncompatibleClassChangeError'{0x000000008efa7a98}: Found class java.lang.Object, but interface was expected> (0x000000008efa7a98) 
thrown [s\src\hotspot\share\interpreter\linkResolver.cpp, line 840]
Event: 27.987 Thread 0x000002757cc64730 Exception <a 'java/lang/IncompatibleClassChangeError'{0x000000008efad6c8}: Found class java.lang.Object, but interface was expected> (0x000000008efad6c8) 
thrown [s\src\hotspot\share\interpreter\linkResolver.cpp, line 840]
Event: 28.072 Thread 0x000002757cc64730 Exception <a 'java/lang/NoSuchMethodError'{0x000000008ed64460}: 'java.lang.Object java.lang.invoke.DirectMethodHandle$Holder.invokeStatic(java.lang.Object, int, java.lang.Object)'> (0x000000008ed64460) 
thrown [s\src\hotspot\share\interpreter\linkResolver.cpp, line 773]
Event: 30.483 Thread 0x000002757cc64730 Exception <a 'java/lang/NoSuchMethodError'{0x00000000911dd588}: 'long java.lang.invoke.DirectMethodHandle$Holder.invokeVirtual(java.lang.Object, java.lang.Object)'> (0x00000000911dd588) 
thrown [s\src\hotspot\share\interpreter\linkResolver.cpp, line 773]
Event: 30.824 Thread 0x000002757cc64730 Exception <a 'java/lang/NoSuchMethodError'{0x000000008fbab0a0}: 'int java.lang.invoke.DirectMethodHandle$Holder.invokeStaticInit(java.lang.Object, int, java.lang.Object, java.lang.Object, java.lang.Object, java.lang.Object)'> (0x000000008fbab0a0) 
thrown [s\src\hotspot\share\interpreter\linkResolver.cpp, line 773]
Event: 30.904 Thread 0x000002757cc64730 Exception <a 'java/io/FileNotFoundException'{0x000000008f99a2a0}> (0x000000008f99a2a0) 
thrown [s\src\hotspot\share\prims\jni.cpp, line 520]
Event: 30.905 Thread 0x000002757cc64730 Exception <a 'java/io/FileNotFoundException'{0x000000008f9a4bd0}> (0x000000008f9a4bd0) 
thrown [s\src\hotspot\share\prims\jni.cpp, line 520]

ZGC Phase Switch (0 events):
No events

VM Operations (20 events):
Event: 32.270 Executing VM operation: G1CollectForAllocation (G1 Evacuation Pause) done
Event: 32.336 Executing VM operation: G1PauseRemark
Event: 32.347 Executing VM operation: G1PauseRemark done
Event: 32.394 Executing VM operation: G1PauseCleanup
Event: 32.394 Executing VM operation: G1PauseCleanup done
Event: 32.527 Executing VM operation: G1CollectForAllocation (G1 Evacuation Pause)
Event: 32.541 Executing VM operation: G1CollectForAllocation (G1 Evacuation Pause) done
Event: 32.752 Executing VM operation: G1CollectForAllocation (G1 Evacuation Pause)
Event: 32.768 Executing VM operation: G1CollectForAllocation (G1 Evacuation Pause) done
Event: 32.874 Executing VM operation: G1TryInitiateConcMark (G1 Humongous Allocation)
Event: 32.884 Executing VM operation: G1TryInitiateConcMark (G1 Humongous Allocation) done
Event: 32.987 Executing VM operation: G1PauseRemark
Event: 33.000 Executing VM operation: G1PauseRemark done
Event: 33.036 Executing VM operation: G1CollectForAllocation (G1 Evacuation Pause)
Event: 33.046 Executing VM operation: G1CollectForAllocation (G1 Evacuation Pause) done
Event: 33.073 Executing VM operation: G1PauseCleanup
Event: 33.074 Executing VM operation: G1PauseCleanup done
Event: 33.429 Executing VM operation: G1CollectForAllocation (G1 Evacuation Pause)
Event: 33.444 Executing VM operation: G1CollectForAllocation (G1 Evacuation Pause) done
Event: 33.622 Executing VM operation: G1CollectForAllocation (G1 Evacuation Pause)

Memory protections (0 events):
No events

Nmethod flushes (20 events):
Event: 32.998 Thread 0x00000275778d1f20 flushing  nmethod 0x0000027570247910
Event: 32.998 Thread 0x00000275778d1f20 flushing  nmethod 0x0000027570247c90
Event: 32.998 Thread 0x00000275778d1f20 flushing  nmethod 0x0000027570249010
Event: 32.998 Thread 0x00000275778d1f20 flushing  nmethod 0x0000027570249390
Event: 32.998 Thread 0x00000275778d1f20 flushing  nmethod 0x000002757028e110
Event: 32.998 Thread 0x00000275778d1f20 flushing  nmethod 0x000002757028ec90
Event: 32.998 Thread 0x00000275778d1f20 flushing  nmethod 0x0000027570290290
Event: 32.998 Thread 0x00000275778d1f20 flushing  nmethod 0x0000027570290890
Event: 32.998 Thread 0x00000275778d1f20 flushing  nmethod 0x0000027570290f10
Event: 32.998 Thread 0x00000275778d1f20 flushing  nmethod 0x0000027570291490
Event: 32.998 Thread 0x00000275778d1f20 flushing  nmethod 0x0000027570291b90
Event: 32.998 Thread 0x00000275778d1f20 flushing  nmethod 0x0000027570292590
Event: 32.998 Thread 0x00000275778d1f20 flushing  nmethod 0x0000027570292b90
Event: 32.998 Thread 0x00000275778d1f20 flushing  nmethod 0x0000027570292f10
Event: 32.998 Thread 0x00000275778d1f20 flushing  nmethod 0x0000027570293c10
Event: 32.998 Thread 0x00000275778d1f20 flushing  nmethod 0x0000027570293f90
Event: 32.998 Thread 0x00000275778d1f20 flushing  nmethod 0x0000027570294290
Event: 32.998 Thread 0x00000275778d1f20 flushing  nmethod 0x0000027570294690
Event: 32.998 Thread 0x00000275778d1f20 flushing  nmethod 0x0000027570294a10
Event: 32.998 Thread 0x00000275778d1f20 flushing  nmethod 0x0000027570295710

Events (20 events):
Event: 1.211 Thread 0x0000027569824c00 Thread added: 0x0000027577a83ae0
Event: 1.510 Thread 0x0000027577a85bb0 Thread added: 0x0000027577a82dc0
Event: 1.529 Thread 0x0000027577a82dc0 Thread added: 0x0000027577a84e90
Event: 1.545 Thread 0x0000027577a85520 Thread added: 0x0000027577a86240
Event: 1.574 Thread 0x0000027577a86240 Thread added: 0x0000027577a83450
Event: 1.777 Thread 0x0000027569824c00 Thread added: 0x000002757cc64dc0
Event: 1.780 Thread 0x000002757cc64dc0 Thread added: 0x000002757cc64730
Event: 2.459 Thread 0x000002757cc64730 Thread added: 0x000002757cc63a10
Event: 3.467 Thread 0x000002757cc63a10 Thread exited: 0x000002757cc63a10
Event: 8.530 Thread 0x000002757cc64730 Thread added: 0x000002757cc65450
Event: 8.666 Thread 0x000002757cc65450 Thread exited: 0x000002757cc65450
Event: 11.510 Thread 0x000002757798c820 Thread added: 0x000002757d8d76c0
Event: 14.413 Thread 0x000002757cc64730 Thread added: 0x000002757cc65450
Event: 15.122 Thread 0x000002757cc64730 Thread added: 0x000002757cc63a10
Event: 15.227 Thread 0x000002757cc63a10 Thread added: 0x000002757cc640a0
Event: 20.616 Thread 0x000002757cc640a0 Thread exited: 0x000002757cc640a0
Event: 30.516 Thread 0x000002757cc64730 Thread added: 0x000002757e1a53d0
Event: 30.518 Thread 0x000002757e1a53d0 Thread added: 0x000002757cc66170
Event: 30.525 Thread 0x000002757cc64730 Thread added: 0x000002757e1a4d40
Event: 33.569 Thread 0x000002757d8d76c0 Thread exited: 0x000002757d8d76c0


Dynamic libraries:
0x00007ff78a920000 - 0x00007ff78a92e000 	D:\sts-4.32.0.RELEASE\plugins\org.eclipse.justj.openjdk.hotspot.jre.full.win32.x86_64_21.0.8.v20250724-1412\jre\bin\javaw.exe
0x00007ffce52d0000 - 0x00007ffce54e8000 	C:\WINDOWS\SYSTEM32\ntdll.dll
0x00007ffce3020000 - 0x00007ffce30e4000 	C:\WINDOWS\System32\KERNEL32.DLL
0x00007ffce28a0000 - 0x00007ffce2c73000 	C:\WINDOWS\System32\KERNELBASE.dll
0x00007ffce2410000 - 0x00007ffce2521000 	C:\WINDOWS\System32\ucrtbase.dll
0x00007ffc9adc0000 - 0x00007ffc9adde000 	D:\sts-4.32.0.RELEASE\plugins\org.eclipse.justj.openjdk.hotspot.jre.full.win32.x86_64_21.0.8.v20250724-1412\jre\bin\VCRUNTIME140.dll
0x00007ffc9ade0000 - 0x00007ffc9adf8000 	D:\sts-4.32.0.RELEASE\plugins\org.eclipse.justj.openjdk.hotspot.jre.full.win32.x86_64_21.0.8.v20250724-1412\jre\bin\jli.dll
0x00007ffce3160000 - 0x00007ffce3312000 	C:\WINDOWS\System32\USER32.dll
0x00007ffce23e0000 - 0x00007ffce2406000 	C:\WINDOWS\System32\win32u.dll
0x00007ffce3650000 - 0x00007ffce3679000 	C:\WINDOWS\System32\GDI32.dll
0x00007ffcc9da0000 - 0x00007ffcca03c000 	C:\WINDOWS\WinSxS\amd64_microsoft.windows.common-controls_6595b64144ccf1df_6.0.22621.6060_none_2712eda17382d24b\COMCTL32.dll
0x00007ffce2e50000 - 0x00007ffce2f6b000 	C:\WINDOWS\System32\gdi32full.dll
0x00007ffce51e0000 - 0x00007ffce5287000 	C:\WINDOWS\System32\msvcrt.dll
0x00007ffce2cb0000 - 0x00007ffce2d4a000 	C:\WINDOWS\System32\msvcp_win.dll
0x00007ffce3120000 - 0x00007ffce3151000 	C:\WINDOWS\System32\IMM32.DLL
0x00007ffcb82d0000 - 0x00007ffcb82dc000 	D:\sts-4.32.0.RELEASE\plugins\org.eclipse.justj.openjdk.hotspot.jre.full.win32.x86_64_21.0.8.v20250724-1412\jre\bin\vcruntime140_1.dll
0x00007ffc477a0000 - 0x00007ffc4782d000 	D:\sts-4.32.0.RELEASE\plugins\org.eclipse.justj.openjdk.hotspot.jre.full.win32.x86_64_21.0.8.v20250724-1412\jre\bin\msvcp140.dll
0x00007ffc40a70000 - 0x00007ffc41807000 	D:\sts-4.32.0.RELEASE\plugins\org.eclipse.justj.openjdk.hotspot.jre.full.win32.x86_64_21.0.8.v20250724-1412\jre\bin\server\jvm.dll
0x00007ffce3c00000 - 0x00007ffce3cb1000 	C:\WINDOWS\System32\ADVAPI32.dll
0x00007ffce4780000 - 0x00007ffce4828000 	C:\WINDOWS\System32\sechost.dll
0x00007ffce2c80000 - 0x00007ffce2ca8000 	C:\WINDOWS\System32\bcrypt.dll
0x00007ffce3680000 - 0x00007ffce3798000 	C:\WINDOWS\System32\RPCRT4.dll
0x00007ffce5160000 - 0x00007ffce51d1000 	C:\WINDOWS\System32\WS2_32.dll
0x00007ffce1230000 - 0x00007ffce127d000 	C:\WINDOWS\SYSTEM32\POWRPROF.dll
0x00007ffcdc740000 - 0x00007ffcdc74a000 	C:\WINDOWS\SYSTEM32\VERSION.dll
0x00007ffcdd430000 - 0x00007ffcdd464000 	C:\WINDOWS\SYSTEM32\WINMM.dll
0x00007ffce1210000 - 0x00007ffce1223000 	C:\WINDOWS\SYSTEM32\UMPDC.dll
0x00007ffce14b0000 - 0x00007ffce14c8000 	C:\WINDOWS\SYSTEM32\kernel.appcore.dll
0x00007ffcd0350000 - 0x00007ffcd035a000 	D:\sts-4.32.0.RELEASE\plugins\org.eclipse.justj.openjdk.hotspot.jre.full.win32.x86_64_21.0.8.v20250724-1412\jre\bin\jimage.dll
0x00007ffcd99d0000 - 0x00007ffcd9c03000 	C:\WINDOWS\SYSTEM32\DBGHELP.DLL
0x00007ffce3810000 - 0x00007ffce3ba1000 	C:\WINDOWS\System32\combase.dll
0x00007ffce34f0000 - 0x00007ffce35c8000 	C:\WINDOWS\System32\OLEAUT32.dll
0x00007ffcc3f90000 - 0x00007ffcc3fc2000 	C:\WINDOWS\SYSTEM32\dbgcore.DLL
0x00007ffce2d50000 - 0x00007ffce2dcb000 	C:\WINDOWS\System32\bcryptPrimitives.dll
0x00007ffcd0330000 - 0x00007ffcd034f000 	D:\sts-4.32.0.RELEASE\plugins\org.eclipse.justj.openjdk.hotspot.jre.full.win32.x86_64_21.0.8.v20250724-1412\jre\bin\java.dll
0x00007ffce3ee0000 - 0x00007ffce477c000 	C:\WINDOWS\System32\SHELL32.dll
0x00007ffce26a0000 - 0x00007ffce27df000 	C:\WINDOWS\System32\wintypes.dll
0x00007ffce02f0000 - 0x00007ffce0c0a000 	C:\WINDOWS\SYSTEM32\windows.storage.dll
0x00007ffce4830000 - 0x00007ffce4934000 	C:\WINDOWS\System32\SHCORE.dll
0x00007ffce3d60000 - 0x00007ffce3dc9000 	C:\WINDOWS\System32\shlwapi.dll
0x00007ffce2310000 - 0x00007ffce2335000 	C:\WINDOWS\SYSTEM32\profapi.dll
0x00007ffc92380000 - 0x00007ffc92398000 	D:\sts-4.32.0.RELEASE\plugins\org.eclipse.justj.openjdk.hotspot.jre.full.win32.x86_64_21.0.8.v20250724-1412\jre\bin\zip.dll
0x00007ffcd0320000 - 0x00007ffcd0330000 	D:\sts-4.32.0.RELEASE\plugins\org.eclipse.justj.openjdk.hotspot.jre.full.win32.x86_64_21.0.8.v20250724-1412\jre\bin\net.dll
0x00007ffcdcdb0000 - 0x00007ffcdcedc000 	C:\WINDOWS\SYSTEM32\WINHTTP.dll
0x00007ffce1990000 - 0x00007ffce19f9000 	C:\WINDOWS\system32\mswsock.dll
0x00007ffc8e2e0000 - 0x00007ffc8e2f6000 	D:\sts-4.32.0.RELEASE\plugins\org.eclipse.justj.openjdk.hotspot.jre.full.win32.x86_64_21.0.8.v20250724-1412\jre\bin\nio.dll
0x00007ffcb6d10000 - 0x00007ffcb6d1a000 	D:\sts-4.32.0.RELEASE\plugins\org.eclipse.justj.openjdk.hotspot.jre.full.win32.x86_64_21.0.8.v20250724-1412\jre\bin\management.dll
0x00007ffcb6ca0000 - 0x00007ffcb6cab000 	D:\sts-4.32.0.RELEASE\plugins\org.eclipse.justj.openjdk.hotspot.jre.full.win32.x86_64_21.0.8.v20250724-1412\jre\bin\management_ext.dll
0x00007ffce3110000 - 0x00007ffce3118000 	C:\WINDOWS\System32\PSAPI.DLL
0x00007ffcc1bd0000 - 0x00007ffcc1be7000 	C:\WINDOWS\system32\napinsp.dll
0x00007ffcc11e0000 - 0x00007ffcc11fb000 	C:\WINDOWS\system32\pnrpnsp.dll
0x00007ffce0f50000 - 0x00007ffce1048000 	C:\WINDOWS\SYSTEM32\DNSAPI.dll
0x00007ffce0f20000 - 0x00007ffce0f4d000 	C:\WINDOWS\SYSTEM32\IPHLPAPI.DLL
0x00007ffce3800000 - 0x00007ffce3809000 	C:\WINDOWS\System32\NSI.dll
0x00007ffcc0fe0000 - 0x00007ffcc0ff1000 	C:\WINDOWS\System32\winrnr.dll
0x00007ffcdc870000 - 0x00007ffcdc885000 	C:\WINDOWS\system32\wshbth.dll
0x00007ffcc0ed0000 - 0x00007ffcc0ef1000 	C:\WINDOWS\system32\nlansp_c.dll
0x00007ffcc62a0000 - 0x00007ffcc62aa000 	C:\Windows\System32\rasadhlp.dll
0x00007ffcdc550000 - 0x00007ffcdc5d4000 	C:\WINDOWS\System32\fwpuclnt.dll
0x00007ffce1bf0000 - 0x00007ffce1c0b000 	C:\WINDOWS\SYSTEM32\CRYPTSP.dll
0x00007ffce1410000 - 0x00007ffce1447000 	C:\WINDOWS\system32\rsaenh.dll
0x00007ffce1a80000 - 0x00007ffce1aa8000 	C:\WINDOWS\SYSTEM32\USERENV.dll
0x00007ffce1be0000 - 0x00007ffce1bec000 	C:\WINDOWS\SYSTEM32\CRYPTBASE.dll
0x00007ffcb7fe0000 - 0x00007ffcb7fe9000 	D:\sts-4.32.0.RELEASE\plugins\org.eclipse.justj.openjdk.hotspot.jre.full.win32.x86_64_21.0.8.v20250724-1412\jre\bin\extnet.dll
0x00007ffcb8350000 - 0x00007ffcb835e000 	D:\sts-4.32.0.RELEASE\plugins\org.eclipse.justj.openjdk.hotspot.jre.full.win32.x86_64_21.0.8.v20250724-1412\jre\bin\sunmscapi.dll
0x00007ffce2530000 - 0x00007ffce2698000 	C:\WINDOWS\System32\CRYPT32.dll
0x00007ffce1da0000 - 0x00007ffce1dce000 	C:\WINDOWS\SYSTEM32\ncrypt.dll
0x00007ffce1d60000 - 0x00007ffce1d97000 	C:\WINDOWS\SYSTEM32\NTASN1.dll
0x00007ffcc1bc0000 - 0x00007ffcc1bd0000 	D:\sts-4.32.0.RELEASE\plugins\org.eclipse.justj.openjdk.hotspot.jre.full.win32.x86_64_21.0.8.v20250724-1412\jre\bin\verify.dll

JVMTI agents: none

dbghelp: loaded successfully - version: 4.0.5 - missing functions: none
symbol engine: initialized successfully - sym options: 0x614 - pdb path: .;D:\sts-4.32.0.RELEASE\plugins\org.eclipse.justj.openjdk.hotspot.jre.full.win32.x86_64_21.0.8.v20250724-1412\jre\bin;C:\WINDOWS\SYSTEM32;C:\WINDOWS\WinSxS\amd64_microsoft.windows.common-controls_6595b64144ccf1df_6.0.22621.6060_none_2712eda17382d24b;D:\sts-4.32.0.RELEASE\plugins\org.eclipse.justj.openjdk.hotspot.jre.full.win32.x86_64_21.0.8.v20250724-1412\jre\bin\server

VM Arguments:
jvm_args: -Dcom.sun.management.jmxremote -Dcom.sun.management.jmxremote.port=49408 -Dcom.sun.management.jmxremote.authenticate=false -Dcom.sun.management.jmxremote.ssl=false -Djava.rmi.server.hostname=localhost -Dspring.jmx.enabled=true -Dmanagement.endpoints.jmx.exposure.include=* -Dspring.application.admin.enabled=true -Dspring.output.ansi.enabled=always -XX:TieredStopAtLevel=1 -Dspring.boot.project.name=FightDFear -Dfile.encoding=UTF-8 -Dstdout.encoding=UTF-8 -Dstderr.encoding=UTF-8 -XX:+ShowCodeDetailsInExceptionMessages 
java_command: in.sp.main.FightthefireApplication
java_class_path (initial): C:\Users\PRIYA AC\Desktop\women\FightDFear\target\classes;C:\Users\PRIYA AC\.m2\repository\org\springframework\boot\spring-boot-starter-web\3.4.3\spring-boot-starter-web-3.4.3.jar;C:\Users\PRIYA AC\.m2\repository\org\springframework\boot\spring-boot-starter\3.4.3\spring-boot-starter-3.4.3.jar;C:\Users\PRIYA AC\.m2\repository\org\springframework\boot\spring-boot-starter-logging\3.4.3\spring-boot-starter-logging-3.4.3.jar;C:\Users\PRIYA AC\.m2\repository\ch\qos\logback\logback-classic\1.5.16\logback-classic-1.5.16.jar;C:\Users\PRIYA AC\.m2\repository\ch\qos\logback\logback-core\1.5.16\logback-core-1.5.16.jar;C:\Users\PRIYA AC\.m2\repository\org\apache\logging\log4j\log4j-to-slf4j\2.24.3\log4j-to-slf4j-2.24.3.jar;C:\Users\PRIYA AC\.m2\repository\org\apache\logging\log4j\log4j-api\2.24.3\log4j-api-2.24.3.jar;C:\Users\PRIYA AC\.m2\repository\org\slf4j\jul-to-slf4j\2.0.16\jul-to-slf4j-2.0.16.jar;C:\Users\PRIYA AC\.m2\repository\jakarta\annotation\jakarta.annotation-api\2.1.1\jakarta.annotation-api-2.1.1.jar;C:\Users\PRIYA AC\.m2\repository\org\yaml\snakeyaml\2.3\snakeyaml-2.3.jar;C:\Users\PRIYA AC\.m2\repository\org\springframework\boot\spring-boot-starter-json\3.4.3\spring-boot-starter-json-3.4.3.jar;C:\Users\PRIYA AC\.m2\repository\com\fasterxml\jackson\datatype\jackson-datatype-jdk8\2.18.2\jackson-datatype-jdk8-2.18.2.jar;C:\Users\PRIYA AC\.m2\repository\com\fasterxml\jackson\module\jackson-module-parameter-names\2.18.2\jackson-module-parameter-names-2.18.2.jar;C:\Users\PRIYA AC\.m2\repository\org\springframework\boot\spring-boot-starter-tomcat\3.4.3\spring-boot-starter-tomcat-3.4.3.jar;C:\Users\PRIYA AC\.m2\repository\org\apache\tomcat\embed\tomcat-embed-websocket\10.1.36\tomcat-embed-websocket-10.1.36.jar;C:\Users\PRIYA AC\.m2\repository\org\springframework\spring-web\6.2.3\spring-web-6.2.3.jar;C:\Users\PRIYA AC\.m2\repository\org\springframework\spring-beans\6.2.3\spring-beans-6.2.3.jar;C:\Users\PRIYA AC\.m2\repository\io\micrometer\micrometer-observation\1.14.4\micrometer-observation-1.14.4.jar;C:\Users\PRIYA AC\.m2\repository\io\micrometer\micrometer-commons\1.14.4\micrometer-commons-1.14.4.jar;C:\Users\PRIYA AC\.m2\repository\org\springframework\spring-webmvc\6.2.3\spring-webmvc-6.2.3.jar;C:\Users\PRIYA AC\.m2\repository\org\springframework\spring-context\6.2.3\spring-context-6.2.3.jar;C:\Users\PRIYA AC\.m2\repository\org\springframework\spring-expression\6.2.3\spring-expression-6.2.3.jar;C:\Users\PRIYA AC\.m2\repository\org\springframework\boot\spring-boot-starter-data-jpa\3.4.3\spring-boot-starter-data-jpa-3.4.3.jar;C:\Users\PRIYA AC\.m2\repository\org\springframework\boot\spring-boot-starter-jdbc\3.4.3\spring-boot-starter-jdbc-3.4.3.jar;C:\Users\PRIYA AC\.m2\repository\com\zaxxer\HikariCP\5.1.0\HikariCP-5.1.0.jar;C:\Users\PRIYA AC\.m2\repository\org\springframework\spring-jdbc\6.2.3\spring-jdbc-6.2.3.jar;C:\Users\PRIYA AC\.m2\repository\org\hibernate\orm\hibernate-core\6.6.8.Final\hibernate-core-6.6.8.Final.jar;C:\Users\PRIYA AC\.m2\repository\jakarta\transaction\jakarta.transaction-api\2.0.1\jakarta.transaction-api-2.0.1.jar;C:\Users\PRIYA AC\.m2\repository\org\hibernate\common\hibernate-commons-annotations\7.0.3.Final\hibernate-commons-annotations-7.0.3.Final.jar;C:\Users\PRIYA AC\.m2\repository\io\smallrye\jandex\3.2.0\jandex-3.2.0.jar;C:\Users\PRIYA AC\.m2\repository\net\bytebuddy\byte-buddy\1.15.11\byte-buddy-1.15.11.jar;C:\Users\PRIYA AC\.m2\repository\jakarta\inject\jakarta.inject-api\2.0.1\jakarta.inject-api-2.0.1.jar;C:\Users\PRIYA AC\.m2\repository\org\antlr\antlr4-runtime\4.13.0\antlr4-runtime-4.13.0.jar;C:\Users\PRIYA AC\.m2\repository\org\springframework\data\spring-data-jpa\3.4.3\spring-data-jpa-3.4.3.jar;C:\Users\PRIYA AC\.m2\repository\org\springframework\data\spring-data-commons\3.4.3\spring-data-commons-3.4.3.jar;C:\Users\PRIYA AC\.m2\repository\org\springframework\spring-orm\6.2.3\spring-orm-6.2.3.jar;C:\Users\PRIYA AC\.m2\repository\org\springframework\spring-tx\6.2.3\spring-tx-6.2.3.jar;C:\Users\PRIYA AC\.m2\repository\org\springframework\spring-aspects\6.2.3\spring-aspects-6.2.3.jar;C:\Users\PRIYA AC\.m2\repository\org\aspectj\aspectjweaver\1.9.22.1\aspectjweaver-1.9.22.1.jar;C:\Users\PRIYA AC\.m2\repository\org\springframework\boot\spring-boot-starter-security\3.4.3\spring-boot-starter-security-3.4.3.jar;C:\Users\PRIYA AC\.m2\repository\org\springframework\spring-aop\6.2.3\spring-aop-6.2.3.jar;C:\Users\PRIYA AC\.m2\repository\org\springframework\security\spring-security-config\6.4.3\spring-security-config-6.4.3.jar;C:\Users\PRIYA AC\.m2\repository\org\springframework\security\spring-security-core\6.4.3\spring-security-core-6.4.3.jar;C:\Users\PRIYA AC\.m2\repository\org\springframework\security\spring-security-crypto\6.4.3\spring-security-crypto-6.4.3.jar;C:\Users\PRIYA AC\.m2\repository\org\springframework\security\spring-security-web\6.4.3\spring-security-web-6.4.3.jar;C:\Users\PRIYA AC\.m2\repository\org\springframework\boot\spring-boot-starter-mail\3.4.3\spring-boot-starter-mail-3.4.3.jar;C:\Users\PRIYA AC\.m2\repository\org\springframework\spring-context-support\6.2.3\spring-context-support-6.2.3.jar;C:\Users\PRIYA AC\.m2\repository\org\eclipse\angus\jakarta.mail\2.0.3\jakarta.mail-2.0.3.jar;C:\Users\PRIYA AC\.m2\repository\org\eclipse\angus\angus-activation\2.0.2\angus-activation-2.0.2.jar;C:\Users\PRIYA AC\.m2\repository\org\springframework\boot\spring-boot-starter-websocket\3.4.3\spring-boot-starter-websocket-3.4.3.jar;C:\Users\PRIYA AC\.m2\repository\org\springframework\spring-messaging\6.2.3\spring-messaging-6.2.3.jar;C:\Users\PRIYA AC\.m2\repository\org\springframework\spring-websocket\6.2.3\spring-websocket-6.2.3.jar;C:\Users\PRIYA AC\.m2\repository\org\springframework\boot\spring-boot-devtools\3.4.3\spring-boot-devtools-3.4.3.jar;C:\Users\PRIYA AC\.m2\repository\org\springframework\boot\spring-boot\3.4.3\spring-boot-3.4.3.jar;C:\Users\PRIYA AC\.m2\repository\org\springframework\boot\spring-boot-autoconfigure\3.4.3\spring-boot-autoconfigure-3.4.3.jar;C:\Users\PRIYA AC\.m2\repository\com\mysql\mysql-connector-j\9.1.0\mysql-connector-j-9.1.0.jar;C:\Users\PRIYA AC\.m2\repository\org\flywaydb\flyway-core\10.20.1\flyway-core-10.20.1.jar;C:\Users\PRIYA AC\.m2\repository\com\fasterxml\jackson\dataformat\jackson-dataformat-toml\2.18.2\jackson-dataformat-toml-2.18.2.jar;C:\Users\PRIYA AC\.m2\repository\com\fasterxml\jackson\datatype\jackson-datatype-jsr310\2.18.2\jackson-datatype-jsr310-2.18.2.jar;C:\Users\PRIYA AC\.m2\repository\org\flywaydb\flyway-mysql\10.20.1\flyway-mysql-10.20.1.jar;C:\Users\PRIYA AC\.m2\repository\jakarta\persistence\jakarta.persistence-api\3.1.0\jakarta.persistence-api-3.1.0.jar;C:\Users\PRIYA AC\.m2\repository\jakarta\validation\jakarta.validation-api\3.0.2\jakarta.validation-api-3.0.2.jar;C:\Users\PRIYA AC\.m2\repository\org\hibernate\validator\hibernate-validator\8.0.1.Final\hibernate-validator-8.0.1.Final.jar;C:\Users\PRIYA AC\.m2\repository\org\jboss\logging\jboss-logging\3.6.1.Final\jboss-logging-3.6.1.Final.jar;C:\Users\PRIYA AC\.m2\repository\com\fasterxml\classmate\1.7.0\classmate-1.7.0.jar;C:\Users\PRIYA AC\.m2\repository\org\apache\tomcat\embed\tomcat-embed-jasper\10.1.36\tomcat-embed-jasper-10.1.36.jar;C:\Users\PRIYA AC\.m2\repository\org\apache\tomcat\embed\tomcat-embed-core\10.1.36\tomcat-embed-core-10.1.36.jar;C:\Users\PRIYA AC\.m2\repository\org\apache\tomcat\tomcat-annotations-api\10.1.36\tomcat-annotations-api-10.1.36.jar;C:\Users\PRIYA AC\.m2\repository\org\apache\tomcat\embed\tomcat-embed-el\10.1.36\tomcat-embed-el-10.1.36.jar;C:\Users\PRIYA AC\.m2\repository\org\eclipse\jdt\ecj\3.33.0\ecj-3.33.0.jar;C:\Users\PRIYA AC\.m2\repository\org\glassfish\web\jakarta.servlet.jsp.jstl\2.0.0\jakarta.servlet.jsp.jstl-2.0.0.jar;C:\Users\PRIYA AC\.m2\repository\jakarta\servlet\jsp\jstl\jakarta.servlet.jsp.jstl-api\3.0.2\jakarta.servlet.jsp.jstl-api-3.0.2.jar;C:\Users\PRIYA AC\.m2\repository\jakarta\servlet\jakarta.servlet-api\6.0.0\jakarta.servlet-api-6.0.0.jar;C:\Users\PRIYA AC\.m2\repository\org\glassfish\jakarta.el\4.0.2\jakarta.el-4.0.2.jar;C:\Users\PRIYA AC\.m2\repository\jakarta\el\jakarta.el-api\4.0.0\jakarta.el-api-4.0.0.jar;C:\Users\PRIYA AC\.m2\repository\org\projectlombok\lombok\1.18.36\lombok-1.18.36.jar;C:\Users\PRIYA AC\.m2\repository\com\itextpdf\itextpdf\5.5.13.2\itextpdf-5.5.13.2.jar;C:\Users\PRIYA AC\.m2\repository\nz\ac\waikato\cms\weka\weka-stable\3.8.6\weka-stable-3.8.6.jar;C:\Users\PRIYA AC\.m2\repository\com\github\vbmacher\java-cup\11b-20160615\java-cup-11b-20160615.jar;C:\Users\PRIYA AC\.m2\repository\com\github\vbmacher\java-cup-runtime\11b-20160615\java-cup-runtime-11b-20160615.jar;C:\Users\PRIYA AC\.m2\repository\nz\ac\waikato\cms\weka\thirdparty\bounce\0.18\bounce-0.18.jar;C:\Users\PRIYA AC\.m2\repository\com\googlecode\matrix-toolkits-java\mtj\1.0.4\mtj-1.0.4.jar;C:\Users\PRIYA AC\.m2\repository\com\github\fommil\netlib\netlib-native_ref-osx-x86_64\1.1\netlib-native_ref-osx-x86_64-1.1-natives.jar;C:\Users\PRIYA AC\.m2\repository\com\github\fommil\netlib\native_ref-java\1.1\native_ref-java-1.1.jar;C:\Users\PRIYA AC\.m2\repository\com\github\fommil\jniloader\1.1\jniloader-1.1.jar;C:\Users\PRIYA AC\.m2\repository\com\github\fommil\netlib\netlib-native_ref-linux-x86_64\1.1\netlib-native_ref-linux-x86_64-1.1-natives.jar;C:\Users\PRIYA AC\.m2\repository\com\github\fommil\netlib\netlib-native_ref-linux-i686\1.1\netlib-native_ref-linux-i686-1.1-natives.jar;C:\Users\PRIYA AC\.m2\repository\com\github\fommil\netlib\netlib-native_ref-win-x86_64\1.1\netlib-native_ref-win-x86_64-1.1-natives.jar;C:\Users\PRIYA AC\.m2\repository\com\github\fommil\netlib\netlib-native_ref-win-i686\1.1\netlib-native_ref-win-i686-1.1-natives.jar;C:\Users\PRIYA AC\.m2\repository\com\github\fommil\netlib\netlib-native_ref-linux-armhf\1.1\netlib-native_ref-linux-armhf-1.1-natives.jar;C:\Users\PRIYA AC\.m2\repository\com\github\fommil\netlib\netlib-native_system-osx-x86_64\1.1\netlib-native_system-osx-x86_64-1.1-natives.jar;C:\Users\PRIYA AC\.m2\repository\com\github\fommil\netlib\native_system-java\1.1\native_system-java-1.1.jar;C:\Users\PRIYA AC\.m2\repository\com\github\fommil\netlib\netlib-native_system-linux-x86_64\1.1\netlib-native_system-linux-x86_64-1.1-natives.jar;C:\Users\PRIYA AC\.m2\repository\com\github\fommil\netlib\netlib-native_system-linux-i686\1.1\netlib-native_system-linux-i686-1.1-natives.jar;C:\Users\PRIYA AC\.m2\repository\com\github\fommil\netlib\netlib-native_system-linux-armhf\1.1\netlib-native_system-linux-armhf-1.1-natives.jar;C:\Users\PRIYA AC\.m2\repository\com\github\fommil\netlib\netlib-native_system-win-x86_64\1.1\netlib-native_system-win-x86_64-1.1-natives.jar;C:\Users\PRIYA AC\.m2\repository\com\github\fommil\netlib\netlib-native_system-win-i686\1.1\netlib-native_system-win-i686-1.1-natives.jar;C:\Users\PRIYA AC\.m2\repository\net\sourceforge\f2j\arpack_combined_all\0.1\arpack_combined_all-0.1.jar;C:\Users\PRIYA AC\.m2\repository\com\googlecode\netlib-java\netlib-java\1.1\netlib-java-1.1.jar;C:\Users\PRIYA AC\.m2\repository\com\github\fommil\netlib\core\1.1\core-1.1.jar;C:\Users\PRIYA AC\.m2\repository\com\github\fracpete\jfilechooser-bookmarks\0.1.6\jfilechooser-bookmarks-0.1.6.jar;C:\Users\PRIYA AC\.m2\repository\com\github\fracpete\jclipboardhelper\0.1.0\jclipboardhelper-0.1.0.jar;C:\Users\PRIYA AC\.m2\repository\com\sun\istack\istack-commons-runtime\4.1.2\istack-commons-runtime-4.1.2.jar;C:\Users\PRIYA AC\.m2\repository\jakarta\activation\jakarta.activation-api\2.1.3\jakarta.activation-api-2.1.3.jar;C:\Users\PRIYA AC\.m2\repository\jakarta\xml\bind\jakarta.xml.bind-api\4.0.2\jakarta.xml.bind-api-4.0.2.jar;C:\Users\PRIYA AC\.m2\repository\org\glassfish\jaxb\jaxb-runtime\4.0.5\jaxb-runtime-4.0.5.jar;C:\Users\PRIYA AC\.m2\repository\org\glassfish\jaxb\jaxb-core\4.0.5\jaxb-core-4.0.5.jar;C:\Users\PRIYA AC\.m2\repository\org\glassfish\jaxb\txw2\4.0.5\txw2-4.0.5.jar;C:\Users\PRIYA AC\.m2\repository\com\formdev\flatlaf\2.0\flatlaf-2.0.jar;C:\Users\PRIYA AC\.m2\repository\org\thymeleaf\thymeleaf-spring5\3.0.15.RELEASE\thymeleaf-spring5-3.0.15.RELEASE.jar;C:\Users\PRIYA AC\.m2\repository\org\thymeleaf\thymeleaf\3.1.3.RELEASE\thymeleaf-3.1.3.RELEASE.jar;C:\Users\PRIYA AC\.m2\repository\org\attoparser\attoparser\2.0.7.RELEASE\attoparser-2.0.7.RELEASE.jar;C:\Users\PRIYA AC\.m2\repository\org\unbescape\unbescape\1.1.6.RELEASE\unbescape-1.1.6.RELEASE.jar;C:\Users\PRIYA AC\.m2\repository\org\slf4j\slf4j-api\2.0.16\slf4j-api-2.0.16.jar;C:\Users\PRIYA AC\.m2\repository\com\fasterxml\jackson\core\jackson-databind\2.15.0\jackson-databind-2.15.0.jar;C:\Users\PRIYA AC\.m2\repository\com\fasterxml\jackson\core\jackson-annotations\2.18.2\jackson-annotations-2.18.2.jar;C:\Users\PRIYA AC\.m2\repository\com\fasterxml\jackson\core\jackson-core\2.18.2\jackson-core-2.18.2.jar;C:\Users\PRIYA AC\.m2\repository\com\razorpay\razorpay-java\1.4.3\razorpay-java-1.4.3.jar;C:\Users\PRIYA AC\.m2\repository\org\json\json\20180130\json-20180130.jar;C:\Users\PRIYA AC\.m2\repository\com\squareup\okhttp3\okhttp\3.10.0\okhttp-3.10.0.jar;C:\Users\PRIYA AC\.m2\repository\com\squareup\okio\okio\1.14.0\okio-1.14.0.jar;C:\Users\PRIYA AC\.m2\repository\com\squareup\okhttp3\logging-interceptor\3.10.0\logging-interceptor-3.10.0.jar;C:\Users\PRIYA AC\.m2\repository\commons-codec\commons-codec\1.17.2\commons-codec-1.17.2.jar;C:\Users\PRIYA AC\.m2\repository\org\apache\commons\commons-text\1.3\commons-text-1.3.jar;C:\Users\PRIYA AC\.m2\repository\org\apache\commons\commons-lang3\3.17.0\commons-lang3-3.17.0.jar;C:\Users\PRIYA AC\.m2\repository\io\jsonwebtoken\jjwt-api\0.11.5\jjwt-api-0.11.5.jar;C:\Users\PRIYA AC\.m2\repository\io\jsonwebtoken\jjwt-impl\0.11.5\jjwt-impl-0.11.5.jar;C:\Users\PRIYA AC\.m2\repository\io\jsonwebtoken\jjwt-jackson\0.11.5\jjwt-jackson-0.11.5.jar;C:\Users\PRIYA AC\.m2\repository\org\springframework\spring-core\6.2.3\spring-core-6.2.3.jar;C:\Users\PRIYA AC\.m2\repository\org\springframework\spring-jcl\6.2.3\spring-jcl-6.2.3.jar
Launcher Type: SUN_STANDARD

[Global flags]
     intx CICompilerCount                          = 4                                         {product} {ergonomic}
     uint ConcGCThreads                            = 3                                         {product} {ergonomic}
     uint G1ConcRefinementThreads                  = 10                                        {product} {ergonomic}
   size_t G1HeapRegionSize                         = 1048576                                   {product} {ergonomic}
    uintx GCDrainStackTargetSize                   = 64                                        {product} {ergonomic}
   size_t InitialHeapSize                          = 123731968                                 {product} {ergonomic}
     bool ManagementServer                         = true                                      {product} {command line}
   size_t MarkStackSize                            = 4194304                                   {product} {ergonomic}
   size_t MaxHeapSize                              = 1973420032                                {product} {ergonomic}
   size_t MaxNewSize                               = 1183842304                                {product} {ergonomic}
   size_t MinHeapDeltaBytes                        = 1048576                                   {product} {ergonomic}
   size_t MinHeapSize                              = 8388608                                   {product} {ergonomic}
    uintx NonNMethodCodeHeapSize                   = 4096                                   {pd product} {ergonomic}
    uintx NonProfiledCodeHeapSize                  = 0                                      {pd product} {ergonomic}
     bool ProfileInterpreter                       = false                                  {pd product} {command line}
    uintx ProfiledCodeHeapSize                     = 0                                      {pd product} {ergonomic}
     bool ShowCodeDetailsInExceptionMessages       = true                                   {manageable} {command line}
   size_t SoftMaxHeapSize                          = 1973420032                             {manageable} {ergonomic}
     intx TieredStopAtLevel                        = 1                                         {product} {command line}
     bool UseCompressedOops                        = true                           {product lp64_product} {ergonomic}
     bool UseG1GC                                  = true                                      {product} {ergonomic}
     bool UseLargePagesIndividualAllocation        = false                                  {pd product} {ergonomic}

Logging:
Log output configuration:
 #0: stdout all=warning uptime,level,tags foldmultilines=false
 #1: stderr all=off uptime,level,tags foldmultilines=false

Environment Variables:
JAVA_HOME=C:\Program Files\Java\jdk-17.0.4.1
PATH=D:/sts-4.32.0.RELEASE//plugins/org.eclipse.justj.openjdk.hotspot.jre.full.win32.x86_64_21.0.8.v20250724-1412/jre/bin/server;D:/sts-4.32.0.RELEASE//plugins/org.eclipse.justj.openjdk.hotspot.jre.full.win32.x86_64_21.0.8.v20250724-1412/jre/bin;C:\Program Files\Common Files\Oracle\Java\javapath;C:\windows\system32;C:\windows;C:\windows\System32\Wbem;C:\windows\System32\WindowsPowerShell\v1.0\;C:\windows\System32\OpenSSH\;C:\Program Files (x86)\NVIDIA Corporation\PhysX\Common;C:\Program Files\NVIDIA Corporation\NVIDIA NvDLISR;C:\Program files \java\jdk-17.0.4.1\bin;C:\Program Files\apache-maven-3.8.1\bin;C:\WINDOWS\system32;C:\WINDOWS;C:\WINDOWS\System32\Wbem;C:\WINDOWS\System32\WindowsPowerShell\v1.0\;C:\WINDOWS\System32\OpenSSH\;C:\Program Files\MySQL\MySQL Server 8.0\bin;C:\Program Files\Git\cmd;C:\ProgramData\chocolatey\bin;C:\Program Files\nodejs\;C:\Users\PRIYA AC\Documents\Python Scripts;C:\Users\PRIYA AC\Documents\Python Scripts\Library\mingw-w64\bin;C:\Users\PRIYA AC\Documents\Python Scripts\Library\usr\bin;C:\Users\PRIYA AC\Documents\Python Scripts\Library\bin;C:\Users\PRIYA AC\Documents\Python Scripts\Scripts;C:\Users\PRIYA AC\anaconda3\New folder;C:\Users\PRIYA AC\anaconda3\New folder\Library\mingw-w64\bin;C:\Users\PRIYA AC\anaconda3\New folder\Library\usr\bin;C:\Users\PRIYA AC\anaconda3\New folder\Library\bin;C:\Users\PRIYA AC\anaconda3\New folder\Scripts;C:\Users\PRIYA AC\Downloads\astar.py;C:\Users\PRIYA AC\Downloads\astar.py\Library\mingw-w64\bin;C:\Users\PRIYA AC\Downloads\astar.py\Library\usr\bin;C:\Users\PRIYA AC\Downloads\astar.py\Library\bin;C:\Users\PRIYA AC\Downloads\astar.py\Scripts;C:\Users\PRIYA AC\AppData\Local\Microsoft\WindowsApps;C:\Users\PRIYA AC\AppData\Local\Programs\Microsoft VS Code\bin;C:\Users\PRIYA AC\AppData\Roaming\npm;C:\Users\PRIYA AC\Documents\Antigravity\bin;C:\Users\PRIYA AC\AppData\Local\Programs\cursor\resources\app\bin;D:\sts-4.32.0.RELEASE;
USERNAME=PRIYA AC
OS=Windows_NT
PROCESSOR_IDENTIFIER=AMD64 Family 25 Model 80 Stepping 0, AuthenticAMD
TMP=C:\Users\PRIYAA~1\AppData\Local\Temp
TEMP=C:\Users\PRIYAA~1\AppData\Local\Temp




Periodic native trim disabled

---------------  S Y S T E M  ---------------

OS:
 Windows 11 , 64 bit Build 22621 (10.0.22621.5415)
OS uptime: 8 days 14:24 hours

CPU: total 12 (initial active 12) (12 cores per cpu, 2 threads per core) family 25 model 80 stepping 0 microcode 0x0, cx8, cmov, fxsr, ht, mmx, 3dnowpref, sse, sse2, sse3, ssse3, sse4a, sse4.1, sse4.2, popcnt, lzcnt, tsc, tscinvbit, avx, avx2, aes, erms, clmul, bmi1, bmi2, adx, sha, fma, vzeroupper, clflush, clflushopt, rdtscp, rdpid, fsrm, f16c, pku, cet_ss
Processor Information for processor 0
  Max Mhz: 3301, Current Mhz: 1908, Mhz Limit: 3301
Processor Information for processor 1
  Max Mhz: 3301, Current Mhz: 1908, Mhz Limit: 3301
Processor Information for processor 2
  Max Mhz: 3301, Current Mhz: 1908, Mhz Limit: 3301
Processor Information for processor 3
  Max Mhz: 3301, Current Mhz: 1805, Mhz Limit: 3301
Processor Information for processor 4
  Max Mhz: 3301, Current Mhz: 1908, Mhz Limit: 3301
Processor Information for processor 5
  Max Mhz: 3301, Current Mhz: 1908, Mhz Limit: 3301
Processor Information for processor 6
  Max Mhz: 3301, Current Mhz: 1908, Mhz Limit: 3301
Processor Information for processor 7
  Max Mhz: 3301, Current Mhz: 1908, Mhz Limit: 3301
Processor Information for processor 8
  Max Mhz: 3301, Current Mhz: 1805, Mhz Limit: 3301
Processor Information for processor 9
  Max Mhz: 3301, Current Mhz: 1805, Mhz Limit: 3301
Processor Information for processor 10
  Max Mhz: 3301, Current Mhz: 1805, Mhz Limit: 3301
Processor Information for processor 11
  Max Mhz: 3301, Current Mhz: 1805, Mhz Limit: 3301

Memory: 4k page, system-wide physical 7521M (187M free)
TotalPageFile size 31073M (AvailPageFile size 3M)
current process WorkingSet (physical memory assigned to process): 384M, peak: 384M
current process commit charge ("private bytes"): 582M, peak: 585M

vm_info: OpenJDK 64-Bit Server VM (21.0.8+9-LTS) for windows-amd64 JRE (21.0.8+9-LTS), built on 2025-07-15T00:00:00Z by "admin" with MS VC++ 17.7 (VS2022)

END.
