#
# There is insufficient memory for the Java Runtime Environment to continue.
# Native memory allocation (malloc) failed to allocate 2097152 bytes for AllocateHeap
# Possible reasons:
#   The system is out of physical RAM or swap space
#   The process is running with CompressedOops enabled, and the Java Heap may be blocking the growth of the native heap
# Possible solutions:
#   Reduce memory load on the system
#   Increase physical memory or swap space
#   Check if swap backing store is full
#   Decrease Java heap size (-Xmx/-Xms)
#   Decrease number of Java threads
#   Decrease Java thread stack sizes (-Xss)
#   Set larger code cache with -XX:ReservedCodeCacheSize=
#   JVM is running with Unscaled Compressed Oops mode in which the Java heap is
#     placed in the first 4GB address space. The Java Heap base address is the
#     maximum limit for the native heap growth. Please use -XX:HeapBaseMinAddress
#     to set the Java Heap base and to place the Java Heap above 4GB virtual address.
# This output file may be truncated or incomplete.
#
#  Out of Memory Error (allocation.cpp:44), pid=23080, tid=24008
#
# JRE version: Java(TM) SE Runtime Environment (17.0.12+8) (build 17.0.12+8-LTS-286)
# Java VM: Java HotSpot(TM) 64-Bit Server VM (17.0.12+8-LTS-286, mixed mode, emulated-client, sharing, tiered, compressed oops, compressed class ptrs, g1 gc, windows-amd64)
# No core dump will be written. Minidumps are not enabled by default on client versions of Windows
#

---------------  S U M M A R Y ------------

Command Line: -Dcom.sun.management.jmxremote -Dcom.sun.management.jmxremote.port=54709 -Dcom.sun.management.jmxremote.authenticate=false -Dcom.sun.management.jmxremote.ssl=false -Djava.rmi.server.hostname=localhost -Dspring.jmx.enabled=true -Dmanagement.endpoints.jmx.exposure.include=* -Dspring.application.admin.enabled=true -Dspring.output.ansi.enabled=always -XX:TieredStopAtLevel=1 -Dspring.boot.project.name=Fight D Fear -Dfile.encoding=UTF-8 -Dstdout.encoding=UTF-8 -Dstderr.encoding=UTF-8 -XX:+ShowCodeDetailsInExceptionMessages in.sp.main.FightthefireApplication

Host: 12th Gen Intel(R) Core(TM) i5-12450H, 12 cores, 7G,  Windows 11 , 64 bit Build 26100 (10.0.26100.9168)
Time: Thu Aug 20 12:51:25 2026 India Standard Time elapsed time: 154024.007678 seconds (1d 18h 47m 4s)

---------------  T H R E A D  ---------------

Current thread (0x000001e7271cff40):  VMThread "VM Thread" [stack: 0x000000bc15e00000,0x000000bc15f00000] [id=24008]

Stack: [0x000000bc15e00000,0x000000bc15f00000]
Native frames: (J=compiled Java code, j=interpreted, Vv=VM code, C=native code)
V  [jvm.dll+0x67a04a]
V  [jvm.dll+0x7da4ed]
V  [jvm.dll+0x7dbe33]
V  [jvm.dll+0x7dc4a3]
V  [jvm.dll+0x24508f]
V  [jvm.dll+0xa5e2b]
V  [jvm.dll+0x2f3251]
V  [jvm.dll+0x2ef140]
V  [jvm.dll+0x2d78d7]
V  [jvm.dll+0x31a6f7]
V  [jvm.dll+0x7e0d9b]
V  [jvm.dll+0x7e1ad4]
V  [jvm.dll+0x7e1fed]
V  [jvm.dll+0x7e23c4]
V  [jvm.dll+0x7e2490]
V  [jvm.dll+0x78abea]
V  [jvm.dll+0x678f35]
C  [ucrtbase.dll+0x2cd30]
C  [KERNEL32.DLL+0x2ccb7]
C  [ntdll.dll+0xaad6c]

VM_Operation (0x000000bc155fee40): G1CollectFull, mode: safepoint, requested by thread 0x000001e775abd9c0


---------------  P R O C E S S  ---------------

Threads class SMR info:
_java_thread_list=0x000001e775ec67e0, length=19, elements={
0x000001e7271d5620, 0x000001e7271d8a70, 0x000001e7271ed6c0, 0x000001e7271edf90,
0x000001e7271ef3d0, 0x000001e7271f6890, 0x000001e7271f7210, 0x000001e72720aad0,
0x000001e7274bab30, 0x000001e7274b87c0, 0x000001e7274ba620, 0x000001e7274b9c00,
0x000001e7274b7da0, 0x000001e7274b96f0, 0x000001e76e7e22c0, 0x000001e76e7e7de0,
0x000001e775677570, 0x000001e775677060, 0x000001e775abd9c0
}

Java Threads: ( => current thread )
  0x000001e7271d5620 JavaThread "Reference Handler" daemon [_thread_blocked, id=16536, stack(0x000000bc15f00000,0x000000bc16000000)]
  0x000001e7271d8a70 JavaThread "Finalizer" daemon [_thread_blocked, id=24672, stack(0x000000bc16000000,0x000000bc16100000)]
  0x000001e7271ed6c0 JavaThread "Signal Dispatcher" daemon [_thread_blocked, id=22380, stack(0x000000bc16100000,0x000000bc16200000)]
  0x000001e7271edf90 JavaThread "Attach Listener" daemon [_thread_blocked, id=22200, stack(0x000000bc16200000,0x000000bc16300000)]
  0x000001e7271ef3d0 JavaThread "Service Thread" daemon [_thread_blocked, id=24092, stack(0x000000bc16300000,0x000000bc16400000)]
  0x000001e7271f6890 JavaThread "Monitor Deflation Thread" daemon [_thread_blocked, id=19108, stack(0x000000bc16400000,0x000000bc16500000)]
  0x000001e7271f7210 JavaThread "C1 CompilerThread0" daemon [_thread_blocked, id=6092, stack(0x000000bc16500000,0x000000bc16600000)]
  0x000001e72720aad0 JavaThread "Sweeper thread" daemon [_thread_blocked, id=21036, stack(0x000000bc16600000,0x000000bc16700000)]
  0x000001e7274bab30 JavaThread "Common-Cleaner" daemon [_thread_blocked, id=3636, stack(0x000000bc16700000,0x000000bc16800000)]
  0x000001e7274b87c0 JavaThread "Notification Thread" daemon [_thread_blocked, id=15652, stack(0x000000bc16b00000,0x000000bc16c00000)]
  0x000001e7274ba620 JavaThread "RMI TCP Accept-0" daemon [_thread_in_native, id=21244, stack(0x000000bc16c00000,0x000000bc16d00000)]
  0x000001e7274b9c00 JavaThread "RMI TCP Accept-54709" daemon [_thread_in_native, id=19316, stack(0x000000bc16d00000,0x000000bc16e00000)]
  0x000001e7274b7da0 JavaThread "RMI TCP Accept-0" daemon [_thread_in_native, id=26496, stack(0x000000bc16e00000,0x000000bc16f00000)]
  0x000001e7274b96f0 JavaThread "RMI Scheduler(0)" daemon [_thread_blocked, id=7076, stack(0x000000bc17c00000,0x000000bc17d00000)]
  0x000001e76e7e22c0 JavaThread "mysql-cj-abandoned-connection-cleanup" daemon [_thread_blocked, id=428, stack(0x000000bc18300000,0x000000bc18400000)]
  0x000001e76e7e7de0 JavaThread "Live Reload Server" daemon [_thread_in_native, id=4756, stack(0x000000bc18f00000,0x000000bc19000000)]
  0x000001e775677570 JavaThread "DestroyJavaVM" [_thread_blocked, id=15832, stack(0x000000bc15800000,0x000000bc15900000)]
  0x000001e775677060 JavaThread "File Watcher" daemon [_thread_blocked, id=25816, stack(0x000000bc15600000,0x000000bc15700000)]
  0x000001e775abd9c0 JavaThread "Thread-7" [_thread_blocked, id=25324, stack(0x000000bc15500000,0x000000bc15600000)]

Other Threads:
=>0x000001e7271cff40 VMThread "VM Thread" [stack: 0x000000bc15e00000,0x000000bc15f00000] [id=24008]
  0x000001e727e03e90 WatcherThread [stack: 0x000000bc16f00000,0x000000bc17000000] [id=22608]
  0x000001e7150de910 GCTaskThread "GC Thread#0" [stack: 0x000000bc15900000,0x000000bc15a00000] [id=13456]
  0x000001e76d4a3db0 GCTaskThread "GC Thread#1" [stack: 0x000000bc17000000,0x000000bc17100000] [id=12356]
  0x000001e76d504110 GCTaskThread "GC Thread#2" [stack: 0x000000bc17100000,0x000000bc17200000] [id=5352]
  0x000001e76d5043d0 GCTaskThread "GC Thread#3" [stack: 0x000000bc17200000,0x000000bc17300000] [id=10576]
  0x000001e76d504690 GCTaskThread "GC Thread#4" [stack: 0x000000bc17300000,0x000000bc17400000] [id=20584]
  0x000001e76d504950 GCTaskThread "GC Thread#5" [stack: 0x000000bc17400000,0x000000bc17500000] [id=24288]
  0x000001e76d504c10 GCTaskThread "GC Thread#6" [stack: 0x000000bc17500000,0x000000bc17600000] [id=21956]
  0x000001e76d504ed0 GCTaskThread "GC Thread#7" [stack: 0x000000bc17600000,0x000000bc17700000] [id=23124]
  0x000001e76d6a4c00 GCTaskThread "GC Thread#8" [stack: 0x000000bc17a00000,0x000000bc17b00000] [id=17372]
  0x000001e76da71e00 GCTaskThread "GC Thread#9" [stack: 0x000000bc18000000,0x000000bc18100000] [id=14224]
  0x000001e7150f01a0 ConcurrentGCThread "G1 Main Marker" [stack: 0x000000bc15a00000,0x000000bc15b00000] [id=23156]
  0x000001e7150f0ac0 ConcurrentGCThread "G1 Conc#0" [stack: 0x000000bc15b00000,0x000000bc15c00000] [id=22656]
  0x000001e76db72370 ConcurrentGCThread "G1 Conc#1" [stack: 0x000000bc18100000,0x000000bc18200000] [id=18064]
  0x000001e76d69b300 ConcurrentGCThread "G1 Conc#2" [stack: 0x000000bc18200000,0x000000bc18300000] [id=24280]
  0x000001e71512ecb0 ConcurrentGCThread "G1 Refine#0" [stack: 0x000000bc15c00000,0x000000bc15d00000] [id=5416]
  0x000001e7275b4c80 ConcurrentGCThread "G1 Refine#1" [stack: 0x000000bc17700000,0x000000bc17800000] [id=12220]
  0x000001e76e98c090 ConcurrentGCThread "G1 Refine#2" [stack: 0x000000bc17f00000,0x000000bc18000000] [id=6772]
  0x000001e7274a7540 ConcurrentGCThread "G1 Refine#3" [stack: 0x000000bc18700000,0x000000bc18800000] [id=10948]
  0x000001e76f5a7c30 ConcurrentGCThread "G1 Refine#4" [stack: 0x000000bc18800000,0x000000bc18900000] [id=25716]
  0x000001e76fd58060 ConcurrentGCThread "G1 Refine#5" [stack: 0x000000bc18900000,0x000000bc18a00000] [id=6452]
  0x000001e76fd571b0 ConcurrentGCThread "G1 Refine#6" [stack: 0x000000bc18a00000,0x000000bc18b00000] [id=1568]
  0x000001e76fd574a0 ConcurrentGCThread "G1 Refine#7" [stack: 0x000000bc18b00000,0x000000bc18c00000] [id=26588]
  0x000001e76ffa2920 ConcurrentGCThread "G1 Refine#8" [stack: 0x000000bc16900000,0x000000bc16a00000] [id=25144]
  0x000001e72707ad60 ConcurrentGCThread "G1 Service" [stack: 0x000000bc15d00000,0x000000bc15e00000] [id=15264]

Threads with active compile tasks:

VM state: at safepoint (normal execution)

VM Mutex/Monitor currently owned by a thread:  ([mutex/lock_event])
[0x000001e715083de0] Threads_lock - owner thread: 0x000001e7271cff40
[0x000001e715084140] Heap_lock - owner thread: 0x000001e775abd9c0

Heap address: 0x0000000085200000, size: 1966 MB, Compressed Oops mode: 32-bit

CDS archive(s) mapped at: [0x000001e728000000-0x000001e728bd0000-0x000001e728bd0000), size 12386304, SharedBaseAddress: 0x000001e728000000, ArchiveRelocationMode: 1.
Compressed class space mapped at: 0x000001e729000000-0x000001e769000000, reserved size: 1073741824
Narrow klass base: 0x000001e728000000, Narrow klass shift: 0, Narrow klass range: 0x100000000

GC Precious Log:
 CPUs: 12 total, 12 available
 Memory: 7860M
 Large Page Support: Disabled
 NUMA Support: Disabled
 Compressed Oops: Enabled (32-bit)
 Heap Region Size: 1M
 Heap Min Capacity: 8M
 Heap Initial Capacity: 124M
 Heap Max Capacity: 1966M
 Pre-touch: Disabled
 Parallel Workers: 10
 Concurrent Workers: 3
 Concurrent Refinement Workers: 10
 Periodic GC: Disabled

Heap:
 garbage-first heap   total 352256K, used 270803K [0x0000000085200000, 0x0000000100000000)
  region size 1024K, 75 young (76800K), 2 survivors (2048K)
 Metaspace       used 132624K, committed 133568K, reserved 1179648K
  class space    used 16818K, committed 17280K, reserved 1048576K

Heap Regions: E=young(eden), S=young(survivor), O=old, HS=humongous(starts), HC=humongous(continues), CS=collection set, F=free, OA=open archive, CA=closed archive, TAMS=top-at-mark-start (previous, next)
|   0|0x0000000085200000, 0x0000000085300000, 0x0000000085300000|100%|HS|  |TAMS 0x0000000085300000, 0x0000000085200000| Complete 
|   1|0x0000000085300000, 0x0000000085400000, 0x0000000085400000|100%|HS|  |TAMS 0x0000000085400000, 0x0000000085300000| Complete 
|   2|0x0000000085400000, 0x0000000085500000, 0x0000000085500000|100%| O|  |TAMS 0x0000000085500000, 0x0000000085400000| Untracked 
|   3|0x0000000085500000, 0x0000000085600000, 0x0000000085600000|100%| O|  |TAMS 0x0000000085600000, 0x0000000085500000| Untracked 
|   4|0x0000000085600000, 0x0000000085700000, 0x0000000085700000|100%| O|  |TAMS 0x0000000085700000, 0x0000000085600000| Untracked 
|   5|0x0000000085700000, 0x0000000085800000, 0x0000000085800000|100%| O|  |TAMS 0x0000000085800000, 0x0000000085700000| Untracked 
|   6|0x0000000085800000, 0x0000000085900000, 0x0000000085900000|100%| O|  |TAMS 0x0000000085900000, 0x0000000085800000| Untracked 
|   7|0x0000000085900000, 0x0000000085a00000, 0x0000000085a00000|100%| O|  |TAMS 0x0000000085a00000, 0x0000000085900000| Untracked 
|   8|0x0000000085a00000, 0x0000000085aea160, 0x0000000085b00000| 91%| O|  |TAMS 0x0000000085aea160, 0x0000000085a00000| Untracked 
|   9|0x0000000085b00000, 0x0000000085c00000, 0x0000000085c00000|100%| O|  |TAMS 0x0000000085c00000, 0x0000000085b00000| Untracked 
|  10|0x0000000085c00000, 0x0000000085d00000, 0x0000000085d00000|100%| O|  |TAMS 0x0000000085d00000, 0x0000000085c00000| Untracked 
|  11|0x0000000085d00000, 0x0000000085dffff8, 0x0000000085e00000| 99%| O|  |TAMS 0x0000000085dffff8, 0x0000000085d00000| Untracked 
|  12|0x0000000085e00000, 0x0000000085effff0, 0x0000000085f00000| 99%| O|  |TAMS 0x0000000085effff0, 0x0000000085e00000| Untracked 
|  13|0x0000000085f00000, 0x0000000085fffff8, 0x0000000086000000| 99%| O|  |TAMS 0x0000000085fffff8, 0x0000000085f00000| Untracked 
|  14|0x0000000086000000, 0x00000000860fffd8, 0x0000000086100000| 99%| O|  |TAMS 0x00000000860fffd8, 0x0000000086000000| Untracked 
|  15|0x0000000086100000, 0x0000000086200000, 0x0000000086200000|100%| O|  |TAMS 0x0000000086200000, 0x0000000086100000| Untracked 
|  16|0x0000000086200000, 0x00000000862fffd8, 0x0000000086300000| 99%| O|  |TAMS 0x00000000862fffd8, 0x0000000086200000| Untracked 
|  17|0x0000000086300000, 0x00000000863ffff8, 0x0000000086400000| 99%| O|  |TAMS 0x00000000863ffff8, 0x0000000086300000| Untracked 
|  18|0x0000000086400000, 0x00000000864ff070, 0x0000000086500000| 99%| O|  |TAMS 0x00000000864ff070, 0x0000000086400000| Untracked 
|  19|0x0000000086500000, 0x00000000865fffd0, 0x0000000086600000| 99%| O|  |TAMS 0x00000000865fffd0, 0x0000000086500000| Untracked 
|  20|0x0000000086600000, 0x00000000866ffff0, 0x0000000086700000| 99%| O|  |TAMS 0x00000000866ffff0, 0x0000000086600000| Untracked 
|  21|0x0000000086700000, 0x00000000867fffe0, 0x0000000086800000| 99%| O|  |TAMS 0x00000000867fffe0, 0x0000000086700000| Untracked 
|  22|0x0000000086800000, 0x0000000086900000, 0x0000000086900000|100%| O|  |TAMS 0x0000000086900000, 0x0000000086800000| Untracked 
|  23|0x0000000086900000, 0x00000000869ffff0, 0x0000000086a00000| 99%| O|  |TAMS 0x00000000869ffff0, 0x0000000086900000| Untracked 
|  24|0x0000000086a00000, 0x0000000086afffc0, 0x0000000086b00000| 99%| O|  |TAMS 0x0000000086afffc0, 0x0000000086a00000| Untracked 
|  25|0x0000000086b00000, 0x0000000086bfff90, 0x0000000086c00000| 99%| O|  |TAMS 0x0000000086bfff90, 0x0000000086b00000| Untracked 
|  26|0x0000000086c00000, 0x0000000086cfffe8, 0x0000000086d00000| 99%| O|  |TAMS 0x0000000086cfffe8, 0x0000000086c00000| Untracked 
|  27|0x0000000086d00000, 0x0000000086dffff0, 0x0000000086e00000| 99%| O|  |TAMS 0x0000000086dffff0, 0x0000000086d00000| Untracked 
|  28|0x0000000086e00000, 0x0000000086f00000, 0x0000000086f00000|100%| O|  |TAMS 0x0000000086f00000, 0x0000000086e00000| Untracked 
|  29|0x0000000086f00000, 0x0000000086fffff8, 0x0000000087000000| 99%| O|  |TAMS 0x0000000086fffff8, 0x0000000086f00000| Untracked 
|  30|0x0000000087000000, 0x00000000870ffff8, 0x0000000087100000| 99%| O|  |TAMS 0x00000000870ffff8, 0x0000000087000000| Untracked 
|  31|0x0000000087100000, 0x00000000871fd888, 0x0000000087200000| 99%| O|  |TAMS 0x00000000871fd888, 0x0000000087100000| Untracked 
|  32|0x0000000087200000, 0x00000000872ffff0, 0x0000000087300000| 99%| O|  |TAMS 0x00000000872ffff0, 0x0000000087200000| Untracked 
|  33|0x0000000087300000, 0x00000000873fffc8, 0x0000000087400000| 99%| O|  |TAMS 0x00000000873fffc8, 0x0000000087300000| Untracked 
|  34|0x0000000087400000, 0x00000000874fffe8, 0x0000000087500000| 99%| O|  |TAMS 0x00000000874fffe8, 0x0000000087400000| Untracked 
|  35|0x0000000087500000, 0x00000000875ffff8, 0x0000000087600000| 99%| O|  |TAMS 0x00000000875ffff8, 0x0000000087500000| Untracked 
|  36|0x0000000087600000, 0x00000000876fffe8, 0x0000000087700000| 99%| O|  |TAMS 0x00000000876fffe8, 0x0000000087600000| Untracked 
|  37|0x0000000087700000, 0x00000000877fffe8, 0x0000000087800000| 99%| O|  |TAMS 0x00000000877fffe8, 0x0000000087700000| Untracked 
|  38|0x0000000087800000, 0x00000000878ffff0, 0x0000000087900000| 99%| O|  |TAMS 0x00000000878ffff0, 0x0000000087800000| Untracked 
|  39|0x0000000087900000, 0x00000000879fcce0, 0x0000000087a00000| 98%| O|  |TAMS 0x00000000879fcce0, 0x0000000087900000| Untracked 
|  40|0x0000000087a00000, 0x0000000087b00000, 0x0000000087b00000|100%| O|  |TAMS 0x0000000087b00000, 0x0000000087a00000| Untracked 
|  41|0x0000000087b00000, 0x0000000087be6720, 0x0000000087c00000| 90%| O|  |TAMS 0x0000000087be6720, 0x0000000087b00000| Untracked 
|  42|0x0000000087c00000, 0x0000000087cffff0, 0x0000000087d00000| 99%| O|  |TAMS 0x0000000087cffff0, 0x0000000087c00000| Untracked 
|  43|0x0000000087d00000, 0x0000000087dfffe8, 0x0000000087e00000| 99%| O|  |TAMS 0x0000000087dfffe8, 0x0000000087d00000| Untracked 
|  44|0x0000000087e00000, 0x0000000087efffe0, 0x0000000087f00000| 99%| O|  |TAMS 0x0000000087efffe0, 0x0000000087e00000| Untracked 
|  45|0x0000000087f00000, 0x0000000087fffe60, 0x0000000088000000| 99%| O|  |TAMS 0x0000000087fffe60, 0x0000000087f00000| Untracked 
|  46|0x0000000088000000, 0x00000000880fffe8, 0x0000000088100000| 99%| O|  |TAMS 0x00000000880fffe8, 0x0000000088000000| Untracked 
|  47|0x0000000088100000, 0x00000000881ffff0, 0x0000000088200000| 99%| O|  |TAMS 0x00000000881ffff0, 0x0000000088100000| Untracked 
|  48|0x0000000088200000, 0x0000000088300000, 0x0000000088300000|100%| O|  |TAMS 0x0000000088300000, 0x0000000088200000| Untracked 
|  49|0x0000000088300000, 0x00000000883fffc0, 0x0000000088400000| 99%| O|  |TAMS 0x00000000883fffc0, 0x0000000088300000| Untracked 
|  50|0x0000000088400000, 0x00000000884ffff0, 0x0000000088500000| 99%| O|  |TAMS 0x00000000884ffff0, 0x0000000088400000| Untracked 
|  51|0x0000000088500000, 0x00000000885fff70, 0x0000000088600000| 99%| O|  |TAMS 0x00000000885fff70, 0x0000000088500000| Untracked 
|  52|0x0000000088600000, 0x00000000886ffff8, 0x0000000088700000| 99%| O|  |TAMS 0x00000000886ffff8, 0x0000000088600000| Untracked 
|  53|0x0000000088700000, 0x00000000887ffff0, 0x0000000088800000| 99%| O|  |TAMS 0x00000000887ffff0, 0x0000000088700000| Untracked 
|  54|0x0000000088800000, 0x0000000088900000, 0x0000000088900000|100%| O|  |TAMS 0x0000000088900000, 0x0000000088800000| Untracked 
|  55|0x0000000088900000, 0x0000000088a00000, 0x0000000088a00000|100%| O|  |TAMS 0x0000000088a00000, 0x0000000088900000| Untracked 
|  56|0x0000000088a00000, 0x0000000088b00000, 0x0000000088b00000|100%| O|  |TAMS 0x0000000088b00000, 0x0000000088a00000| Untracked 
|  57|0x0000000088b00000, 0x0000000088c00000, 0x0000000088c00000|100%| O|  |TAMS 0x0000000088c00000, 0x0000000088b00000| Untracked 
|  58|0x0000000088c00000, 0x0000000088d00000, 0x0000000088d00000|100%| O|  |TAMS 0x0000000088d00000, 0x0000000088c00000| Untracked 
|  59|0x0000000088d00000, 0x0000000088e00000, 0x0000000088e00000|100%| O|  |TAMS 0x0000000088e00000, 0x0000000088d00000| Untracked 
|  60|0x0000000088e00000, 0x0000000088f00000, 0x0000000088f00000|100%| O|  |TAMS 0x0000000088f00000, 0x0000000088e00000| Untracked 
|  61|0x0000000088f00000, 0x0000000089000000, 0x0000000089000000|100%| O|  |TAMS 0x0000000089000000, 0x0000000088f00000| Untracked 
|  62|0x0000000089000000, 0x0000000089100000, 0x0000000089100000|100%| O|  |TAMS 0x0000000089100000, 0x0000000089000000| Untracked 
|  63|0x0000000089100000, 0x0000000089200000, 0x0000000089200000|100%| O|  |TAMS 0x0000000089200000, 0x0000000089100000| Untracked 
|  64|0x0000000089200000, 0x0000000089300000, 0x0000000089300000|100%| O|  |TAMS 0x0000000089300000, 0x0000000089200000| Untracked 
|  65|0x0000000089300000, 0x0000000089400000, 0x0000000089400000|100%| O|  |TAMS 0x0000000089400000, 0x0000000089300000| Untracked 
|  66|0x0000000089400000, 0x0000000089500000, 0x0000000089500000|100%| O|  |TAMS 0x0000000089500000, 0x0000000089400000| Untracked 
|  67|0x0000000089500000, 0x00000000895fffc0, 0x0000000089600000| 99%| O|  |TAMS 0x00000000895fffc0, 0x0000000089500000| Untracked 
|  68|0x0000000089600000, 0x0000000089700000, 0x0000000089700000|100%| O|  |TAMS 0x0000000089700000, 0x0000000089600000| Untracked 
|  69|0x0000000089700000, 0x00000000897ffff0, 0x0000000089800000| 99%| O|  |TAMS 0x00000000897ffff0, 0x0000000089700000| Untracked 
|  70|0x0000000089800000, 0x00000000898fffe8, 0x0000000089900000| 99%| O|  |TAMS 0x00000000898fffe8, 0x0000000089800000| Untracked 
|  71|0x0000000089900000, 0x00000000899fff28, 0x0000000089a00000| 99%| O|  |TAMS 0x00000000899fff28, 0x0000000089900000| Untracked 
|  72|0x0000000089a00000, 0x0000000089b00000, 0x0000000089b00000|100%| O|  |TAMS 0x0000000089b00000, 0x0000000089a00000| Untracked 
|  73|0x0000000089b00000, 0x0000000089c00000, 0x0000000089c00000|100%| O|  |TAMS 0x0000000089c00000, 0x0000000089b00000| Untracked 
|  74|0x0000000089c00000, 0x0000000089d00000, 0x0000000089d00000|100%| O|  |TAMS 0x0000000089d00000, 0x0000000089c00000| Untracked 
|  75|0x0000000089d00000, 0x0000000089e00000, 0x0000000089e00000|100%| O|  |TAMS 0x0000000089e00000, 0x0000000089d00000| Untracked 
|  76|0x0000000089e00000, 0x0000000089efffd0, 0x0000000089f00000| 99%| O|  |TAMS 0x0000000089efffd0, 0x0000000089e00000| Untracked 
|  77|0x0000000089f00000, 0x0000000089ffffe8, 0x000000008a000000| 99%| O|  |TAMS 0x0000000089ffffe8, 0x0000000089f00000| Untracked 
|  78|0x000000008a000000, 0x000000008a0ffff8, 0x000000008a100000| 99%| O|  |TAMS 0x000000008a0ffff8, 0x000000008a000000| Untracked 
|  79|0x000000008a100000, 0x000000008a200000, 0x000000008a200000|100%| O|  |TAMS 0x000000008a200000, 0x000000008a100000| Untracked 
|  80|0x000000008a200000, 0x000000008a2ffff0, 0x000000008a300000| 99%| O|  |TAMS 0x000000008a2ffff0, 0x000000008a200000| Untracked 
|  81|0x000000008a300000, 0x000000008a3fffa0, 0x000000008a400000| 99%| O|  |TAMS 0x000000008a3fffa0, 0x000000008a300000| Untracked 
|  82|0x000000008a400000, 0x000000008a4ffff8, 0x000000008a500000| 99%| O|  |TAMS 0x000000008a4ffff8, 0x000000008a400000| Untracked 
|  83|0x000000008a500000, 0x000000008a5fffb0, 0x000000008a600000| 99%| O|  |TAMS 0x000000008a5fffb0, 0x000000008a500000| Untracked 
|  84|0x000000008a600000, 0x000000008a6fff98, 0x000000008a700000| 99%| O|  |TAMS 0x000000008a6fff98, 0x000000008a600000| Untracked 
|  85|0x000000008a700000, 0x000000008a7ffff0, 0x000000008a800000| 99%| O|  |TAMS 0x000000008a7ffff0, 0x000000008a700000| Untracked 
|  86|0x000000008a800000, 0x000000008a8da5c0, 0x000000008a900000| 85%| O|  |TAMS 0x000000008a8da5c0, 0x000000008a800000| Untracked 
|  87|0x000000008a900000, 0x000000008a984a88, 0x000000008aa00000| 51%| O|  |TAMS 0x000000008a984a88, 0x000000008a900000| Untracked 
|  88|0x000000008aa00000, 0x000000008aaffff8, 0x000000008ab00000| 99%| O|  |TAMS 0x000000008aaffff8, 0x000000008aa00000| Untracked 
|  89|0x000000008ab00000, 0x000000008abffff8, 0x000000008ac00000| 99%| O|  |TAMS 0x000000008abffff8, 0x000000008ab00000| Untracked 
|  90|0x000000008ac00000, 0x000000008accf440, 0x000000008ad00000| 80%| O|  |TAMS 0x000000008accf440, 0x000000008ac00000| Untracked 
|  91|0x000000008ad00000, 0x000000008ae00000, 0x000000008ae00000|100%| O|  |TAMS 0x000000008ad00000, 0x000000008ad00000| Untracked 
|  92|0x000000008ae00000, 0x000000008ae64320, 0x000000008af00000| 39%| O|  |TAMS 0x000000008ae64320, 0x000000008ae00000| Untracked 
|  93|0x000000008af00000, 0x000000008affffd8, 0x000000008b000000| 99%| O|  |TAMS 0x000000008affffd8, 0x000000008af00000| Untracked 
|  94|0x000000008b000000, 0x000000008b100000, 0x000000008b100000|100%| O|  |TAMS 0x000000008b100000, 0x000000008b000000| Untracked 
|  95|0x000000008b100000, 0x000000008b1fff10, 0x000000008b200000| 99%| O|  |TAMS 0x000000008b1fff10, 0x000000008b100000| Untracked 
|  96|0x000000008b200000, 0x000000008b274058, 0x000000008b300000| 45%| O|  |TAMS 0x000000008b274058, 0x000000008b200000| Untracked 
|  97|0x000000008b300000, 0x000000008b3ffff8, 0x000000008b400000| 99%| O|  |TAMS 0x000000008b3ffff8, 0x000000008b300000| Untracked 
|  98|0x000000008b400000, 0x000000008b500000, 0x000000008b500000|100%| O|  |TAMS 0x000000008b400000, 0x000000008b400000| Untracked 
|  99|0x000000008b500000, 0x000000008b5fffe8, 0x000000008b600000| 99%| O|  |TAMS 0x000000008b5fffe8, 0x000000008b500000| Untracked 
| 100|0x000000008b600000, 0x000000008b700000, 0x000000008b700000|100%| O|  |TAMS 0x000000008b600000, 0x000000008b600000| Untracked 
| 101|0x000000008b700000, 0x000000008b800000, 0x000000008b800000|100%| O|  |TAMS 0x000000008b700000, 0x000000008b700000| Untracked 
| 102|0x000000008b800000, 0x000000008b839f48, 0x000000008b900000| 22%| O|  |TAMS 0x000000008b839f48, 0x000000008b800000| Untracked 
| 103|0x000000008b900000, 0x000000008ba00000, 0x000000008ba00000|100%| O|  |TAMS 0x000000008b900000, 0x000000008b900000| Untracked 
| 104|0x000000008ba00000, 0x000000008ba33a40, 0x000000008bb00000| 20%| O|  |TAMS 0x000000008ba33a40, 0x000000008ba00000| Untracked 
| 105|0x000000008bb00000, 0x000000008bc00000, 0x000000008bc00000|100%| O|  |TAMS 0x000000008bb00000, 0x000000008bb00000| Untracked 
| 106|0x000000008bc00000, 0x000000008bc7a9a0, 0x000000008bd00000| 47%| O|  |TAMS 0x000000008bc7a9a0, 0x000000008bc00000| Untracked 
| 107|0x000000008bd00000, 0x000000008be00000, 0x000000008be00000|100%| O|  |TAMS 0x000000008bd00000, 0x000000008bd00000| Untracked 
| 108|0x000000008be00000, 0x000000008bf00000, 0x000000008bf00000|100%| O|  |TAMS 0x000000008be00000, 0x000000008be00000| Untracked 
| 109|0x000000008bf00000, 0x000000008c000000, 0x000000008c000000|100%| O|  |TAMS 0x000000008bf00000, 0x000000008bf00000| Untracked 
| 110|0x000000008c000000, 0x000000008c100000, 0x000000008c100000|100%| O|  |TAMS 0x000000008c000000, 0x000000008c000000| Untracked 
| 111|0x000000008c100000, 0x000000008c200000, 0x000000008c200000|100%| O|  |TAMS 0x000000008c100000, 0x000000008c100000| Untracked 
| 112|0x000000008c200000, 0x000000008c300000, 0x000000008c300000|100%| O|  |TAMS 0x000000008c200000, 0x000000008c200000| Untracked 
| 113|0x000000008c300000, 0x000000008c400000, 0x000000008c400000|100%| O|  |TAMS 0x000000008c300000, 0x000000008c300000| Untracked 
| 114|0x000000008c400000, 0x000000008c500000, 0x000000008c500000|100%| O|  |TAMS 0x000000008c400000, 0x000000008c400000| Untracked 
| 115|0x000000008c500000, 0x000000008c600000, 0x000000008c600000|100%| O|  |TAMS 0x000000008c500000, 0x000000008c500000| Untracked 
| 116|0x000000008c600000, 0x000000008c700000, 0x000000008c700000|100%| O|  |TAMS 0x000000008c600000, 0x000000008c600000| Untracked 
| 117|0x000000008c700000, 0x000000008c800000, 0x000000008c800000|100%| O|  |TAMS 0x000000008c700000, 0x000000008c700000| Untracked 
| 118|0x000000008c800000, 0x000000008c900000, 0x000000008c900000|100%| O|  |TAMS 0x000000008c800000, 0x000000008c800000| Untracked 
| 119|0x000000008c900000, 0x000000008ca00000, 0x000000008ca00000|100%| O|  |TAMS 0x000000008c900000, 0x000000008c900000| Untracked 
| 120|0x000000008ca00000, 0x000000008ca43ce8, 0x000000008cb00000| 26%| O|  |TAMS 0x000000008ca43ce8, 0x000000008ca00000| Untracked 
| 121|0x000000008cb00000, 0x000000008cc00000, 0x000000008cc00000|100%| O|  |TAMS 0x000000008cb00000, 0x000000008cb00000| Untracked 
| 122|0x000000008cc00000, 0x000000008cd00000, 0x000000008cd00000|100%| O|  |TAMS 0x000000008cc00000, 0x000000008cc00000| Untracked 
| 123|0x000000008cd00000, 0x000000008ce00000, 0x000000008ce00000|100%| O|  |TAMS 0x000000008cd00000, 0x000000008cd00000| Untracked 
| 124|0x000000008ce00000, 0x000000008cf00000, 0x000000008cf00000|100%| O|  |TAMS 0x000000008ce00000, 0x000000008ce00000| Untracked 
| 125|0x000000008cf00000, 0x000000008d000000, 0x000000008d000000|100%| O|  |TAMS 0x000000008cf00000, 0x000000008cf00000| Untracked 
| 126|0x000000008d000000, 0x000000008d100000, 0x000000008d100000|100%| O|  |TAMS 0x000000008d000000, 0x000000008d000000| Untracked 
| 127|0x000000008d100000, 0x000000008d200000, 0x000000008d200000|100%| O|  |TAMS 0x000000008d100000, 0x000000008d100000| Untracked 
| 128|0x000000008d200000, 0x000000008d300000, 0x000000008d300000|100%| O|  |TAMS 0x000000008d200000, 0x000000008d200000| Untracked 
| 129|0x000000008d300000, 0x000000008d400000, 0x000000008d400000|100%| O|  |TAMS 0x000000008d300000, 0x000000008d300000| Untracked 
| 130|0x000000008d400000, 0x000000008d500000, 0x000000008d500000|100%| O|  |TAMS 0x000000008d400000, 0x000000008d400000| Untracked 
| 131|0x000000008d500000, 0x000000008d600000, 0x000000008d600000|100%| O|  |TAMS 0x000000008d500000, 0x000000008d500000| Untracked 
| 132|0x000000008d600000, 0x000000008d700000, 0x000000008d700000|100%| O|  |TAMS 0x000000008d600000, 0x000000008d600000| Untracked 
| 133|0x000000008d700000, 0x000000008d800000, 0x000000008d800000|100%| O|  |TAMS 0x000000008d700000, 0x000000008d700000| Untracked 
| 134|0x000000008d800000, 0x000000008d900000, 0x000000008d900000|100%| O|  |TAMS 0x000000008d800000, 0x000000008d800000| Untracked 
| 135|0x000000008d900000, 0x000000008da00000, 0x000000008da00000|100%| O|  |TAMS 0x000000008d900000, 0x000000008d900000| Untracked 
| 136|0x000000008da00000, 0x000000008db00000, 0x000000008db00000|100%| O|  |TAMS 0x000000008da00000, 0x000000008da00000| Untracked 
| 137|0x000000008db00000, 0x000000008dc00000, 0x000000008dc00000|100%| O|  |TAMS 0x000000008db00000, 0x000000008db00000| Untracked 
| 138|0x000000008dc00000, 0x000000008dd00000, 0x000000008dd00000|100%| O|  |TAMS 0x000000008dc00000, 0x000000008dc00000| Untracked 
| 139|0x000000008dd00000, 0x000000008de00000, 0x000000008de00000|100%| O|  |TAMS 0x000000008dd00000, 0x000000008dd00000| Untracked 
| 140|0x000000008de00000, 0x000000008df00000, 0x000000008df00000|100%| O|  |TAMS 0x000000008de00000, 0x000000008de00000| Untracked 
| 141|0x000000008df00000, 0x000000008e000000, 0x000000008e000000|100%| O|  |TAMS 0x000000008df00000, 0x000000008df00000| Untracked 
| 142|0x000000008e000000, 0x000000008e100000, 0x000000008e100000|100%| O|  |TAMS 0x000000008e000000, 0x000000008e000000| Untracked 
| 143|0x000000008e100000, 0x000000008e200000, 0x000000008e200000|100%| O|  |TAMS 0x000000008e100000, 0x000000008e100000| Untracked 
| 144|0x000000008e200000, 0x000000008e300000, 0x000000008e300000|100%| O|  |TAMS 0x000000008e200000, 0x000000008e200000| Untracked 
| 145|0x000000008e300000, 0x000000008e400000, 0x000000008e400000|100%| O|  |TAMS 0x000000008e300000, 0x000000008e300000| Untracked 
| 146|0x000000008e400000, 0x000000008e500000, 0x000000008e500000|100%| O|  |TAMS 0x000000008e400000, 0x000000008e400000| Untracked 
| 147|0x000000008e500000, 0x000000008e600000, 0x000000008e600000|100%| O|  |TAMS 0x000000008e500000, 0x000000008e500000| Untracked 
| 148|0x000000008e600000, 0x000000008e700000, 0x000000008e700000|100%| O|  |TAMS 0x000000008e600000, 0x000000008e600000| Untracked 
| 149|0x000000008e700000, 0x000000008e800000, 0x000000008e800000|100%| O|  |TAMS 0x000000008e700000, 0x000000008e700000| Untracked 
| 150|0x000000008e800000, 0x000000008e900000, 0x000000008e900000|100%| O|  |TAMS 0x000000008e800000, 0x000000008e800000| Untracked 
| 151|0x000000008e900000, 0x000000008ea00000, 0x000000008ea00000|100%| O|  |TAMS 0x000000008e900000, 0x000000008e900000| Untracked 
| 152|0x000000008ea00000, 0x000000008eb00000, 0x000000008eb00000|100%| O|  |TAMS 0x000000008ea00000, 0x000000008ea00000| Untracked 
| 153|0x000000008eb00000, 0x000000008ec00000, 0x000000008ec00000|100%| O|  |TAMS 0x000000008eb00000, 0x000000008eb00000| Untracked 
| 154|0x000000008ec00000, 0x000000008ed00000, 0x000000008ed00000|100%| O|  |TAMS 0x000000008ec00000, 0x000000008ec00000| Untracked 
| 155|0x000000008ed00000, 0x000000008ee00000, 0x000000008ee00000|100%| O|  |TAMS 0x000000008ed00000, 0x000000008ed00000| Untracked 
| 156|0x000000008ee00000, 0x000000008ef00000, 0x000000008ef00000|100%| O|  |TAMS 0x000000008ee00000, 0x000000008ee00000| Untracked 
| 157|0x000000008ef00000, 0x000000008f000000, 0x000000008f000000|100%| O|  |TAMS 0x000000008ef00000, 0x000000008ef00000| Untracked 
| 158|0x000000008f000000, 0x000000008f100000, 0x000000008f100000|100%| O|  |TAMS 0x000000008f000000, 0x000000008f000000| Untracked 
| 159|0x000000008f100000, 0x000000008f200000, 0x000000008f200000|100%| O|  |TAMS 0x000000008f100000, 0x000000008f100000| Untracked 
| 160|0x000000008f200000, 0x000000008f300000, 0x000000008f300000|100%| O|  |TAMS 0x000000008f200000, 0x000000008f200000| Untracked 
| 161|0x000000008f300000, 0x000000008f400000, 0x000000008f400000|100%| O|  |TAMS 0x000000008f300000, 0x000000008f300000| Untracked 
| 162|0x000000008f400000, 0x000000008f500000, 0x000000008f500000|100%| O|  |TAMS 0x000000008f400000, 0x000000008f400000| Untracked 
| 163|0x000000008f500000, 0x000000008f600000, 0x000000008f600000|100%| O|  |TAMS 0x000000008f500000, 0x000000008f500000| Untracked 
| 164|0x000000008f600000, 0x000000008f700000, 0x000000008f700000|100%| O|  |TAMS 0x000000008f600000, 0x000000008f600000| Untracked 
| 165|0x000000008f700000, 0x000000008f800000, 0x000000008f800000|100%| O|  |TAMS 0x000000008f700000, 0x000000008f700000| Untracked 
| 166|0x000000008f800000, 0x000000008f900000, 0x000000008f900000|100%| O|  |TAMS 0x000000008f800000, 0x000000008f800000| Untracked 
| 167|0x000000008f900000, 0x000000008fa00000, 0x000000008fa00000|100%| O|  |TAMS 0x000000008f900000, 0x000000008f900000| Untracked 
| 168|0x000000008fa00000, 0x000000008fb00000, 0x000000008fb00000|100%| O|  |TAMS 0x000000008fa00000, 0x000000008fa00000| Untracked 
| 169|0x000000008fb00000, 0x000000008fc00000, 0x000000008fc00000|100%| O|  |TAMS 0x000000008fb00000, 0x000000008fb00000| Untracked 
| 170|0x000000008fc00000, 0x000000008fd00000, 0x000000008fd00000|100%| O|  |TAMS 0x000000008fc00000, 0x000000008fc00000| Untracked 
| 171|0x000000008fd00000, 0x000000008fe00000, 0x000000008fe00000|100%| O|  |TAMS 0x000000008fd00000, 0x000000008fd00000| Untracked 
| 172|0x000000008fe00000, 0x000000008ff00000, 0x000000008ff00000|100%| O|  |TAMS 0x000000008fe00000, 0x000000008fe00000| Untracked 
| 173|0x000000008ff00000, 0x0000000090000000, 0x0000000090000000|100%| O|  |TAMS 0x000000008ff00000, 0x000000008ff00000| Untracked 
| 174|0x0000000090000000, 0x0000000090100000, 0x0000000090100000|100%| O|  |TAMS 0x0000000090000000, 0x0000000090000000| Untracked 
| 175|0x0000000090100000, 0x0000000090200000, 0x0000000090200000|100%| O|  |TAMS 0x0000000090100000, 0x0000000090100000| Untracked 
| 176|0x0000000090200000, 0x0000000090300000, 0x0000000090300000|100%| O|  |TAMS 0x0000000090200000, 0x0000000090200000| Untracked 
| 177|0x0000000090300000, 0x0000000090400000, 0x0000000090400000|100%| O|  |TAMS 0x0000000090300000, 0x0000000090300000| Untracked 
| 178|0x0000000090400000, 0x0000000090500000, 0x0000000090500000|100%| O|  |TAMS 0x0000000090400000, 0x0000000090400000| Untracked 
| 179|0x0000000090500000, 0x0000000090600000, 0x0000000090600000|100%| O|  |TAMS 0x0000000090500000, 0x0000000090500000| Untracked 
| 180|0x0000000090600000, 0x0000000090700000, 0x0000000090700000|100%| O|  |TAMS 0x0000000090600000, 0x0000000090600000| Untracked 
| 181|0x0000000090700000, 0x0000000090800000, 0x0000000090800000|100%| O|  |TAMS 0x0000000090700000, 0x0000000090700000| Untracked 
| 182|0x0000000090800000, 0x0000000090900000, 0x0000000090900000|100%| O|  |TAMS 0x0000000090800000, 0x0000000090800000| Untracked 
| 183|0x0000000090900000, 0x0000000090a00000, 0x0000000090a00000|100%| O|  |TAMS 0x0000000090900000, 0x0000000090900000| Untracked 
| 184|0x0000000090a00000, 0x0000000090b00000, 0x0000000090b00000|100%| O|  |TAMS 0x0000000090a00000, 0x0000000090a00000| Untracked 
| 185|0x0000000090b00000, 0x0000000090c00000, 0x0000000090c00000|100%| O|  |TAMS 0x0000000090b00000, 0x0000000090b00000| Untracked 
| 186|0x0000000090c00000, 0x0000000090d00000, 0x0000000090d00000|100%| O|  |TAMS 0x0000000090c00000, 0x0000000090c00000| Untracked 
| 187|0x0000000090d00000, 0x0000000090e00000, 0x0000000090e00000|100%| O|  |TAMS 0x0000000090d00000, 0x0000000090d00000| Untracked 
| 188|0x0000000090e00000, 0x0000000090f00000, 0x0000000090f00000|100%| O|  |TAMS 0x0000000090e00000, 0x0000000090e00000| Untracked 
| 189|0x0000000090f00000, 0x0000000091000000, 0x0000000091000000|100%| O|  |TAMS 0x0000000090f00000, 0x0000000090f00000| Untracked 
| 190|0x0000000091000000, 0x0000000091100000, 0x0000000091100000|100%| O|  |TAMS 0x0000000091000000, 0x0000000091000000| Untracked 
| 191|0x0000000091100000, 0x0000000091200000, 0x0000000091200000|100%| O|  |TAMS 0x0000000091100000, 0x0000000091100000| Untracked 
| 192|0x0000000091200000, 0x0000000091300000, 0x0000000091300000|100%| O|  |TAMS 0x0000000091200000, 0x0000000091200000| Untracked 
| 193|0x0000000091300000, 0x0000000091400000, 0x0000000091400000|100%| O|  |TAMS 0x0000000091300000, 0x0000000091300000| Untracked 
| 194|0x0000000091400000, 0x0000000091500000, 0x0000000091500000|100%| O|  |TAMS 0x0000000091400000, 0x0000000091400000| Untracked 
| 195|0x0000000091500000, 0x0000000091600000, 0x0000000091600000|100%| O|  |TAMS 0x0000000091500000, 0x0000000091500000| Untracked 
| 196|0x0000000091600000, 0x0000000091648a00, 0x0000000091700000| 28%| O|  |TAMS 0x0000000091600000, 0x0000000091600000| Untracked 
| 197|0x0000000091700000, 0x0000000091700000, 0x0000000091800000|  0%| F|  |TAMS 0x0000000091700000, 0x0000000091700000| Untracked 
| 198|0x0000000091800000, 0x0000000091800000, 0x0000000091900000|  0%| F|  |TAMS 0x0000000091800000, 0x0000000091800000| Untracked 
| 199|0x0000000091900000, 0x0000000091900000, 0x0000000091a00000|  0%| F|  |TAMS 0x0000000091900000, 0x0000000091900000| Untracked 
| 200|0x0000000091a00000, 0x0000000091a00000, 0x0000000091b00000|  0%| F|  |TAMS 0x0000000091a00000, 0x0000000091a00000| Untracked 
| 201|0x0000000091b00000, 0x0000000091b00000, 0x0000000091c00000|  0%| F|  |TAMS 0x0000000091b00000, 0x0000000091b00000| Untracked 
| 202|0x0000000091c00000, 0x0000000091c00000, 0x0000000091d00000|  0%| F|  |TAMS 0x0000000091c00000, 0x0000000091c00000| Untracked 
| 203|0x0000000091d00000, 0x0000000091d00000, 0x0000000091e00000|  0%| F|  |TAMS 0x0000000091d00000, 0x0000000091d00000| Untracked 
| 204|0x0000000091e00000, 0x0000000091e00000, 0x0000000091f00000|  0%| F|  |TAMS 0x0000000091e00000, 0x0000000091e00000| Untracked 
| 205|0x0000000091f00000, 0x0000000091f00000, 0x0000000092000000|  0%| F|  |TAMS 0x0000000091f00000, 0x0000000091f00000| Untracked 
| 206|0x0000000092000000, 0x0000000092000000, 0x0000000092100000|  0%| F|  |TAMS 0x0000000092000000, 0x0000000092000000| Untracked 
| 207|0x0000000092100000, 0x0000000092100000, 0x0000000092200000|  0%| F|  |TAMS 0x0000000092100000, 0x0000000092100000| Untracked 
| 208|0x0000000092200000, 0x0000000092200000, 0x0000000092300000|  0%| F|  |TAMS 0x0000000092200000, 0x0000000092200000| Untracked 
| 209|0x0000000092300000, 0x0000000092300000, 0x0000000092400000|  0%| F|  |TAMS 0x0000000092300000, 0x0000000092300000| Untracked 
| 210|0x0000000092400000, 0x0000000092400000, 0x0000000092500000|  0%| F|  |TAMS 0x0000000092400000, 0x0000000092400000| Untracked 
| 211|0x0000000092500000, 0x0000000092500000, 0x0000000092600000|  0%| F|  |TAMS 0x0000000092500000, 0x0000000092500000| Untracked 
| 212|0x0000000092600000, 0x0000000092600000, 0x0000000092700000|  0%| F|  |TAMS 0x0000000092600000, 0x0000000092600000| Untracked 
| 213|0x0000000092700000, 0x0000000092700000, 0x0000000092800000|  0%| F|  |TAMS 0x0000000092700000, 0x0000000092700000| Untracked 
| 214|0x0000000092800000, 0x0000000092800000, 0x0000000092900000|  0%| F|  |TAMS 0x0000000092800000, 0x0000000092800000| Untracked 
| 215|0x0000000092900000, 0x0000000092900000, 0x0000000092a00000|  0%| F|  |TAMS 0x0000000092900000, 0x0000000092900000| Untracked 
| 216|0x0000000092a00000, 0x0000000092a00000, 0x0000000092b00000|  0%| F|  |TAMS 0x0000000092a00000, 0x0000000092a00000| Untracked 
| 217|0x0000000092b00000, 0x0000000092b00000, 0x0000000092c00000|  0%| F|  |TAMS 0x0000000092b00000, 0x0000000092b00000| Untracked 
| 218|0x0000000092c00000, 0x0000000092c00000, 0x0000000092d00000|  0%| F|  |TAMS 0x0000000092c00000, 0x0000000092c00000| Untracked 
| 219|0x0000000092d00000, 0x0000000092d00000, 0x0000000092e00000|  0%| F|  |TAMS 0x0000000092d00000, 0x0000000092d00000| Untracked 
| 220|0x0000000092e00000, 0x0000000092e00000, 0x0000000092f00000|  0%| F|  |TAMS 0x0000000092e00000, 0x0000000092e00000| Untracked 
| 221|0x0000000092f00000, 0x0000000092f00000, 0x0000000093000000|  0%| F|  |TAMS 0x0000000092f00000, 0x0000000092f00000| Untracked 
| 222|0x0000000093000000, 0x0000000093000000, 0x0000000093100000|  0%| F|  |TAMS 0x0000000093000000, 0x0000000093000000| Untracked 
| 223|0x0000000093100000, 0x0000000093100000, 0x0000000093200000|  0%| F|  |TAMS 0x0000000093100000, 0x0000000093100000| Untracked 
| 224|0x0000000093200000, 0x0000000093200000, 0x0000000093300000|  0%| F|  |TAMS 0x0000000093200000, 0x0000000093200000| Untracked 
| 225|0x0000000093300000, 0x0000000093300000, 0x0000000093400000|  0%| F|  |TAMS 0x0000000093300000, 0x0000000093300000| Untracked 
| 226|0x0000000093400000, 0x0000000093400000, 0x0000000093500000|  0%| F|  |TAMS 0x0000000093400000, 0x0000000093400000| Untracked 
| 227|0x0000000093500000, 0x0000000093500000, 0x0000000093600000|  0%| F|  |TAMS 0x0000000093500000, 0x0000000093500000| Untracked 
| 228|0x0000000093600000, 0x0000000093600000, 0x0000000093700000|  0%| F|  |TAMS 0x0000000093600000, 0x0000000093600000| Untracked 
| 229|0x0000000093700000, 0x0000000093700000, 0x0000000093800000|  0%| F|  |TAMS 0x0000000093700000, 0x0000000093700000| Untracked 
| 230|0x0000000093800000, 0x0000000093800000, 0x0000000093900000|  0%| F|  |TAMS 0x0000000093800000, 0x0000000093800000| Untracked 
| 231|0x0000000093900000, 0x0000000093900000, 0x0000000093a00000|  0%| F|  |TAMS 0x0000000093900000, 0x0000000093900000| Untracked 
| 232|0x0000000093a00000, 0x0000000093a00000, 0x0000000093b00000|  0%| F|  |TAMS 0x0000000093a00000, 0x0000000093a00000| Untracked 
| 233|0x0000000093b00000, 0x0000000093b00000, 0x0000000093c00000|  0%| F|  |TAMS 0x0000000093b00000, 0x0000000093b00000| Untracked 
| 234|0x0000000093c00000, 0x0000000093c30600, 0x0000000093d00000| 18%| S|CS|TAMS 0x0000000093c00000, 0x0000000093c00000| Complete 
| 235|0x0000000093d00000, 0x0000000093e00000, 0x0000000093e00000|100%| S|CS|TAMS 0x0000000093d00000, 0x0000000093d00000| Complete 
| 236|0x0000000093e00000, 0x0000000093e00000, 0x0000000093f00000|  0%| F|  |TAMS 0x0000000093e00000, 0x0000000093e00000| Untracked 
| 237|0x0000000093f00000, 0x0000000093f00000, 0x0000000094000000|  0%| F|  |TAMS 0x0000000093f00000, 0x0000000093f00000| Untracked 
| 238|0x0000000094000000, 0x0000000094000000, 0x0000000094100000|  0%| F|  |TAMS 0x0000000094000000, 0x0000000094000000| Untracked 
| 239|0x0000000094100000, 0x0000000094100000, 0x0000000094200000|  0%| F|  |TAMS 0x0000000094100000, 0x0000000094100000| Untracked 
| 240|0x0000000094200000, 0x0000000094200000, 0x0000000094300000|  0%| F|  |TAMS 0x0000000094200000, 0x0000000094200000| Untracked 
| 241|0x0000000094300000, 0x0000000094300000, 0x0000000094400000|  0%| F|  |TAMS 0x0000000094300000, 0x0000000094300000| Untracked 
| 242|0x0000000094400000, 0x0000000094400000, 0x0000000094500000|  0%| F|  |TAMS 0x0000000094400000, 0x0000000094400000| Untracked 
| 243|0x0000000094500000, 0x0000000094500000, 0x0000000094600000|  0%| F|  |TAMS 0x0000000094500000, 0x0000000094500000| Untracked 
| 244|0x0000000094600000, 0x0000000094600000, 0x0000000094700000|  0%| F|  |TAMS 0x0000000094600000, 0x0000000094600000| Untracked 
| 245|0x0000000094700000, 0x0000000094700000, 0x0000000094800000|  0%| F|  |TAMS 0x0000000094700000, 0x0000000094700000| Untracked 
| 246|0x0000000094800000, 0x0000000094800000, 0x0000000094900000|  0%| F|  |TAMS 0x0000000094800000, 0x0000000094800000| Untracked 
| 247|0x0000000094900000, 0x0000000094900000, 0x0000000094a00000|  0%| F|  |TAMS 0x0000000094900000, 0x0000000094900000| Untracked 
| 248|0x0000000094a00000, 0x0000000094a00000, 0x0000000094b00000|  0%| F|  |TAMS 0x0000000094a00000, 0x0000000094a00000| Untracked 
| 249|0x0000000094b00000, 0x0000000094b00000, 0x0000000094c00000|  0%| F|  |TAMS 0x0000000094b00000, 0x0000000094b00000| Untracked 
| 250|0x0000000094c00000, 0x0000000094c00000, 0x0000000094d00000|  0%| F|  |TAMS 0x0000000094c00000, 0x0000000094c00000| Untracked 
| 251|0x0000000094d00000, 0x0000000094d00000, 0x0000000094e00000|  0%| F|  |TAMS 0x0000000094d00000, 0x0000000094d00000| Untracked 
| 252|0x0000000094e00000, 0x0000000094e00000, 0x0000000094f00000|  0%| F|  |TAMS 0x0000000094e00000, 0x0000000094e00000| Untracked 
| 253|0x0000000094f00000, 0x0000000094f00000, 0x0000000095000000|  0%| F|  |TAMS 0x0000000094f00000, 0x0000000094f00000| Untracked 
| 254|0x0000000095000000, 0x0000000095000000, 0x0000000095100000|  0%| F|  |TAMS 0x0000000095000000, 0x0000000095000000| Untracked 
| 255|0x0000000095100000, 0x0000000095100000, 0x0000000095200000|  0%| F|  |TAMS 0x0000000095100000, 0x0000000095100000| Untracked 
| 256|0x0000000095200000, 0x0000000095200000, 0x0000000095300000|  0%| F|  |TAMS 0x0000000095200000, 0x0000000095200000| Untracked 
| 257|0x0000000095300000, 0x0000000095300000, 0x0000000095400000|  0%| F|  |TAMS 0x0000000095300000, 0x0000000095300000| Untracked 
| 258|0x0000000095400000, 0x0000000095400000, 0x0000000095500000|  0%| F|  |TAMS 0x0000000095400000, 0x0000000095400000| Untracked 
| 259|0x0000000095500000, 0x0000000095500000, 0x0000000095600000|  0%| F|  |TAMS 0x0000000095500000, 0x0000000095500000| Untracked 
| 260|0x0000000095600000, 0x0000000095600000, 0x0000000095700000|  0%| F|  |TAMS 0x0000000095600000, 0x0000000095600000| Untracked 
| 261|0x0000000095700000, 0x0000000095700000, 0x0000000095800000|  0%| F|  |TAMS 0x0000000095700000, 0x0000000095700000| Untracked 
| 262|0x0000000095800000, 0x0000000095800000, 0x0000000095900000|  0%| F|  |TAMS 0x0000000095800000, 0x0000000095800000| Untracked 
| 263|0x0000000095900000, 0x0000000095900000, 0x0000000095a00000|  0%| F|  |TAMS 0x0000000095900000, 0x0000000095900000| Untracked 
| 264|0x0000000095a00000, 0x0000000095a00000, 0x0000000095b00000|  0%| F|  |TAMS 0x0000000095a00000, 0x0000000095a00000| Untracked 
| 265|0x0000000095b00000, 0x0000000095b00000, 0x0000000095c00000|  0%| F|  |TAMS 0x0000000095b00000, 0x0000000095b00000| Untracked 
| 266|0x0000000095c00000, 0x0000000095c00000, 0x0000000095d00000|  0%| F|  |TAMS 0x0000000095c00000, 0x0000000095c00000| Untracked 
| 267|0x0000000095d00000, 0x0000000095d00000, 0x0000000095e00000|  0%| F|  |TAMS 0x0000000095d00000, 0x0000000095d00000| Untracked 
| 268|0x0000000095e00000, 0x0000000095e00000, 0x0000000095f00000|  0%| F|  |TAMS 0x0000000095e00000, 0x0000000095e00000| Untracked 
| 269|0x0000000095f00000, 0x0000000095f00000, 0x0000000096000000|  0%| F|  |TAMS 0x0000000095f00000, 0x0000000095f00000| Untracked 
| 270|0x0000000096000000, 0x0000000096000000, 0x0000000096100000|  0%| F|  |TAMS 0x0000000096000000, 0x0000000096000000| Untracked 
| 271|0x0000000096100000, 0x0000000096100800, 0x0000000096200000|  0%| E|  |TAMS 0x0000000096100000, 0x0000000096100000| Complete 
| 272|0x0000000096200000, 0x0000000096300000, 0x0000000096300000|100%| E|CS|TAMS 0x0000000096200000, 0x0000000096200000| Complete 
| 273|0x0000000096300000, 0x0000000096400000, 0x0000000096400000|100%| E|CS|TAMS 0x0000000096300000, 0x0000000096300000| Complete 
| 274|0x0000000096400000, 0x0000000096500000, 0x0000000096500000|100%| E|CS|TAMS 0x0000000096400000, 0x0000000096400000| Complete 
| 275|0x0000000096500000, 0x0000000096600000, 0x0000000096600000|100%| E|CS|TAMS 0x0000000096500000, 0x0000000096500000| Complete 
| 276|0x0000000096600000, 0x0000000096700000, 0x0000000096700000|100%| E|CS|TAMS 0x0000000096600000, 0x0000000096600000| Complete 
| 277|0x0000000096700000, 0x0000000096800000, 0x0000000096800000|100%| E|CS|TAMS 0x0000000096700000, 0x0000000096700000| Complete 
| 278|0x0000000096800000, 0x0000000096900000, 0x0000000096900000|100%| E|CS|TAMS 0x0000000096800000, 0x0000000096800000| Complete 
| 279|0x0000000096900000, 0x0000000096a00000, 0x0000000096a00000|100%| E|CS|TAMS 0x0000000096900000, 0x0000000096900000| Complete 
| 280|0x0000000096a00000, 0x0000000096b00000, 0x0000000096b00000|100%| E|CS|TAMS 0x0000000096a00000, 0x0000000096a00000| Complete 
| 281|0x0000000096b00000, 0x0000000096c00000, 0x0000000096c00000|100%| E|CS|TAMS 0x0000000096b00000, 0x0000000096b00000| Complete 
| 282|0x0000000096c00000, 0x0000000096d00000, 0x0000000096d00000|100%| E|CS|TAMS 0x0000000096c00000, 0x0000000096c00000| Complete 
| 283|0x0000000096d00000, 0x0000000096e00000, 0x0000000096e00000|100%| E|CS|TAMS 0x0000000096d00000, 0x0000000096d00000| Complete 
| 284|0x0000000096e00000, 0x0000000096f00000, 0x0000000096f00000|100%| E|CS|TAMS 0x0000000096e00000, 0x0000000096e00000| Complete 
| 285|0x0000000096f00000, 0x0000000097000000, 0x0000000097000000|100%| E|CS|TAMS 0x0000000096f00000, 0x0000000096f00000| Complete 
| 286|0x0000000097000000, 0x0000000097100000, 0x0000000097100000|100%| E|CS|TAMS 0x0000000097000000, 0x0000000097000000| Complete 
| 287|0x0000000097100000, 0x0000000097200000, 0x0000000097200000|100%| E|CS|TAMS 0x0000000097100000, 0x0000000097100000| Complete 
| 288|0x0000000097200000, 0x0000000097300000, 0x0000000097300000|100%| E|CS|TAMS 0x0000000097200000, 0x0000000097200000| Complete 
| 289|0x0000000097300000, 0x0000000097400000, 0x0000000097400000|100%| E|CS|TAMS 0x0000000097300000, 0x0000000097300000| Complete 
| 290|0x0000000097400000, 0x0000000097500000, 0x0000000097500000|100%| E|CS|TAMS 0x0000000097400000, 0x0000000097400000| Complete 
| 291|0x0000000097500000, 0x0000000097600000, 0x0000000097600000|100%| E|CS|TAMS 0x0000000097500000, 0x0000000097500000| Complete 
| 292|0x0000000097600000, 0x0000000097700000, 0x0000000097700000|100%| E|CS|TAMS 0x0000000097600000, 0x0000000097600000| Complete 
| 293|0x0000000097700000, 0x0000000097800000, 0x0000000097800000|100%| E|CS|TAMS 0x0000000097700000, 0x0000000097700000| Complete 
| 294|0x0000000097800000, 0x0000000097900000, 0x0000000097900000|100%| E|CS|TAMS 0x0000000097800000, 0x0000000097800000| Complete 
| 295|0x0000000097900000, 0x0000000097a00000, 0x0000000097a00000|100%| E|CS|TAMS 0x0000000097900000, 0x0000000097900000| Complete 
| 296|0x0000000097a00000, 0x0000000097b00000, 0x0000000097b00000|100%| E|CS|TAMS 0x0000000097a00000, 0x0000000097a00000| Complete 
| 297|0x0000000097b00000, 0x0000000097c00000, 0x0000000097c00000|100%| E|CS|TAMS 0x0000000097b00000, 0x0000000097b00000| Complete 
| 298|0x0000000097c00000, 0x0000000097d00000, 0x0000000097d00000|100%| E|CS|TAMS 0x0000000097c00000, 0x0000000097c00000| Complete 
| 299|0x0000000097d00000, 0x0000000097e00000, 0x0000000097e00000|100%| E|CS|TAMS 0x0000000097d00000, 0x0000000097d00000| Complete 
| 300|0x0000000097e00000, 0x0000000097f00000, 0x0000000097f00000|100%| E|CS|TAMS 0x0000000097e00000, 0x0000000097e00000| Complete 
| 301|0x0000000097f00000, 0x0000000098000000, 0x0000000098000000|100%| E|CS|TAMS 0x0000000097f00000, 0x0000000097f00000| Complete 
| 302|0x0000000098000000, 0x0000000098100000, 0x0000000098100000|100%| E|CS|TAMS 0x0000000098000000, 0x0000000098000000| Complete 
| 303|0x0000000098100000, 0x0000000098200000, 0x0000000098200000|100%| E|CS|TAMS 0x0000000098100000, 0x0000000098100000| Complete 
| 304|0x0000000098200000, 0x0000000098300000, 0x0000000098300000|100%| E|CS|TAMS 0x0000000098200000, 0x0000000098200000| Complete 
| 305|0x0000000098300000, 0x0000000098400000, 0x0000000098400000|100%| E|CS|TAMS 0x0000000098300000, 0x0000000098300000| Complete 
| 306|0x0000000098400000, 0x0000000098500000, 0x0000000098500000|100%| E|CS|TAMS 0x0000000098400000, 0x0000000098400000| Complete 
| 307|0x0000000098500000, 0x0000000098600000, 0x0000000098600000|100%| E|CS|TAMS 0x0000000098500000, 0x0000000098500000| Complete 
| 308|0x0000000098600000, 0x0000000098700000, 0x0000000098700000|100%| E|CS|TAMS 0x0000000098600000, 0x0000000098600000| Complete 
| 309|0x0000000098700000, 0x0000000098800000, 0x0000000098800000|100%| E|CS|TAMS 0x0000000098700000, 0x0000000098700000| Complete 
| 310|0x0000000098800000, 0x0000000098900000, 0x0000000098900000|100%| E|CS|TAMS 0x0000000098800000, 0x0000000098800000| Complete 
| 311|0x0000000098900000, 0x0000000098a00000, 0x0000000098a00000|100%| E|CS|TAMS 0x0000000098900000, 0x0000000098900000| Complete 
| 312|0x0000000098a00000, 0x0000000098b00000, 0x0000000098b00000|100%| E|CS|TAMS 0x0000000098a00000, 0x0000000098a00000| Complete 
| 313|0x0000000098b00000, 0x0000000098c00000, 0x0000000098c00000|100%| E|CS|TAMS 0x0000000098b00000, 0x0000000098b00000| Complete 
| 314|0x0000000098c00000, 0x0000000098d00000, 0x0000000098d00000|100%| E|CS|TAMS 0x0000000098c00000, 0x0000000098c00000| Complete 
| 315|0x0000000098d00000, 0x0000000098e00000, 0x0000000098e00000|100%| E|CS|TAMS 0x0000000098d00000, 0x0000000098d00000| Complete 
| 316|0x0000000098e00000, 0x0000000098f00000, 0x0000000098f00000|100%| E|CS|TAMS 0x0000000098e00000, 0x0000000098e00000| Complete 
| 317|0x0000000098f00000, 0x0000000099000000, 0x0000000099000000|100%| E|CS|TAMS 0x0000000098f00000, 0x0000000098f00000| Complete 
| 318|0x0000000099000000, 0x0000000099100000, 0x0000000099100000|100%| E|CS|TAMS 0x0000000099000000, 0x0000000099000000| Complete 
| 319|0x0000000099100000, 0x0000000099200000, 0x0000000099200000|100%| E|CS|TAMS 0x0000000099100000, 0x0000000099100000| Complete 
| 320|0x0000000099200000, 0x0000000099300000, 0x0000000099300000|100%| E|CS|TAMS 0x0000000099200000, 0x0000000099200000| Complete 
| 321|0x0000000099300000, 0x0000000099400000, 0x0000000099400000|100%| E|CS|TAMS 0x0000000099300000, 0x0000000099300000| Complete 
| 322|0x0000000099400000, 0x0000000099500000, 0x0000000099500000|100%| E|CS|TAMS 0x0000000099400000, 0x0000000099400000| Complete 
| 323|0x0000000099500000, 0x0000000099600000, 0x0000000099600000|100%| E|CS|TAMS 0x0000000099500000, 0x0000000099500000| Complete 
| 324|0x0000000099600000, 0x0000000099700000, 0x0000000099700000|100%| E|CS|TAMS 0x0000000099600000, 0x0000000099600000| Complete 
| 325|0x0000000099700000, 0x0000000099800000, 0x0000000099800000|100%| E|CS|TAMS 0x0000000099700000, 0x0000000099700000| Complete 
| 326|0x0000000099800000, 0x0000000099900000, 0x0000000099900000|100%| E|CS|TAMS 0x0000000099800000, 0x0000000099800000| Complete 
| 327|0x0000000099900000, 0x0000000099a00000, 0x0000000099a00000|100%| E|CS|TAMS 0x0000000099900000, 0x0000000099900000| Complete 
| 328|0x0000000099a00000, 0x0000000099b00000, 0x0000000099b00000|100%| E|CS|TAMS 0x0000000099a00000, 0x0000000099a00000| Complete 
| 329|0x0000000099b00000, 0x0000000099c00000, 0x0000000099c00000|100%| E|CS|TAMS 0x0000000099b00000, 0x0000000099b00000| Complete 
| 330|0x0000000099c00000, 0x0000000099d00000, 0x0000000099d00000|100%| E|CS|TAMS 0x0000000099c00000, 0x0000000099c00000| Complete 
| 331|0x0000000099d00000, 0x0000000099e00000, 0x0000000099e00000|100%| E|CS|TAMS 0x0000000099d00000, 0x0000000099d00000| Complete 
| 332|0x0000000099e00000, 0x0000000099f00000, 0x0000000099f00000|100%| E|CS|TAMS 0x0000000099e00000, 0x0000000099e00000| Complete 
| 333|0x0000000099f00000, 0x000000009a000000, 0x000000009a000000|100%| E|CS|TAMS 0x0000000099f00000, 0x0000000099f00000| Complete 
| 334|0x000000009a000000, 0x000000009a100000, 0x000000009a100000|100%| E|CS|TAMS 0x000000009a000000, 0x000000009a000000| Complete 
| 335|0x000000009a100000, 0x000000009a200000, 0x000000009a200000|100%| E|CS|TAMS 0x000000009a100000, 0x000000009a100000| Complete 
| 336|0x000000009a200000, 0x000000009a300000, 0x000000009a300000|100%| E|CS|TAMS 0x000000009a200000, 0x000000009a200000| Complete 
| 337|0x000000009a300000, 0x000000009a400000, 0x000000009a400000|100%| E|CS|TAMS 0x000000009a300000, 0x000000009a300000| Complete 
| 338|0x000000009a400000, 0x000000009a500000, 0x000000009a500000|100%| E|CS|TAMS 0x000000009a400000, 0x000000009a400000| Complete 
| 339|0x000000009a500000, 0x000000009a600000, 0x000000009a600000|100%| E|CS|TAMS 0x000000009a500000, 0x000000009a500000| Complete 
| 340|0x000000009a600000, 0x000000009a700000, 0x000000009a700000|100%| E|CS|TAMS 0x000000009a600000, 0x000000009a600000| Complete 
| 341|0x000000009a700000, 0x000000009a800000, 0x000000009a800000|100%| E|CS|TAMS 0x000000009a700000, 0x000000009a700000| Complete 
| 342|0x000000009a800000, 0x000000009a900000, 0x000000009a900000|100%| E|CS|TAMS 0x000000009a800000, 0x000000009a800000| Complete 
| 343|0x000000009a900000, 0x000000009aa00000, 0x000000009aa00000|100%| E|CS|TAMS 0x000000009a900000, 0x000000009a900000| Complete 

Card table byte_map: [0x000001e720040000,0x000001e720420000] _byte_map_base: 0x000001e71fc17000

Marking Bits (Prev, Next): (CMBitMap*) 0x000001e7150dee80, (CMBitMap*) 0x000001e7150dee40
 Prev Bits: [0x000001e7226c0000, 0x000001e724578000)
 Next Bits: [0x000001e720800000, 0x000001e7226b8000)

Polling page: 0x000001e712cd0000

Metaspace:

Usage:
  Non-class:    113.09 MB used.
      Class:     16.42 MB used.
       Both:    129.52 MB used.

Virtual space:
  Non-class space:      128.00 MB reserved,     113.56 MB ( 89%) committed,  2 nodes.
      Class space:        1.00 GB reserved,      16.88 MB (  2%) committed,  1 nodes.
             Both:        1.12 GB reserved,     130.44 MB ( 11%) committed. 

Chunk freelists:
   Non-Class:  14.38 MB
       Class:  14.95 MB
        Both:  29.33 MB

MaxMetaspaceSize: unlimited
CompressedClassSpaceSize: 1.00 GB
Initial GC threshold: 21.00 MB
Current GC threshold: 190.12 MB
CDS: on
MetaspaceReclaimPolicy: balanced
 - commit_granule_bytes: 65536.
 - commit_granule_words: 8192.
 - virtual_space_node_default_size: 8388608.
 - enlarge_chunks_in_place: 1.
 - new_chunks_are_fully_committed: 0.
 - uncommit_free_chunks: 1.
 - use_allocation_guard: 0.
 - handle_deallocations: 1.


Internal statistics:

num_allocs_failed_limit: 9.
num_arena_births: 2454.
num_arena_deaths: 910.
num_vsnodes_births: 3.
num_vsnodes_deaths: 0.
num_space_committed: 2085.
num_space_uncommitted: 0.
num_chunks_returned_to_freelist: 1197.
num_chunks_taken_from_freelist: 8730.
num_chunk_merges: 426.
num_chunk_splits: 5504.
num_chunks_enlarged: 3685.
num_inconsistent_stats: 0.

CodeCache: size=49152Kb used=37703Kb max_used=38605Kb free=11448Kb
 bounds [0x000001e71c920000, 0x000001e71eee0000, 0x000001e71f920000]
 total_blobs=22280 nmethods=21504 adapters=701
 compilation: enabled
              stopped_count=0, restarted_count=0
 full_count=0

Compilation events (20 events):
Event: 153915.397 Thread 0x000001e7271f7210 22169   !   1       sun.management.Util::newObjectName (15 bytes)
Event: 153915.420 Thread 0x000001e7271f7210 nmethod 22169 0x000001e71ee10210 code [0x000001e71ee103c0, 0x000001e71ee10598]
Event: 154021.271 Thread 0x000001e7271f7210 22170       1       java.util.concurrent.ThreadPoolExecutor::runStateLessThan (11 bytes)
Event: 154021.287 Thread 0x000001e7271f7210 nmethod 22170 0x000001e71ee0ff10 code [0x000001e71ee100a0, 0x000001e71ee10158]
Event: 154021.288 Thread 0x000001e7271f7210 22171       1       java.util.IdentityHashMap$KeyIterator::next (13 bytes)
Event: 154021.295 Thread 0x000001e7271f7210 nmethod 22171 0x000001e71ee0fb10 code [0x000001e71ee0fcc0, 0x000001e71ee0fde8]
Event: 154021.295 Thread 0x000001e7271f7210 22172       1       io.micrometer.core.instrument.Meter::close (1 bytes)
Event: 154021.300 Thread 0x000001e7271f7210 nmethod 22172 0x000001e71ee0f810 code [0x000001e71ee0f9a0, 0x000001e71ee0fa58]
Event: 154021.534 Thread 0x000001e7271f7210 22173       1       ch.qos.logback.classic.pattern.TargetLengthBasedClassNameAbbreviator::abbreviate (187 bytes)
Event: 154021.562 Thread 0x000001e7271f7210 nmethod 22173 0x000001e71ee0e790 code [0x000001e71ee0e9e0, 0x000001e71ee0f1f8]
Event: 154022.196 Thread 0x000001e7271f7210 22174       1       org.apache.tomcat.util.net.Acceptor::getState (5 bytes)
Event: 154022.199 Thread 0x000001e7271f7210 nmethod 22174 0x000001e71ee0e490 code [0x000001e71ee0e620, 0x000001e71ee0e6f8]
Event: 154022.218 Thread 0x000001e7271f7210 22175   !   1       java.util.concurrent.ThreadPoolExecutor::tryTerminate (163 bytes)
Event: 154022.244 Thread 0x000001e7271f7210 nmethod 22175 0x000001e71ee0d210 code [0x000001e71ee0d4c0, 0x000001e71ee0dd08]
Event: 154022.532 Thread 0x000001e7271f7210 22176       1       org.hibernate.internal.SessionFactoryImpl$$Lambda$3021/0x000001e729fce230::accept (16 bytes)
Event: 154022.548 Thread 0x000001e7271f7210 nmethod 22176 0x000001e71ee0ce90 code [0x000001e71ee0d020, 0x000001e71ee0d168]
Event: 154022.548 Thread 0x000001e7271f7210 22177       1       org.hibernate.internal.SessionFactoryImpl::lambda$close$2 (45 bytes)
Event: 154022.579 Thread 0x000001e7271f7210 nmethod 22177 0x000001e71ee0c910 code [0x000001e71ee0cac0, 0x000001e71ee0cd18]
Event: 154022.743 Thread 0x000001e7271f7210 22178       1       ch.qos.logback.core.pattern.SpacePadder::spacePad (53 bytes)
Event: 154022.753 Thread 0x000001e7271f7210 nmethod 22178 0x000001e71ee0c410 code [0x000001e71ee0c5c0, 0x000001e71ee0c778]

GC Heap History (20 events):
Event: 153385.069 GC heap before
{Heap before GC invocations=207 (full 1):
 garbage-first heap   total 352256K, used 309034K [0x0000000085200000, 0x0000000100000000)
  region size 1024K, 111 young (113664K), 1 survivors (1024K)
 Metaspace       used 132621K, committed 133568K, reserved 1179648K
  class space    used 16818K, committed 17280K, reserved 1048576K
}
Event: 153385.118 GC heap after
{Heap after GC invocations=208 (full 1):
 garbage-first heap   total 352256K, used 196410K [0x0000000085200000, 0x0000000100000000)
  region size 1024K, 1 young (1024K), 1 survivors (1024K)
 Metaspace       used 132621K, committed 133568K, reserved 1179648K
  class space    used 16818K, committed 17280K, reserved 1048576K
}
Event: 153451.779 GC heap before
{Heap before GC invocations=208 (full 1):
 garbage-first heap   total 352256K, used 309050K [0x0000000085200000, 0x0000000100000000)
  region size 1024K, 111 young (113664K), 1 survivors (1024K)
 Metaspace       used 132621K, committed 133568K, reserved 1179648K
  class space    used 16818K, committed 17280K, reserved 1048576K
}
Event: 153451.870 GC heap after
{Heap after GC invocations=209 (full 1):
 garbage-first heap   total 352256K, used 196408K [0x0000000085200000, 0x0000000100000000)
  region size 1024K, 1 young (1024K), 1 survivors (1024K)
 Metaspace       used 132621K, committed 133568K, reserved 1179648K
  class space    used 16818K, committed 17280K, reserved 1048576K
}
Event: 153516.843 GC heap before
{Heap before GC invocations=209 (full 1):
 garbage-first heap   total 352256K, used 308024K [0x0000000085200000, 0x0000000100000000)
  region size 1024K, 110 young (112640K), 1 survivors (1024K)
 Metaspace       used 132621K, committed 133568K, reserved 1179648K
  class space    used 16818K, committed 17280K, reserved 1048576K
}
Event: 153516.849 GC heap after
{Heap after GC invocations=210 (full 1):
 garbage-first heap   total 352256K, used 196496K [0x0000000085200000, 0x0000000100000000)
  region size 1024K, 1 young (1024K), 1 survivors (1024K)
 Metaspace       used 132621K, committed 133568K, reserved 1179648K
  class space    used 16818K, committed 17280K, reserved 1048576K
}
Event: 153583.512 GC heap before
{Heap before GC invocations=210 (full 1):
 garbage-first heap   total 352256K, used 308112K [0x0000000085200000, 0x0000000100000000)
  region size 1024K, 110 young (112640K), 1 survivors (1024K)
 Metaspace       used 132621K, committed 133568K, reserved 1179648K
  class space    used 16818K, committed 17280K, reserved 1048576K
}
Event: 153583.553 GC heap after
{Heap after GC invocations=211 (full 1):
 garbage-first heap   total 352256K, used 196523K [0x0000000085200000, 0x0000000100000000)
  region size 1024K, 1 young (1024K), 1 survivors (1024K)
 Metaspace       used 132621K, committed 133568K, reserved 1179648K
  class space    used 16818K, committed 17280K, reserved 1048576K
}
Event: 153651.019 GC heap before
{Heap before GC invocations=211 (full 1):
 garbage-first heap   total 352256K, used 308139K [0x0000000085200000, 0x0000000100000000)
  region size 1024K, 110 young (112640K), 1 survivors (1024K)
 Metaspace       used 132621K, committed 133568K, reserved 1179648K
  class space    used 16818K, committed 17280K, reserved 1048576K
}
Event: 153651.063 GC heap after
{Heap after GC invocations=212 (full 1):
 garbage-first heap   total 352256K, used 195969K [0x0000000085200000, 0x0000000100000000)
  region size 1024K, 1 young (1024K), 1 survivors (1024K)
 Metaspace       used 132621K, committed 133568K, reserved 1179648K
  class space    used 16818K, committed 17280K, reserved 1048576K
}
Event: 153716.519 GC heap before
{Heap before GC invocations=212 (full 1):
 garbage-first heap   total 352256K, used 307585K [0x0000000085200000, 0x0000000100000000)
  region size 1024K, 110 young (112640K), 1 survivors (1024K)
 Metaspace       used 132621K, committed 133568K, reserved 1179648K
  class space    used 16818K, committed 17280K, reserved 1048576K
}
Event: 153716.526 GC heap after
{Heap after GC invocations=213 (full 1):
 garbage-first heap   total 352256K, used 196718K [0x0000000085200000, 0x0000000100000000)
  region size 1024K, 1 young (1024K), 1 survivors (1024K)
 Metaspace       used 132621K, committed 133568K, reserved 1179648K
  class space    used 16818K, committed 17280K, reserved 1048576K
}
Event: 153783.270 GC heap before
{Heap before GC invocations=213 (full 1):
 garbage-first heap   total 352256K, used 308334K [0x0000000085200000, 0x0000000100000000)
  region size 1024K, 110 young (112640K), 1 survivors (1024K)
 Metaspace       used 132621K, committed 133568K, reserved 1179648K
  class space    used 16818K, committed 17280K, reserved 1048576K
}
Event: 153783.317 GC heap after
{Heap after GC invocations=214 (full 1):
 garbage-first heap   total 352256K, used 197077K [0x0000000085200000, 0x0000000100000000)
  region size 1024K, 2 young (2048K), 2 survivors (2048K)
 Metaspace       used 132621K, committed 133568K, reserved 1179648K
  class space    used 16818K, committed 17280K, reserved 1048576K
}
Event: 153848.856 GC heap before
{Heap before GC invocations=214 (full 1):
 garbage-first heap   total 352256K, used 307669K [0x0000000085200000, 0x0000000100000000)
  region size 1024K, 110 young (112640K), 2 survivors (2048K)
 Metaspace       used 132621K, committed 133568K, reserved 1179648K
  class space    used 16818K, committed 17280K, reserved 1048576K
}
Event: 153848.901 GC heap after
{Heap after GC invocations=215 (full 1):
 garbage-first heap   total 352256K, used 196877K [0x0000000085200000, 0x0000000100000000)
  region size 1024K, 1 young (1024K), 1 survivors (1024K)
 Metaspace       used 132621K, committed 133568K, reserved 1179648K
  class space    used 16818K, committed 17280K, reserved 1048576K
}
Event: 153915.378 GC heap before
{Heap before GC invocations=215 (full 1):
 garbage-first heap   total 352256K, used 308493K [0x0000000085200000, 0x0000000100000000)
  region size 1024K, 110 young (112640K), 1 survivors (1024K)
 Metaspace       used 132621K, committed 133568K, reserved 1179648K
  class space    used 16818K, committed 17280K, reserved 1048576K
}
Event: 153915.391 GC heap after
{Heap after GC invocations=216 (full 1):
 garbage-first heap   total 352256K, used 197129K [0x0000000085200000, 0x0000000100000000)
  region size 1024K, 2 young (2048K), 2 survivors (2048K)
 Metaspace       used 132621K, committed 133568K, reserved 1179648K
  class space    used 16818K, committed 17280K, reserved 1048576K
}
Event: 153982.923 GC heap before
{Heap before GC invocations=216 (full 1):
 garbage-first heap   total 352256K, used 307721K [0x0000000085200000, 0x0000000100000000)
  region size 1024K, 110 young (112640K), 2 survivors (2048K)
 Metaspace       used 132621K, committed 133568K, reserved 1179648K
  class space    used 16818K, committed 17280K, reserved 1048576K
}
Event: 153982.994 GC heap after
{Heap after GC invocations=217 (full 1):
 garbage-first heap   total 352256K, used 197075K [0x0000000085200000, 0x0000000100000000)
  region size 1024K, 2 young (2048K), 2 survivors (2048K)
 Metaspace       used 132621K, committed 133568K, reserved 1179648K
  class space    used 16818K, committed 17280K, reserved 1048576K
}

Deoptimization events (18 events):
Event: 3.530 Thread 0x000001e7274b7890 DEOPT PACKING pc=0x000001e71d3e71b5 sp=0x000000bc179fd3c0
Event: 3.530 Thread 0x000001e7274b7890 DEOPT UNPACKING pc=0x000001e71c972b43 sp=0x000000bc179fc968 mode 0
Event: 4.775 Thread 0x000001e76e7e27d0 DEOPT PACKING pc=0x000001e71ce8c297 sp=0x000000bc185ff2d0
Event: 4.775 Thread 0x000001e76e7e27d0 DEOPT UNPACKING pc=0x000001e71c972b43 sp=0x000000bc185fe728 mode 3
Event: 7.651 Thread 0x000001e7274b7890 DEOPT PACKING pc=0x000001e71dbea474 sp=0x000000bc179f8430
Event: 7.651 Thread 0x000001e7274b7890 DEOPT UNPACKING pc=0x000001e71c972b43 sp=0x000000bc179f79a8 mode 0
Event: 7.651 Thread 0x000001e7274b7890 DEOPT PACKING pc=0x000001e71dbea694 sp=0x000000bc179f8bf0
Event: 7.651 Thread 0x000001e7274b7890 DEOPT UNPACKING pc=0x000001e71c972b43 sp=0x000000bc179f8168 mode 0
Event: 7.651 Thread 0x000001e7274b7890 DEOPT PACKING pc=0x000001e71dbea694 sp=0x000000bc179f9210
Event: 7.651 Thread 0x000001e7274b7890 DEOPT UNPACKING pc=0x000001e71c972b43 sp=0x000000bc179f8788 mode 0
Event: 7.651 Thread 0x000001e7274b7890 DEOPT PACKING pc=0x000001e71dbea694 sp=0x000000bc179f9c30
Event: 7.651 Thread 0x000001e7274b7890 DEOPT UNPACKING pc=0x000001e71c972b43 sp=0x000000bc179f91a8 mode 0
Event: 13.073 Thread 0x000001e7274b7890 DEOPT PACKING pc=0x000001e71cfa429a sp=0x000000bc179fbee0
Event: 13.073 Thread 0x000001e7274b7890 DEOPT UNPACKING pc=0x000001e71c972b43 sp=0x000000bc179fb3e8 mode 3
Event: 13.074 Thread 0x000001e7274b7890 DEOPT PACKING pc=0x000001e71cf6a315 sp=0x000000bc179fbea0
Event: 13.074 Thread 0x000001e7274b7890 DEOPT UNPACKING pc=0x000001e71c972b43 sp=0x000000bc179fb3e8 mode 3
Event: 29.213 Thread 0x000001e77567d5a0 DEOPT PACKING pc=0x000001e71db5adcc sp=0x000000bc1a6fc400
Event: 29.213 Thread 0x000001e77567d5a0 DEOPT UNPACKING pc=0x000001e71c972b43 sp=0x000000bc1a6fb8c0 mode 0

Classes unloaded (20 events):
Event: 146568.459 Thread 0x000001e7271cff40 Unloading class 0x000001e729008000 'java/lang/invoke/LambdaForm$DMH+0x000001e729008000'
Event: 146568.459 Thread 0x000001e7271cff40 Unloading class 0x000001e729007400 'jdk/internal/reflect/GeneratedConstructorAccessor1'
Event: 146568.459 Thread 0x000001e7271cff40 Unloading class 0x000001e729004400 'java/lang/invoke/LambdaForm$MH+0x000001e729004400'
Event: 146568.459 Thread 0x000001e7271cff40 Unloading class 0x000001e729004000 'java/lang/invoke/LambdaForm$MH+0x000001e729004000'
Event: 146587.079 Thread 0x000001e7271cff40 Unloading class 0x000001e7295fa800 'java/lang/invoke/LambdaForm$MH+0x000001e7295fa800'
Event: 146587.079 Thread 0x000001e7271cff40 Unloading class 0x000001e7295fa400 'java/lang/invoke/LambdaForm$MH+0x000001e7295fa400'
Event: 146587.079 Thread 0x000001e7271cff40 Unloading class 0x000001e7295fa000 'java/lang/invoke/LambdaForm$MH+0x000001e7295fa000'
Event: 146587.079 Thread 0x000001e7271cff40 Unloading class 0x000001e7295f9c00 'java/lang/invoke/LambdaForm$MH+0x000001e7295f9c00'
Event: 146587.079 Thread 0x000001e7271cff40 Unloading class 0x000001e7295f9800 'java/lang/invoke/LambdaForm$MH+0x000001e7295f9800'
Event: 146587.079 Thread 0x000001e7271cff40 Unloading class 0x000001e7295f9400 'java/lang/invoke/LambdaForm$MH+0x000001e7295f9400'
Event: 146587.079 Thread 0x000001e7271cff40 Unloading class 0x000001e7295f9000 'java/lang/invoke/LambdaForm$MH+0x000001e7295f9000'
Event: 146587.079 Thread 0x000001e7271cff40 Unloading class 0x000001e7295f8c00 'java/lang/invoke/LambdaForm$MH+0x000001e7295f8c00'
Event: 146587.079 Thread 0x000001e7271cff40 Unloading class 0x000001e7295f8800 'java/lang/invoke/LambdaForm$MH+0x000001e7295f8800'
Event: 146587.079 Thread 0x000001e7271cff40 Unloading class 0x000001e7290c2c00 'java/lang/invoke/LambdaForm$MH+0x000001e7290c2c00'
Event: 146587.079 Thread 0x000001e7271cff40 Unloading class 0x000001e7290c2800 'java/lang/invoke/LambdaForm$MH+0x000001e7290c2800'
Event: 146587.079 Thread 0x000001e7271cff40 Unloading class 0x000001e7290c2400 'java/lang/invoke/LambdaForm$MH+0x000001e7290c2400'
Event: 146587.079 Thread 0x000001e7271cff40 Unloading class 0x000001e7290c2000 'java/lang/invoke/LambdaForm$MH+0x000001e7290c2000'
Event: 146587.079 Thread 0x000001e7271cff40 Unloading class 0x000001e7290c1c00 'java/lang/invoke/LambdaForm$MH+0x000001e7290c1c00'
Event: 146587.080 Thread 0x000001e7271cff40 Unloading class 0x000001e7290c1800 'java/lang/invoke/LambdaForm$MH+0x000001e7290c1800'
Event: 146587.080 Thread 0x000001e7271cff40 Unloading class 0x000001e729003800 'java/lang/invoke/LambdaForm$MH+0x000001e729003800'

Classes redefined (0 events):
No events

Internal exceptions (20 events):
Event: 154022.261 Thread 0x000001e775abd9c0 Exception <a 'java/io/IOException'{0x0000000096c929e0}> (0x0000000096c929e0) 
thrown [s\open\src\hotspot\share\prims\jni.cpp, line 516]
Event: 154022.264 Thread 0x000001e775abd9c0 Exception <a 'java/io/IOException'{0x0000000096c93b70}> (0x0000000096c93b70) 
thrown [s\open\src\hotspot\share\prims\jni.cpp, line 516]
Event: 154022.264 Thread 0x000001e775abd9c0 Exception <a 'java/io/IOException'{0x0000000096c94128}> (0x0000000096c94128) 
thrown [s\open\src\hotspot\share\prims\jni.cpp, line 516]
Event: 154022.265 Thread 0x000001e775abd9c0 Exception <a 'java/io/IOException'{0x0000000096c95388}> (0x0000000096c95388) 
thrown [s\open\src\hotspot\share\prims\jni.cpp, line 516]
Event: 154022.265 Thread 0x000001e775abd9c0 Exception <a 'java/io/IOException'{0x0000000096c95940}> (0x0000000096c95940) 
thrown [s\open\src\hotspot\share\prims\jni.cpp, line 516]
Event: 154022.265 Thread 0x000001e775abd9c0 Exception <a 'java/io/IOException'{0x0000000096c96630}> (0x0000000096c96630) 
thrown [s\open\src\hotspot\share\prims\jni.cpp, line 516]
Event: 154022.265 Thread 0x000001e775abd9c0 Exception <a 'java/io/IOException'{0x0000000096c96be8}> (0x0000000096c96be8) 
thrown [s\open\src\hotspot\share\prims\jni.cpp, line 516]
Event: 154022.265 Thread 0x000001e775abd9c0 Exception <a 'java/io/IOException'{0x0000000096c97490}> (0x0000000096c97490) 
thrown [s\open\src\hotspot\share\prims\jni.cpp, line 516]
Event: 154022.265 Thread 0x000001e775abd9c0 Exception <a 'java/io/IOException'{0x0000000096c97a48}> (0x0000000096c97a48) 
thrown [s\open\src\hotspot\share\prims\jni.cpp, line 516]
Event: 154022.266 Thread 0x000001e775abd9c0 Exception <a 'java/io/IOException'{0x0000000096c98a20}> (0x0000000096c98a20) 
thrown [s\open\src\hotspot\share\prims\jni.cpp, line 516]
Event: 154022.266 Thread 0x000001e775abd9c0 Exception <a 'java/io/IOException'{0x0000000096c98fd8}> (0x0000000096c98fd8) 
thrown [s\open\src\hotspot\share\prims\jni.cpp, line 516]
Event: 154022.266 Thread 0x000001e775abd9c0 Exception <a 'java/io/IOException'{0x0000000096c99ac0}> (0x0000000096c99ac0) 
thrown [s\open\src\hotspot\share\prims\jni.cpp, line 516]
Event: 154022.266 Thread 0x000001e775abd9c0 Exception <a 'java/io/IOException'{0x0000000096c9a078}> (0x0000000096c9a078) 
thrown [s\open\src\hotspot\share\prims\jni.cpp, line 516]
Event: 154022.474 Thread 0x000001e775abd9c0 Exception <a 'java/io/IOException'{0x000000009622df98}> (0x000000009622df98) 
thrown [s\open\src\hotspot\share\prims\jni.cpp, line 516]
Event: 154022.474 Thread 0x000001e775abd9c0 Exception <a 'java/io/IOException'{0x000000009622e550}> (0x000000009622e550) 
thrown [s\open\src\hotspot\share\prims\jni.cpp, line 516]
Event: 154022.690 Thread 0x000001e775abd9c0 Exception <a 'java/io/IOException'{0x00000000962446a0}> (0x00000000962446a0) 
thrown [s\open\src\hotspot\share\prims\jni.cpp, line 516]
Event: 154022.690 Thread 0x000001e775abd9c0 Exception <a 'java/io/IOException'{0x0000000096244c58}> (0x0000000096244c58) 
thrown [s\open\src\hotspot\share\prims\jni.cpp, line 516]
Event: 154022.743 Thread 0x000001e775abd9c0 Exception <a 'java/io/IOException'{0x000000009624c7e8}> (0x000000009624c7e8) 
thrown [s\open\src\hotspot\share\prims\jni.cpp, line 516]
Event: 154022.743 Thread 0x000001e775abd9c0 Exception <a 'java/io/IOException'{0x000000009624cda0}> (0x000000009624cda0) 
thrown [s\open\src\hotspot\share\prims\jni.cpp, line 516]
Event: 154022.946 Thread 0x000001e775677f90 Exception <a 'java/lang/InterruptedException'{0x0000000096100040}: sleep interrupted> (0x0000000096100040) 
thrown [s\open\src\hotspot\share\prims\jvm.cpp, line 3064]

VM Operations (20 events):
Event: 153593.961 Executing VM operation: HandshakeAllThreads done
Event: 153651.011 Executing VM operation: G1CollectForAllocation
Event: 153651.063 Executing VM operation: G1CollectForAllocation done
Event: 153716.518 Executing VM operation: G1CollectForAllocation
Event: 153716.526 Executing VM operation: G1CollectForAllocation done
Event: 153783.263 Executing VM operation: G1CollectForAllocation
Event: 153783.318 Executing VM operation: G1CollectForAllocation done
Event: 153848.849 Executing VM operation: G1CollectForAllocation
Event: 153848.901 Executing VM operation: G1CollectForAllocation done
Event: 153894.491 Executing VM operation: HandshakeAllThreads
Event: 153894.491 Executing VM operation: HandshakeAllThreads done
Event: 153915.378 Executing VM operation: G1CollectForAllocation
Event: 153915.391 Executing VM operation: G1CollectForAllocation done
Event: 153982.892 Executing VM operation: G1CollectForAllocation
Event: 153982.998 Executing VM operation: G1CollectForAllocation done
Event: 154021.343 Executing VM operation: Cleanup
Event: 154021.347 Executing VM operation: Cleanup done
Event: 154022.358 Executing VM operation: Cleanup
Event: 154022.359 Executing VM operation: Cleanup done
Event: 154022.987 Executing VM operation: G1CollectFull

Events (20 events):
Event: 154021.535 Thread 0x000001e775b1a820 Thread added: 0x000001e775b1a820
Event: 154022.206 Thread 0x000001e775ac0ab0 Thread exited: 0x000001e775ac0ab0
Event: 154022.208 Thread 0x000001e775b1a820 Thread exited: 0x000001e775b1a820
Event: 154022.229 Thread 0x000001e775abc070 Thread exited: 0x000001e775abc070
Event: 154022.235 Thread 0x000001e7755cb090 Thread exited: 0x000001e7755cb090
Event: 154022.235 Thread 0x000001e775b19e00 Thread exited: 0x000001e775b19e00
Event: 154022.235 Thread 0x000001e775b16300 Thread exited: 0x000001e775b16300
Event: 154022.235 Thread 0x000001e775b17740 Thread exited: 0x000001e775b17740
Event: 154022.235 Thread 0x000001e7755cbab0 Thread exited: 0x000001e7755cbab0
Event: 154022.235 Thread 0x000001e775b1a310 Thread exited: 0x000001e775b1a310
Event: 154022.235 Thread 0x000001e775b17230 Thread exited: 0x000001e775b17230
Event: 154022.235 Thread 0x000001e775abcfa0 Thread exited: 0x000001e775abcfa0
Event: 154022.236 Thread 0x000001e7755cb5a0 Thread exited: 0x000001e7755cb5a0
Event: 154022.236 Thread 0x000001e7755cc9e0 Thread exited: 0x000001e7755cc9e0
Event: 154022.713 Thread 0x000001e775abd4b0 Thread added: 0x000001e775abd4b0
Event: 154022.717 Thread 0x000001e77567a810 Thread exited: 0x000001e77567a810
Event: 154022.730 Thread 0x000001e775abd4b0 Thread exited: 0x000001e775abd4b0
Event: 154022.945 Thread 0x000001e77567ad20 Thread exited: 0x000001e77567ad20
Event: 154022.946 Thread 0x000001e7756784a0 Thread exited: 0x000001e7756784a0
Event: 154022.946 Thread 0x000001e775677f90 Thread exited: 0x000001e775677f90


Dynamic libraries:
0x00007ff628130000 - 0x00007ff628140000 	C:\Program Files\Java\jdk-17\bin\javaw.exe
0x00007ffac1d20000 - 0x00007ffac1f86000 	C:\WINDOWS\SYSTEM32\ntdll.dll
0x00007ffac0610000 - 0x00007ffac06d9000 	C:\WINDOWS\System32\KERNEL32.DLL
0x00007ffabf340000 - 0x00007ffabf73f000 	C:\WINDOWS\System32\KERNELBASE.dll
0x00007ffabf1e0000 - 0x00007ffabf32c000 	C:\WINDOWS\System32\ucrtbase.dll
0x00007ffa9ed30000 - 0x00007ffa9ed4b000 	C:\Program Files\Java\jdk-17\bin\VCRUNTIME140.dll
0x00007ffa9ed50000 - 0x00007ffa9ed69000 	C:\Program Files\Java\jdk-17\bin\jli.dll
0x00007ffabfa50000 - 0x00007ffabfb0c000 	C:\WINDOWS\System32\ADVAPI32.dll
0x00007ffac1c30000 - 0x00007ffac1cd9000 	C:\WINDOWS\System32\msvcrt.dll
0x00007ffac0770000 - 0x00007ffac081a000 	C:\WINDOWS\System32\sechost.dll
0x00007ffac08b0000 - 0x00007ffac09c8000 	C:\WINDOWS\System32\RPCRT4.dll
0x00007ffa9aea0000 - 0x00007ffa9b131000 	C:\WINDOWS\WinSxS\amd64_microsoft.windows.common-controls_6595b64144ccf1df_6.0.26100.8972_none_3e0da176e32f9d4b\COMCTL32.dll
0x00007ffac1480000 - 0x00007ffac1646000 	C:\WINDOWS\System32\USER32.dll
0x00007ffabf1b0000 - 0x00007ffabf1d7000 	C:\WINDOWS\System32\win32u.dll
0x00007ffac1750000 - 0x00007ffac177b000 	C:\WINDOWS\System32\GDI32.dll
0x00007ffabef30000 - 0x00007ffabf059000 	C:\WINDOWS\System32\gdi32full.dll
0x00007ffabf9a0000 - 0x00007ffabfa43000 	C:\WINDOWS\System32\msvcp_win.dll
0x00007ffaae320000 - 0x00007ffaae32b000 	C:\WINDOWS\SYSTEM32\VERSION.dll
0x00007ffac1260000 - 0x00007ffac1292000 	C:\WINDOWS\System32\IMM32.DLL
0x00007ffa9f570000 - 0x00007ffa9f57c000 	C:\Program Files\Java\jdk-17\bin\vcruntime140_1.dll
0x00007ffa37a10000 - 0x00007ffa37a9e000 	C:\Program Files\Java\jdk-17\bin\msvcp140.dll
0x00007ffa1baf0000 - 0x00007ffa1c6d0000 	C:\Program Files\Java\jdk-17\bin\server\jvm.dll
0x00007ffac1470000 - 0x00007ffac1478000 	C:\WINDOWS\System32\PSAPI.DLL
0x00007ffa8bc90000 - 0x00007ffa8bc9a000 	C:\WINDOWS\SYSTEM32\WSOCK32.dll
0x00007ffab2d80000 - 0x00007ffab2db6000 	C:\WINDOWS\SYSTEM32\WINMM.dll
0x00007ffac13e0000 - 0x00007ffac1462000 	C:\WINDOWS\System32\ws2_32.DLL
0x00007ffabdc20000 - 0x00007ffabdc3b000 	C:\WINDOWS\SYSTEM32\kernel.appcore.dll
0x00007ffa73990000 - 0x00007ffa7399a000 	C:\Program Files\Java\jdk-17\bin\jimage.dll
0x00007ffabc400000 - 0x00007ffabc642000 	C:\WINDOWS\SYSTEM32\DBGHELP.DLL
0x00007ffac1780000 - 0x00007ffac1b05000 	C:\WINDOWS\System32\combase.dll
0x00007ffac09e0000 - 0x00007ffac0ab9000 	C:\WINDOWS\System32\OLEAUT32.dll
0x00007ffa997d0000 - 0x00007ffa9980b000 	C:\WINDOWS\SYSTEM32\dbgcore.DLL
0x00007ffabf0f0000 - 0x00007ffabf19c000 	C:\WINDOWS\System32\bcryptPrimitives.dll
0x00007ffa4a1c0000 - 0x00007ffa4a1e5000 	C:\Program Files\Java\jdk-17\bin\java.dll
0x00007ffa33a20000 - 0x00007ffa33af7000 	C:\Program Files\Java\jdk-17\bin\jsvml.dll
0x00007ffabfb30000 - 0x00007ffac02b8000 	C:\WINDOWS\System32\SHELL32.dll
0x00007ffabc9e0000 - 0x00007ffabd27b000 	C:\WINDOWS\SYSTEM32\windows.storage.dll
0x00007ffac02c0000 - 0x00007ffac03b9000 	C:\WINDOWS\System32\SHCORE.dll
0x00007ffac16e0000 - 0x00007ffac1746000 	C:\WINDOWS\System32\shlwapi.dll
0x00007ffabee50000 - 0x00007ffabee79000 	C:\WINDOWS\SYSTEM32\profapi.dll
0x00007ffa714a0000 - 0x00007ffa714b9000 	C:\Program Files\Java\jdk-17\bin\net.dll
0x00007ffab5930000 - 0x00007ffab5a58000 	C:\WINDOWS\SYSTEM32\WINHTTP.dll
0x00007ffabe1d0000 - 0x00007ffabe23c000 	C:\WINDOWS\system32\mswsock.dll
0x00007ffa6c1e0000 - 0x00007ffa6c1f6000 	C:\Program Files\Java\jdk-17\bin\nio.dll
0x00007ffa4b3a0000 - 0x00007ffa4b3b8000 	C:\Program Files\Java\jdk-17\bin\zip.dll
0x00007ffa4f4d0000 - 0x00007ffa4f4da000 	C:\Program Files\Java\jdk-17\bin\management.dll
0x00007ffa4a450000 - 0x00007ffa4a45b000 	C:\Program Files\Java\jdk-17\bin\management_ext.dll
0x00007ffa93700000 - 0x00007ffa93718000 	C:\WINDOWS\system32\napinsp.dll
0x00007ffabd760000 - 0x00007ffabd8b8000 	C:\WINDOWS\SYSTEM32\DNSAPI.dll
0x00007ffabdfb0000 - 0x00007ffabdfbd000 	C:\WINDOWS\SYSTEM32\DSPARSE.dll
0x00007ffabd680000 - 0x00007ffabd6b3000 	C:\WINDOWS\SYSTEM32\IPHLPAPI.DLL
0x00007ffabfb20000 - 0x00007ffabfb2a000 	C:\WINDOWS\System32\NSI.dll
0x00007ffa936a0000 - 0x00007ffa936b3000 	C:\WINDOWS\System32\winrnr.dll
0x00007ffa93670000 - 0x00007ffa93692000 	C:\WINDOWS\system32\nlansp_c.dll
0x00007ffa93650000 - 0x00007ffa93666000 	C:\WINDOWS\system32\wshbth.dll
0x00007ffab4690000 - 0x00007ffab469b000 	C:\Windows\System32\rasadhlp.dll
0x00007ffab6c10000 - 0x00007ffab6c96000 	C:\WINDOWS\System32\fwpuclnt.dll
0x00007ffabe4c0000 - 0x00007ffabe4db000 	C:\WINDOWS\SYSTEM32\CRYPTSP.dll
0x00007ffabdb80000 - 0x00007ffabdbb9000 	C:\WINDOWS\system32\rsaenh.dll
0x00007ffabe280000 - 0x00007ffabe2b2000 	C:\WINDOWS\SYSTEM32\USERENV.dll
0x00007ffabee20000 - 0x00007ffabee4a000 	C:\WINDOWS\SYSTEM32\bcrypt.dll
0x00007ffabe4e0000 - 0x00007ffabe4ec000 	C:\WINDOWS\SYSTEM32\CRYPTBASE.dll
0x00007ffab6920000 - 0x00007ffab693d000 	C:\WINDOWS\SYSTEM32\dhcpcsvc6.DLL
0x00007ffab6830000 - 0x00007ffab6855000 	C:\WINDOWS\SYSTEM32\dhcpcsvc.DLL
0x00007ffa73980000 - 0x00007ffa73990000 	C:\Program Files\Java\jdk-17\bin\verify.dll
0x00007ffa4a1b0000 - 0x00007ffa4a1be000 	C:\Program Files\Java\jdk-17\bin\sunmscapi.dll
0x00007ffabf750000 - 0x00007ffabf8ce000 	C:\WINDOWS\System32\CRYPT32.dll
0x00007ffabe700000 - 0x00007ffabe730000 	C:\WINDOWS\SYSTEM32\ncrypt.dll
0x00007ffabe6b0000 - 0x00007ffabe6ef000 	C:\WINDOWS\SYSTEM32\NTASN1.dll
0x00007ffa8cdd0000 - 0x00007ffa8cdd8000 	C:\WINDOWS\system32\wshunix.dll

dbghelp: loaded successfully - version: 4.0.5 - missing functions: none
symbol engine: initialized successfully - sym options: 0x614 - pdb path: .;C:\Program Files\Java\jdk-17\bin;C:\WINDOWS\SYSTEM32;C:\WINDOWS\WinSxS\amd64_microsoft.windows.common-controls_6595b64144ccf1df_6.0.26100.8972_none_3e0da176e32f9d4b;C:\Program Files\Java\jdk-17\bin\server

VM Arguments:
jvm_args: -Dcom.sun.management.jmxremote -Dcom.sun.management.jmxremote.port=54709 -Dcom.sun.management.jmxremote.authenticate=false -Dcom.sun.management.jmxremote.ssl=false -Djava.rmi.server.hostname=localhost -Dspring.jmx.enabled=true -Dmanagement.endpoints.jmx.exposure.include=* -Dspring.application.admin.enabled=true -Dspring.output.ansi.enabled=always -XX:TieredStopAtLevel=1 -Dspring.boot.project.name=Fight D Fear -Dfile.encoding=UTF-8 -Dstdout.encoding=UTF-8 -Dstderr.encoding=UTF-8 -XX:+ShowCodeDetailsInExceptionMessages 
java_command: in.sp.main.FightthefireApplication
java_class_path (initial): C:\Users\Hp\Documents\KishorDfire\target\classes;C:\Users\Hp\.m2\repository\org\springframework\boot\spring-boot-starter-web\3.4.3\spring-boot-starter-web-3.4.3.jar;C:\Users\Hp\.m2\repository\org\springframework\boot\spring-boot-starter\3.4.3\spring-boot-starter-3.4.3.jar;C:\Users\Hp\.m2\repository\org\springframework\boot\spring-boot-starter-logging\3.4.3\spring-boot-starter-logging-3.4.3.jar;C:\Users\Hp\.m2\repository\ch\qos\logback\logback-classic\1.5.16\logback-classic-1.5.16.jar;C:\Users\Hp\.m2\repository\ch\qos\logback\logback-core\1.5.16\logback-core-1.5.16.jar;C:\Users\Hp\.m2\repository\org\apache\logging\log4j\log4j-to-slf4j\2.24.3\log4j-to-slf4j-2.24.3.jar;C:\Users\Hp\.m2\repository\org\apache\logging\log4j\log4j-api\2.24.3\log4j-api-2.24.3.jar;C:\Users\Hp\.m2\repository\org\slf4j\jul-to-slf4j\2.0.16\jul-to-slf4j-2.0.16.jar;C:\Users\Hp\.m2\repository\jakarta\annotation\jakarta.annotation-api\2.1.1\jakarta.annotation-api-2.1.1.jar;C:\Users\Hp\.m2\repository\org\yaml\snakeyaml\2.3\snakeyaml-2.3.jar;C:\Users\Hp\.m2\repository\org\springframework\boot\spring-boot-starter-json\3.4.3\spring-boot-starter-json-3.4.3.jar;C:\Users\Hp\.m2\repository\com\fasterxml\jackson\datatype\jackson-datatype-jdk8\2.18.2\jackson-datatype-jdk8-2.18.2.jar;C:\Users\Hp\.m2\repository\com\fasterxml\jackson\module\jackson-module-parameter-names\2.18.2\jackson-module-parameter-names-2.18.2.jar;C:\Users\Hp\.m2\repository\org\springframework\boot\spring-boot-starter-tomcat\3.4.3\spring-boot-starter-tomcat-3.4.3.jar;C:\Users\Hp\.m2\repository\org\apache\tomcat\embed\tomcat-embed-websocket\10.1.36\tomcat-embed-websocket-10.1.36.jar;C:\Users\Hp\.m2\repository\org\springframework\spring-web\6.2.3\spring-web-6.2.3.jar;C:\Users\Hp\.m2\repository\org\springframework\spring-beans\6.2.3\spring-beans-6.2.3.jar;C:\Users\Hp\.m2\repository\org\springframework\spring-webmvc\6.2.3\spring-webmvc-6.2.3.jar;C:\Users\Hp\.m2\repository\org\springframework\spring-expression\6.2.3\
Launcher Type: SUN_STANDARD

[Global flags]
     intx CICompilerCount                          = 4                                         {product} {ergonomic}
     uint ConcGCThreads                            = 3                                         {product} {ergonomic}
     uint G1ConcRefinementThreads                  = 10                                        {product} {ergonomic}
   size_t G1HeapRegionSize                         = 1048576                                   {product} {ergonomic}
    uintx GCDrainStackTargetSize                   = 64                                        {product} {ergonomic}
   size_t InitialHeapSize                          = 130023424                                 {product} {ergonomic}
     bool ManagementServer                         = true                                      {product} {command line}
   size_t MarkStackSize                            = 4194304                                   {product} {ergonomic}
   size_t MaxHeapSize                              = 2061500416                                {product} {ergonomic}
   size_t MaxNewSize                               = 1236271104                                {product} {ergonomic}
   size_t MinHeapDeltaBytes                        = 1048576                                   {product} {ergonomic}
   size_t MinHeapSize                              = 8388608                                   {product} {ergonomic}
    uintx NonProfiledCodeHeapSize                  = 0                                      {pd product} {ergonomic}
     bool ProfileInterpreter                       = false                                  {pd product} {command line}
    uintx ProfiledCodeHeapSize                     = 0                                      {pd product} {ergonomic}
     bool ShowCodeDetailsInExceptionMessages       = true                                   {manageable} {command line}
   size_t SoftMaxHeapSize                          = 2061500416                             {manageable} {ergonomic}
     intx TieredStopAtLevel                        = 1                                         {product} {command line}
     bool UseCompressedClassPointers               = true                           {product lp64_product} {ergonomic}
     bool UseCompressedOops                        = true                           {product lp64_product} {ergonomic}
     bool UseG1GC                                  = true                                      {product} {ergonomic}
     bool UseLargePagesIndividualAllocation        = false                                  {pd product} {ergonomic}

Logging:
Log output configuration:
 #0: stdout all=warning uptime,level,tags
 #1: stderr all=off uptime,level,tags

Environment Variables:
JAVA_HOME=C:\Program Files\Java\jdk-17
PATH=C:/Users/sts-4.32.0.RELEASE//plugins/org.eclipse.justj.openjdk.hotspot.jre.full.win32.x86_64_21.0.8.v20250724-1412/jre/bin/server;C:/Users/sts-4.32.0.RELEASE//plugins/org.eclipse.justj.openjdk.hotspot.jre.full.win32.x86_64_21.0.8.v20250724-1412/jre/bin;C:\Program Files\Common Files\Oracle\Java\javapath;C:\Python314\Scripts\;C:\Python314\;C:\project1\img\OpenJDK11U-jdk_x64_windows_hotspot_11.0.19_7\jdk-11.0.19+7\bin;D:\app\Sudeep\product\11.1.0\db_1\bin;C:\windows\system32;C:\windows;C:\windows\System32\Wbem;C:\windows\System32\WindowsPowerShell\v1.0\;C:\windows\System32\OpenSSH\;C:\Program Files (x86)\NVIDIA Corporation\PhysX\Common;C:\Program Files\NVIDIA Corporation\NVIDIA NvDLISR;C:\MinGW\bin;C:\Program Files\Java\jdk-18.0.2\bin;C:\Program Files\apache-maven-3.8.6-bin\apache-maven-3.8.6\bin;C:\WINDOWS\system32;C:\WINDOWS;C:\WINDOWS\System32\Wbem;C:\WINDOWS\System32\WindowsPowerShell\v1.0\;C:\WINDOWS\System32\OpenSSH\;C:\Program Files\MySQL\MySQL Server 8.0\bin;C:\jdk-21_windows-x64_bin\jdk-21.0.9;C:\Program Files\Git\cmd;C:\Users\Hp\Downloads\jdk-21_windows-x64_bin (1).zip\jdk-21.0.9;C:\ngrok;C:\Program Files\nodejs\;C:\ProgramData\chocolatey\bin;C:\Users\Hp\Downloads\jdk-21.0.9_windows-x64_bin\jdk-21.0.9\bin;C:\Program Files\Java\jdk-17;C:\Users\Hp\AppData\Local\Microsoft\WindowsApps;C:\Users\Hp\AppData\Local\Programs\Microsoft VS Code\bin;C:\Program Files\JetBrains\IntelliJ IDEA Community Edition 2025.1.3\bin;;C:\jdk-21_windows-x64_bin\jdk-21.0.9;C:\Users\Hp\AppData\Local\Programs\cursor\resources\app\bin;C:\Users\Hp\AppData\Roaming\npm;C:\Users\Hp\Downloads\jdk-21.0.9_windows-x64_bin\jdk-21.0.9;C:\Users\Hp\AppData\Local\Programs\Antigravity\bin;C:\Users\Hp\AppData\Local\Programs\Antigravity IDE\bin;C:\src\flutter\bin;C:\Users\Hp\AppData\Local\Android\Sdk\platform-tools;C:\Users\Hp\AppData\Local\Android\Sdk\emulator;C:\Users\sts-4.32.0.RELEASE;
USERNAME=Sudeep
OS=Windows_NT
PROCESSOR_IDENTIFIER=Intel64 Family 6 Model 154 Stepping 3, GenuineIntel



---------------  S Y S T E M  ---------------

OS:
 Windows 11 , 64 bit Build 26100 (10.0.26100.9168)
OS uptime: 2 days 2:51 hours
Hyper-V role detected

CPU: total 12 (initial active 12) (6 cores per cpu, 2 threads per core) family 6 model 154 stepping 3 microcode 0x434, cx8, cmov, fxsr, ht, mmx, 3dnowpref, sse, sse2, sse3, ssse3, sse4.1, sse4.2, popcnt, lzcnt, tsc, tscinvbit, avx, avx2, aes, erms, clmul, bmi1, bmi2, adx, sha, fma, vzeroupper, clflush, clflushopt, clwb, hv

Memory: 4k page, system-wide physical 7860M (72M free)
TotalPageFile size 32436M (AvailPageFile size 5M)
current process WorkingSet (physical memory assigned to process): 114M, peak: 761M
current process commit charge ("private bytes"): 677M, peak: 995M

vm_info: Java HotSpot(TM) 64-Bit Server VM (17.0.12+8-LTS-286) for windows-amd64 JRE (17.0.12+8-LTS-286), built on Jun  5 2024 06:46:59 by "mach5one" with MS VC++ 17.6 (VS2022)

END.
